[2026-02-09T02:02:39.218+0000] {taskinstance.py:1956} INFO - Dependencies all met for dep_context=non-requeueable deps ti=<TaskInstance: ecommerce_etl_v2.bronze_layer.load_products manual__2026-02-09T01:10:13.959737+00:00 [queued]>
[2026-02-09T02:02:39.227+0000] {taskinstance.py:1956} INFO - Dependencies all met for dep_context=requeueable deps ti=<TaskInstance: ecommerce_etl_v2.bronze_layer.load_products manual__2026-02-09T01:10:13.959737+00:00 [queued]>
[2026-02-09T02:02:39.227+0000] {taskinstance.py:2170} INFO - Starting attempt 13 of 14
[2026-02-09T02:02:39.234+0000] {taskinstance.py:2191} INFO - Executing <Task(PythonOperator): bronze_layer.load_products> on 2026-02-09 01:10:13.959737+00:00
[2026-02-09T02:02:39.240+0000] {standard_task_runner.py:60} INFO - Started process 3461 to run task
[2026-02-09T02:02:39.242+0000] {standard_task_runner.py:87} INFO - Running: ['***', 'tasks', 'run', 'ecommerce_etl_v2', 'bronze_layer.load_products', 'manual__2026-02-09T01:10:13.959737+00:00', '--job-id', '1333', '--raw', '--subdir', 'DAGS_FOLDER/etl_dag.py', '--cfg-path', '/tmp/tmpvsl7mwv6']
[2026-02-09T02:02:39.244+0000] {standard_task_runner.py:88} INFO - Job 1333: Subtask bronze_layer.load_products
[2026-02-09T02:02:39.265+0000] {task_command.py:423} INFO - Running <TaskInstance: ecommerce_etl_v2.bronze_layer.load_products manual__2026-02-09T01:10:13.959737+00:00 [running]> on host 707cd2e8ef6b
[2026-02-09T02:02:39.290+0000] {logging_mixin.py:188} WARNING - /home/***/.local/lib/python3.8/site-packages/***/utils/context.py:207 AirflowContextDeprecationWarning: Accessing 'execution_date' from the template is deprecated and will be removed in a future version. Please use 'data_interval_start' or 'logical_date' instead.
[2026-02-09T02:02:39.305+0000] {taskinstance.py:2480} INFO - Exporting env vars: AIRFLOW_CTX_DAG_EMAIL='data-team@company.com' AIRFLOW_CTX_DAG_OWNER='data_engineering' AIRFLOW_CTX_DAG_ID='ecommerce_etl_v2' AIRFLOW_CTX_TASK_ID='bronze_layer.load_products' AIRFLOW_CTX_EXECUTION_DATE='2026-02-09T01:10:13.959737+00:00' AIRFLOW_CTX_TRY_NUMBER='13' AIRFLOW_CTX_DAG_RUN_ID='manual__2026-02-09T01:10:13.959737+00:00'
[2026-02-09T02:02:40.522+0000] {taskinstance.py:2698} ERROR - Task failed with exception
Traceback (most recent call last):
  File "/home/airflow/.local/lib/python3.8/site-packages/airflow/models/taskinstance.py", line 433, in _execute_task
    result = execute_callable(context=context, **execute_callable_kwargs)
  File "/home/airflow/.local/lib/python3.8/site-packages/airflow/operators/python.py", line 199, in execute
    return_value = self.execute_callable()
  File "/home/airflow/.local/lib/python3.8/site-packages/airflow/operators/python.py", line 216, in execute_callable
    return self.python_callable(*self.op_args, **self.op_kwargs)
  File "/opt/airflow/dags/etl_dag.py", line 113, in load_bronze_with_ingestion_date
    df = pd.read_csv(
  File "/home/airflow/.local/lib/python3.8/site-packages/pandas/io/parsers/readers.py", line 912, in read_csv
    return _read(filepath_or_buffer, kwds)
  File "/home/airflow/.local/lib/python3.8/site-packages/pandas/io/parsers/readers.py", line 577, in _read
    parser = TextFileReader(filepath_or_buffer, **kwds)
  File "/home/airflow/.local/lib/python3.8/site-packages/pandas/io/parsers/readers.py", line 1407, in __init__
    self._engine = self._make_engine(f, self.engine)
  File "/home/airflow/.local/lib/python3.8/site-packages/pandas/io/parsers/readers.py", line 1679, in _make_engine
    return mapping[engine](f, **self.options)
  File "/home/airflow/.local/lib/python3.8/site-packages/pandas/io/parsers/c_parser_wrapper.py", line 161, in __init__
    self._validate_parse_dates_presence(self.names)  # type: ignore[has-type]
  File "/home/airflow/.local/lib/python3.8/site-packages/pandas/io/parsers/base_parser.py", line 230, in _validate_parse_dates_presence
    raise ValueError(
ValueError: Missing column provided to 'parse_dates': 'ingestion_date'
[2026-02-09T02:02:40.528+0000] {taskinstance.py:1138} INFO - Marking task as UP_FOR_RETRY. dag_id=ecommerce_etl_v2, task_id=bronze_layer.load_products, execution_date=20260209T011013, start_date=20260209T020239, end_date=20260209T020240
[2026-02-09T02:02:40.534+0000] {standard_task_runner.py:107} ERROR - Failed to execute job 1333 for task bronze_layer.load_products (Missing column provided to 'parse_dates': 'ingestion_date'; 3461)
[2026-02-09T02:02:40.575+0000] {local_task_job_runner.py:234} INFO - Task exited with return code 1
[2026-02-09T02:02:40.588+0000] {taskinstance.py:3280} INFO - 0 downstream tasks scheduled from follow-on schedule check
