[2026-02-09T09:20:27.417+0000] {taskinstance.py:1956} INFO - Dependencies all met for dep_context=non-requeueable deps ti=<TaskInstance: ecommerce_etl_v2.gold_layer.load_dim_event_type scheduled__2026-02-08T02:00:00+00:00 [queued]>
[2026-02-09T09:20:27.423+0000] {taskinstance.py:1956} INFO - Dependencies all met for dep_context=requeueable deps ti=<TaskInstance: ecommerce_etl_v2.gold_layer.load_dim_event_type scheduled__2026-02-08T02:00:00+00:00 [queued]>
[2026-02-09T09:20:27.423+0000] {taskinstance.py:2170} INFO - Starting attempt 1 of 3
[2026-02-09T09:20:27.433+0000] {taskinstance.py:2191} INFO - Executing <Task(BigQueryInsertJobOperator): gold_layer.load_dim_event_type> on 2026-02-08 02:00:00+00:00
[2026-02-09T09:20:27.437+0000] {standard_task_runner.py:60} INFO - Started process 14790 to run task
[2026-02-09T09:20:27.439+0000] {standard_task_runner.py:87} INFO - Running: ['***', 'tasks', 'run', 'ecommerce_etl_v2', 'gold_layer.load_dim_event_type', 'scheduled__2026-02-08T02:00:00+00:00', '--job-id', '1522', '--raw', '--subdir', 'DAGS_FOLDER/etl_dag.py', '--cfg-path', '/tmp/tmpprrkdlyw']
[2026-02-09T09:20:27.441+0000] {standard_task_runner.py:88} INFO - Job 1522: Subtask gold_layer.load_dim_event_type
[2026-02-09T09:20:27.475+0000] {task_command.py:423} INFO - Running <TaskInstance: ecommerce_etl_v2.gold_layer.load_dim_event_type scheduled__2026-02-08T02:00:00+00:00 [running]> on host 707cd2e8ef6b
[2026-02-09T09:20:27.530+0000] {taskinstance.py:2480} INFO - Exporting env vars: AIRFLOW_CTX_DAG_EMAIL='data-team@company.com' AIRFLOW_CTX_DAG_OWNER='data_engineering' AIRFLOW_CTX_DAG_ID='ecommerce_etl_v2' AIRFLOW_CTX_TASK_ID='gold_layer.load_dim_event_type' AIRFLOW_CTX_EXECUTION_DATE='2026-02-08T02:00:00+00:00' AIRFLOW_CTX_TRY_NUMBER='1' AIRFLOW_CTX_DAG_RUN_ID='scheduled__2026-02-08T02:00:00+00:00'
[2026-02-09T09:20:27.536+0000] {connection.py:234} WARNING - Connection schemes (type: google_cloud_platform) shall not contain '_' according to RFC3986.
[2026-02-09T09:20:27.537+0000] {base.py:83} INFO - Using connection ID 'google_cloud_default' for task execution.
[2026-02-09T09:20:27.537+0000] {credentials_provider.py:353} INFO - Getting connection using `google.auth.default()` since no explicit credentials are provided.
[2026-02-09T09:20:27.581+0000] {bigquery.py:2807} INFO - Executing: {'query': {'query': 'SELECT\n    GENERATE_UUID() AS event_type_key,  -- UUID surrogate key\n    event_type\nFROM (\n    SELECT DISTINCT event_type\n    FROM bronze.events\n) AS distinct_events;', 'useLegacySql': False, 'queryParameters': [{'name': 'run_date', 'parameterType': {'type': 'DATE'}, 'parameterValue': {'value': '2026-02-08'}}]}}'
[2026-02-09T09:20:27.582+0000] {bigquery.py:1596} INFO - Inserting job ***_ecommerce_etl_v2_gold_layer_load_dim_event_type_2026_02_08T02_00_00_00_00_e4007ff4ec715137d208f27e6b4e573b
[2026-02-09T09:20:28.017+0000] {taskinstance.py:2698} ERROR - Task failed with exception
Traceback (most recent call last):
  File "/home/airflow/.local/lib/python3.8/site-packages/airflow/models/taskinstance.py", line 433, in _execute_task
    result = execute_callable(context=context, **execute_callable_kwargs)
  File "/home/airflow/.local/lib/python3.8/site-packages/airflow/providers/google/cloud/operators/bigquery.py", line 2864, in execute
    job.result(timeout=self.result_timeout, retry=self.result_retry)
  File "/home/airflow/.local/lib/python3.8/site-packages/google/cloud/bigquery/job/query.py", line 1595, in result
    do_get_result()
  File "/home/airflow/.local/lib/python3.8/site-packages/google/cloud/bigquery/job/query.py", line 1584, in do_get_result
    super(QueryJob, self).result(retry=retry, timeout=timeout)
  File "/home/airflow/.local/lib/python3.8/site-packages/google/cloud/bigquery/job/base.py", line 971, in result
    return super(_AsyncJob, self).result(timeout=timeout, **kwargs)
  File "/home/airflow/.local/lib/python3.8/site-packages/google/api_core/future/polling.py", line 261, in result
    raise self._exception
google.api_core.exceptions.BadRequest: 400 Unrecognized name: event_type at [5:21]; reason: invalidQuery, location: query, message: Unrecognized name: event_type at [5:21]

Location: europe-west1
Job ID: airflow_ecommerce_etl_v2_gold_layer_load_dim_event_type_2026_02_08T02_00_00_00_00_e4007ff4ec715137d208f27e6b4e573b

[2026-02-09T09:20:28.022+0000] {taskinstance.py:1138} INFO - Marking task as UP_FOR_RETRY. dag_id=ecommerce_etl_v2, task_id=gold_layer.load_dim_event_type, execution_date=20260208T020000, start_date=20260209T092027, end_date=20260209T092028
[2026-02-09T09:20:28.027+0000] {standard_task_runner.py:107} ERROR - Failed to execute job 1522 for task gold_layer.load_dim_event_type (400 Unrecognized name: event_type at [5:21]; reason: invalidQuery, location: query, message: Unrecognized name: event_type at [5:21]

Location: europe-west1
Job ID: airflow_ecommerce_etl_v2_gold_layer_load_dim_event_type_2026_02_08T02_00_00_00_00_e4007ff4ec715137d208f27e6b4e573b
; 14790)
[2026-02-09T09:20:28.034+0000] {local_task_job_runner.py:234} INFO - Task exited with return code 1
[2026-02-09T09:20:28.055+0000] {taskinstance.py:3280} INFO - 0 downstream tasks scheduled from follow-on schedule check
[2026-02-09T09:42:42.637+0000] {taskinstance.py:1956} INFO - Dependencies all met for dep_context=non-requeueable deps ti=<TaskInstance: ecommerce_etl_v2.gold_layer.load_dim_event_type scheduled__2026-02-08T02:00:00+00:00 [queued]>
[2026-02-09T09:42:42.644+0000] {taskinstance.py:1956} INFO - Dependencies all met for dep_context=requeueable deps ti=<TaskInstance: ecommerce_etl_v2.gold_layer.load_dim_event_type scheduled__2026-02-08T02:00:00+00:00 [queued]>
[2026-02-09T09:42:42.645+0000] {taskinstance.py:2170} INFO - Starting attempt 1 of 3
[2026-02-09T09:42:42.654+0000] {taskinstance.py:2191} INFO - Executing <Task(BigQueryInsertJobOperator): gold_layer.load_dim_event_type> on 2026-02-08 02:00:00+00:00
[2026-02-09T09:42:42.658+0000] {standard_task_runner.py:60} INFO - Started process 19039 to run task
[2026-02-09T09:42:42.663+0000] {standard_task_runner.py:87} INFO - Running: ['***', 'tasks', 'run', 'ecommerce_etl_v2', 'gold_layer.load_dim_event_type', 'scheduled__2026-02-08T02:00:00+00:00', '--job-id', '1619', '--raw', '--subdir', 'DAGS_FOLDER/etl_dag.py', '--cfg-path', '/tmp/tmpt7ude2os']
[2026-02-09T09:42:42.666+0000] {standard_task_runner.py:88} INFO - Job 1619: Subtask gold_layer.load_dim_event_type
[2026-02-09T09:42:42.702+0000] {task_command.py:423} INFO - Running <TaskInstance: ecommerce_etl_v2.gold_layer.load_dim_event_type scheduled__2026-02-08T02:00:00+00:00 [running]> on host 707cd2e8ef6b
[2026-02-09T09:42:42.758+0000] {taskinstance.py:2480} INFO - Exporting env vars: AIRFLOW_CTX_DAG_EMAIL='data-team@company.com' AIRFLOW_CTX_DAG_OWNER='data_engineering' AIRFLOW_CTX_DAG_ID='ecommerce_etl_v2' AIRFLOW_CTX_TASK_ID='gold_layer.load_dim_event_type' AIRFLOW_CTX_EXECUTION_DATE='2026-02-08T02:00:00+00:00' AIRFLOW_CTX_TRY_NUMBER='1' AIRFLOW_CTX_DAG_RUN_ID='scheduled__2026-02-08T02:00:00+00:00'
[2026-02-09T09:42:42.768+0000] {connection.py:234} WARNING - Connection schemes (type: google_cloud_platform) shall not contain '_' according to RFC3986.
[2026-02-09T09:42:42.768+0000] {base.py:83} INFO - Using connection ID 'google_cloud_default' for task execution.
[2026-02-09T09:42:42.769+0000] {credentials_provider.py:353} INFO - Getting connection using `google.auth.default()` since no explicit credentials are provided.
[2026-02-09T09:42:42.812+0000] {bigquery.py:2807} INFO - Executing: {'query': {'query': 'SELECT\n    GENERATE_UUID() AS event_type_key,  -- UUID surrogate key\n    event_type\nFROM (\n    SELECT DISTINCT event_type\n    FROM bronze.events\n) AS distinct_events;', 'useLegacySql': False, 'queryParameters': [{'name': 'run_date', 'parameterType': {'type': 'DATE'}, 'parameterValue': {'value': '2026-02-08'}}]}}'
[2026-02-09T09:42:42.813+0000] {bigquery.py:1596} INFO - Inserting job ***_ecommerce_etl_v2_gold_layer_load_dim_event_type_2026_02_08T02_00_00_00_00_a266d2a7e9cb55a0d0d782e123b52b90
[2026-02-09T09:42:43.357+0000] {taskinstance.py:2698} ERROR - Task failed with exception
Traceback (most recent call last):
  File "/home/airflow/.local/lib/python3.8/site-packages/airflow/models/taskinstance.py", line 433, in _execute_task
    result = execute_callable(context=context, **execute_callable_kwargs)
  File "/home/airflow/.local/lib/python3.8/site-packages/airflow/providers/google/cloud/operators/bigquery.py", line 2864, in execute
    job.result(timeout=self.result_timeout, retry=self.result_retry)
  File "/home/airflow/.local/lib/python3.8/site-packages/google/cloud/bigquery/job/query.py", line 1595, in result
    do_get_result()
  File "/home/airflow/.local/lib/python3.8/site-packages/google/cloud/bigquery/job/query.py", line 1584, in do_get_result
    super(QueryJob, self).result(retry=retry, timeout=timeout)
  File "/home/airflow/.local/lib/python3.8/site-packages/google/cloud/bigquery/job/base.py", line 971, in result
    return super(_AsyncJob, self).result(timeout=timeout, **kwargs)
  File "/home/airflow/.local/lib/python3.8/site-packages/google/api_core/future/polling.py", line 261, in result
    raise self._exception
google.api_core.exceptions.BadRequest: 400 Unrecognized name: event_type at [5:21]; reason: invalidQuery, location: query, message: Unrecognized name: event_type at [5:21]

Location: europe-west1
Job ID: airflow_ecommerce_etl_v2_gold_layer_load_dim_event_type_2026_02_08T02_00_00_00_00_a266d2a7e9cb55a0d0d782e123b52b90

[2026-02-09T09:42:43.363+0000] {taskinstance.py:1138} INFO - Marking task as UP_FOR_RETRY. dag_id=ecommerce_etl_v2, task_id=gold_layer.load_dim_event_type, execution_date=20260208T020000, start_date=20260209T094242, end_date=20260209T094243
[2026-02-09T09:42:43.372+0000] {standard_task_runner.py:107} ERROR - Failed to execute job 1619 for task gold_layer.load_dim_event_type (400 Unrecognized name: event_type at [5:21]; reason: invalidQuery, location: query, message: Unrecognized name: event_type at [5:21]

Location: europe-west1
Job ID: airflow_ecommerce_etl_v2_gold_layer_load_dim_event_type_2026_02_08T02_00_00_00_00_a266d2a7e9cb55a0d0d782e123b52b90
; 19039)
[2026-02-09T09:42:43.386+0000] {local_task_job_runner.py:234} INFO - Task exited with return code 1
[2026-02-09T09:42:43.411+0000] {taskinstance.py:3280} INFO - 0 downstream tasks scheduled from follow-on schedule check
[2026-02-09T10:03:27.642+0000] {taskinstance.py:1946} INFO - Dependencies not met for <TaskInstance: ecommerce_etl_v2.gold_layer.load_dim_event_type scheduled__2026-02-08T02:00:00+00:00 [queued]>, dependency 'Trigger Rule' FAILED: Task's trigger rule 'all_success' requires all upstream tasks to have succeeded, but found 1 non-success(es). upstream_states=_UpstreamTIStates(success=6, skipped=0, failed=0, upstream_failed=0, removed=0, done=6, success_setup=0, skipped_setup=0), upstream_task_ids={'gold_setup.create_dim_date', 'gold_setup.create_dim_traffic_source', 'gold_setup.create_dim_browser', 'gold_setup.create_dim_page', 'gold_setup.create_dim_order_status', 'gold_setup.create_dim_products', 'gold_setup.create_dim_event_type'}
[2026-02-09T10:03:27.645+0000] {local_task_job_runner.py:160} INFO - Task is not able to be run
