[2026-02-09T09:47:44.482+0000] {taskinstance.py:1956} INFO - Dependencies all met for dep_context=non-requeueable deps ti=<TaskInstance: ecommerce_etl_v2.gold_layer.load_dim_event_type scheduled__2026-02-08T02:00:00+00:00 [queued]>
[2026-02-09T09:47:44.489+0000] {taskinstance.py:1956} INFO - Dependencies all met for dep_context=requeueable deps ti=<TaskInstance: ecommerce_etl_v2.gold_layer.load_dim_event_type scheduled__2026-02-08T02:00:00+00:00 [queued]>
[2026-02-09T09:47:44.489+0000] {taskinstance.py:2170} INFO - Starting attempt 2 of 3
[2026-02-09T09:47:44.499+0000] {taskinstance.py:2191} INFO - Executing <Task(BigQueryInsertJobOperator): gold_layer.load_dim_event_type> on 2026-02-08 02:00:00+00:00
[2026-02-09T09:47:44.502+0000] {standard_task_runner.py:60} INFO - Started process 19945 to run task
[2026-02-09T09:47:44.505+0000] {standard_task_runner.py:87} INFO - Running: ['***', 'tasks', 'run', 'ecommerce_etl_v2', 'gold_layer.load_dim_event_type', 'scheduled__2026-02-08T02:00:00+00:00', '--job-id', '1642', '--raw', '--subdir', 'DAGS_FOLDER/etl_dag.py', '--cfg-path', '/tmp/tmp8meo336a']
[2026-02-09T09:47:44.508+0000] {standard_task_runner.py:88} INFO - Job 1642: Subtask gold_layer.load_dim_event_type
[2026-02-09T09:47:44.541+0000] {task_command.py:423} INFO - Running <TaskInstance: ecommerce_etl_v2.gold_layer.load_dim_event_type scheduled__2026-02-08T02:00:00+00:00 [running]> on host 707cd2e8ef6b
[2026-02-09T09:47:44.585+0000] {taskinstance.py:2480} INFO - Exporting env vars: AIRFLOW_CTX_DAG_EMAIL='data-team@company.com' AIRFLOW_CTX_DAG_OWNER='data_engineering' AIRFLOW_CTX_DAG_ID='ecommerce_etl_v2' AIRFLOW_CTX_TASK_ID='gold_layer.load_dim_event_type' AIRFLOW_CTX_EXECUTION_DATE='2026-02-08T02:00:00+00:00' AIRFLOW_CTX_TRY_NUMBER='2' AIRFLOW_CTX_DAG_RUN_ID='scheduled__2026-02-08T02:00:00+00:00'
[2026-02-09T09:47:44.591+0000] {connection.py:234} WARNING - Connection schemes (type: google_cloud_platform) shall not contain '_' according to RFC3986.
[2026-02-09T09:47:44.591+0000] {base.py:83} INFO - Using connection ID 'google_cloud_default' for task execution.
[2026-02-09T09:47:44.592+0000] {credentials_provider.py:353} INFO - Getting connection using `google.auth.default()` since no explicit credentials are provided.
[2026-02-09T09:47:44.633+0000] {bigquery.py:2807} INFO - Executing: {'query': {'query': 'SELECT\n    GENERATE_UUID() AS event_type_key,  -- UUID surrogate key\n    event_type\nFROM (\n    SELECT DISTINCT event_type\n    FROM bronze.events\n) AS distinct_events;', 'useLegacySql': False, 'queryParameters': [{'name': 'run_date', 'parameterType': {'type': 'DATE'}, 'parameterValue': {'value': '2026-02-08'}}]}}'
[2026-02-09T09:47:44.633+0000] {bigquery.py:1596} INFO - Inserting job ***_ecommerce_etl_v2_gold_layer_load_dim_event_type_2026_02_08T02_00_00_00_00_b7a507610c68364a69277e3145b71fba
[2026-02-09T09:47:45.004+0000] {taskinstance.py:2698} ERROR - Task failed with exception
Traceback (most recent call last):
  File "/home/airflow/.local/lib/python3.8/site-packages/airflow/models/taskinstance.py", line 433, in _execute_task
    result = execute_callable(context=context, **execute_callable_kwargs)
  File "/home/airflow/.local/lib/python3.8/site-packages/airflow/providers/google/cloud/operators/bigquery.py", line 2864, in execute
    job.result(timeout=self.result_timeout, retry=self.result_retry)
  File "/home/airflow/.local/lib/python3.8/site-packages/google/cloud/bigquery/job/query.py", line 1595, in result
    do_get_result()
  File "/home/airflow/.local/lib/python3.8/site-packages/google/cloud/bigquery/job/query.py", line 1584, in do_get_result
    super(QueryJob, self).result(retry=retry, timeout=timeout)
  File "/home/airflow/.local/lib/python3.8/site-packages/google/cloud/bigquery/job/base.py", line 971, in result
    return super(_AsyncJob, self).result(timeout=timeout, **kwargs)
  File "/home/airflow/.local/lib/python3.8/site-packages/google/api_core/future/polling.py", line 261, in result
    raise self._exception
google.api_core.exceptions.NotFound: 404 Not found: Dataset prism-486509:bronze was not found in location europe-west1; reason: notFound, message: Not found: Dataset prism-486509:bronze was not found in location europe-west1

Location: europe-west1
Job ID: airflow_ecommerce_etl_v2_gold_layer_load_dim_event_type_2026_02_08T02_00_00_00_00_b7a507610c68364a69277e3145b71fba

[2026-02-09T09:47:45.009+0000] {taskinstance.py:1138} INFO - Marking task as UP_FOR_RETRY. dag_id=ecommerce_etl_v2, task_id=gold_layer.load_dim_event_type, execution_date=20260208T020000, start_date=20260209T094744, end_date=20260209T094745
[2026-02-09T09:47:45.026+0000] {standard_task_runner.py:107} ERROR - Failed to execute job 1642 for task gold_layer.load_dim_event_type (404 Not found: Dataset prism-486509:bronze was not found in location europe-west1; reason: notFound, message: Not found: Dataset prism-486509:bronze was not found in location europe-west1

Location: europe-west1
Job ID: airflow_ecommerce_etl_v2_gold_layer_load_dim_event_type_2026_02_08T02_00_00_00_00_b7a507610c68364a69277e3145b71fba
; 19945)
[2026-02-09T09:47:45.068+0000] {local_task_job_runner.py:234} INFO - Task exited with return code 1
[2026-02-09T09:47:45.093+0000] {taskinstance.py:3280} INFO - 0 downstream tasks scheduled from follow-on schedule check
[2026-02-09T10:08:28.841+0000] {taskinstance.py:1956} INFO - Dependencies all met for dep_context=non-requeueable deps ti=<TaskInstance: ecommerce_etl_v2.gold_layer.load_dim_event_type scheduled__2026-02-08T02:00:00+00:00 [queued]>
[2026-02-09T10:08:28.847+0000] {taskinstance.py:1956} INFO - Dependencies all met for dep_context=requeueable deps ti=<TaskInstance: ecommerce_etl_v2.gold_layer.load_dim_event_type scheduled__2026-02-08T02:00:00+00:00 [queued]>
[2026-02-09T10:08:28.848+0000] {taskinstance.py:2170} INFO - Starting attempt 2 of 3
[2026-02-09T10:08:28.859+0000] {taskinstance.py:2191} INFO - Executing <Task(BigQueryInsertJobOperator): gold_layer.load_dim_event_type> on 2026-02-08 02:00:00+00:00
[2026-02-09T10:08:28.867+0000] {standard_task_runner.py:60} INFO - Started process 24446 to run task
[2026-02-09T10:08:28.870+0000] {standard_task_runner.py:87} INFO - Running: ['***', 'tasks', 'run', 'ecommerce_etl_v2', 'gold_layer.load_dim_event_type', 'scheduled__2026-02-08T02:00:00+00:00', '--job-id', '1745', '--raw', '--subdir', 'DAGS_FOLDER/etl_dag.py', '--cfg-path', '/tmp/tmp6y3v4vvo']
[2026-02-09T10:08:28.874+0000] {standard_task_runner.py:88} INFO - Job 1745: Subtask gold_layer.load_dim_event_type
[2026-02-09T10:08:28.916+0000] {task_command.py:423} INFO - Running <TaskInstance: ecommerce_etl_v2.gold_layer.load_dim_event_type scheduled__2026-02-08T02:00:00+00:00 [running]> on host 707cd2e8ef6b
[2026-02-09T10:08:28.972+0000] {taskinstance.py:2480} INFO - Exporting env vars: AIRFLOW_CTX_DAG_EMAIL='data-team@company.com' AIRFLOW_CTX_DAG_OWNER='data_engineering' AIRFLOW_CTX_DAG_ID='ecommerce_etl_v2' AIRFLOW_CTX_TASK_ID='gold_layer.load_dim_event_type' AIRFLOW_CTX_EXECUTION_DATE='2026-02-08T02:00:00+00:00' AIRFLOW_CTX_TRY_NUMBER='2' AIRFLOW_CTX_DAG_RUN_ID='scheduled__2026-02-08T02:00:00+00:00'
[2026-02-09T10:08:28.980+0000] {connection.py:234} WARNING - Connection schemes (type: google_cloud_platform) shall not contain '_' according to RFC3986.
[2026-02-09T10:08:28.980+0000] {base.py:83} INFO - Using connection ID 'google_cloud_default' for task execution.
[2026-02-09T10:08:28.980+0000] {credentials_provider.py:353} INFO - Getting connection using `google.auth.default()` since no explicit credentials are provided.
[2026-02-09T10:08:29.026+0000] {bigquery.py:2807} INFO - Executing: {'query': {'query': 'SELECT\n    GENERATE_UUID() AS event_type_key,  -- UUID surrogate key\n    event_type\nFROM (\n    SELECT DISTINCT event_type\n    FROM bronze.events\n) AS distinct_events;', 'useLegacySql': False, 'queryParameters': [{'name': 'run_date', 'parameterType': {'type': 'DATE'}, 'parameterValue': {'value': '2026-02-08'}}]}}'
[2026-02-09T10:08:29.028+0000] {bigquery.py:1596} INFO - Inserting job ***_ecommerce_etl_v2_gold_layer_load_dim_event_type_2026_02_08T02_00_00_00_00_ba2519770d47a2be0a9ab7c29f2d546f
[2026-02-09T10:08:29.666+0000] {taskinstance.py:1138} INFO - Marking task as SUCCESS. dag_id=ecommerce_etl_v2, task_id=gold_layer.load_dim_event_type, execution_date=20260208T020000, start_date=20260209T100828, end_date=20260209T100829
[2026-02-09T10:08:29.714+0000] {local_task_job_runner.py:234} INFO - Task exited with return code 0
[2026-02-09T10:08:29.732+0000] {taskinstance.py:3280} INFO - 0 downstream tasks scheduled from follow-on schedule check
