[2026-02-11T00:35:03.261+0000] {taskinstance.py:1956} INFO - Dependencies all met for dep_context=non-requeueable deps ti=<TaskInstance: ecommerce_etl_v2.silver_layer.transform_order_items manual__2026-02-11T00:34:58.498482+00:00 [queued]>
[2026-02-11T00:35:03.267+0000] {taskinstance.py:1956} INFO - Dependencies all met for dep_context=requeueable deps ti=<TaskInstance: ecommerce_etl_v2.silver_layer.transform_order_items manual__2026-02-11T00:34:58.498482+00:00 [queued]>
[2026-02-11T00:35:03.268+0000] {taskinstance.py:2170} INFO - Starting attempt 1 of 3
[2026-02-11T00:35:03.275+0000] {taskinstance.py:2191} INFO - Executing <Task(BigQueryInsertJobOperator): silver_layer.transform_order_items> on 2026-02-11 00:34:58.498482+00:00
[2026-02-11T00:35:03.278+0000] {standard_task_runner.py:60} INFO - Started process 74727 to run task
[2026-02-11T00:35:03.281+0000] {standard_task_runner.py:87} INFO - Running: ['***', 'tasks', 'run', 'ecommerce_etl_v2', 'silver_layer.transform_order_items', 'manual__2026-02-11T00:34:58.498482+00:00', '--job-id', '1988', '--raw', '--subdir', 'DAGS_FOLDER/etl_dag.py', '--cfg-path', '/tmp/tmp7tlj1m2h']
[2026-02-11T00:35:03.283+0000] {standard_task_runner.py:88} INFO - Job 1988: Subtask silver_layer.transform_order_items
[2026-02-11T00:35:03.314+0000] {task_command.py:423} INFO - Running <TaskInstance: ecommerce_etl_v2.silver_layer.transform_order_items manual__2026-02-11T00:34:58.498482+00:00 [running]> on host 89ab86e4d295
[2026-02-11T00:35:03.358+0000] {taskinstance.py:2480} INFO - Exporting env vars: AIRFLOW_CTX_DAG_EMAIL='data-team@company.com' AIRFLOW_CTX_DAG_OWNER='data_engineering' AIRFLOW_CTX_DAG_ID='ecommerce_etl_v2' AIRFLOW_CTX_TASK_ID='silver_layer.transform_order_items' AIRFLOW_CTX_EXECUTION_DATE='2026-02-11T00:34:58.498482+00:00' AIRFLOW_CTX_TRY_NUMBER='1' AIRFLOW_CTX_DAG_RUN_ID='manual__2026-02-11T00:34:58.498482+00:00'
[2026-02-11T00:35:03.364+0000] {connection.py:234} WARNING - Connection schemes (type: google_cloud_platform) shall not contain '_' according to RFC3986.
[2026-02-11T00:35:03.364+0000] {base.py:83} INFO - Using connection ID 'google_cloud_default' for task execution.
[2026-02-11T00:35:03.365+0000] {credentials_provider.py:353} INFO - Getting connection using `google.auth.default()` since no explicit credentials are provided.
[2026-02-11T00:35:03.413+0000] {bigquery.py:2807} INFO - Executing: {'query': {'query': '\nWITH deduplicated_order_items AS (\n  -- Step 1: Ensure uniqueness by item ID\n  SELECT\n    *,\n    ROW_NUMBER() OVER (PARTITION BY id ORDER BY created_at DESC) as row_num\n  FROM\n    `bronze.order_items`\n)\nSELECT\n  -- Step 2: Identifiers & Renaming\n  id AS order_item_id,\n  order_id,\n  user_id,\n  product_id,\n  inventory_item_id,\n\n  -- Step 3: Financial Standardization\n  CAST(sale_price AS NUMERIC) AS item_sale_price,\n\n  -- Step 4: Status Cleaning\n  INITCAP(status) AS order_status, -- Ensures "Shipped" instead of "shipped"\n\n  -- Step 5: Timestamps\n  created_at AS order_created_at,\n  shipped_at,\n  delivered_at,\n  returned_at,\n\n  -- Step 6: Logical Flags for Easier Reporting\n  CASE \n    WHEN status = \'Complete\' THEN TRUE \n    ELSE FALSE \n  END AS is_fully_completed,\n\n  CASE \n    WHEN returned_at IS NOT NULL THEN TRUE \n    ELSE FALSE \n  END AS was_returned\n\nFROM\n  deduplicated_order_items\nWHERE\n  row_num = 1\nORDER BY \n  order_created_at DESC;\n\n', 'useLegacySql': False, 'destinationTable': {'projectId': 'prism-486509', 'datasetId': 'silver', 'tableId': 'order_items'}, 'writeDisposition': 'WRITE_TRUNCATE', 'createDisposition': 'CREATE_IF_NEEDED', 'queryParameters': [{'name': 'run_date', 'parameterType': {'type': 'DATE'}, 'parameterValue': {'value': '2026-02-11'}}]}}'
[2026-02-11T00:35:03.414+0000] {bigquery.py:1596} INFO - Inserting job ***_ecommerce_etl_v2_silver_layer_transform_order_items_2026_02_11T00_34_58_498482_00_00_0fc4a890a4f1b0c3fdeaea0121a46b16
[2026-02-11T00:35:03.832+0000] {taskinstance.py:2698} ERROR - Task failed with exception
Traceback (most recent call last):
  File "/home/airflow/.local/lib/python3.8/site-packages/airflow/models/taskinstance.py", line 433, in _execute_task
    result = execute_callable(context=context, **execute_callable_kwargs)
  File "/home/airflow/.local/lib/python3.8/site-packages/airflow/providers/google/cloud/operators/bigquery.py", line 2864, in execute
    job.result(timeout=self.result_timeout, retry=self.result_retry)
  File "/home/airflow/.local/lib/python3.8/site-packages/google/cloud/bigquery/job/query.py", line 1595, in result
    do_get_result()
  File "/home/airflow/.local/lib/python3.8/site-packages/google/cloud/bigquery/job/query.py", line 1584, in do_get_result
    super(QueryJob, self).result(retry=retry, timeout=timeout)
  File "/home/airflow/.local/lib/python3.8/site-packages/google/cloud/bigquery/job/base.py", line 971, in result
    return super(_AsyncJob, self).result(timeout=timeout, **kwargs)
  File "/home/airflow/.local/lib/python3.8/site-packages/google/api_core/future/polling.py", line 261, in result
    raise self._exception
google.api_core.exceptions.NotFound: 404 Not found: Dataset prism-486509:silver was not found in location europe-west1; reason: notFound, message: Not found: Dataset prism-486509:silver was not found in location europe-west1

Location: europe-west1
Job ID: airflow_ecommerce_etl_v2_silver_layer_transform_order_items_2026_02_11T00_34_58_498482_00_00_0fc4a890a4f1b0c3fdeaea0121a46b16

[2026-02-11T00:35:03.838+0000] {taskinstance.py:1138} INFO - Marking task as UP_FOR_RETRY. dag_id=ecommerce_etl_v2, task_id=silver_layer.transform_order_items, execution_date=20260211T003458, start_date=20260211T003503, end_date=20260211T003503
[2026-02-11T00:35:03.846+0000] {standard_task_runner.py:107} ERROR - Failed to execute job 1988 for task silver_layer.transform_order_items (404 Not found: Dataset prism-486509:silver was not found in location europe-west1; reason: notFound, message: Not found: Dataset prism-486509:silver was not found in location europe-west1

Location: europe-west1
Job ID: airflow_ecommerce_etl_v2_silver_layer_transform_order_items_2026_02_11T00_34_58_498482_00_00_0fc4a890a4f1b0c3fdeaea0121a46b16
; 74727)
[2026-02-11T00:35:03.877+0000] {local_task_job_runner.py:234} INFO - Task exited with return code 1
[2026-02-11T00:35:03.901+0000] {taskinstance.py:3280} INFO - 0 downstream tasks scheduled from follow-on schedule check
