[2026-02-10T03:15:00.765+0000] {taskinstance.py:1956} INFO - Dependencies all met for dep_context=non-requeueable deps ti=<TaskInstance: ecommerce_etl_v2.load_products scheduled__2026-02-09T02:00:00+00:00 [queued]>
[2026-02-10T03:15:00.771+0000] {taskinstance.py:1956} INFO - Dependencies all met for dep_context=requeueable deps ti=<TaskInstance: ecommerce_etl_v2.load_products scheduled__2026-02-09T02:00:00+00:00 [queued]>
[2026-02-10T03:15:00.771+0000] {taskinstance.py:2170} INFO - Starting attempt 1 of 3
[2026-02-10T03:15:00.787+0000] {taskinstance.py:2191} INFO - Executing <Task(PythonOperator): load_products> on 2026-02-09 02:00:00+00:00
[2026-02-10T03:15:00.797+0000] {standard_task_runner.py:60} INFO - Started process 28741 to run task
[2026-02-10T03:15:00.809+0000] {standard_task_runner.py:87} INFO - Running: ['***', 'tasks', 'run', 'ecommerce_etl_v2', 'load_products', 'scheduled__2026-02-09T02:00:00+00:00', '--job-id', '896', '--raw', '--subdir', 'DAGS_FOLDER/etl_dag.py', '--cfg-path', '/tmp/tmpjagrn6rl']
[2026-02-10T03:15:00.817+0000] {standard_task_runner.py:88} INFO - Job 896: Subtask load_products
[2026-02-10T03:15:00.877+0000] {task_command.py:423} INFO - Running <TaskInstance: ecommerce_etl_v2.load_products scheduled__2026-02-09T02:00:00+00:00 [running]> on host 8e292c18926b
[2026-02-10T03:15:00.949+0000] {taskinstance.py:2480} INFO - Exporting env vars: AIRFLOW_CTX_DAG_EMAIL='data-team@company.com' AIRFLOW_CTX_DAG_OWNER='data_engineering' AIRFLOW_CTX_DAG_ID='ecommerce_etl_v2' AIRFLOW_CTX_TASK_ID='load_products' AIRFLOW_CTX_EXECUTION_DATE='2026-02-09T02:00:00+00:00' AIRFLOW_CTX_TRY_NUMBER='1' AIRFLOW_CTX_DAG_RUN_ID='scheduled__2026-02-09T02:00:00+00:00'
[2026-02-10T03:15:01.396+0000] {taskinstance.py:2698} ERROR - Task failed with exception
Traceback (most recent call last):
  File "/home/airflow/.local/lib/python3.8/site-packages/airflow/models/taskinstance.py", line 433, in _execute_task
    result = execute_callable(context=context, **execute_callable_kwargs)
  File "/home/airflow/.local/lib/python3.8/site-packages/airflow/operators/python.py", line 199, in execute
    return_value = self.execute_callable()
  File "/home/airflow/.local/lib/python3.8/site-packages/airflow/operators/python.py", line 216, in execute_callable
    return self.python_callable(*self.op_args, **self.op_kwargs)
  File "/opt/airflow/dags/etl_dag.py", line 66, in load_bronze_with_ingestion_date
    df = pd.read_csv(
  File "/home/airflow/.local/lib/python3.8/site-packages/pandas/io/parsers/readers.py", line 912, in read_csv
    return _read(filepath_or_buffer, kwds)
  File "/home/airflow/.local/lib/python3.8/site-packages/pandas/io/parsers/readers.py", line 577, in _read
    parser = TextFileReader(filepath_or_buffer, **kwds)
  File "/home/airflow/.local/lib/python3.8/site-packages/pandas/io/parsers/readers.py", line 1407, in __init__
    self._engine = self._make_engine(f, self.engine)
  File "/home/airflow/.local/lib/python3.8/site-packages/pandas/io/parsers/readers.py", line 1661, in _make_engine
    self.handles = get_handle(
  File "/home/airflow/.local/lib/python3.8/site-packages/pandas/io/common.py", line 716, in get_handle
    ioargs = _get_filepath_or_buffer(
  File "/home/airflow/.local/lib/python3.8/site-packages/pandas/io/common.py", line 414, in _get_filepath_or_buffer
    file_obj = fsspec.open(
  File "/home/airflow/.local/lib/python3.8/site-packages/fsspec/core.py", line 135, in open
    return self.__enter__()
  File "/home/airflow/.local/lib/python3.8/site-packages/fsspec/core.py", line 103, in __enter__
    f = self.fs.open(self.path, mode=mode)
  File "/home/airflow/.local/lib/python3.8/site-packages/fsspec/spec.py", line 1295, in open
    f = self._open(
  File "/home/airflow/.local/lib/python3.8/site-packages/gcsfs/core.py", line 1516, in _open
    return GCSFile(
  File "/home/airflow/.local/lib/python3.8/site-packages/gcsfs/core.py", line 1675, in __init__
    super().__init__(
  File "/home/airflow/.local/lib/python3.8/site-packages/fsspec/spec.py", line 1651, in __init__
    self.size = self.details["size"]
  File "/home/airflow/.local/lib/python3.8/site-packages/gcsfs/core.py", line 1711, in details
    self._details = self.fs.info(self.path, generation=self.generation)
  File "/home/airflow/.local/lib/python3.8/site-packages/fsspec/asyn.py", line 118, in wrapper
    return sync(self.loop, func, *args, **kwargs)
  File "/home/airflow/.local/lib/python3.8/site-packages/fsspec/asyn.py", line 103, in sync
    raise return_result
  File "/home/airflow/.local/lib/python3.8/site-packages/fsspec/asyn.py", line 56, in _runner
    result[0] = await coro
  File "/home/airflow/.local/lib/python3.8/site-packages/gcsfs/core.py", line 966, in _info
    out = await self._ls(path, **kwargs)
  File "/home/airflow/.local/lib/python3.8/site-packages/gcsfs/core.py", line 995, in _ls
    for entry in await self._list_objects(
  File "/home/airflow/.local/lib/python3.8/site-packages/gcsfs/core.py", line 580, in _list_objects
    return [await self._get_object(path)]
  File "/home/airflow/.local/lib/python3.8/site-packages/gcsfs/core.py", line 516, in _get_object
    res = await self._call(
  File "/home/airflow/.local/lib/python3.8/site-packages/gcsfs/core.py", line 437, in _call
    status, headers, info, contents = await self._request(
  File "/home/airflow/.local/lib/python3.8/site-packages/decorator.py", line 221, in fun
    return await caller(func, *(extras + args), **kw)
  File "/home/airflow/.local/lib/python3.8/site-packages/gcsfs/retry.py", line 123, in retry_request
    return await func(*args, **kwargs)
  File "/home/airflow/.local/lib/python3.8/site-packages/gcsfs/core.py", line 430, in _request
    validate_response(status, contents, path, args)
  File "/home/airflow/.local/lib/python3.8/site-packages/gcsfs/retry.py", line 92, in validate_response
    raise FileNotFoundError(path)
FileNotFoundError: b/bronze-data-ecom/o/20260209%2Fproducts.csv
[2026-02-10T03:15:01.403+0000] {taskinstance.py:1138} INFO - Marking task as UP_FOR_RETRY. dag_id=ecommerce_etl_v2, task_id=load_products, execution_date=20260209T020000, start_date=20260210T031500, end_date=20260210T031501
[2026-02-10T03:15:01.409+0000] {standard_task_runner.py:107} ERROR - Failed to execute job 896 for task load_products (b/bronze-data-ecom/o/20260209%2Fproducts.csv; 28741)
[2026-02-10T03:15:01.444+0000] {local_task_job_runner.py:234} INFO - Task exited with return code 1
[2026-02-10T03:15:01.483+0000] {taskinstance.py:3280} INFO - 0 downstream tasks scheduled from follow-on schedule check
[2026-02-10T23:37:03.154+0000] {taskinstance.py:1956} INFO - Dependencies all met for dep_context=non-requeueable deps ti=<TaskInstance: ecommerce_etl_v2.load_products scheduled__2026-02-09T02:00:00+00:00 [queued]>
[2026-02-10T23:37:03.161+0000] {taskinstance.py:1956} INFO - Dependencies all met for dep_context=requeueable deps ti=<TaskInstance: ecommerce_etl_v2.load_products scheduled__2026-02-09T02:00:00+00:00 [queued]>
[2026-02-10T23:37:03.161+0000] {taskinstance.py:2170} INFO - Starting attempt 1 of 3
[2026-02-10T23:37:03.170+0000] {taskinstance.py:2191} INFO - Executing <Task(PythonOperator): load_products> on 2026-02-09 02:00:00+00:00
[2026-02-10T23:37:03.176+0000] {standard_task_runner.py:60} INFO - Started process 66823 to run task
[2026-02-10T23:37:03.195+0000] {standard_task_runner.py:87} INFO - Running: ['***', 'tasks', 'run', 'ecommerce_etl_v2', 'load_products', 'scheduled__2026-02-09T02:00:00+00:00', '--job-id', '1840', '--raw', '--subdir', 'DAGS_FOLDER/etl_dag.py', '--cfg-path', '/tmp/tmpbl2bt17r']
[2026-02-10T23:37:03.209+0000] {standard_task_runner.py:88} INFO - Job 1840: Subtask load_products
[2026-02-10T23:37:03.293+0000] {task_command.py:423} INFO - Running <TaskInstance: ecommerce_etl_v2.load_products scheduled__2026-02-09T02:00:00+00:00 [running]> on host 89ab86e4d295
[2026-02-10T23:37:03.355+0000] {taskinstance.py:2480} INFO - Exporting env vars: AIRFLOW_CTX_DAG_EMAIL='data-team@company.com' AIRFLOW_CTX_DAG_OWNER='data_engineering' AIRFLOW_CTX_DAG_ID='ecommerce_etl_v2' AIRFLOW_CTX_TASK_ID='load_products' AIRFLOW_CTX_EXECUTION_DATE='2026-02-09T02:00:00+00:00' AIRFLOW_CTX_TRY_NUMBER='1' AIRFLOW_CTX_DAG_RUN_ID='scheduled__2026-02-09T02:00:00+00:00'
[2026-02-10T23:37:03.487+0000] {etl_dag.py:100} INFO - Creating table if not exists: bronze.products
[2026-02-10T23:37:04.084+0000] {etl_dag.py:114} INFO - Loading data from gs://bronze-data-ecom/products/ingestion_date=2026-02-09/*.csv into bronze.products
[2026-02-10T23:37:04.400+0000] {taskinstance.py:2698} ERROR - Task failed with exception
Traceback (most recent call last):
  File "/home/airflow/.local/lib/python3.8/site-packages/airflow/models/taskinstance.py", line 433, in _execute_task
    result = execute_callable(context=context, **execute_callable_kwargs)
  File "/home/airflow/.local/lib/python3.8/site-packages/airflow/operators/python.py", line 199, in execute
    return_value = self.execute_callable()
  File "/home/airflow/.local/lib/python3.8/site-packages/airflow/operators/python.py", line 216, in execute_callable
    return self.python_callable(*self.op_args, **self.op_kwargs)
  File "/opt/airflow/dags/etl_dag.py", line 125, in load_bronze_with_ingestion_date
    load_job.result()
  File "/home/airflow/.local/lib/python3.8/site-packages/google/cloud/bigquery/job/base.py", line 971, in result
    return super(_AsyncJob, self).result(timeout=timeout, **kwargs)
  File "/home/airflow/.local/lib/python3.8/site-packages/google/api_core/future/polling.py", line 261, in result
    raise self._exception
google.api_core.exceptions.NotFound: 404 Not found: Uris gs://bronze-data-ecom/products/ingestion_date=2026-02-09/*.csv; reason: notFound, message: Not found: Uris gs://bronze-data-ecom/products/ingestion_date=2026-02-09/*.csv
[2026-02-10T23:37:04.409+0000] {taskinstance.py:1138} INFO - Marking task as UP_FOR_RETRY. dag_id=ecommerce_etl_v2, task_id=load_products, execution_date=20260209T020000, start_date=20260210T233703, end_date=20260210T233704
[2026-02-10T23:37:04.417+0000] {standard_task_runner.py:107} ERROR - Failed to execute job 1840 for task load_products (404 Not found: Uris gs://bronze-data-ecom/products/ingestion_date=2026-02-09/*.csv; reason: notFound, message: Not found: Uris gs://bronze-data-ecom/products/ingestion_date=2026-02-09/*.csv; 66823)
[2026-02-10T23:37:04.450+0000] {local_task_job_runner.py:234} INFO - Task exited with return code 1
[2026-02-10T23:37:04.476+0000] {taskinstance.py:3280} INFO - 0 downstream tasks scheduled from follow-on schedule check
