[2026-02-08T23:24:39.562+0000] {taskinstance.py:1956} INFO - Dependencies all met for dep_context=non-requeueable deps ti=<TaskInstance: ecommerce_etl_v2.silver_layer.transform_events manual__2026-02-08T21:48:44.938383+00:00 [queued]>
[2026-02-08T23:24:39.568+0000] {taskinstance.py:1956} INFO - Dependencies all met for dep_context=requeueable deps ti=<TaskInstance: ecommerce_etl_v2.silver_layer.transform_events manual__2026-02-08T21:48:44.938383+00:00 [queued]>
[2026-02-08T23:24:39.569+0000] {taskinstance.py:2170} INFO - Starting attempt 4 of 5
[2026-02-08T23:24:39.579+0000] {taskinstance.py:2191} INFO - Executing <Task(BigQueryInsertJobOperator): silver_layer.transform_events> on 2026-02-08 21:48:44.938383+00:00
[2026-02-08T23:24:39.583+0000] {standard_task_runner.py:60} INFO - Started process 27535 to run task
[2026-02-08T23:24:39.587+0000] {standard_task_runner.py:87} INFO - Running: ['***', 'tasks', 'run', 'ecommerce_etl_v2', 'silver_layer.transform_events', 'manual__2026-02-08T21:48:44.938383+00:00', '--job-id', '1038', '--raw', '--subdir', 'DAGS_FOLDER/etl_dag.py', '--cfg-path', '/tmp/tmp5bm5_o84']
[2026-02-08T23:24:39.589+0000] {standard_task_runner.py:88} INFO - Job 1038: Subtask silver_layer.transform_events
[2026-02-08T23:24:39.615+0000] {task_command.py:423} INFO - Running <TaskInstance: ecommerce_etl_v2.silver_layer.transform_events manual__2026-02-08T21:48:44.938383+00:00 [running]> on host 52b3fbe2fc57
[2026-02-08T23:24:39.658+0000] {taskinstance.py:2480} INFO - Exporting env vars: AIRFLOW_CTX_DAG_EMAIL='data-team@company.com' AIRFLOW_CTX_DAG_OWNER='data_engineering' AIRFLOW_CTX_DAG_ID='ecommerce_etl_v2' AIRFLOW_CTX_TASK_ID='silver_layer.transform_events' AIRFLOW_CTX_EXECUTION_DATE='2026-02-08T21:48:44.938383+00:00' AIRFLOW_CTX_TRY_NUMBER='4' AIRFLOW_CTX_DAG_RUN_ID='manual__2026-02-08T21:48:44.938383+00:00'
[2026-02-08T23:24:39.664+0000] {connection.py:234} WARNING - Connection schemes (type: google_cloud_platform) shall not contain '_' according to RFC3986.
[2026-02-08T23:24:39.664+0000] {base.py:83} INFO - Using connection ID 'google_cloud_default' for task execution.
[2026-02-08T23:24:39.665+0000] {credentials_provider.py:353} INFO - Getting connection using `google.auth.default()` since no explicit credentials are provided.
[2026-02-08T23:24:39.706+0000] {bigquery.py:2807} INFO - Executing: {'query': {'query': "\nWITH DeduplicatedEvents AS (\n  SELECT\n    *,\n    ROW_NUMBER() OVER(PARTITION BY id, created_at ORDER BY created_at) as rn -- Assuming id and created_at uniquely identify an event\n  FROM\n    `bronze.events`\n),\nValidatedAndCleanedEvents AS (\n  SELECT\n    -- Explicit Data Type Casting and Null Handling\n    id, -- Already INT64, but included for completeness\n    COALESCE(SAFE_CAST(user_id AS INT64), 0) AS user_id, -- Casts to INT64, replaces NULLs (from original or SAFE_CAST failure) with 0\n    sequence_number, -- Already INT64\n    COALESCE(session_id, 'UNKNOWN') AS session_id, -- Handles NULLs for STRING with 'UNKNOWN'\n    created_at, -- Already TIMESTAMP\n    COALESCE(ip_address, 'UNKNOWN') AS ip_address, -- Handles NULLs for STRING with 'UNKNOWN'\n    COALESCE(city, 'UNKNOWN') AS city, -- Handles NULLs for STRING with 'UNKNOWN'\n    COALESCE(state, 'UNKNOWN') AS state, -- Handles NULLs for STRING with 'UNKNOWN'\n    COALESCE(postal_code, 'UNKNOWN') AS postal_code, -- Handles NULLs for STRING with 'UNKNOWN'\n    COALESCE(browser, 'UNKNOWN') AS browser, -- Handles NULLs for STRING with 'UNKNOWN'\n    COALESCE(traffic_source, 'UNKNOWN') AS traffic_source, -- Handles NULLs for STRING with 'UNKNOWN'\n    COALESCE(uri, 'UNKNOWN') AS uri, -- Handles NULLs for STRING with 'UNKNOWN'\n    COALESCE(event_type, 'UNKNOWN') AS event_type_cleaned, -- Handles NULLs for STRING, provides a default 'UNKNOWN', renamed to avoid conflict\n    \n    -- Basic Validation Checks\n    CASE WHEN id IS NULL OR id <= 0 THEN FALSE ELSE TRUE END AS is_valid_id,\n    CASE WHEN created_at IS NULL OR created_at > CURRENT_TIMESTAMP() THEN FALSE ELSE TRUE END AS is_valid_created_at,\n    CASE\n      WHEN event_type IN ('page_view', 'add_to_cart', 'purchase', 'login', 'signup', 'checkout') THEN TRUE\n      ELSE FALSE\n    END AS is_known_event_type\n\n\n  FROM\n    DeduplicatedEvents\n  WHERE rn = 1 -- Keep only the first occurrence for deduplication\n    AND id IS NOT NULL -- Exclude rows with a null 'id' as it's a critical identifier\n)\nSELECT\n  id,\n  user_id,\n  sequence_number,\n  session_id,\n  created_at,\n  ip_address,\n  city,\n  state,\n  postal_code,\n  browser,\n  traffic_source,\n  uri,\n  event_type_cleaned AS event_type, -- Use the cleaned event_type\n  is_valid_id,\n  is_valid_created_at,\n  is_known_event_type\nFROM\n  ValidatedAndCleanedEvents\nWHERE\n  is_valid_id = TRUE\n  AND is_valid_created_at = TRUE\n  AND is_known_event_type = TRUE; -- Filter to only include rows passing basic validation\n\n", 'useLegacySql': False, 'destinationTable': {'projectId': 'prism-486509', 'datasetId': 'silver', 'tableId': 'events', 'writeDisposition': 'WRITE_TRUNCATE', 'createDisposition': 'CREATE_IF_NEEDED'}, 'queryParameters': [{'name': 'run_date', 'parameterType': {'type': 'DATE'}, 'parameterValue': {'value': '2026-02-08'}}]}}'
[2026-02-08T23:24:39.707+0000] {bigquery.py:1596} INFO - Inserting job ***_ecommerce_etl_v2_silver_layer_transform_events_2026_02_08T21_48_44_938383_00_00_7df1835c7d2b7591eb2233829f9cdc98
[2026-02-08T23:24:40.147+0000] {taskinstance.py:2698} ERROR - Task failed with exception
Traceback (most recent call last):
  File "/home/airflow/.local/lib/python3.8/site-packages/airflow/models/taskinstance.py", line 433, in _execute_task
    result = execute_callable(context=context, **execute_callable_kwargs)
  File "/home/airflow/.local/lib/python3.8/site-packages/airflow/providers/google/cloud/operators/bigquery.py", line 2864, in execute
    job.result(timeout=self.result_timeout, retry=self.result_retry)
  File "/home/airflow/.local/lib/python3.8/site-packages/google/cloud/bigquery/job/query.py", line 1595, in result
    do_get_result()
  File "/home/airflow/.local/lib/python3.8/site-packages/google/cloud/bigquery/job/query.py", line 1584, in do_get_result
    super(QueryJob, self).result(retry=retry, timeout=timeout)
  File "/home/airflow/.local/lib/python3.8/site-packages/google/cloud/bigquery/job/base.py", line 971, in result
    return super(_AsyncJob, self).result(timeout=timeout, **kwargs)
  File "/home/airflow/.local/lib/python3.8/site-packages/google/api_core/future/polling.py", line 261, in result
    raise self._exception
google.api_core.exceptions.Conflict: 409 Already Exists: Table prism-486509:silver.events; reason: duplicate, message: Already Exists: Table prism-486509:silver.events

Location: europe-west1
Job ID: airflow_ecommerce_etl_v2_silver_layer_transform_events_2026_02_08T21_48_44_938383_00_00_7df1835c7d2b7591eb2233829f9cdc98

[2026-02-08T23:24:40.152+0000] {taskinstance.py:1138} INFO - Marking task as UP_FOR_RETRY. dag_id=ecommerce_etl_v2, task_id=silver_layer.transform_events, execution_date=20260208T214844, start_date=20260208T232439, end_date=20260208T232440
[2026-02-08T23:24:40.160+0000] {standard_task_runner.py:107} ERROR - Failed to execute job 1038 for task silver_layer.transform_events (409 Already Exists: Table prism-486509:silver.events; reason: duplicate, message: Already Exists: Table prism-486509:silver.events

Location: europe-west1
Job ID: airflow_ecommerce_etl_v2_silver_layer_transform_events_2026_02_08T21_48_44_938383_00_00_7df1835c7d2b7591eb2233829f9cdc98
; 27535)
[2026-02-08T23:24:40.184+0000] {local_task_job_runner.py:234} INFO - Task exited with return code 1
[2026-02-08T23:24:40.195+0000] {taskinstance.py:3280} INFO - 0 downstream tasks scheduled from follow-on schedule check
