[2026-02-11T01:05:56.787+0000] {taskinstance.py:1956} INFO - Dependencies all met for dep_context=non-requeueable deps ti=<TaskInstance: ecommerce_etl_v2.check_users_loaded manual__2026-02-11T01:02:00.198908+00:00 [queued]>
[2026-02-11T01:05:56.792+0000] {taskinstance.py:1956} INFO - Dependencies all met for dep_context=requeueable deps ti=<TaskInstance: ecommerce_etl_v2.check_users_loaded manual__2026-02-11T01:02:00.198908+00:00 [queued]>
[2026-02-11T01:05:56.792+0000] {taskinstance.py:2170} INFO - Starting attempt 1 of 3
[2026-02-11T01:05:56.798+0000] {taskinstance.py:2191} INFO - Executing <Task(BigQueryCheckOperator): check_users_loaded> on 2026-02-11 01:02:00.198908+00:00
[2026-02-11T01:05:56.803+0000] {standard_task_runner.py:60} INFO - Started process 79429 to run task
[2026-02-11T01:05:56.805+0000] {standard_task_runner.py:87} INFO - Running: ['***', 'tasks', 'run', 'ecommerce_etl_v2', 'check_users_loaded', 'manual__2026-02-11T01:02:00.198908+00:00', '--job-id', '2081', '--raw', '--subdir', 'DAGS_FOLDER/etl_dag.py', '--cfg-path', '/tmp/tmpmzfs_abr']
[2026-02-11T01:05:56.807+0000] {standard_task_runner.py:88} INFO - Job 2081: Subtask check_users_loaded
[2026-02-11T01:05:56.832+0000] {task_command.py:423} INFO - Running <TaskInstance: ecommerce_etl_v2.check_users_loaded manual__2026-02-11T01:02:00.198908+00:00 [running]> on host 89ab86e4d295
[2026-02-11T01:05:56.872+0000] {taskinstance.py:2480} INFO - Exporting env vars: AIRFLOW_CTX_DAG_EMAIL='data-team@company.com' AIRFLOW_CTX_DAG_OWNER='data_engineering' AIRFLOW_CTX_DAG_ID='ecommerce_etl_v2' AIRFLOW_CTX_TASK_ID='check_users_loaded' AIRFLOW_CTX_EXECUTION_DATE='2026-02-11T01:02:00.198908+00:00' AIRFLOW_CTX_TRY_NUMBER='1' AIRFLOW_CTX_DAG_RUN_ID='manual__2026-02-11T01:02:00.198908+00:00'
[2026-02-11T01:05:56.873+0000] {sql.py:785} INFO - Executing SQL check: SELECT COUNT(*) > 0 FROM prism-486509.bronze.users WHERE ingestion_date = DATE('2026-02-11')
[2026-02-11T01:05:56.878+0000] {connection.py:234} WARNING - Connection schemes (type: google_cloud_platform) shall not contain '_' according to RFC3986.
[2026-02-11T01:05:56.878+0000] {base.py:83} INFO - Using connection ID 'google_cloud_default' for task execution.
[2026-02-11T01:05:56.878+0000] {credentials_provider.py:353} INFO - Getting connection using `google.auth.default()` since no explicit credentials are provided.
[2026-02-11T01:05:56.921+0000] {sql.py:450} INFO - Running statement: SELECT COUNT(*) > 0 FROM prism-486509.bronze.users WHERE ingestion_date = DATE('2026-02-11'), parameters: None
[2026-02-11T01:05:56.922+0000] {bigquery.py:1596} INFO - Inserting job ***_1770771956921673_f343725ea1f9a7a8b6c41f068ecbec47
[2026-02-11T01:05:57.865+0000] {sql.py:788} INFO - Record: [True]
[2026-02-11T01:05:57.866+0000] {sql.py:796} INFO - Success.
[2026-02-11T01:05:57.873+0000] {taskinstance.py:1138} INFO - Marking task as SUCCESS. dag_id=ecommerce_etl_v2, task_id=check_users_loaded, execution_date=20260211T010200, start_date=20260211T010556, end_date=20260211T010557
[2026-02-11T01:05:57.922+0000] {local_task_job_runner.py:234} INFO - Task exited with return code 0
[2026-02-11T01:05:57.946+0000] {taskinstance.py:3280} INFO - 1 downstream tasks scheduled from follow-on schedule check
