[2026-02-10T00:19:03.581+0000] {taskinstance.py:1956} INFO - Dependencies all met for dep_context=non-requeueable deps ti=<TaskInstance: ecommerce_etl_v2.check_order_items_loaded manual__2026-02-10T00:15:26.432401+00:00 [queued]>
[2026-02-10T00:19:03.585+0000] {taskinstance.py:1956} INFO - Dependencies all met for dep_context=requeueable deps ti=<TaskInstance: ecommerce_etl_v2.check_order_items_loaded manual__2026-02-10T00:15:26.432401+00:00 [queued]>
[2026-02-10T00:19:03.585+0000] {taskinstance.py:2170} INFO - Starting attempt 1 of 3
[2026-02-10T00:19:03.591+0000] {taskinstance.py:2191} INFO - Executing <Task(BigQueryCheckOperator): check_order_items_loaded> on 2026-02-10 00:15:26.432401+00:00
[2026-02-10T00:19:03.594+0000] {standard_task_runner.py:60} INFO - Started process 23168 to run task
[2026-02-10T00:19:03.596+0000] {standard_task_runner.py:87} INFO - Running: ['***', 'tasks', 'run', 'ecommerce_etl_v2', 'check_order_items_loaded', 'manual__2026-02-10T00:15:26.432401+00:00', '--job-id', '794', '--raw', '--subdir', 'DAGS_FOLDER/etl_dag.py', '--cfg-path', '/tmp/tmp4oubt6l8']
[2026-02-10T00:19:03.598+0000] {standard_task_runner.py:88} INFO - Job 794: Subtask check_order_items_loaded
[2026-02-10T00:19:03.620+0000] {task_command.py:423} INFO - Running <TaskInstance: ecommerce_etl_v2.check_order_items_loaded manual__2026-02-10T00:15:26.432401+00:00 [running]> on host 8e292c18926b
[2026-02-10T00:19:03.654+0000] {taskinstance.py:2480} INFO - Exporting env vars: AIRFLOW_CTX_DAG_EMAIL='data-team@company.com' AIRFLOW_CTX_DAG_OWNER='data_engineering' AIRFLOW_CTX_DAG_ID='ecommerce_etl_v2' AIRFLOW_CTX_TASK_ID='check_order_items_loaded' AIRFLOW_CTX_EXECUTION_DATE='2026-02-10T00:15:26.432401+00:00' AIRFLOW_CTX_TRY_NUMBER='1' AIRFLOW_CTX_DAG_RUN_ID='manual__2026-02-10T00:15:26.432401+00:00'
[2026-02-10T00:19:03.655+0000] {sql.py:785} INFO - Executing SQL check: SELECT COUNT(*) > 0 FROM `prism-486509.bronze.order_items`
[2026-02-10T00:19:03.659+0000] {connection.py:234} WARNING - Connection schemes (type: google_cloud_platform) shall not contain '_' according to RFC3986.
[2026-02-10T00:19:03.660+0000] {base.py:83} INFO - Using connection ID 'google_cloud_default' for task execution.
[2026-02-10T00:19:03.660+0000] {credentials_provider.py:353} INFO - Getting connection using `google.auth.default()` since no explicit credentials are provided.
[2026-02-10T00:19:03.702+0000] {sql.py:450} INFO - Running statement: SELECT COUNT(*) > 0 FROM `prism-486509.bronze.order_items`, parameters: None
[2026-02-10T00:19:03.703+0000] {bigquery.py:1596} INFO - Inserting job ***_1770682743702965_8b5643e5eae3400001f84021eab2ab85
[2026-02-10T00:19:04.793+0000] {sql.py:788} INFO - Record: [True]
[2026-02-10T00:19:04.794+0000] {sql.py:796} INFO - Success.
[2026-02-10T00:19:04.802+0000] {taskinstance.py:1138} INFO - Marking task as SUCCESS. dag_id=ecommerce_etl_v2, task_id=check_order_items_loaded, execution_date=20260210T001526, start_date=20260210T001903, end_date=20260210T001904
[2026-02-10T00:19:04.822+0000] {local_task_job_runner.py:234} INFO - Task exited with return code 0
[2026-02-10T00:19:04.849+0000] {taskinstance.py:3280} INFO - 0 downstream tasks scheduled from follow-on schedule check
