[2026-02-09T02:44:39.155+0000] {taskinstance.py:1956} INFO - Dependencies all met for dep_context=non-requeueable deps ti=<TaskInstance: ecommerce_etl_v2.bronze_layer.check_order_items_loaded scheduled__2026-02-08T02:00:00+00:00 [queued]>
[2026-02-09T02:44:39.161+0000] {taskinstance.py:1956} INFO - Dependencies all met for dep_context=requeueable deps ti=<TaskInstance: ecommerce_etl_v2.bronze_layer.check_order_items_loaded scheduled__2026-02-08T02:00:00+00:00 [queued]>
[2026-02-09T02:44:39.161+0000] {taskinstance.py:2170} INFO - Starting attempt 1 of 3
[2026-02-09T02:44:39.170+0000] {taskinstance.py:2191} INFO - Executing <Task(BigQueryCheckOperator): bronze_layer.check_order_items_loaded> on 2026-02-08 02:00:00+00:00
[2026-02-09T02:44:39.174+0000] {standard_task_runner.py:60} INFO - Started process 10330 to run task
[2026-02-09T02:44:39.176+0000] {standard_task_runner.py:87} INFO - Running: ['***', 'tasks', 'run', 'ecommerce_etl_v2', 'bronze_layer.check_order_items_loaded', 'scheduled__2026-02-08T02:00:00+00:00', '--job-id', '1472', '--raw', '--subdir', 'DAGS_FOLDER/etl_dag.py', '--cfg-path', '/tmp/tmpdb3k009g']
[2026-02-09T02:44:39.178+0000] {standard_task_runner.py:88} INFO - Job 1472: Subtask bronze_layer.check_order_items_loaded
[2026-02-09T02:44:39.209+0000] {task_command.py:423} INFO - Running <TaskInstance: ecommerce_etl_v2.bronze_layer.check_order_items_loaded scheduled__2026-02-08T02:00:00+00:00 [running]> on host 707cd2e8ef6b
[2026-02-09T02:44:39.260+0000] {taskinstance.py:2480} INFO - Exporting env vars: AIRFLOW_CTX_DAG_EMAIL='data-team@company.com' AIRFLOW_CTX_DAG_OWNER='data_engineering' AIRFLOW_CTX_DAG_ID='ecommerce_etl_v2' AIRFLOW_CTX_TASK_ID='bronze_layer.check_order_items_loaded' AIRFLOW_CTX_EXECUTION_DATE='2026-02-08T02:00:00+00:00' AIRFLOW_CTX_TRY_NUMBER='1' AIRFLOW_CTX_DAG_RUN_ID='scheduled__2026-02-08T02:00:00+00:00'
[2026-02-09T02:44:39.261+0000] {sql.py:785} INFO - Executing SQL check: 
                    SELECT COUNT(*) > 0
                    FROM `prism-486509.bronze.order_items`
                
[2026-02-09T02:44:39.266+0000] {connection.py:234} WARNING - Connection schemes (type: google_cloud_platform) shall not contain '_' according to RFC3986.
[2026-02-09T02:44:39.266+0000] {base.py:83} INFO - Using connection ID 'google_cloud_default' for task execution.
[2026-02-09T02:44:39.267+0000] {credentials_provider.py:353} INFO - Getting connection using `google.auth.default()` since no explicit credentials are provided.
[2026-02-09T02:44:39.339+0000] {sql.py:450} INFO - Running statement: 
                    SELECT COUNT(*) > 0
                    FROM `prism-486509.bronze.order_items`
                , parameters: None
[2026-02-09T02:44:39.341+0000] {bigquery.py:1596} INFO - Inserting job ***_1770605079340172_de0ba258e3b35f85aba19bbdae998b94
[2026-02-09T02:44:40.221+0000] {sql.py:788} INFO - Record: [True]
[2026-02-09T02:44:40.222+0000] {sql.py:796} INFO - Success.
[2026-02-09T02:44:40.233+0000] {taskinstance.py:1138} INFO - Marking task as SUCCESS. dag_id=ecommerce_etl_v2, task_id=bronze_layer.check_order_items_loaded, execution_date=20260208T020000, start_date=20260209T024439, end_date=20260209T024440
[2026-02-09T02:44:40.291+0000] {local_task_job_runner.py:234} INFO - Task exited with return code 0
[2026-02-09T02:44:40.306+0000] {taskinstance.py:3280} INFO - 0 downstream tasks scheduled from follow-on schedule check
[2026-02-09T09:46:26.770+0000] {taskinstance.py:1956} INFO - Dependencies all met for dep_context=non-requeueable deps ti=<TaskInstance: ecommerce_etl_v2.bronze_layer.check_order_items_loaded scheduled__2026-02-08T02:00:00+00:00 [queued]>
[2026-02-09T09:46:26.775+0000] {taskinstance.py:1956} INFO - Dependencies all met for dep_context=requeueable deps ti=<TaskInstance: ecommerce_etl_v2.bronze_layer.check_order_items_loaded scheduled__2026-02-08T02:00:00+00:00 [queued]>
[2026-02-09T09:46:26.776+0000] {taskinstance.py:2170} INFO - Starting attempt 1 of 3
[2026-02-09T09:46:26.782+0000] {taskinstance.py:2191} INFO - Executing <Task(BigQueryCheckOperator): bronze_layer.check_order_items_loaded> on 2026-02-08 02:00:00+00:00
[2026-02-09T09:46:26.786+0000] {standard_task_runner.py:60} INFO - Started process 19562 to run task
[2026-02-09T09:46:26.788+0000] {standard_task_runner.py:87} INFO - Running: ['***', 'tasks', 'run', 'ecommerce_etl_v2', 'bronze_layer.check_order_items_loaded', 'scheduled__2026-02-08T02:00:00+00:00', '--job-id', '1632', '--raw', '--subdir', 'DAGS_FOLDER/etl_dag.py', '--cfg-path', '/tmp/tmpk7v98dld']
[2026-02-09T09:46:26.789+0000] {standard_task_runner.py:88} INFO - Job 1632: Subtask bronze_layer.check_order_items_loaded
[2026-02-09T09:46:26.811+0000] {task_command.py:423} INFO - Running <TaskInstance: ecommerce_etl_v2.bronze_layer.check_order_items_loaded scheduled__2026-02-08T02:00:00+00:00 [running]> on host 707cd2e8ef6b
[2026-02-09T09:46:26.845+0000] {taskinstance.py:2480} INFO - Exporting env vars: AIRFLOW_CTX_DAG_EMAIL='data-team@company.com' AIRFLOW_CTX_DAG_OWNER='data_engineering' AIRFLOW_CTX_DAG_ID='ecommerce_etl_v2' AIRFLOW_CTX_TASK_ID='bronze_layer.check_order_items_loaded' AIRFLOW_CTX_EXECUTION_DATE='2026-02-08T02:00:00+00:00' AIRFLOW_CTX_TRY_NUMBER='1' AIRFLOW_CTX_DAG_RUN_ID='scheduled__2026-02-08T02:00:00+00:00'
[2026-02-09T09:46:26.846+0000] {sql.py:785} INFO - Executing SQL check: 
                    SELECT COUNT(*) > 0
                    FROM `prism-486509.bronze.order_items`
                
[2026-02-09T09:46:26.849+0000] {connection.py:234} WARNING - Connection schemes (type: google_cloud_platform) shall not contain '_' according to RFC3986.
[2026-02-09T09:46:26.849+0000] {base.py:83} INFO - Using connection ID 'google_cloud_default' for task execution.
[2026-02-09T09:46:26.850+0000] {credentials_provider.py:353} INFO - Getting connection using `google.auth.default()` since no explicit credentials are provided.
[2026-02-09T09:46:26.892+0000] {sql.py:450} INFO - Running statement: 
                    SELECT COUNT(*) > 0
                    FROM `prism-486509.bronze.order_items`
                , parameters: None
[2026-02-09T09:46:26.893+0000] {bigquery.py:1596} INFO - Inserting job ***_1770630386892937_de0ba258e3b35f85aba19bbdae998b94
[2026-02-09T09:46:27.593+0000] {taskinstance.py:2698} ERROR - Task failed with exception
Traceback (most recent call last):
  File "/home/airflow/.local/lib/python3.8/site-packages/airflow/models/taskinstance.py", line 433, in _execute_task
    result = execute_callable(context=context, **execute_callable_kwargs)
  File "/home/airflow/.local/lib/python3.8/site-packages/airflow/providers/google/cloud/operators/bigquery.py", line 300, in execute
    super().execute(context=context)
  File "/home/airflow/.local/lib/python3.8/site-packages/airflow/providers/common/sql/operators/sql.py", line 786, in execute
    records = self.get_db_hook().get_first(self.sql, self.parameters)
  File "/home/airflow/.local/lib/python3.8/site-packages/airflow/providers/common/sql/hooks/sql.py", line 270, in get_first
    return self.run(sql=sql, parameters=parameters, handler=fetch_one_handler)
  File "/home/airflow/.local/lib/python3.8/site-packages/airflow/providers/common/sql/hooks/sql.py", line 398, in run
    self._run_command(cur, sql_statement, parameters)
  File "/home/airflow/.local/lib/python3.8/site-packages/airflow/providers/common/sql/hooks/sql.py", line 455, in _run_command
    cur.execute(sql_statement)
  File "/home/airflow/.local/lib/python3.8/site-packages/airflow/providers/google/cloud/hooks/bigquery.py", line 2779, in execute
    self.job_id = self._run_query(sql)
  File "/home/airflow/.local/lib/python3.8/site-packages/airflow/providers/google/cloud/hooks/bigquery.py", line 2927, in _run_query
    job = self.hook.insert_job(configuration=configuration, project_id=self.project_id, location=location)
  File "/home/airflow/.local/lib/python3.8/site-packages/airflow/providers/google/common/hooks/base_google.py", line 477, in inner_wrapper
    return func(self, *args, **kwargs)
  File "/home/airflow/.local/lib/python3.8/site-packages/airflow/providers/google/cloud/hooks/bigquery.py", line 1602, in insert_job
    job_api_repr.result(timeout=timeout, retry=retry)
  File "/home/airflow/.local/lib/python3.8/site-packages/google/cloud/bigquery/job/query.py", line 1595, in result
    do_get_result()
  File "/home/airflow/.local/lib/python3.8/site-packages/google/cloud/bigquery/job/query.py", line 1584, in do_get_result
    super(QueryJob, self).result(retry=retry, timeout=timeout)
  File "/home/airflow/.local/lib/python3.8/site-packages/google/cloud/bigquery/job/base.py", line 971, in result
    return super(_AsyncJob, self).result(timeout=timeout, **kwargs)
  File "/home/airflow/.local/lib/python3.8/site-packages/google/api_core/future/polling.py", line 261, in result
    raise self._exception
google.api_core.exceptions.NotFound: 404 Not found: Dataset prism-486509:bronze was not found in location europe-west1; reason: notFound, message: Not found: Dataset prism-486509:bronze was not found in location europe-west1

Location: europe-west1
Job ID: airflow_1770630386892937_de0ba258e3b35f85aba19bbdae998b94

[2026-02-09T09:46:27.602+0000] {taskinstance.py:1138} INFO - Marking task as UP_FOR_RETRY. dag_id=ecommerce_etl_v2, task_id=bronze_layer.check_order_items_loaded, execution_date=20260208T020000, start_date=20260209T094626, end_date=20260209T094627
[2026-02-09T09:46:27.611+0000] {standard_task_runner.py:107} ERROR - Failed to execute job 1632 for task bronze_layer.check_order_items_loaded (404 Not found: Dataset prism-486509:bronze was not found in location europe-west1; reason: notFound, message: Not found: Dataset prism-486509:bronze was not found in location europe-west1

Location: europe-west1
Job ID: airflow_1770630386892937_de0ba258e3b35f85aba19bbdae998b94
; 19562)
[2026-02-09T09:46:27.624+0000] {local_task_job_runner.py:234} INFO - Task exited with return code 1
[2026-02-09T09:46:27.636+0000] {taskinstance.py:3280} INFO - 0 downstream tasks scheduled from follow-on schedule check
[2026-02-09T10:07:03.345+0000] {taskinstance.py:1956} INFO - Dependencies all met for dep_context=non-requeueable deps ti=<TaskInstance: ecommerce_etl_v2.bronze_layer.check_order_items_loaded scheduled__2026-02-08T02:00:00+00:00 [queued]>
[2026-02-09T10:07:03.351+0000] {taskinstance.py:1956} INFO - Dependencies all met for dep_context=requeueable deps ti=<TaskInstance: ecommerce_etl_v2.bronze_layer.check_order_items_loaded scheduled__2026-02-08T02:00:00+00:00 [queued]>
[2026-02-09T10:07:03.351+0000] {taskinstance.py:2170} INFO - Starting attempt 1 of 3
[2026-02-09T10:07:03.358+0000] {taskinstance.py:2191} INFO - Executing <Task(BigQueryCheckOperator): bronze_layer.check_order_items_loaded> on 2026-02-08 02:00:00+00:00
[2026-02-09T10:07:03.362+0000] {standard_task_runner.py:60} INFO - Started process 23954 to run task
[2026-02-09T10:07:03.364+0000] {standard_task_runner.py:87} INFO - Running: ['***', 'tasks', 'run', 'ecommerce_etl_v2', 'bronze_layer.check_order_items_loaded', 'scheduled__2026-02-08T02:00:00+00:00', '--job-id', '1738', '--raw', '--subdir', 'DAGS_FOLDER/etl_dag.py', '--cfg-path', '/tmp/tmp3rvu5jxw']
[2026-02-09T10:07:03.365+0000] {standard_task_runner.py:88} INFO - Job 1738: Subtask bronze_layer.check_order_items_loaded
[2026-02-09T10:07:03.389+0000] {task_command.py:423} INFO - Running <TaskInstance: ecommerce_etl_v2.bronze_layer.check_order_items_loaded scheduled__2026-02-08T02:00:00+00:00 [running]> on host 707cd2e8ef6b
[2026-02-09T10:07:03.423+0000] {taskinstance.py:2480} INFO - Exporting env vars: AIRFLOW_CTX_DAG_EMAIL='data-team@company.com' AIRFLOW_CTX_DAG_OWNER='data_engineering' AIRFLOW_CTX_DAG_ID='ecommerce_etl_v2' AIRFLOW_CTX_TASK_ID='bronze_layer.check_order_items_loaded' AIRFLOW_CTX_EXECUTION_DATE='2026-02-08T02:00:00+00:00' AIRFLOW_CTX_TRY_NUMBER='1' AIRFLOW_CTX_DAG_RUN_ID='scheduled__2026-02-08T02:00:00+00:00'
[2026-02-09T10:07:03.424+0000] {sql.py:785} INFO - Executing SQL check: 
                    SELECT COUNT(*) > 0
                    FROM `prism-486509.bronze.order_items`
                
[2026-02-09T10:07:03.428+0000] {connection.py:234} WARNING - Connection schemes (type: google_cloud_platform) shall not contain '_' according to RFC3986.
[2026-02-09T10:07:03.428+0000] {base.py:83} INFO - Using connection ID 'google_cloud_default' for task execution.
[2026-02-09T10:07:03.428+0000] {credentials_provider.py:353} INFO - Getting connection using `google.auth.default()` since no explicit credentials are provided.
[2026-02-09T10:07:03.473+0000] {sql.py:450} INFO - Running statement: 
                    SELECT COUNT(*) > 0
                    FROM `prism-486509.bronze.order_items`
                , parameters: None
[2026-02-09T10:07:03.473+0000] {bigquery.py:1596} INFO - Inserting job ***_1770631623473481_de0ba258e3b35f85aba19bbdae998b94
[2026-02-09T10:07:04.702+0000] {sql.py:788} INFO - Record: [True]
[2026-02-09T10:07:04.702+0000] {sql.py:796} INFO - Success.
[2026-02-09T10:07:04.708+0000] {taskinstance.py:1138} INFO - Marking task as SUCCESS. dag_id=ecommerce_etl_v2, task_id=bronze_layer.check_order_items_loaded, execution_date=20260208T020000, start_date=20260209T100703, end_date=20260209T100704
[2026-02-09T10:07:04.747+0000] {local_task_job_runner.py:234} INFO - Task exited with return code 0
[2026-02-09T10:07:04.761+0000] {taskinstance.py:3280} INFO - 0 downstream tasks scheduled from follow-on schedule check
