[2026-02-10T11:43:38.346+0000] {taskinstance.py:1956} INFO - Dependencies all met for dep_context=non-requeueable deps ti=<TaskInstance: ecommerce_etl_v2.check_orders_loaded manual__2026-02-10T10:56:26.745143+00:00 [queued]>
[2026-02-10T11:43:38.352+0000] {taskinstance.py:1956} INFO - Dependencies all met for dep_context=requeueable deps ti=<TaskInstance: ecommerce_etl_v2.check_orders_loaded manual__2026-02-10T10:56:26.745143+00:00 [queued]>
[2026-02-10T11:43:38.352+0000] {taskinstance.py:2170} INFO - Starting attempt 3 of 5
[2026-02-10T11:43:38.360+0000] {taskinstance.py:2191} INFO - Executing <Task(BigQueryCheckOperator): check_orders_loaded> on 2026-02-10 10:56:26.745143+00:00
[2026-02-10T11:43:38.364+0000] {standard_task_runner.py:60} INFO - Started process 9725 to run task
[2026-02-10T11:43:38.366+0000] {standard_task_runner.py:87} INFO - Running: ['***', 'tasks', 'run', 'ecommerce_etl_v2', 'check_orders_loaded', 'manual__2026-02-10T10:56:26.745143+00:00', '--job-id', '1229', '--raw', '--subdir', 'DAGS_FOLDER/etl_dag.py', '--cfg-path', '/tmp/tmpfki9ta20']
[2026-02-10T11:43:38.368+0000] {standard_task_runner.py:88} INFO - Job 1229: Subtask check_orders_loaded
[2026-02-10T11:43:38.395+0000] {task_command.py:423} INFO - Running <TaskInstance: ecommerce_etl_v2.check_orders_loaded manual__2026-02-10T10:56:26.745143+00:00 [running]> on host 89ab86e4d295
[2026-02-10T11:43:38.425+0000] {taskinstance.py:2480} INFO - Exporting env vars: AIRFLOW_CTX_DAG_EMAIL='data-team@company.com' AIRFLOW_CTX_DAG_OWNER='data_engineering' AIRFLOW_CTX_DAG_ID='ecommerce_etl_v2' AIRFLOW_CTX_TASK_ID='check_orders_loaded' AIRFLOW_CTX_EXECUTION_DATE='2026-02-10T10:56:26.745143+00:00' AIRFLOW_CTX_TRY_NUMBER='3' AIRFLOW_CTX_DAG_RUN_ID='manual__2026-02-10T10:56:26.745143+00:00'
[2026-02-10T11:43:38.426+0000] {sql.py:785} INFO - Executing SQL check: 
            SELECT COUNT(*) > 0
            FROM prism-486509.bronze.orders
            WHERE ingestion_date = DATE('2026-02-10')
            
[2026-02-10T11:43:38.431+0000] {connection.py:234} WARNING - Connection schemes (type: google_cloud_platform) shall not contain '_' according to RFC3986.
[2026-02-10T11:43:38.432+0000] {base.py:83} INFO - Using connection ID 'google_cloud_default' for task execution.
[2026-02-10T11:43:38.432+0000] {credentials_provider.py:353} INFO - Getting connection using `google.auth.default()` since no explicit credentials are provided.
[2026-02-10T11:43:38.474+0000] {sql.py:450} INFO - Running statement: 
            SELECT COUNT(*) > 0
            FROM prism-486509.bronze.orders
            WHERE ingestion_date = DATE('2026-02-10')
            , parameters: None
[2026-02-10T11:43:38.475+0000] {bigquery.py:1596} INFO - Inserting job ***_1770723818475148_7067d0a339aea3e4ec83c8e302beced0
[2026-02-10T11:43:39.413+0000] {sql.py:788} INFO - Record: [True]
[2026-02-10T11:43:39.413+0000] {sql.py:796} INFO - Success.
[2026-02-10T11:43:39.417+0000] {taskinstance.py:1138} INFO - Marking task as SUCCESS. dag_id=ecommerce_etl_v2, task_id=check_orders_loaded, execution_date=20260210T105626, start_date=20260210T114338, end_date=20260210T114339
[2026-02-10T11:43:39.454+0000] {local_task_job_runner.py:234} INFO - Task exited with return code 0
[2026-02-10T11:43:39.475+0000] {taskinstance.py:3280} INFO - 1 downstream tasks scheduled from follow-on schedule check
