[2026-02-09T11:43:02.258+0000] {taskinstance.py:1956} INFO - Dependencies all met for dep_context=non-requeueable deps ti=<TaskInstance: ecommerce_etl_v2.silver_layer.transform_order_items manual__2026-02-09T11:31:56.397676+00:00 [queued]>
[2026-02-09T11:43:02.264+0000] {taskinstance.py:1956} INFO - Dependencies all met for dep_context=requeueable deps ti=<TaskInstance: ecommerce_etl_v2.silver_layer.transform_order_items manual__2026-02-09T11:31:56.397676+00:00 [queued]>
[2026-02-09T11:43:02.264+0000] {taskinstance.py:2170} INFO - Starting attempt 2 of 4
[2026-02-09T11:43:02.271+0000] {taskinstance.py:2191} INFO - Executing <Task(BigQueryInsertJobOperator): silver_layer.transform_order_items> on 2026-02-09 11:31:56.397676+00:00
[2026-02-09T11:43:02.275+0000] {standard_task_runner.py:60} INFO - Started process 35250 to run task
[2026-02-09T11:43:02.277+0000] {standard_task_runner.py:87} INFO - Running: ['***', 'tasks', 'run', 'ecommerce_etl_v2', 'silver_layer.transform_order_items', 'manual__2026-02-09T11:31:56.397676+00:00', '--job-id', '1926', '--raw', '--subdir', 'DAGS_FOLDER/etl_dag.py', '--cfg-path', '/tmp/tmp2mqrinuq']
[2026-02-09T11:43:02.279+0000] {standard_task_runner.py:88} INFO - Job 1926: Subtask silver_layer.transform_order_items
[2026-02-09T11:43:02.304+0000] {task_command.py:423} INFO - Running <TaskInstance: ecommerce_etl_v2.silver_layer.transform_order_items manual__2026-02-09T11:31:56.397676+00:00 [running]> on host 707cd2e8ef6b
[2026-02-09T11:43:02.344+0000] {taskinstance.py:2480} INFO - Exporting env vars: AIRFLOW_CTX_DAG_EMAIL='data-team@company.com' AIRFLOW_CTX_DAG_OWNER='data_engineering' AIRFLOW_CTX_DAG_ID='ecommerce_etl_v2' AIRFLOW_CTX_TASK_ID='silver_layer.transform_order_items' AIRFLOW_CTX_EXECUTION_DATE='2026-02-09T11:31:56.397676+00:00' AIRFLOW_CTX_TRY_NUMBER='2' AIRFLOW_CTX_DAG_RUN_ID='manual__2026-02-09T11:31:56.397676+00:00'
[2026-02-09T11:43:02.349+0000] {connection.py:234} WARNING - Connection schemes (type: google_cloud_platform) shall not contain '_' according to RFC3986.
[2026-02-09T11:43:02.350+0000] {base.py:83} INFO - Using connection ID 'google_cloud_default' for task execution.
[2026-02-09T11:43:02.350+0000] {credentials_provider.py:353} INFO - Getting connection using `google.auth.default()` since no explicit credentials are provided.
[2026-02-09T11:43:02.391+0000] {bigquery.py:2807} INFO - Executing: {'query': {'query': '\nWITH deduplicated_order_items AS (\n  -- Step 1: Ensure uniqueness by item ID\n  SELECT\n    *,\n    ROW_NUMBER() OVER (PARTITION BY id ORDER BY created_at DESC) as row_num\n  FROM\n    `bronze.order_items`\n)\nSELECT\n  -- Step 2: Identifiers & Renaming\n  id AS order_item_id,\n  order_id,\n  user_id,\n  product_id,\n  inventory_item_id,\n\n  -- Step 3: Financial Standardization\n  CAST(sale_price AS NUMERIC) AS item_sale_price,\n\n  -- Step 4: Status Cleaning\n  INITCAP(status) AS order_status, -- Ensures "Shipped" instead of "shipped"\n\n  -- Step 5: Timestamps\n  created_at AS order_created_at,\n  shipped_at,\n  delivered_at,\n  returned_at,\n\n  -- Step 6: Logical Flags for Easier Reporting\n  CASE \n    WHEN status = \'Complete\' THEN TRUE \n    ELSE FALSE \n  END AS is_fully_completed,\n\n  CASE \n    WHEN returned_at IS NOT NULL THEN TRUE \n    ELSE FALSE \n  END AS was_returned\n\nFROM\n  deduplicated_order_items\nWHERE\n  row_num = 1\nORDER BY \n  order_created_at DESC;\n\n', 'useLegacySql': False, 'destinationTable': {'projectId': 'prism-486509', 'datasetId': 'silver', 'tableId': 'order_items', 'writeDisposition': 'WRITE_TRUNCATE', 'createDisposition': 'CREATE_IF_NEEDED'}, 'queryParameters': [{'name': 'run_date', 'parameterType': {'type': 'DATE'}, 'parameterValue': {'value': '2026-02-09'}}]}}'
[2026-02-09T11:43:02.391+0000] {bigquery.py:1596} INFO - Inserting job ***_ecommerce_etl_v2_silver_layer_transform_order_items_2026_02_09T11_31_56_397676_00_00_d7fa1b85d865048a17519d366df10b99
[2026-02-09T11:43:02.819+0000] {taskinstance.py:2698} ERROR - Task failed with exception
Traceback (most recent call last):
  File "/home/airflow/.local/lib/python3.8/site-packages/airflow/models/taskinstance.py", line 433, in _execute_task
    result = execute_callable(context=context, **execute_callable_kwargs)
  File "/home/airflow/.local/lib/python3.8/site-packages/airflow/providers/google/cloud/operators/bigquery.py", line 2864, in execute
    job.result(timeout=self.result_timeout, retry=self.result_retry)
  File "/home/airflow/.local/lib/python3.8/site-packages/google/cloud/bigquery/job/query.py", line 1595, in result
    do_get_result()
  File "/home/airflow/.local/lib/python3.8/site-packages/google/cloud/bigquery/job/query.py", line 1584, in do_get_result
    super(QueryJob, self).result(retry=retry, timeout=timeout)
  File "/home/airflow/.local/lib/python3.8/site-packages/google/cloud/bigquery/job/base.py", line 971, in result
    return super(_AsyncJob, self).result(timeout=timeout, **kwargs)
  File "/home/airflow/.local/lib/python3.8/site-packages/google/api_core/future/polling.py", line 261, in result
    raise self._exception
google.api_core.exceptions.Conflict: 409 Already Exists: Table prism-486509:silver.order_items; reason: duplicate, message: Already Exists: Table prism-486509:silver.order_items

Location: europe-west1
Job ID: airflow_ecommerce_etl_v2_silver_layer_transform_order_items_2026_02_09T11_31_56_397676_00_00_d7fa1b85d865048a17519d366df10b99

[2026-02-09T11:43:02.823+0000] {taskinstance.py:1138} INFO - Marking task as UP_FOR_RETRY. dag_id=ecommerce_etl_v2, task_id=silver_layer.transform_order_items, execution_date=20260209T113156, start_date=20260209T114302, end_date=20260209T114302
[2026-02-09T11:43:02.830+0000] {standard_task_runner.py:107} ERROR - Failed to execute job 1926 for task silver_layer.transform_order_items (409 Already Exists: Table prism-486509:silver.order_items; reason: duplicate, message: Already Exists: Table prism-486509:silver.order_items

Location: europe-west1
Job ID: airflow_ecommerce_etl_v2_silver_layer_transform_order_items_2026_02_09T11_31_56_397676_00_00_d7fa1b85d865048a17519d366df10b99
; 35250)
[2026-02-09T11:43:02.846+0000] {local_task_job_runner.py:234} INFO - Task exited with return code 1
[2026-02-09T11:43:02.871+0000] {taskinstance.py:3280} INFO - 0 downstream tasks scheduled from follow-on schedule check
