[2026-02-09T23:13:27.873+0000] {taskinstance.py:1956} INFO - Dependencies all met for dep_context=non-requeueable deps ti=<TaskInstance: ecommerce_etl_v2.check_products_loaded manual__2026-02-09T22:32:20.587070+00:00 [queued]>
[2026-02-09T23:13:27.878+0000] {taskinstance.py:1956} INFO - Dependencies all met for dep_context=requeueable deps ti=<TaskInstance: ecommerce_etl_v2.check_products_loaded manual__2026-02-09T22:32:20.587070+00:00 [queued]>
[2026-02-09T23:13:27.878+0000] {taskinstance.py:2170} INFO - Starting attempt 2 of 4
[2026-02-09T23:13:27.884+0000] {taskinstance.py:2191} INFO - Executing <Task(BigQueryCheckOperator): check_products_loaded> on 2026-02-09 22:32:20.587070+00:00
[2026-02-09T23:13:27.888+0000] {standard_task_runner.py:60} INFO - Started process 12742 to run task
[2026-02-09T23:13:27.890+0000] {standard_task_runner.py:87} INFO - Running: ['***', 'tasks', 'run', 'ecommerce_etl_v2', 'check_products_loaded', 'manual__2026-02-09T22:32:20.587070+00:00', '--job-id', '575', '--raw', '--subdir', 'DAGS_FOLDER/etl_dag.py', '--cfg-path', '/tmp/tmpfubeqoxg']
[2026-02-09T23:13:27.891+0000] {standard_task_runner.py:88} INFO - Job 575: Subtask check_products_loaded
[2026-02-09T23:13:27.914+0000] {task_command.py:423} INFO - Running <TaskInstance: ecommerce_etl_v2.check_products_loaded manual__2026-02-09T22:32:20.587070+00:00 [running]> on host 8e292c18926b
[2026-02-09T23:13:27.948+0000] {taskinstance.py:2480} INFO - Exporting env vars: AIRFLOW_CTX_DAG_EMAIL='data-team@company.com' AIRFLOW_CTX_DAG_OWNER='data_engineering' AIRFLOW_CTX_DAG_ID='ecommerce_etl_v2' AIRFLOW_CTX_TASK_ID='check_products_loaded' AIRFLOW_CTX_EXECUTION_DATE='2026-02-09T22:32:20.587070+00:00' AIRFLOW_CTX_TRY_NUMBER='2' AIRFLOW_CTX_DAG_RUN_ID='manual__2026-02-09T22:32:20.587070+00:00'
[2026-02-09T23:13:27.949+0000] {sql.py:785} INFO - Executing SQL check: SELECT COUNT(*) > 0 FROM `prism-486509.bronze.products`
[2026-02-09T23:13:27.952+0000] {connection.py:234} WARNING - Connection schemes (type: google_cloud_platform) shall not contain '_' according to RFC3986.
[2026-02-09T23:13:27.953+0000] {base.py:83} INFO - Using connection ID 'google_cloud_default' for task execution.
[2026-02-09T23:13:27.953+0000] {credentials_provider.py:353} INFO - Getting connection using `google.auth.default()` since no explicit credentials are provided.
[2026-02-09T23:13:27.998+0000] {sql.py:450} INFO - Running statement: SELECT COUNT(*) > 0 FROM `prism-486509.bronze.products`, parameters: None
[2026-02-09T23:13:27.999+0000] {bigquery.py:1596} INFO - Inserting job ***_1770678807999245_a5d57d5ecfdf00905150d2f8df15c077
[2026-02-09T23:13:29.071+0000] {sql.py:788} INFO - Record: [True]
[2026-02-09T23:13:29.071+0000] {sql.py:796} INFO - Success.
[2026-02-09T23:13:29.076+0000] {taskinstance.py:1138} INFO - Marking task as SUCCESS. dag_id=ecommerce_etl_v2, task_id=check_products_loaded, execution_date=20260209T223220, start_date=20260209T231327, end_date=20260209T231329
[2026-02-09T23:13:29.108+0000] {local_task_job_runner.py:234} INFO - Task exited with return code 0
[2026-02-09T23:13:29.132+0000] {taskinstance.py:3280} INFO - 0 downstream tasks scheduled from follow-on schedule check
