[2026-02-09T09:20:26.155+0000] {taskinstance.py:1956} INFO - Dependencies all met for dep_context=non-requeueable deps ti=<TaskInstance: ecommerce_etl_v2.gold_setup.create_dim_browser scheduled__2026-02-08T02:00:00+00:00 [queued]>
[2026-02-09T09:20:26.160+0000] {taskinstance.py:1956} INFO - Dependencies all met for dep_context=requeueable deps ti=<TaskInstance: ecommerce_etl_v2.gold_setup.create_dim_browser scheduled__2026-02-08T02:00:00+00:00 [queued]>
[2026-02-09T09:20:26.160+0000] {taskinstance.py:2170} INFO - Starting attempt 1 of 3
[2026-02-09T09:20:26.165+0000] {taskinstance.py:2191} INFO - Executing <Task(BigQueryCreateEmptyTableOperator): gold_setup.create_dim_browser> on 2026-02-08 02:00:00+00:00
[2026-02-09T09:20:26.169+0000] {standard_task_runner.py:60} INFO - Started process 14532 to run task
[2026-02-09T09:20:26.171+0000] {standard_task_runner.py:87} INFO - Running: ['***', 'tasks', 'run', 'ecommerce_etl_v2', 'gold_setup.create_dim_browser', 'scheduled__2026-02-08T02:00:00+00:00', '--job-id', '1516', '--raw', '--subdir', 'DAGS_FOLDER/etl_dag.py', '--cfg-path', '/tmp/tmp5x4mb3ca']
[2026-02-09T09:20:26.172+0000] {standard_task_runner.py:88} INFO - Job 1516: Subtask gold_setup.create_dim_browser
[2026-02-09T09:20:26.194+0000] {task_command.py:423} INFO - Running <TaskInstance: ecommerce_etl_v2.gold_setup.create_dim_browser scheduled__2026-02-08T02:00:00+00:00 [running]> on host 707cd2e8ef6b
[2026-02-09T09:20:26.233+0000] {taskinstance.py:2480} INFO - Exporting env vars: AIRFLOW_CTX_DAG_EMAIL='data-team@company.com' AIRFLOW_CTX_DAG_OWNER='data_engineering' AIRFLOW_CTX_DAG_ID='ecommerce_etl_v2' AIRFLOW_CTX_TASK_ID='gold_setup.create_dim_browser' AIRFLOW_CTX_EXECUTION_DATE='2026-02-08T02:00:00+00:00' AIRFLOW_CTX_TRY_NUMBER='1' AIRFLOW_CTX_DAG_RUN_ID='scheduled__2026-02-08T02:00:00+00:00'
[2026-02-09T09:20:26.238+0000] {connection.py:234} WARNING - Connection schemes (type: google_cloud_platform) shall not contain '_' according to RFC3986.
[2026-02-09T09:20:26.239+0000] {base.py:83} INFO - Using connection ID 'google_cloud_default' for task execution.
[2026-02-09T09:20:26.239+0000] {bigquery.py:1514} INFO - Creating table
[2026-02-09T09:20:26.239+0000] {credentials_provider.py:353} INFO - Getting connection using `google.auth.default()` since no explicit credentials are provided.
[2026-02-09T09:20:26.668+0000] {bigquery.py:1536} INFO - Table prism-486509.gold.dim_browser created successfully
[2026-02-09T09:20:26.688+0000] {taskinstance.py:1138} INFO - Marking task as SUCCESS. dag_id=ecommerce_etl_v2, task_id=gold_setup.create_dim_browser, execution_date=20260208T020000, start_date=20260209T092026, end_date=20260209T092026
[2026-02-09T09:20:26.739+0000] {local_task_job_runner.py:234} INFO - Task exited with return code 0
[2026-02-09T09:20:26.780+0000] {taskinstance.py:3280} INFO - 0 downstream tasks scheduled from follow-on schedule check
[2026-02-09T09:42:40.827+0000] {taskinstance.py:1956} INFO - Dependencies all met for dep_context=non-requeueable deps ti=<TaskInstance: ecommerce_etl_v2.gold_setup.create_dim_browser scheduled__2026-02-08T02:00:00+00:00 [queued]>
[2026-02-09T09:42:40.833+0000] {taskinstance.py:1956} INFO - Dependencies all met for dep_context=requeueable deps ti=<TaskInstance: ecommerce_etl_v2.gold_setup.create_dim_browser scheduled__2026-02-08T02:00:00+00:00 [queued]>
[2026-02-09T09:42:40.834+0000] {taskinstance.py:2170} INFO - Starting attempt 1 of 3
[2026-02-09T09:42:40.845+0000] {taskinstance.py:2191} INFO - Executing <Task(BigQueryCreateEmptyTableOperator): gold_setup.create_dim_browser> on 2026-02-08 02:00:00+00:00
[2026-02-09T09:42:40.852+0000] {standard_task_runner.py:60} INFO - Started process 18722 to run task
[2026-02-09T09:42:40.857+0000] {standard_task_runner.py:87} INFO - Running: ['***', 'tasks', 'run', 'ecommerce_etl_v2', 'gold_setup.create_dim_browser', 'scheduled__2026-02-08T02:00:00+00:00', '--job-id', '1606', '--raw', '--subdir', 'DAGS_FOLDER/etl_dag.py', '--cfg-path', '/tmp/tmp99271ehp']
[2026-02-09T09:42:40.860+0000] {standard_task_runner.py:88} INFO - Job 1606: Subtask gold_setup.create_dim_browser
[2026-02-09T09:42:40.934+0000] {task_command.py:423} INFO - Running <TaskInstance: ecommerce_etl_v2.gold_setup.create_dim_browser scheduled__2026-02-08T02:00:00+00:00 [running]> on host 707cd2e8ef6b
[2026-02-09T09:42:41.034+0000] {taskinstance.py:2480} INFO - Exporting env vars: AIRFLOW_CTX_DAG_EMAIL='data-team@company.com' AIRFLOW_CTX_DAG_OWNER='data_engineering' AIRFLOW_CTX_DAG_ID='ecommerce_etl_v2' AIRFLOW_CTX_TASK_ID='gold_setup.create_dim_browser' AIRFLOW_CTX_EXECUTION_DATE='2026-02-08T02:00:00+00:00' AIRFLOW_CTX_TRY_NUMBER='1' AIRFLOW_CTX_DAG_RUN_ID='scheduled__2026-02-08T02:00:00+00:00'
[2026-02-09T09:42:41.044+0000] {connection.py:234} WARNING - Connection schemes (type: google_cloud_platform) shall not contain '_' according to RFC3986.
[2026-02-09T09:42:41.046+0000] {base.py:83} INFO - Using connection ID 'google_cloud_default' for task execution.
[2026-02-09T09:42:41.050+0000] {bigquery.py:1514} INFO - Creating table
[2026-02-09T09:42:41.054+0000] {credentials_provider.py:353} INFO - Getting connection using `google.auth.default()` since no explicit credentials are provided.
[2026-02-09T09:42:41.500+0000] {bigquery.py:1536} INFO - Table prism-486509.gold.dim_browser created successfully
[2026-02-09T09:42:41.513+0000] {taskinstance.py:1138} INFO - Marking task as SUCCESS. dag_id=ecommerce_etl_v2, task_id=gold_setup.create_dim_browser, execution_date=20260208T020000, start_date=20260209T094240, end_date=20260209T094241
[2026-02-09T09:42:41.529+0000] {local_task_job_runner.py:234} INFO - Task exited with return code 0
[2026-02-09T09:42:41.550+0000] {taskinstance.py:3280} INFO - 0 downstream tasks scheduled from follow-on schedule check
[2026-02-09T10:03:24.289+0000] {taskinstance.py:1956} INFO - Dependencies all met for dep_context=non-requeueable deps ti=<TaskInstance: ecommerce_etl_v2.gold_setup.create_dim_browser scheduled__2026-02-08T02:00:00+00:00 [queued]>
[2026-02-09T10:03:24.293+0000] {taskinstance.py:1956} INFO - Dependencies all met for dep_context=requeueable deps ti=<TaskInstance: ecommerce_etl_v2.gold_setup.create_dim_browser scheduled__2026-02-08T02:00:00+00:00 [queued]>
[2026-02-09T10:03:24.293+0000] {taskinstance.py:2170} INFO - Starting attempt 1 of 3
[2026-02-09T10:03:24.308+0000] {taskinstance.py:2191} INFO - Executing <Task(BigQueryCreateEmptyTableOperator): gold_setup.create_dim_browser> on 2026-02-08 02:00:00+00:00
[2026-02-09T10:03:24.319+0000] {standard_task_runner.py:87} INFO - Running: ['***', 'tasks', 'run', 'ecommerce_etl_v2', 'gold_setup.create_dim_browser', 'scheduled__2026-02-08T02:00:00+00:00', '--job-id', '1711', '--raw', '--subdir', 'DAGS_FOLDER/etl_dag.py', '--cfg-path', '/tmp/tmp5tq8ythz']
[2026-02-09T10:03:24.316+0000] {standard_task_runner.py:60} INFO - Started process 23034 to run task
[2026-02-09T10:03:24.321+0000] {standard_task_runner.py:88} INFO - Job 1711: Subtask gold_setup.create_dim_browser
[2026-02-09T10:03:24.365+0000] {task_command.py:423} INFO - Running <TaskInstance: ecommerce_etl_v2.gold_setup.create_dim_browser scheduled__2026-02-08T02:00:00+00:00 [running]> on host 707cd2e8ef6b
[2026-02-09T10:03:24.412+0000] {taskinstance.py:2480} INFO - Exporting env vars: AIRFLOW_CTX_DAG_EMAIL='data-team@company.com' AIRFLOW_CTX_DAG_OWNER='data_engineering' AIRFLOW_CTX_DAG_ID='ecommerce_etl_v2' AIRFLOW_CTX_TASK_ID='gold_setup.create_dim_browser' AIRFLOW_CTX_EXECUTION_DATE='2026-02-08T02:00:00+00:00' AIRFLOW_CTX_TRY_NUMBER='1' AIRFLOW_CTX_DAG_RUN_ID='scheduled__2026-02-08T02:00:00+00:00'
[2026-02-09T10:03:24.418+0000] {connection.py:234} WARNING - Connection schemes (type: google_cloud_platform) shall not contain '_' according to RFC3986.
[2026-02-09T10:03:24.418+0000] {base.py:83} INFO - Using connection ID 'google_cloud_default' for task execution.
[2026-02-09T10:03:24.418+0000] {bigquery.py:1514} INFO - Creating table
[2026-02-09T10:03:24.419+0000] {credentials_provider.py:353} INFO - Getting connection using `google.auth.default()` since no explicit credentials are provided.
[2026-02-09T10:03:24.897+0000] {bigquery.py:1536} INFO - Table prism-486509.gold.dim_browser created successfully
[2026-02-09T10:03:24.912+0000] {taskinstance.py:1138} INFO - Marking task as SUCCESS. dag_id=ecommerce_etl_v2, task_id=gold_setup.create_dim_browser, execution_date=20260208T020000, start_date=20260209T100324, end_date=20260209T100324
[2026-02-09T10:03:24.956+0000] {local_task_job_runner.py:234} INFO - Task exited with return code 0
[2026-02-09T10:03:24.998+0000] {taskinstance.py:3280} INFO - 0 downstream tasks scheduled from follow-on schedule check
