[2026-02-09T10:11:58.726+0000] {taskinstance.py:1956} INFO - Dependencies all met for dep_context=non-requeueable deps ti=<TaskInstance: ecommerce_etl_v2.check_orders_loaded manual__2026-02-09T09:26:48.203100+00:00 [queued]>
[2026-02-09T10:11:58.732+0000] {taskinstance.py:1956} INFO - Dependencies all met for dep_context=requeueable deps ti=<TaskInstance: ecommerce_etl_v2.check_orders_loaded manual__2026-02-09T09:26:48.203100+00:00 [queued]>
[2026-02-09T10:11:58.733+0000] {taskinstance.py:2170} INFO - Starting attempt 1 of 3
[2026-02-09T10:11:58.740+0000] {taskinstance.py:2191} INFO - Executing <Task(BigQueryCheckOperator): check_orders_loaded> on 2026-02-09 09:26:48.203100+00:00
[2026-02-09T10:11:58.744+0000] {standard_task_runner.py:60} INFO - Started process 25797 to run task
[2026-02-09T10:11:58.746+0000] {standard_task_runner.py:87} INFO - Running: ['***', 'tasks', 'run', 'ecommerce_etl_v2', 'check_orders_loaded', 'manual__2026-02-09T09:26:48.203100+00:00', '--job-id', '1790', '--raw', '--subdir', 'DAGS_FOLDER/etl_dag.py', '--cfg-path', '/tmp/tmpv0670mh1']
[2026-02-09T10:11:58.748+0000] {standard_task_runner.py:88} INFO - Job 1790: Subtask check_orders_loaded
[2026-02-09T10:11:58.772+0000] {task_command.py:423} INFO - Running <TaskInstance: ecommerce_etl_v2.check_orders_loaded manual__2026-02-09T09:26:48.203100+00:00 [running]> on host 707cd2e8ef6b
[2026-02-09T10:11:58.809+0000] {taskinstance.py:2480} INFO - Exporting env vars: AIRFLOW_CTX_DAG_EMAIL='data-team@company.com' AIRFLOW_CTX_DAG_OWNER='data_engineering' AIRFLOW_CTX_DAG_ID='ecommerce_etl_v2' AIRFLOW_CTX_TASK_ID='check_orders_loaded' AIRFLOW_CTX_EXECUTION_DATE='2026-02-09T09:26:48.203100+00:00' AIRFLOW_CTX_TRY_NUMBER='1' AIRFLOW_CTX_DAG_RUN_ID='manual__2026-02-09T09:26:48.203100+00:00'
[2026-02-09T10:11:58.810+0000] {sql.py:785} INFO - Executing SQL check: 
                SELECT COUNT(*) > 0
                FROM `prism-486509.bronze.orders`
            
[2026-02-09T10:11:58.815+0000] {connection.py:234} WARNING - Connection schemes (type: google_cloud_platform) shall not contain '_' according to RFC3986.
[2026-02-09T10:11:58.815+0000] {base.py:83} INFO - Using connection ID 'google_cloud_default' for task execution.
[2026-02-09T10:11:58.815+0000] {credentials_provider.py:353} INFO - Getting connection using `google.auth.default()` since no explicit credentials are provided.
[2026-02-09T10:11:58.861+0000] {sql.py:450} INFO - Running statement: 
                SELECT COUNT(*) > 0
                FROM `prism-486509.bronze.orders`
            , parameters: None
[2026-02-09T10:11:58.861+0000] {bigquery.py:1596} INFO - Inserting job ***_1770631918861488_939a0d7eed28c6fcc53621e1e1f322db
[2026-02-09T10:11:59.984+0000] {sql.py:788} INFO - Record: [True]
[2026-02-09T10:11:59.986+0000] {sql.py:796} INFO - Success.
[2026-02-09T10:12:00.001+0000] {taskinstance.py:1138} INFO - Marking task as SUCCESS. dag_id=ecommerce_etl_v2, task_id=check_orders_loaded, execution_date=20260209T092648, start_date=20260209T101158, end_date=20260209T101200
[2026-02-09T10:12:00.064+0000] {local_task_job_runner.py:234} INFO - Task exited with return code 0
[2026-02-09T10:12:00.092+0000] {taskinstance.py:3280} INFO - 0 downstream tasks scheduled from follow-on schedule check
