[2026-02-23T13:04:30.643+0000] {taskinstance.py:1956} INFO - Dependencies all met for dep_context=non-requeueable deps ti=<TaskInstance: ecommerce_etl_v2.check_events_loaded scheduled__2026-02-22T13:00:00+00:00 [queued]>
[2026-02-23T13:04:30.648+0000] {taskinstance.py:1956} INFO - Dependencies all met for dep_context=requeueable deps ti=<TaskInstance: ecommerce_etl_v2.check_events_loaded scheduled__2026-02-22T13:00:00+00:00 [queued]>
[2026-02-23T13:04:30.648+0000] {taskinstance.py:2170} INFO - Starting attempt 1 of 3
[2026-02-23T13:04:30.653+0000] {taskinstance.py:2191} INFO - Executing <Task(BigQueryCheckOperator): check_events_loaded> on 2026-02-22 13:00:00+00:00
[2026-02-23T13:04:30.656+0000] {standard_task_runner.py:60} INFO - Started process 88869 to run task
[2026-02-23T13:04:30.659+0000] {standard_task_runner.py:87} INFO - Running: ['***', 'tasks', 'run', 'ecommerce_etl_v2', 'check_events_loaded', 'scheduled__2026-02-22T13:00:00+00:00', '--job-id', '2485', '--raw', '--subdir', 'DAGS_FOLDER/etl_dag.py', '--cfg-path', '/tmp/tmpe7g3woyc']
[2026-02-23T13:04:30.660+0000] {standard_task_runner.py:88} INFO - Job 2485: Subtask check_events_loaded
[2026-02-23T13:04:30.681+0000] {task_command.py:423} INFO - Running <TaskInstance: ecommerce_etl_v2.check_events_loaded scheduled__2026-02-22T13:00:00+00:00 [running]> on host 89ab86e4d295
[2026-02-23T13:04:30.717+0000] {taskinstance.py:2480} INFO - Exporting env vars: AIRFLOW_CTX_DAG_EMAIL='data-team@company.com' AIRFLOW_CTX_DAG_OWNER='data_engineering' AIRFLOW_CTX_DAG_ID='ecommerce_etl_v2' AIRFLOW_CTX_TASK_ID='check_events_loaded' AIRFLOW_CTX_EXECUTION_DATE='2026-02-22T13:00:00+00:00' AIRFLOW_CTX_TRY_NUMBER='1' AIRFLOW_CTX_DAG_RUN_ID='scheduled__2026-02-22T13:00:00+00:00'
[2026-02-23T13:04:30.717+0000] {sql.py:785} INFO - Executing SQL check: SELECT COUNT(*) > 0 FROM prism-486509.bronze.events WHERE ingestion_date = DATE('2026-02-22')
[2026-02-23T13:04:30.721+0000] {connection.py:234} WARNING - Connection schemes (type: google_cloud_platform) shall not contain '_' according to RFC3986.
[2026-02-23T13:04:30.721+0000] {base.py:83} INFO - Using connection ID 'google_cloud_default' for task execution.
[2026-02-23T13:04:30.721+0000] {credentials_provider.py:353} INFO - Getting connection using `google.auth.default()` since no explicit credentials are provided.
[2026-02-23T13:04:30.762+0000] {sql.py:450} INFO - Running statement: SELECT COUNT(*) > 0 FROM prism-486509.bronze.events WHERE ingestion_date = DATE('2026-02-22'), parameters: None
[2026-02-23T13:04:30.762+0000] {bigquery.py:1596} INFO - Inserting job ***_1771851870762593_1d60cdc6f5f59e4246ff6a0b267a5212
[2026-02-23T13:04:32.311+0000] {sql.py:788} INFO - Record: [True]
[2026-02-23T13:04:32.312+0000] {sql.py:796} INFO - Success.
[2026-02-23T13:04:32.317+0000] {taskinstance.py:1138} INFO - Marking task as SUCCESS. dag_id=ecommerce_etl_v2, task_id=check_events_loaded, execution_date=20260222T130000, start_date=20260223T130430, end_date=20260223T130432
[2026-02-23T13:04:32.335+0000] {local_task_job_runner.py:234} INFO - Task exited with return code 0
[2026-02-23T13:04:32.356+0000] {taskinstance.py:3280} INFO - 1 downstream tasks scheduled from follow-on schedule check
