[2026-02-10T23:57:12.770+0000] {taskinstance.py:1956} INFO - Dependencies all met for dep_context=non-requeueable deps ti=<TaskInstance: ecommerce_etl_v2.check_events_loaded manual__2026-02-10T14:58:15.423598+00:00 [queued]>
[2026-02-10T23:57:12.775+0000] {taskinstance.py:1956} INFO - Dependencies all met for dep_context=requeueable deps ti=<TaskInstance: ecommerce_etl_v2.check_events_loaded manual__2026-02-10T14:58:15.423598+00:00 [queued]>
[2026-02-10T23:57:12.775+0000] {taskinstance.py:2170} INFO - Starting attempt 5 of 7
[2026-02-10T23:57:12.780+0000] {taskinstance.py:2191} INFO - Executing <Task(BigQueryCheckOperator): check_events_loaded> on 2026-02-10 14:58:15.423598+00:00
[2026-02-10T23:57:12.784+0000] {standard_task_runner.py:60} INFO - Started process 68328 to run task
[2026-02-10T23:57:12.786+0000] {standard_task_runner.py:87} INFO - Running: ['***', 'tasks', 'run', 'ecommerce_etl_v2', 'check_events_loaded', 'manual__2026-02-10T14:58:15.423598+00:00', '--job-id', '1854', '--raw', '--subdir', 'DAGS_FOLDER/etl_dag.py', '--cfg-path', '/tmp/tmpjpx15pty']
[2026-02-10T23:57:12.787+0000] {standard_task_runner.py:88} INFO - Job 1854: Subtask check_events_loaded
[2026-02-10T23:57:12.808+0000] {task_command.py:423} INFO - Running <TaskInstance: ecommerce_etl_v2.check_events_loaded manual__2026-02-10T14:58:15.423598+00:00 [running]> on host 89ab86e4d295
[2026-02-10T23:57:12.843+0000] {taskinstance.py:2480} INFO - Exporting env vars: AIRFLOW_CTX_DAG_EMAIL='data-team@company.com' AIRFLOW_CTX_DAG_OWNER='data_engineering' AIRFLOW_CTX_DAG_ID='ecommerce_etl_v2' AIRFLOW_CTX_TASK_ID='check_events_loaded' AIRFLOW_CTX_EXECUTION_DATE='2026-02-10T14:58:15.423598+00:00' AIRFLOW_CTX_TRY_NUMBER='5' AIRFLOW_CTX_DAG_RUN_ID='manual__2026-02-10T14:58:15.423598+00:00'
[2026-02-10T23:57:12.844+0000] {sql.py:785} INFO - Executing SQL check: 
            SELECT COUNT(*) > 0
            FROM prism-486509.bronze.events
            WHERE ingestion_date = DATE('2026-02-10')
            
[2026-02-10T23:57:12.848+0000] {connection.py:234} WARNING - Connection schemes (type: google_cloud_platform) shall not contain '_' according to RFC3986.
[2026-02-10T23:57:12.848+0000] {base.py:83} INFO - Using connection ID 'google_cloud_default' for task execution.
[2026-02-10T23:57:12.848+0000] {credentials_provider.py:353} INFO - Getting connection using `google.auth.default()` since no explicit credentials are provided.
[2026-02-10T23:57:12.892+0000] {sql.py:450} INFO - Running statement: 
            SELECT COUNT(*) > 0
            FROM prism-486509.bronze.events
            WHERE ingestion_date = DATE('2026-02-10')
            , parameters: None
[2026-02-10T23:57:12.893+0000] {bigquery.py:1596} INFO - Inserting job ***_1770767832893052_f39d82e943f15459aa831ab2f23d4a4a
[2026-02-10T23:57:13.962+0000] {sql.py:788} INFO - Record: [True]
[2026-02-10T23:57:13.962+0000] {sql.py:796} INFO - Success.
[2026-02-10T23:57:13.973+0000] {taskinstance.py:1138} INFO - Marking task as SUCCESS. dag_id=ecommerce_etl_v2, task_id=check_events_loaded, execution_date=20260210T145815, start_date=20260210T235712, end_date=20260210T235713
[2026-02-10T23:57:14.020+0000] {local_task_job_runner.py:234} INFO - Task exited with return code 0
[2026-02-10T23:57:14.050+0000] {taskinstance.py:3280} INFO - 1 downstream tasks scheduled from follow-on schedule check
