[2026-02-14T13:16:36.873+0000] {taskinstance.py:1956} INFO - Dependencies all met for dep_context=non-requeueable deps ti=<TaskInstance: ecommerce_etl_v2.extract.extract_from_kaggle scheduled__2026-02-13T13:00:00+00:00 [queued]>
[2026-02-14T13:16:36.877+0000] {taskinstance.py:1956} INFO - Dependencies all met for dep_context=requeueable deps ti=<TaskInstance: ecommerce_etl_v2.extract.extract_from_kaggle scheduled__2026-02-13T13:00:00+00:00 [queued]>
[2026-02-14T13:16:36.878+0000] {taskinstance.py:2170} INFO - Starting attempt 1 of 3
[2026-02-14T13:16:36.884+0000] {taskinstance.py:2191} INFO - Executing <Task(PythonOperator): extract.extract_from_kaggle> on 2026-02-13 13:00:00+00:00
[2026-02-14T13:16:36.888+0000] {standard_task_runner.py:60} INFO - Started process 25169 to run task
[2026-02-14T13:16:36.891+0000] {standard_task_runner.py:87} INFO - Running: ['***', 'tasks', 'run', 'ecommerce_etl_v2', 'extract.extract_from_kaggle', 'scheduled__2026-02-13T13:00:00+00:00', '--job-id', '2318', '--raw', '--subdir', 'DAGS_FOLDER/etl_dag.py', '--cfg-path', '/tmp/tmpvg3cw5s_']
[2026-02-14T13:16:36.892+0000] {standard_task_runner.py:88} INFO - Job 2318: Subtask extract.extract_from_kaggle
[2026-02-14T13:16:36.921+0000] {task_command.py:423} INFO - Running <TaskInstance: ecommerce_etl_v2.extract.extract_from_kaggle scheduled__2026-02-13T13:00:00+00:00 [running]> on host 89ab86e4d295
[2026-02-14T13:16:36.966+0000] {taskinstance.py:2480} INFO - Exporting env vars: AIRFLOW_CTX_DAG_EMAIL='data-team@company.com' AIRFLOW_CTX_DAG_OWNER='data_engineering' AIRFLOW_CTX_DAG_ID='ecommerce_etl_v2' AIRFLOW_CTX_TASK_ID='extract.extract_from_kaggle' AIRFLOW_CTX_EXECUTION_DATE='2026-02-13T13:00:00+00:00' AIRFLOW_CTX_TRY_NUMBER='1' AIRFLOW_CTX_DAG_RUN_ID='scheduled__2026-02-13T13:00:00+00:00'
[2026-02-14T13:16:36.975+0000] {logging_mixin.py:188} INFO - Starting Kaggle dataset download...
[2026-02-14T13:16:36.978+0000] {logging_mixin.py:188} INFO - Warning: Your Kaggle API key is readable by other users on this system! To fix this, you can run 'chmod 600 /home/***/.kaggle/kaggle.json'
[2026-02-14T13:16:36.985+0000] {logging_mixin.py:188} INFO - Dataset URL: https://www.kaggle.com/datasets/mustafakeser4/looker-ecommerce-bigquery-dataset
[2026-02-14T13:16:39.497+0000] {logging_mixin.py:188} INFO - Downloading looker-ecommerce-bigquery-dataset.zip to /tmp/bronze_temp
[2026-02-14T13:16:39.498+0000] {logging_mixin.py:188} WARNING -   0%|          | 0.00/162M [00:00<?, ?B/s]
[2026-02-14T13:16:41.134+0000] {logging_mixin.py:188} WARNING -   1%|          | 1.00M/162M [00:01<04:23, 641kB/s]
[2026-02-14T13:16:41.552+0000] {logging_mixin.py:188} WARNING -   1%|1         | 2.00M/162M [00:02<02:27, 1.14MB/s]
[2026-02-14T13:16:42.028+0000] {logging_mixin.py:188} WARNING -   2%|1         | 3.00M/162M [00:02<01:54, 1.46MB/s]
[2026-02-14T13:16:42.491+0000] {logging_mixin.py:188} WARNING -   2%|2         | 4.00M/162M [00:02<01:37, 1.70MB/s]
[2026-02-14T13:16:58.159+0000] {logging_mixin.py:188} WARNING -   3%|3         | 4.94M/162M [00:18<16:13, 169kB/s] 
[2026-02-14T13:16:58.163+0000] {logging_mixin.py:188} WARNING -   3%|3         | 4.94M/162M [00:18<09:55, 277kB/s]
[2026-02-14T13:16:58.164+0000] {taskinstance.py:2698} ERROR - Task failed with exception
Traceback (most recent call last):
  File "/home/airflow/.local/lib/python3.8/site-packages/kaggle/api/kaggle_api_extended.py", line 1508, in dataset_download_files
    with zipfile.ZipFile(outfile) as z:
  File "/usr/local/lib/python3.8/zipfile.py", line 1269, in __init__
    self._RealGetContents()
  File "/usr/local/lib/python3.8/zipfile.py", line 1336, in _RealGetContents
    raise BadZipFile("File is not a zip file")
zipfile.BadZipFile: File is not a zip file

During handling of the above exception, another exception occurred:

Traceback (most recent call last):
  File "/home/airflow/.local/lib/python3.8/site-packages/airflow/models/taskinstance.py", line 433, in _execute_task
    result = execute_callable(context=context, **execute_callable_kwargs)
  File "/home/airflow/.local/lib/python3.8/site-packages/airflow/operators/python.py", line 199, in execute
    return_value = self.execute_callable()
  File "/home/airflow/.local/lib/python3.8/site-packages/airflow/operators/python.py", line 216, in execute_callable
    return self.python_callable(*self.op_args, **self.op_kwargs)
  File "/opt/airflow/src/extract.py", line 38, in extract_data
    api.dataset_download_files(
  File "/home/airflow/.local/lib/python3.8/site-packages/kaggle/api/kaggle_api_extended.py", line 1511, in dataset_download_files
    raise ValueError(
ValueError: ('Bad zip file, please report on www.github.com/kaggle/kaggle-api', BadZipFile('File is not a zip file'))
[2026-02-14T13:16:58.179+0000] {taskinstance.py:1138} INFO - Marking task as UP_FOR_RETRY. dag_id=ecommerce_etl_v2, task_id=extract.extract_from_kaggle, execution_date=20260213T130000, start_date=20260214T131636, end_date=20260214T131658
[2026-02-14T13:16:58.192+0000] {standard_task_runner.py:107} ERROR - Failed to execute job 2318 for task extract.extract_from_kaggle (('Bad zip file, please report on www.github.com/kaggle/kaggle-api', BadZipFile('File is not a zip file')); 25169)
[2026-02-14T13:16:58.244+0000] {local_task_job_runner.py:234} INFO - Task exited with return code 1
[2026-02-14T13:16:58.272+0000] {taskinstance.py:3280} INFO - 0 downstream tasks scheduled from follow-on schedule check
