[2026-02-14T13:59:37.334+0000] {taskinstance.py:1956} INFO - Dependencies all met for dep_context=non-requeueable deps ti=<TaskInstance: ecommerce_etl_v2.extract.extract_from_kaggle scheduled__2026-02-13T13:00:00+00:00 [queued]>
[2026-02-14T13:59:37.339+0000] {taskinstance.py:1956} INFO - Dependencies all met for dep_context=requeueable deps ti=<TaskInstance: ecommerce_etl_v2.extract.extract_from_kaggle scheduled__2026-02-13T13:00:00+00:00 [queued]>
[2026-02-14T13:59:37.339+0000] {taskinstance.py:2170} INFO - Starting attempt 2 of 3
[2026-02-14T13:59:37.346+0000] {taskinstance.py:2191} INFO - Executing <Task(PythonOperator): extract.extract_from_kaggle> on 2026-02-13 13:00:00+00:00
[2026-02-14T13:59:37.351+0000] {standard_task_runner.py:60} INFO - Started process 25260 to run task
[2026-02-14T13:59:37.356+0000] {standard_task_runner.py:87} INFO - Running: ['***', 'tasks', 'run', 'ecommerce_etl_v2', 'extract.extract_from_kaggle', 'scheduled__2026-02-13T13:00:00+00:00', '--job-id', '2324', '--raw', '--subdir', 'DAGS_FOLDER/etl_dag.py', '--cfg-path', '/tmp/tmpjq8dg544']
[2026-02-14T13:59:37.359+0000] {standard_task_runner.py:88} INFO - Job 2324: Subtask extract.extract_from_kaggle
[2026-02-14T13:59:37.398+0000] {task_command.py:423} INFO - Running <TaskInstance: ecommerce_etl_v2.extract.extract_from_kaggle scheduled__2026-02-13T13:00:00+00:00 [running]> on host 89ab86e4d295
[2026-02-14T13:59:37.443+0000] {taskinstance.py:2480} INFO - Exporting env vars: AIRFLOW_CTX_DAG_EMAIL='data-team@company.com' AIRFLOW_CTX_DAG_OWNER='data_engineering' AIRFLOW_CTX_DAG_ID='ecommerce_etl_v2' AIRFLOW_CTX_TASK_ID='extract.extract_from_kaggle' AIRFLOW_CTX_EXECUTION_DATE='2026-02-13T13:00:00+00:00' AIRFLOW_CTX_TRY_NUMBER='2' AIRFLOW_CTX_DAG_RUN_ID='scheduled__2026-02-13T13:00:00+00:00'
[2026-02-14T13:59:37.454+0000] {logging_mixin.py:188} INFO - Starting Kaggle dataset download...
[2026-02-14T13:59:37.458+0000] {logging_mixin.py:188} INFO - Warning: Your Kaggle API key is readable by other users on this system! To fix this, you can run 'chmod 600 /home/***/.kaggle/kaggle.json'
[2026-02-14T13:59:37.462+0000] {logging_mixin.py:188} INFO - Dataset URL: https://www.kaggle.com/datasets/mustafakeser4/looker-ecommerce-bigquery-dataset
[2026-02-14T13:59:38.801+0000] {logging_mixin.py:188} INFO - Downloading looker-ecommerce-bigquery-dataset.zip to /tmp/bronze_temp
[2026-02-14T13:59:38.804+0000] {logging_mixin.py:188} WARNING -   0%|          | 0.00/162M [00:00<?, ?B/s]
[2026-02-14T13:59:40.444+0000] {logging_mixin.py:188} WARNING -   1%|          | 1.00M/162M [00:01<04:24, 640kB/s]
[2026-02-14T13:59:41.113+0000] {logging_mixin.py:188} WARNING -   1%|1         | 2.00M/162M [00:02<02:51, 982kB/s]
[2026-02-14T13:59:41.566+0000] {logging_mixin.py:188} WARNING -   2%|1         | 3.00M/162M [00:02<02:05, 1.33MB/s]
[2026-02-14T13:59:42.028+0000] {logging_mixin.py:188} WARNING -   2%|2         | 4.00M/162M [00:03<01:44, 1.59MB/s]
[2026-02-14T13:59:42.450+0000] {logging_mixin.py:188} WARNING -   3%|3         | 5.00M/162M [00:03<01:30, 1.83MB/s]
[2026-02-14T13:59:43.210+0000] {logging_mixin.py:188} WARNING -   3%|3         | 5.11M/162M [00:04<02:15, 1.22MB/s]
[2026-02-14T13:59:43.212+0000] {taskinstance.py:2698} ERROR - Task failed with exception
Traceback (most recent call last):
  File "/home/airflow/.local/lib/python3.8/site-packages/kaggle/api/kaggle_api_extended.py", line 1508, in dataset_download_files
    with zipfile.ZipFile(outfile) as z:
  File "/usr/local/lib/python3.8/zipfile.py", line 1269, in __init__
    self._RealGetContents()
  File "/usr/local/lib/python3.8/zipfile.py", line 1336, in _RealGetContents
    raise BadZipFile("File is not a zip file")
zipfile.BadZipFile: File is not a zip file

During handling of the above exception, another exception occurred:

Traceback (most recent call last):
  File "/home/airflow/.local/lib/python3.8/site-packages/airflow/models/taskinstance.py", line 433, in _execute_task
    result = execute_callable(context=context, **execute_callable_kwargs)
  File "/home/airflow/.local/lib/python3.8/site-packages/airflow/operators/python.py", line 199, in execute
    return_value = self.execute_callable()
  File "/home/airflow/.local/lib/python3.8/site-packages/airflow/operators/python.py", line 216, in execute_callable
    return self.python_callable(*self.op_args, **self.op_kwargs)
  File "/opt/airflow/src/extract.py", line 38, in extract_data
    api.dataset_download_files(
  File "/home/airflow/.local/lib/python3.8/site-packages/kaggle/api/kaggle_api_extended.py", line 1511, in dataset_download_files
    raise ValueError(
ValueError: ('Bad zip file, please report on www.github.com/kaggle/kaggle-api', BadZipFile('File is not a zip file'))
[2026-02-14T13:59:43.226+0000] {taskinstance.py:1138} INFO - Marking task as UP_FOR_RETRY. dag_id=ecommerce_etl_v2, task_id=extract.extract_from_kaggle, execution_date=20260213T130000, start_date=20260214T135937, end_date=20260214T135943
[2026-02-14T13:59:43.241+0000] {standard_task_runner.py:107} ERROR - Failed to execute job 2324 for task extract.extract_from_kaggle (('Bad zip file, please report on www.github.com/kaggle/kaggle-api', BadZipFile('File is not a zip file')); 25260)
[2026-02-14T13:59:43.285+0000] {local_task_job_runner.py:234} INFO - Task exited with return code 1
[2026-02-14T13:59:43.317+0000] {taskinstance.py:3280} INFO - 0 downstream tasks scheduled from follow-on schedule check
