[2026-02-09T10:11:36.065+0000] {taskinstance.py:1956} INFO - Dependencies all met for dep_context=non-requeueable deps ti=<TaskInstance: ecommerce_etl_v2.load_users scheduled__2026-02-08T02:00:00+00:00 [queued]>
[2026-02-09T10:11:36.070+0000] {taskinstance.py:1956} INFO - Dependencies all met for dep_context=requeueable deps ti=<TaskInstance: ecommerce_etl_v2.load_users scheduled__2026-02-08T02:00:00+00:00 [queued]>
[2026-02-09T10:11:36.072+0000] {taskinstance.py:2170} INFO - Starting attempt 1 of 3
[2026-02-09T10:11:36.100+0000] {taskinstance.py:2191} INFO - Executing <Task(PythonOperator): load_users> on 2026-02-08 02:00:00+00:00
[2026-02-09T10:11:36.114+0000] {standard_task_runner.py:60} INFO - Started process 25068 to run task
[2026-02-09T10:11:36.117+0000] {standard_task_runner.py:87} INFO - Running: ['***', 'tasks', 'run', 'ecommerce_etl_v2', 'load_users', 'scheduled__2026-02-08T02:00:00+00:00', '--job-id', '1757', '--raw', '--subdir', 'DAGS_FOLDER/etl_dag.py', '--cfg-path', '/tmp/tmpmwj5g61j']
[2026-02-09T10:11:36.120+0000] {standard_task_runner.py:88} INFO - Job 1757: Subtask load_users
[2026-02-09T10:11:36.196+0000] {task_command.py:423} INFO - Running <TaskInstance: ecommerce_etl_v2.load_users scheduled__2026-02-08T02:00:00+00:00 [running]> on host 707cd2e8ef6b
[2026-02-09T10:11:36.309+0000] {taskinstance.py:2480} INFO - Exporting env vars: AIRFLOW_CTX_DAG_EMAIL='data-team@company.com' AIRFLOW_CTX_DAG_OWNER='data_engineering' AIRFLOW_CTX_DAG_ID='ecommerce_etl_v2' AIRFLOW_CTX_TASK_ID='load_users' AIRFLOW_CTX_EXECUTION_DATE='2026-02-08T02:00:00+00:00' AIRFLOW_CTX_TRY_NUMBER='1' AIRFLOW_CTX_DAG_RUN_ID='scheduled__2026-02-08T02:00:00+00:00'
[2026-02-09T10:11:51.212+0000] {local_task_job_runner.py:302} WARNING - State of this instance has been externally set to None. Terminating instance.
[2026-02-09T10:11:51.214+0000] {process_utils.py:131} INFO - Sending 15 to group 25068. PIDs of all processes in the group: [25068]
[2026-02-09T10:11:51.214+0000] {process_utils.py:86} INFO - Sending the signal 15 to group 25068
[2026-02-09T10:11:51.214+0000] {taskinstance.py:2450} ERROR - Received SIGTERM. Terminating subprocesses.
[2026-02-09T10:11:51.219+0000] {taskinstance.py:2698} ERROR - Task failed with exception
Traceback (most recent call last):
  File "/home/airflow/.local/lib/python3.8/site-packages/airflow/models/taskinstance.py", line 433, in _execute_task
    result = execute_callable(context=context, **execute_callable_kwargs)
  File "/home/airflow/.local/lib/python3.8/site-packages/airflow/operators/python.py", line 199, in execute
    return_value = self.execute_callable()
  File "/home/airflow/.local/lib/python3.8/site-packages/airflow/operators/python.py", line 216, in execute_callable
    return self.python_callable(*self.op_args, **self.op_kwargs)
  File "/opt/airflow/dags/etl_dag.py", line 104, in load_bronze_with_ingestion_date
    df.to_gbq(
  File "/home/airflow/.local/lib/python3.8/site-packages/pandas/core/frame.py", line 2088, in to_gbq
    gbq.to_gbq(
  File "/home/airflow/.local/lib/python3.8/site-packages/pandas/io/gbq.py", line 215, in to_gbq
    pandas_gbq.to_gbq(
  File "/home/airflow/.local/lib/python3.8/site-packages/pandas_gbq/gbq.py", line 1238, in to_gbq
    connector.load_data(
  File "/home/airflow/.local/lib/python3.8/site-packages/pandas_gbq/gbq.py", line 604, in load_data
    chunks = load.load_chunks(
  File "/home/airflow/.local/lib/python3.8/site-packages/pandas_gbq/load.py", line 243, in load_chunks
    load_parquet(
  File "/home/airflow/.local/lib/python3.8/site-packages/pandas_gbq/load.py", line 131, in load_parquet
    client.load_table_from_dataframe(
  File "/home/airflow/.local/lib/python3.8/site-packages/google/cloud/bigquery/job/base.py", line 971, in result
    return super(_AsyncJob, self).result(timeout=timeout, **kwargs)
  File "/home/airflow/.local/lib/python3.8/site-packages/google/api_core/future/polling.py", line 256, in result
    self._blocking_poll(timeout=timeout, retry=retry, polling=polling)
  File "/home/airflow/.local/lib/python3.8/site-packages/google/api_core/future/polling.py", line 137, in _blocking_poll
    polling(self._done_or_raise)(retry=retry)
  File "/home/airflow/.local/lib/python3.8/site-packages/google/api_core/retry.py", line 372, in retry_wrapped_func
    return retry_target(
  File "/home/airflow/.local/lib/python3.8/site-packages/google/api_core/retry.py", line 236, in retry_target
    time.sleep(sleep)
  File "/home/airflow/.local/lib/python3.8/site-packages/airflow/models/taskinstance.py", line 2452, in signal_handler
    raise AirflowException("Task received SIGTERM signal")
airflow.exceptions.AirflowException: Task received SIGTERM signal
[2026-02-09T10:11:51.223+0000] {taskinstance.py:1138} INFO - Marking task as UP_FOR_RETRY. dag_id=ecommerce_etl_v2, task_id=load_users, execution_date=20260208T020000, start_date=20260209T101136, end_date=20260209T101151
[2026-02-09T10:11:51.230+0000] {standard_task_runner.py:107} ERROR - Failed to execute job 1757 for task load_users ((psycopg2.errors.ForeignKeyViolation) insert or update on table "task_fail" violates foreign key constraint "task_fail_ti_fkey"
DETAIL:  Key (dag_id, task_id, run_id, map_index)=(ecommerce_etl_v2, load_users, scheduled__2026-02-08T02:00:00+00:00, -1) is not present in table "task_instance".

[SQL: INSERT INTO task_fail (task_id, dag_id, run_id, map_index, start_date, end_date, duration) VALUES (%(task_id)s, %(dag_id)s, %(run_id)s, %(map_index)s, %(start_date)s, %(end_date)s, %(duration)s) RETURNING task_fail.id]
[parameters: {'task_id': 'load_users', 'dag_id': 'ecommerce_etl_v2', 'run_id': 'scheduled__2026-02-08T02:00:00+00:00', 'map_index': -1, 'start_date': datetime.datetime(2026, 2, 9, 10, 11, 36, 65620, tzinfo=Timezone('UTC')), 'end_date': datetime.datetime(2026, 2, 9, 10, 11, 51, 222741, tzinfo=Timezone('UTC')), 'duration': 15}]
(Background on this error at: https://sqlalche.me/e/14/gkpj); 25068)
[2026-02-09T10:11:51.244+0000] {process_utils.py:79} INFO - Process psutil.Process(pid=25068, status='terminated', exitcode=1, started='10:11:35') (25068) terminated with exit code 1
[2026-02-09T17:04:15.254+0000] {taskinstance.py:1956} INFO - Dependencies all met for dep_context=non-requeueable deps ti=<TaskInstance: ecommerce_etl_v2.load_users scheduled__2026-02-08T02:00:00+00:00 [queued]>
[2026-02-09T17:04:15.269+0000] {taskinstance.py:1956} INFO - Dependencies all met for dep_context=requeueable deps ti=<TaskInstance: ecommerce_etl_v2.load_users scheduled__2026-02-08T02:00:00+00:00 [queued]>
[2026-02-09T17:04:15.270+0000] {taskinstance.py:2170} INFO - Starting attempt 1 of 3
[2026-02-09T17:04:15.285+0000] {taskinstance.py:2191} INFO - Executing <Task(PythonOperator): load_users> on 2026-02-08 02:00:00+00:00
[2026-02-09T17:04:15.290+0000] {standard_task_runner.py:60} INFO - Started process 610 to run task
[2026-02-09T17:04:15.297+0000] {standard_task_runner.py:87} INFO - Running: ['***', 'tasks', 'run', 'ecommerce_etl_v2', 'load_users', 'scheduled__2026-02-08T02:00:00+00:00', '--job-id', '10', '--raw', '--subdir', 'DAGS_FOLDER/etl_dag.py', '--cfg-path', '/tmp/tmp3rwe83vy']
[2026-02-09T17:04:15.300+0000] {standard_task_runner.py:88} INFO - Job 10: Subtask load_users
[2026-02-09T17:04:15.374+0000] {task_command.py:423} INFO - Running <TaskInstance: ecommerce_etl_v2.load_users scheduled__2026-02-08T02:00:00+00:00 [running]> on host 5d242a8c4230
[2026-02-09T17:04:15.433+0000] {taskinstance.py:2480} INFO - Exporting env vars: AIRFLOW_CTX_DAG_EMAIL='data-team@company.com' AIRFLOW_CTX_DAG_OWNER='data_engineering' AIRFLOW_CTX_DAG_ID='ecommerce_etl_v2' AIRFLOW_CTX_TASK_ID='load_users' AIRFLOW_CTX_EXECUTION_DATE='2026-02-08T02:00:00+00:00' AIRFLOW_CTX_TRY_NUMBER='1' AIRFLOW_CTX_DAG_RUN_ID='scheduled__2026-02-08T02:00:00+00:00'
[2026-02-09T17:04:31.251+0000] {logging_mixin.py:188} WARNING -   0%|          | 0/1 [00:00<?, ?it/s]
[2026-02-09T17:04:31.252+0000] {gbq.py:618} INFO - 100000 out of 100000 rows loaded.
[2026-02-09T17:04:31.252+0000] {logging_mixin.py:188} WARNING - 100%|##########| 1/1 [00:00<00:00, 2377.72it/s]
[2026-02-09T17:04:31.257+0000] {python.py:201} INFO - Done. Returned value was: None
[2026-02-09T17:04:31.262+0000] {taskinstance.py:1138} INFO - Marking task as SUCCESS. dag_id=ecommerce_etl_v2, task_id=load_users, execution_date=20260208T020000, start_date=20260209T170415, end_date=20260209T170431
[2026-02-09T17:04:31.306+0000] {local_task_job_runner.py:234} INFO - Task exited with return code 0
[2026-02-09T17:04:31.327+0000] {taskinstance.py:3280} INFO - 0 downstream tasks scheduled from follow-on schedule check
