[2026-02-08T17:37:14.268+0000] {taskinstance.py:1956} INFO - Dependencies all met for dep_context=non-requeueable deps ti=<TaskInstance: ecommerce_etl.gold_dim_products manual__2026-02-08T15:37:02.081199+00:00 [queued]>
[2026-02-08T17:37:14.272+0000] {taskinstance.py:1956} INFO - Dependencies all met for dep_context=requeueable deps ti=<TaskInstance: ecommerce_etl.gold_dim_products manual__2026-02-08T15:37:02.081199+00:00 [queued]>
[2026-02-08T17:37:14.272+0000] {taskinstance.py:2170} INFO - Starting attempt 11 of 12
[2026-02-08T17:37:14.277+0000] {taskinstance.py:2191} INFO - Executing <Task(BigQueryInsertJobOperator): gold_dim_products> on 2026-02-08 15:37:02.081199+00:00
[2026-02-08T17:37:14.280+0000] {standard_task_runner.py:60} INFO - Started process 8098 to run task
[2026-02-08T17:37:14.282+0000] {standard_task_runner.py:87} INFO - Running: ['***', 'tasks', 'run', 'ecommerce_etl', 'gold_dim_products', 'manual__2026-02-08T15:37:02.081199+00:00', '--job-id', '540', '--raw', '--subdir', 'DAGS_FOLDER/etl_dag.py', '--cfg-path', '/tmp/tmpnh6e3v3m']
[2026-02-08T17:37:14.283+0000] {standard_task_runner.py:88} INFO - Job 540: Subtask gold_dim_products
[2026-02-08T17:37:14.305+0000] {task_command.py:423} INFO - Running <TaskInstance: ecommerce_etl.gold_dim_products manual__2026-02-08T15:37:02.081199+00:00 [running]> on host 052c3b514c1c
[2026-02-08T17:37:14.336+0000] {taskinstance.py:2480} INFO - Exporting env vars: AIRFLOW_CTX_DAG_OWNER='***' AIRFLOW_CTX_DAG_ID='ecommerce_etl' AIRFLOW_CTX_TASK_ID='gold_dim_products' AIRFLOW_CTX_EXECUTION_DATE='2026-02-08T15:37:02.081199+00:00' AIRFLOW_CTX_TRY_NUMBER='11' AIRFLOW_CTX_DAG_RUN_ID='manual__2026-02-08T15:37:02.081199+00:00'
[2026-02-08T17:37:14.340+0000] {connection.py:234} WARNING - Connection schemes (type: google_cloud_platform) shall not contain '_' according to RFC3986.
[2026-02-08T17:37:14.340+0000] {base.py:83} INFO - Using connection ID 'google_cloud_default' for task execution.
[2026-02-08T17:37:14.341+0000] {credentials_provider.py:353} INFO - Getting connection using `google.auth.default()` since no explicit credentials are provided.
[2026-02-08T17:37:14.378+0000] {bigquery.py:2807} INFO - Executing: {'query': {'query': "MERGE `prism-486509.gold.dim_products` AS target\nUSING (\n  SELECT \n    product_id,\n    product_name,\n    brand,\n    category,\n    department,\n    sku,\n    retail_price,\n    distribution_center_key\n  FROM `prism-486509.silver.products`\n) AS source\nON target.product_id = source.product_id \n   AND target.is_current = TRUE\n\n-- Expire changed records\nWHEN MATCHED AND (\n  target.product_name <> source.product_name OR\n  target.brand <> source.brand OR\n  target.category <> source.category OR\n  target.department <> source.department OR\n  target.sku <> source.sku OR\n  target.retail_price <> source.retail_price OR\n  IFNULL(target.distribution_center_key, 0) <> IFNULL(source.distribution_center_key, 0)\n) THEN\n  UPDATE SET \n    effective_to = CURRENT_DATE(),\n    is_current = FALSE\n\n-- Insert new products\nWHEN NOT MATCHED BY TARGET THEN\n  INSERT (\n    product_key,\n    product_id,\n    product_name,\n    brand,\n    category,\n    department,\n    sku,\n    retail_price,\n    distribution_center_key,\n    effective_from,\n    effective_to,\n    is_current\n  )\n  VALUES (\n    GENERATE_UUID(),\n    source.product_id,\n    source.product_name,\n    source.brand,\n    source.category,\n    source.department,\n    source.sku,\n    source.retail_price,\n    source.distribution_center_key,\n    CURRENT_DATE(),\n    DATE('9999-12-31'),\n    TRUE\n  );\n\n-- Then insert new versions of changed records\nINSERT INTO `prism-486509.gold.dim_products` (\n  product_key,\n  product_id,\n  product_name,\n  brand,\n  category,\n  department,\n  sku,\n  retail_price,\n  distribution_center_key,\n  effective_from,\n  effective_to,\n  is_current\n)\nSELECT\n  GENERATE_UUID(),\n  source.product_id,\n  source.product_name,\n  source.brand,\n  source.category,\n  source.department,\n  source.sku,\n  source.retail_price,\n  source.distribution_center_key,\n  CURRENT_DATE(),\n  DATE('9999-12-31'),\n  TRUE\nFROM `prism-486509.silver.products` AS source\nINNER JOIN `prism-486509.gold.dim_products` AS target\n  ON target.product_id = source.product_id\nWHERE target.effective_to = CURRENT_DATE()\n  AND target.is_current = FALSE;", 'useLegacySql': False, 'queryParameters': [{'name': 'run_date', 'parameterType': {'type': 'DATE'}, 'parameterValue': {'value': '2026-02-08'}}]}}'
[2026-02-08T17:37:14.378+0000] {bigquery.py:1596} INFO - Inserting job ***_ecommerce_etl_gold_dim_products_2026_02_08T15_37_02_081199_00_00_6b17b6fd13c253269c705da81aa693a4
[2026-02-08T17:37:15.209+0000] {taskinstance.py:2698} ERROR - Task failed with exception
Traceback (most recent call last):
  File "/home/airflow/.local/lib/python3.8/site-packages/airflow/models/taskinstance.py", line 433, in _execute_task
    result = execute_callable(context=context, **execute_callable_kwargs)
  File "/home/airflow/.local/lib/python3.8/site-packages/airflow/providers/google/cloud/operators/bigquery.py", line 2864, in execute
    job.result(timeout=self.result_timeout, retry=self.result_retry)
  File "/home/airflow/.local/lib/python3.8/site-packages/google/cloud/bigquery/job/query.py", line 1595, in result
    do_get_result()
  File "/home/airflow/.local/lib/python3.8/site-packages/google/cloud/bigquery/job/query.py", line 1584, in do_get_result
    super(QueryJob, self).result(retry=retry, timeout=timeout)
  File "/home/airflow/.local/lib/python3.8/site-packages/google/cloud/bigquery/job/base.py", line 971, in result
    return super(_AsyncJob, self).result(timeout=timeout, **kwargs)
  File "/home/airflow/.local/lib/python3.8/site-packages/google/api_core/future/polling.py", line 261, in result
    raise self._exception
google.api_core.exceptions.BadRequest: 400 Not found: Table prism-486509:silver.products was not found in location europe-west1 at [1:1]

Location: europe-west1
Job ID: airflow_ecommerce_etl_gold_dim_products_2026_02_08T15_37_02_081199_00_00_6b17b6fd13c253269c705da81aa693a4

[2026-02-08T17:37:15.221+0000] {taskinstance.py:1138} INFO - Marking task as UP_FOR_RETRY. dag_id=ecommerce_etl, task_id=gold_dim_products, execution_date=20260208T153702, start_date=20260208T173714, end_date=20260208T173715
[2026-02-08T17:37:15.233+0000] {standard_task_runner.py:107} ERROR - Failed to execute job 540 for task gold_dim_products (400 Not found: Table prism-486509:silver.products was not found in location europe-west1 at [1:1]

Location: europe-west1
Job ID: airflow_ecommerce_etl_gold_dim_products_2026_02_08T15_37_02_081199_00_00_6b17b6fd13c253269c705da81aa693a4
; 8098)
[2026-02-08T17:37:15.279+0000] {local_task_job_runner.py:234} INFO - Task exited with return code 1
[2026-02-08T17:37:15.295+0000] {taskinstance.py:3280} INFO - 0 downstream tasks scheduled from follow-on schedule check
