[2026-02-10T00:35:46.710+0000] {taskinstance.py:1956} INFO - Dependencies all met for dep_context=non-requeueable deps ti=<TaskInstance: ecommerce_etl_v2.check_order_items_loaded manual__2026-02-10T00:31:52.411986+00:00 [queued]>
[2026-02-10T00:35:46.716+0000] {taskinstance.py:1956} INFO - Dependencies all met for dep_context=requeueable deps ti=<TaskInstance: ecommerce_etl_v2.check_order_items_loaded manual__2026-02-10T00:31:52.411986+00:00 [queued]>
[2026-02-10T00:35:46.717+0000] {taskinstance.py:2170} INFO - Starting attempt 1 of 3
[2026-02-10T00:35:46.724+0000] {taskinstance.py:2191} INFO - Executing <Task(BigQueryCheckOperator): check_order_items_loaded> on 2026-02-10 00:31:52.411986+00:00
[2026-02-10T00:35:46.728+0000] {standard_task_runner.py:60} INFO - Started process 25980 to run task
[2026-02-10T00:35:46.730+0000] {standard_task_runner.py:87} INFO - Running: ['***', 'tasks', 'run', 'ecommerce_etl_v2', 'check_order_items_loaded', 'manual__2026-02-10T00:31:52.411986+00:00', '--job-id', '852', '--raw', '--subdir', 'DAGS_FOLDER/etl_dag.py', '--cfg-path', '/tmp/tmpp9pvc5ee']
[2026-02-10T00:35:46.732+0000] {standard_task_runner.py:88} INFO - Job 852: Subtask check_order_items_loaded
[2026-02-10T00:35:46.758+0000] {task_command.py:423} INFO - Running <TaskInstance: ecommerce_etl_v2.check_order_items_loaded manual__2026-02-10T00:31:52.411986+00:00 [running]> on host 8e292c18926b
[2026-02-10T00:35:46.797+0000] {taskinstance.py:2480} INFO - Exporting env vars: AIRFLOW_CTX_DAG_EMAIL='data-team@company.com' AIRFLOW_CTX_DAG_OWNER='data_engineering' AIRFLOW_CTX_DAG_ID='ecommerce_etl_v2' AIRFLOW_CTX_TASK_ID='check_order_items_loaded' AIRFLOW_CTX_EXECUTION_DATE='2026-02-10T00:31:52.411986+00:00' AIRFLOW_CTX_TRY_NUMBER='1' AIRFLOW_CTX_DAG_RUN_ID='manual__2026-02-10T00:31:52.411986+00:00'
[2026-02-10T00:35:46.798+0000] {sql.py:785} INFO - Executing SQL check: SELECT COUNT(*) > 0 FROM prism-486509.bronze.order_items
[2026-02-10T00:35:46.802+0000] {connection.py:234} WARNING - Connection schemes (type: google_cloud_platform) shall not contain '_' according to RFC3986.
[2026-02-10T00:35:46.803+0000] {base.py:83} INFO - Using connection ID 'google_cloud_default' for task execution.
[2026-02-10T00:35:46.803+0000] {credentials_provider.py:353} INFO - Getting connection using `google.auth.default()` since no explicit credentials are provided.
[2026-02-10T00:35:46.846+0000] {sql.py:450} INFO - Running statement: SELECT COUNT(*) > 0 FROM prism-486509.bronze.order_items, parameters: None
[2026-02-10T00:35:46.846+0000] {bigquery.py:1596} INFO - Inserting job ***_1770683746846563_dc279ce80a89d15a6bc36c85cdbdc07d
[2026-02-10T00:35:47.914+0000] {sql.py:788} INFO - Record: [True]
[2026-02-10T00:35:47.914+0000] {sql.py:796} INFO - Success.
[2026-02-10T00:35:47.920+0000] {taskinstance.py:1138} INFO - Marking task as SUCCESS. dag_id=ecommerce_etl_v2, task_id=check_order_items_loaded, execution_date=20260210T003152, start_date=20260210T003546, end_date=20260210T003547
[2026-02-10T00:35:47.950+0000] {local_task_job_runner.py:234} INFO - Task exited with return code 0
[2026-02-10T00:35:47.972+0000] {taskinstance.py:3280} INFO - 1 downstream tasks scheduled from follow-on schedule check
