[2026-02-10T05:34:05.958+0000] {taskinstance.py:1956} INFO - Dependencies all met for dep_context=non-requeueable deps ti=<TaskInstance: ecommerce_etl_v2.extract.extract_from_kaggle scheduled__2026-02-09T02:00:00+00:00 [queued]>
[2026-02-10T05:34:05.964+0000] {taskinstance.py:1956} INFO - Dependencies all met for dep_context=requeueable deps ti=<TaskInstance: ecommerce_etl_v2.extract.extract_from_kaggle scheduled__2026-02-09T02:00:00+00:00 [queued]>
[2026-02-10T05:34:05.964+0000] {taskinstance.py:2170} INFO - Starting attempt 3 of 3
[2026-02-10T05:34:05.971+0000] {taskinstance.py:2191} INFO - Executing <Task(PythonOperator): extract.extract_from_kaggle> on 2026-02-09 02:00:00+00:00
[2026-02-10T05:34:05.975+0000] {standard_task_runner.py:60} INFO - Started process 29228 to run task
[2026-02-10T05:34:05.978+0000] {standard_task_runner.py:87} INFO - Running: ['***', 'tasks', 'run', 'ecommerce_etl_v2', 'extract.extract_from_kaggle', 'scheduled__2026-02-09T02:00:00+00:00', '--job-id', '908', '--raw', '--subdir', 'DAGS_FOLDER/etl_dag.py', '--cfg-path', '/tmp/tmpk3ybwpdv']
[2026-02-10T05:34:05.979+0000] {standard_task_runner.py:88} INFO - Job 908: Subtask extract.extract_from_kaggle
[2026-02-10T05:34:06.009+0000] {task_command.py:423} INFO - Running <TaskInstance: ecommerce_etl_v2.extract.extract_from_kaggle scheduled__2026-02-09T02:00:00+00:00 [running]> on host 8e292c18926b
[2026-02-10T05:34:06.049+0000] {taskinstance.py:2480} INFO - Exporting env vars: AIRFLOW_CTX_DAG_EMAIL='data-team@company.com' AIRFLOW_CTX_DAG_OWNER='data_engineering' AIRFLOW_CTX_DAG_ID='ecommerce_etl_v2' AIRFLOW_CTX_TASK_ID='extract.extract_from_kaggle' AIRFLOW_CTX_EXECUTION_DATE='2026-02-09T02:00:00+00:00' AIRFLOW_CTX_TRY_NUMBER='3' AIRFLOW_CTX_DAG_RUN_ID='scheduled__2026-02-09T02:00:00+00:00'
[2026-02-10T05:34:06.058+0000] {logging_mixin.py:188} INFO - Starting Kaggle dataset download...
[2026-02-10T05:34:06.070+0000] {logging_mixin.py:188} INFO - Warning: Your Kaggle API key is readable by other users on this system! To fix this, you can run 'chmod 600 /home/***/.kaggle/kaggle.json'
[2026-02-10T05:34:06.081+0000] {logging_mixin.py:188} INFO - Dataset URL: https://www.kaggle.com/datasets/mustafakeser4/looker-ecommerce-bigquery-dataset
[2026-02-10T05:34:06.770+0000] {logging_mixin.py:188} INFO - Downloading looker-ecommerce-bigquery-dataset.zip to /tmp/bronze_temp
[2026-02-10T05:34:06.771+0000] {logging_mixin.py:188} WARNING -   0%|          | 0.00/162M [00:00<?, ?B/s]
[2026-02-10T05:34:07.961+0000] {logging_mixin.py:188} WARNING -   0%|          | 367k/162M [00:01<08:58, 316kB/s]
[2026-02-10T05:34:07.962+0000] {logging_mixin.py:188} WARNING -   0%|          | 367k/162M [00:01<08:58, 315kB/s]
[2026-02-10T05:34:07.963+0000] {taskinstance.py:2698} ERROR - Task failed with exception
Traceback (most recent call last):
  File "/home/airflow/.local/lib/python3.8/site-packages/kaggle/api/kaggle_api_extended.py", line 1508, in dataset_download_files
    with zipfile.ZipFile(outfile) as z:
  File "/usr/local/lib/python3.8/zipfile.py", line 1269, in __init__
    self._RealGetContents()
  File "/usr/local/lib/python3.8/zipfile.py", line 1336, in _RealGetContents
    raise BadZipFile("File is not a zip file")
zipfile.BadZipFile: File is not a zip file

During handling of the above exception, another exception occurred:

Traceback (most recent call last):
  File "/home/airflow/.local/lib/python3.8/site-packages/airflow/models/taskinstance.py", line 433, in _execute_task
    result = execute_callable(context=context, **execute_callable_kwargs)
  File "/home/airflow/.local/lib/python3.8/site-packages/airflow/operators/python.py", line 199, in execute
    return_value = self.execute_callable()
  File "/home/airflow/.local/lib/python3.8/site-packages/airflow/operators/python.py", line 216, in execute_callable
    return self.python_callable(*self.op_args, **self.op_kwargs)
  File "/opt/airflow/src/extract.py", line 37, in extract_data
    api.dataset_download_files(
  File "/home/airflow/.local/lib/python3.8/site-packages/kaggle/api/kaggle_api_extended.py", line 1511, in dataset_download_files
    raise ValueError(
ValueError: ('Bad zip file, please report on www.github.com/kaggle/kaggle-api', BadZipFile('File is not a zip file'))
[2026-02-10T05:34:07.974+0000] {taskinstance.py:1138} INFO - Marking task as FAILED. dag_id=ecommerce_etl_v2, task_id=extract.extract_from_kaggle, execution_date=20260209T020000, start_date=20260210T053405, end_date=20260210T053407
[2026-02-10T05:34:07.988+0000] {logging_mixin.py:188} WARNING - /home/***/.local/lib/python3.8/site-packages/***/utils/email.py:154 RemovedInAirflow3Warning: Fetching SMTP credentials from configuration variables will be deprecated in a future release. Please set credentials using a connection instead.
[2026-02-10T05:34:07.988+0000] {configuration.py:1046} WARNING - section/key [smtp/smtp_user] not found in config
[2026-02-10T05:34:07.989+0000] {email.py:270} INFO - Email alerting: attempt 1
[2026-02-10T05:34:07.994+0000] {configuration.py:1046} WARNING - section/key [smtp/smtp_user] not found in config
[2026-02-10T05:34:07.995+0000] {email.py:270} INFO - Email alerting: attempt 1
[2026-02-10T05:34:07.995+0000] {taskinstance.py:826} ERROR - Failed to send email to: ['data-team@company.com']
Traceback (most recent call last):
  File "/home/airflow/.local/lib/python3.8/site-packages/kaggle/api/kaggle_api_extended.py", line 1508, in dataset_download_files
    with zipfile.ZipFile(outfile) as z:
  File "/usr/local/lib/python3.8/zipfile.py", line 1269, in __init__
    self._RealGetContents()
  File "/usr/local/lib/python3.8/zipfile.py", line 1336, in _RealGetContents
    raise BadZipFile("File is not a zip file")
zipfile.BadZipFile: File is not a zip file

During handling of the above exception, another exception occurred:

Traceback (most recent call last):
  File "/home/airflow/.local/lib/python3.8/site-packages/airflow/models/taskinstance.py", line 2334, in _run_raw_task
    self._execute_task_with_callbacks(context, test_mode, session=session)
  File "/home/airflow/.local/lib/python3.8/site-packages/airflow/models/taskinstance.py", line 2499, in _execute_task_with_callbacks
    result = self._execute_task(context, task_orig)
  File "/home/airflow/.local/lib/python3.8/site-packages/airflow/models/taskinstance.py", line 2516, in _execute_task
    return _execute_task(self, context, task_orig)
  File "/home/airflow/.local/lib/python3.8/site-packages/airflow/models/taskinstance.py", line 433, in _execute_task
    result = execute_callable(context=context, **execute_callable_kwargs)
  File "/home/airflow/.local/lib/python3.8/site-packages/airflow/operators/python.py", line 199, in execute
    return_value = self.execute_callable()
  File "/home/airflow/.local/lib/python3.8/site-packages/airflow/operators/python.py", line 216, in execute_callable
    return self.python_callable(*self.op_args, **self.op_kwargs)
  File "/opt/airflow/src/extract.py", line 37, in extract_data
    api.dataset_download_files(
  File "/home/airflow/.local/lib/python3.8/site-packages/kaggle/api/kaggle_api_extended.py", line 1511, in dataset_download_files
    raise ValueError(
ValueError: ('Bad zip file, please report on www.github.com/kaggle/kaggle-api', BadZipFile('File is not a zip file'))

During handling of the above exception, another exception occurred:

Traceback (most recent call last):
  File "/home/airflow/.local/lib/python3.8/site-packages/airflow/models/taskinstance.py", line 1000, in _email_alert
    send_email(task.email, subject, html_content)
  File "/home/airflow/.local/lib/python3.8/site-packages/airflow/utils/email.py", line 80, in send_email
    return backend(
  File "/home/airflow/.local/lib/python3.8/site-packages/airflow/utils/email.py", line 154, in send_email_smtp
    send_mime_email(e_from=mail_from, e_to=recipients, mime_msg=msg, conn_id=conn_id, dryrun=dryrun)
  File "/home/airflow/.local/lib/python3.8/site-packages/airflow/utils/email.py", line 272, in send_mime_email
    smtp_conn = _get_smtp_connection(smtp_host, smtp_port, smtp_timeout, smtp_ssl)
  File "/home/airflow/.local/lib/python3.8/site-packages/airflow/utils/email.py", line 316, in _get_smtp_connection
    return smtplib.SMTP(host=host, port=port, timeout=timeout)
  File "/usr/local/lib/python3.8/smtplib.py", line 255, in __init__
    (code, msg) = self.connect(host, port)
  File "/usr/local/lib/python3.8/smtplib.py", line 339, in connect
    self.sock = self._get_socket(host, port, self.timeout)
  File "/usr/local/lib/python3.8/smtplib.py", line 310, in _get_socket
    return socket.create_connection((host, port), timeout,
  File "/usr/local/lib/python3.8/socket.py", line 808, in create_connection
    raise err
  File "/usr/local/lib/python3.8/socket.py", line 796, in create_connection
    sock.connect(sa)
ConnectionRefusedError: [Errno 111] Connection refused

During handling of the above exception, another exception occurred:

Traceback (most recent call last):
  File "/home/airflow/.local/lib/python3.8/site-packages/airflow/models/taskinstance.py", line 824, in _handle_failure
    task_instance.email_alert(error, failure_context["task"])
  File "/home/airflow/.local/lib/python3.8/site-packages/airflow/models/taskinstance.py", line 2946, in email_alert
    _email_alert(task_instance=self, exception=exception, task=task)
  File "/home/airflow/.local/lib/python3.8/site-packages/airflow/models/taskinstance.py", line 1002, in _email_alert
    send_email(task.email, subject, html_content_err)
  File "/home/airflow/.local/lib/python3.8/site-packages/airflow/utils/email.py", line 80, in send_email
    return backend(
  File "/home/airflow/.local/lib/python3.8/site-packages/airflow/utils/email.py", line 154, in send_email_smtp
    send_mime_email(e_from=mail_from, e_to=recipients, mime_msg=msg, conn_id=conn_id, dryrun=dryrun)
  File "/home/airflow/.local/lib/python3.8/site-packages/airflow/utils/email.py", line 272, in send_mime_email
    smtp_conn = _get_smtp_connection(smtp_host, smtp_port, smtp_timeout, smtp_ssl)
  File "/home/airflow/.local/lib/python3.8/site-packages/airflow/utils/email.py", line 316, in _get_smtp_connection
    return smtplib.SMTP(host=host, port=port, timeout=timeout)
  File "/usr/local/lib/python3.8/smtplib.py", line 255, in __init__
    (code, msg) = self.connect(host, port)
  File "/usr/local/lib/python3.8/smtplib.py", line 339, in connect
    self.sock = self._get_socket(host, port, self.timeout)
  File "/usr/local/lib/python3.8/smtplib.py", line 310, in _get_socket
    return socket.create_connection((host, port), timeout,
  File "/usr/local/lib/python3.8/socket.py", line 808, in create_connection
    raise err
  File "/usr/local/lib/python3.8/socket.py", line 796, in create_connection
    sock.connect(sa)
ConnectionRefusedError: [Errno 111] Connection refused
[2026-02-10T05:34:08.005+0000] {standard_task_runner.py:107} ERROR - Failed to execute job 908 for task extract.extract_from_kaggle (('Bad zip file, please report on www.github.com/kaggle/kaggle-api', BadZipFile('File is not a zip file')); 29228)
[2026-02-10T05:34:08.045+0000] {local_task_job_runner.py:234} INFO - Task exited with return code 1
[2026-02-10T05:34:08.073+0000] {taskinstance.py:3280} INFO - 0 downstream tasks scheduled from follow-on schedule check
