[2026-02-08T18:05:10.824+0000] {taskinstance.py:1956} INFO - Dependencies all met for dep_context=non-requeueable deps ti=<TaskInstance: ecommerce_etl_v2.bronze_layer.check_events_loaded manual__2026-02-08T17:59:41.247383+00:00 [queued]>
[2026-02-08T18:05:10.830+0000] {taskinstance.py:1956} INFO - Dependencies all met for dep_context=requeueable deps ti=<TaskInstance: ecommerce_etl_v2.bronze_layer.check_events_loaded manual__2026-02-08T17:59:41.247383+00:00 [queued]>
[2026-02-08T18:05:10.830+0000] {taskinstance.py:2170} INFO - Starting attempt 2 of 4
[2026-02-08T18:05:10.838+0000] {taskinstance.py:2191} INFO - Executing <Task(BigQueryCheckOperator): bronze_layer.check_events_loaded> on 2026-02-08 17:59:41.247383+00:00
[2026-02-08T18:05:10.841+0000] {standard_task_runner.py:60} INFO - Started process 1165 to run task
[2026-02-08T18:05:10.844+0000] {standard_task_runner.py:87} INFO - Running: ['***', 'tasks', 'run', 'ecommerce_etl_v2', 'bronze_layer.check_events_loaded', 'manual__2026-02-08T17:59:41.247383+00:00', '--job-id', '574', '--raw', '--subdir', 'DAGS_FOLDER/etl_dag.py', '--cfg-path', '/tmp/tmpepiytjlc']
[2026-02-08T18:05:10.846+0000] {standard_task_runner.py:88} INFO - Job 574: Subtask bronze_layer.check_events_loaded
[2026-02-08T18:05:10.875+0000] {task_command.py:423} INFO - Running <TaskInstance: ecommerce_etl_v2.bronze_layer.check_events_loaded manual__2026-02-08T17:59:41.247383+00:00 [running]> on host 52b3fbe2fc57
[2026-02-08T18:05:10.919+0000] {taskinstance.py:2480} INFO - Exporting env vars: AIRFLOW_CTX_DAG_EMAIL='data-team@company.com' AIRFLOW_CTX_DAG_OWNER='data_engineering' AIRFLOW_CTX_DAG_ID='ecommerce_etl_v2' AIRFLOW_CTX_TASK_ID='bronze_layer.check_events_loaded' AIRFLOW_CTX_EXECUTION_DATE='2026-02-08T17:59:41.247383+00:00' AIRFLOW_CTX_TRY_NUMBER='2' AIRFLOW_CTX_DAG_RUN_ID='manual__2026-02-08T17:59:41.247383+00:00'
[2026-02-08T18:05:10.920+0000] {sql.py:785} INFO - Executing SQL check: 
                    SELECT COUNT(*) > 0
                    FROM `prism-486509.bronze.events`
                
[2026-02-08T18:05:10.925+0000] {connection.py:234} WARNING - Connection schemes (type: google_cloud_platform) shall not contain '_' according to RFC3986.
[2026-02-08T18:05:10.925+0000] {base.py:83} INFO - Using connection ID 'google_cloud_default' for task execution.
[2026-02-08T18:05:10.925+0000] {credentials_provider.py:353} INFO - Getting connection using `google.auth.default()` since no explicit credentials are provided.
[2026-02-08T18:05:10.969+0000] {sql.py:450} INFO - Running statement: 
                    SELECT COUNT(*) > 0
                    FROM `prism-486509.bronze.events`
                , parameters: None
[2026-02-08T18:05:10.970+0000] {bigquery.py:1596} INFO - Inserting job ***_1770573910970120_93611ab3681657fb52d80cf37e1df8e0
[2026-02-08T18:05:12.007+0000] {sql.py:788} INFO - Record: [True]
[2026-02-08T18:05:12.008+0000] {sql.py:796} INFO - Success.
[2026-02-08T18:05:12.020+0000] {taskinstance.py:1138} INFO - Marking task as SUCCESS. dag_id=ecommerce_etl_v2, task_id=bronze_layer.check_events_loaded, execution_date=20260208T175941, start_date=20260208T180510, end_date=20260208T180512
[2026-02-08T18:05:12.055+0000] {local_task_job_runner.py:234} INFO - Task exited with return code 0
[2026-02-08T18:05:12.067+0000] {taskinstance.py:3280} INFO - 0 downstream tasks scheduled from follow-on schedule check
