[2026-02-09T09:49:12.601+0000] {taskinstance.py:1956} INFO - Dependencies all met for dep_context=non-requeueable deps ti=<TaskInstance: ecommerce_etl_v2.bronze_layer.check_order_items_loaded manual__2026-02-09T09:26:48.203100+00:00 [queued]>
[2026-02-09T09:49:12.606+0000] {taskinstance.py:1956} INFO - Dependencies all met for dep_context=requeueable deps ti=<TaskInstance: ecommerce_etl_v2.bronze_layer.check_order_items_loaded manual__2026-02-09T09:26:48.203100+00:00 [queued]>
[2026-02-09T09:49:12.606+0000] {taskinstance.py:2170} INFO - Starting attempt 2 of 4
[2026-02-09T09:49:12.613+0000] {taskinstance.py:2191} INFO - Executing <Task(BigQueryCheckOperator): bronze_layer.check_order_items_loaded> on 2026-02-09 09:26:48.203100+00:00
[2026-02-09T09:49:12.617+0000] {standard_task_runner.py:60} INFO - Started process 20923 to run task
[2026-02-09T09:49:12.619+0000] {standard_task_runner.py:87} INFO - Running: ['***', 'tasks', 'run', 'ecommerce_etl_v2', 'bronze_layer.check_order_items_loaded', 'manual__2026-02-09T09:26:48.203100+00:00', '--job-id', '1673', '--raw', '--subdir', 'DAGS_FOLDER/etl_dag.py', '--cfg-path', '/tmp/tmp3bpmpmiw']
[2026-02-09T09:49:12.621+0000] {standard_task_runner.py:88} INFO - Job 1673: Subtask bronze_layer.check_order_items_loaded
[2026-02-09T09:49:12.646+0000] {task_command.py:423} INFO - Running <TaskInstance: ecommerce_etl_v2.bronze_layer.check_order_items_loaded manual__2026-02-09T09:26:48.203100+00:00 [running]> on host 707cd2e8ef6b
[2026-02-09T09:49:12.688+0000] {taskinstance.py:2480} INFO - Exporting env vars: AIRFLOW_CTX_DAG_EMAIL='data-team@company.com' AIRFLOW_CTX_DAG_OWNER='data_engineering' AIRFLOW_CTX_DAG_ID='ecommerce_etl_v2' AIRFLOW_CTX_TASK_ID='bronze_layer.check_order_items_loaded' AIRFLOW_CTX_EXECUTION_DATE='2026-02-09T09:26:48.203100+00:00' AIRFLOW_CTX_TRY_NUMBER='2' AIRFLOW_CTX_DAG_RUN_ID='manual__2026-02-09T09:26:48.203100+00:00'
[2026-02-09T09:49:12.689+0000] {sql.py:785} INFO - Executing SQL check: 
                    SELECT COUNT(*) > 0
                    FROM `prism-486509.bronze.order_items`
                
[2026-02-09T09:49:12.693+0000] {connection.py:234} WARNING - Connection schemes (type: google_cloud_platform) shall not contain '_' according to RFC3986.
[2026-02-09T09:49:12.693+0000] {base.py:83} INFO - Using connection ID 'google_cloud_default' for task execution.
[2026-02-09T09:49:12.694+0000] {credentials_provider.py:353} INFO - Getting connection using `google.auth.default()` since no explicit credentials are provided.
[2026-02-09T09:49:12.736+0000] {sql.py:450} INFO - Running statement: 
                    SELECT COUNT(*) > 0
                    FROM `prism-486509.bronze.order_items`
                , parameters: None
[2026-02-09T09:49:12.737+0000] {bigquery.py:1596} INFO - Inserting job ***_1770630552737235_de0ba258e3b35f85aba19bbdae998b94
[2026-02-09T09:49:13.925+0000] {sql.py:788} INFO - Record: [True]
[2026-02-09T09:49:13.926+0000] {sql.py:796} INFO - Success.
[2026-02-09T09:49:13.930+0000] {taskinstance.py:1138} INFO - Marking task as SUCCESS. dag_id=ecommerce_etl_v2, task_id=bronze_layer.check_order_items_loaded, execution_date=20260209T092648, start_date=20260209T094912, end_date=20260209T094913
[2026-02-09T09:49:13.949+0000] {local_task_job_runner.py:234} INFO - Task exited with return code 0
[2026-02-09T09:49:13.958+0000] {taskinstance.py:3280} INFO - 0 downstream tasks scheduled from follow-on schedule check
