[2026-02-09T02:35:45.408+0000] {taskinstance.py:1956} INFO - Dependencies all met for dep_context=non-requeueable deps ti=<TaskInstance: ecommerce_etl_v2.silver_setup.create_silver_events scheduled__2026-02-08T02:00:00+00:00 [queued]>
[2026-02-09T02:35:45.418+0000] {taskinstance.py:1956} INFO - Dependencies all met for dep_context=requeueable deps ti=<TaskInstance: ecommerce_etl_v2.silver_setup.create_silver_events scheduled__2026-02-08T02:00:00+00:00 [queued]>
[2026-02-09T02:35:45.419+0000] {taskinstance.py:2170} INFO - Starting attempt 1 of 3
[2026-02-09T02:35:45.429+0000] {taskinstance.py:2191} INFO - Executing <Task(BigQueryCreateEmptyTableOperator): silver_setup.create_silver_events> on 2026-02-08 02:00:00+00:00
[2026-02-09T02:35:45.445+0000] {standard_task_runner.py:60} INFO - Started process 8157 to run task
[2026-02-09T02:35:45.454+0000] {standard_task_runner.py:87} INFO - Running: ['***', 'tasks', 'run', 'ecommerce_etl_v2', 'silver_setup.create_silver_events', 'scheduled__2026-02-08T02:00:00+00:00', '--job-id', '1410', '--raw', '--subdir', 'DAGS_FOLDER/etl_dag.py', '--cfg-path', '/tmp/tmpmlz2l_er']
[2026-02-09T02:35:45.482+0000] {standard_task_runner.py:88} INFO - Job 1410: Subtask silver_setup.create_silver_events
[2026-02-09T02:35:45.550+0000] {task_command.py:423} INFO - Running <TaskInstance: ecommerce_etl_v2.silver_setup.create_silver_events scheduled__2026-02-08T02:00:00+00:00 [running]> on host 707cd2e8ef6b
[2026-02-09T02:35:45.653+0000] {taskinstance.py:2480} INFO - Exporting env vars: AIRFLOW_CTX_DAG_EMAIL='data-team@company.com' AIRFLOW_CTX_DAG_OWNER='data_engineering' AIRFLOW_CTX_DAG_ID='ecommerce_etl_v2' AIRFLOW_CTX_TASK_ID='silver_setup.create_silver_events' AIRFLOW_CTX_EXECUTION_DATE='2026-02-08T02:00:00+00:00' AIRFLOW_CTX_TRY_NUMBER='1' AIRFLOW_CTX_DAG_RUN_ID='scheduled__2026-02-08T02:00:00+00:00'
[2026-02-09T02:35:45.663+0000] {connection.py:234} WARNING - Connection schemes (type: google_cloud_platform) shall not contain '_' according to RFC3986.
[2026-02-09T02:35:45.664+0000] {base.py:83} INFO - Using connection ID 'google_cloud_default' for task execution.
[2026-02-09T02:35:45.665+0000] {bigquery.py:1514} INFO - Creating table
[2026-02-09T02:35:45.666+0000] {credentials_provider.py:353} INFO - Getting connection using `google.auth.default()` since no explicit credentials are provided.
[2026-02-09T02:35:46.032+0000] {bigquery.py:1536} INFO - Table prism-486509.silver.events created successfully
[2026-02-09T02:35:46.043+0000] {taskinstance.py:1138} INFO - Marking task as SUCCESS. dag_id=ecommerce_etl_v2, task_id=silver_setup.create_silver_events, execution_date=20260208T020000, start_date=20260209T023545, end_date=20260209T023546
[2026-02-09T02:35:46.086+0000] {local_task_job_runner.py:234} INFO - Task exited with return code 0
[2026-02-09T02:35:46.095+0000] {taskinstance.py:3280} INFO - 0 downstream tasks scheduled from follow-on schedule check
[2026-02-09T09:42:40.599+0000] {taskinstance.py:1956} INFO - Dependencies all met for dep_context=non-requeueable deps ti=<TaskInstance: ecommerce_etl_v2.silver_setup.create_silver_events scheduled__2026-02-08T02:00:00+00:00 [queued]>
[2026-02-09T09:42:40.612+0000] {taskinstance.py:1956} INFO - Dependencies all met for dep_context=requeueable deps ti=<TaskInstance: ecommerce_etl_v2.silver_setup.create_silver_events scheduled__2026-02-08T02:00:00+00:00 [queued]>
[2026-02-09T09:42:40.613+0000] {taskinstance.py:2170} INFO - Starting attempt 1 of 3
[2026-02-09T09:42:40.624+0000] {taskinstance.py:2191} INFO - Executing <Task(BigQueryCreateEmptyTableOperator): silver_setup.create_silver_events> on 2026-02-08 02:00:00+00:00
[2026-02-09T09:42:40.632+0000] {standard_task_runner.py:60} INFO - Started process 18692 to run task
[2026-02-09T09:42:40.645+0000] {standard_task_runner.py:87} INFO - Running: ['***', 'tasks', 'run', 'ecommerce_etl_v2', 'silver_setup.create_silver_events', 'scheduled__2026-02-08T02:00:00+00:00', '--job-id', '1604', '--raw', '--subdir', 'DAGS_FOLDER/etl_dag.py', '--cfg-path', '/tmp/tmpwqb7ptl_']
[2026-02-09T09:42:40.655+0000] {standard_task_runner.py:88} INFO - Job 1604: Subtask silver_setup.create_silver_events
[2026-02-09T09:42:40.733+0000] {task_command.py:423} INFO - Running <TaskInstance: ecommerce_etl_v2.silver_setup.create_silver_events scheduled__2026-02-08T02:00:00+00:00 [running]> on host 707cd2e8ef6b
[2026-02-09T09:42:40.844+0000] {taskinstance.py:2480} INFO - Exporting env vars: AIRFLOW_CTX_DAG_EMAIL='data-team@company.com' AIRFLOW_CTX_DAG_OWNER='data_engineering' AIRFLOW_CTX_DAG_ID='ecommerce_etl_v2' AIRFLOW_CTX_TASK_ID='silver_setup.create_silver_events' AIRFLOW_CTX_EXECUTION_DATE='2026-02-08T02:00:00+00:00' AIRFLOW_CTX_TRY_NUMBER='1' AIRFLOW_CTX_DAG_RUN_ID='scheduled__2026-02-08T02:00:00+00:00'
[2026-02-09T09:42:40.852+0000] {connection.py:234} WARNING - Connection schemes (type: google_cloud_platform) shall not contain '_' according to RFC3986.
[2026-02-09T09:42:40.855+0000] {base.py:83} INFO - Using connection ID 'google_cloud_default' for task execution.
[2026-02-09T09:42:40.858+0000] {bigquery.py:1514} INFO - Creating table
[2026-02-09T09:42:40.859+0000] {credentials_provider.py:353} INFO - Getting connection using `google.auth.default()` since no explicit credentials are provided.
[2026-02-09T09:42:41.373+0000] {bigquery.py:1536} INFO - Table prism-486509.silver.events created successfully
[2026-02-09T09:42:41.385+0000] {taskinstance.py:1138} INFO - Marking task as SUCCESS. dag_id=ecommerce_etl_v2, task_id=silver_setup.create_silver_events, execution_date=20260208T020000, start_date=20260209T094240, end_date=20260209T094241
[2026-02-09T09:42:41.402+0000] {local_task_job_runner.py:234} INFO - Task exited with return code 0
[2026-02-09T09:42:41.412+0000] {taskinstance.py:3280} INFO - 0 downstream tasks scheduled from follow-on schedule check
[2026-02-09T10:03:24.001+0000] {taskinstance.py:1956} INFO - Dependencies all met for dep_context=non-requeueable deps ti=<TaskInstance: ecommerce_etl_v2.silver_setup.create_silver_events scheduled__2026-02-08T02:00:00+00:00 [queued]>
[2026-02-09T10:03:24.014+0000] {taskinstance.py:1956} INFO - Dependencies all met for dep_context=requeueable deps ti=<TaskInstance: ecommerce_etl_v2.silver_setup.create_silver_events scheduled__2026-02-08T02:00:00+00:00 [queued]>
[2026-02-09T10:03:24.015+0000] {taskinstance.py:2170} INFO - Starting attempt 1 of 3
[2026-02-09T10:03:24.040+0000] {taskinstance.py:2191} INFO - Executing <Task(BigQueryCreateEmptyTableOperator): silver_setup.create_silver_events> on 2026-02-08 02:00:00+00:00
[2026-02-09T10:03:24.053+0000] {standard_task_runner.py:60} INFO - Started process 22948 to run task
[2026-02-09T10:03:24.063+0000] {standard_task_runner.py:87} INFO - Running: ['***', 'tasks', 'run', 'ecommerce_etl_v2', 'silver_setup.create_silver_events', 'scheduled__2026-02-08T02:00:00+00:00', '--job-id', '1703', '--raw', '--subdir', 'DAGS_FOLDER/etl_dag.py', '--cfg-path', '/tmp/tmpmwg9t72m']
[2026-02-09T10:03:24.070+0000] {standard_task_runner.py:88} INFO - Job 1703: Subtask silver_setup.create_silver_events
[2026-02-09T10:03:24.129+0000] {task_command.py:423} INFO - Running <TaskInstance: ecommerce_etl_v2.silver_setup.create_silver_events scheduled__2026-02-08T02:00:00+00:00 [running]> on host 707cd2e8ef6b
[2026-02-09T10:03:24.206+0000] {taskinstance.py:2480} INFO - Exporting env vars: AIRFLOW_CTX_DAG_EMAIL='data-team@company.com' AIRFLOW_CTX_DAG_OWNER='data_engineering' AIRFLOW_CTX_DAG_ID='ecommerce_etl_v2' AIRFLOW_CTX_TASK_ID='silver_setup.create_silver_events' AIRFLOW_CTX_EXECUTION_DATE='2026-02-08T02:00:00+00:00' AIRFLOW_CTX_TRY_NUMBER='1' AIRFLOW_CTX_DAG_RUN_ID='scheduled__2026-02-08T02:00:00+00:00'
[2026-02-09T10:03:24.216+0000] {connection.py:234} WARNING - Connection schemes (type: google_cloud_platform) shall not contain '_' according to RFC3986.
[2026-02-09T10:03:24.217+0000] {base.py:83} INFO - Using connection ID 'google_cloud_default' for task execution.
[2026-02-09T10:03:24.217+0000] {bigquery.py:1514} INFO - Creating table
[2026-02-09T10:03:24.217+0000] {credentials_provider.py:353} INFO - Getting connection using `google.auth.default()` since no explicit credentials are provided.
[2026-02-09T10:03:24.770+0000] {bigquery.py:1536} INFO - Table prism-486509.silver.events created successfully
[2026-02-09T10:03:24.781+0000] {taskinstance.py:1138} INFO - Marking task as SUCCESS. dag_id=ecommerce_etl_v2, task_id=silver_setup.create_silver_events, execution_date=20260208T020000, start_date=20260209T100324, end_date=20260209T100324
[2026-02-09T10:03:24.821+0000] {local_task_job_runner.py:234} INFO - Task exited with return code 0
[2026-02-09T10:03:24.833+0000] {taskinstance.py:3280} INFO - 0 downstream tasks scheduled from follow-on schedule check
[2026-02-09T17:04:15.318+0000] {taskinstance.py:1956} INFO - Dependencies all met for dep_context=non-requeueable deps ti=<TaskInstance: ecommerce_etl_v2.silver_setup.create_silver_events scheduled__2026-02-08T02:00:00+00:00 [queued]>
[2026-02-09T17:04:15.325+0000] {taskinstance.py:1956} INFO - Dependencies all met for dep_context=requeueable deps ti=<TaskInstance: ecommerce_etl_v2.silver_setup.create_silver_events scheduled__2026-02-08T02:00:00+00:00 [queued]>
[2026-02-09T17:04:15.325+0000] {taskinstance.py:2170} INFO - Starting attempt 1 of 3
[2026-02-09T17:04:15.337+0000] {taskinstance.py:2191} INFO - Executing <Task(BigQueryCreateEmptyTableOperator): silver_setup.create_silver_events> on 2026-02-08 02:00:00+00:00
[2026-02-09T17:04:15.343+0000] {standard_task_runner.py:60} INFO - Started process 612 to run task
[2026-02-09T17:04:15.350+0000] {standard_task_runner.py:87} INFO - Running: ['***', 'tasks', 'run', 'ecommerce_etl_v2', 'silver_setup.create_silver_events', 'scheduled__2026-02-08T02:00:00+00:00', '--job-id', '12', '--raw', '--subdir', 'DAGS_FOLDER/etl_dag.py', '--cfg-path', '/tmp/tmpq7286rlz']
[2026-02-09T17:04:15.354+0000] {standard_task_runner.py:88} INFO - Job 12: Subtask silver_setup.create_silver_events
[2026-02-09T17:04:15.406+0000] {task_command.py:423} INFO - Running <TaskInstance: ecommerce_etl_v2.silver_setup.create_silver_events scheduled__2026-02-08T02:00:00+00:00 [running]> on host 5d242a8c4230
[2026-02-09T17:04:15.456+0000] {taskinstance.py:2480} INFO - Exporting env vars: AIRFLOW_CTX_DAG_EMAIL='data-team@company.com' AIRFLOW_CTX_DAG_OWNER='data_engineering' AIRFLOW_CTX_DAG_ID='ecommerce_etl_v2' AIRFLOW_CTX_TASK_ID='silver_setup.create_silver_events' AIRFLOW_CTX_EXECUTION_DATE='2026-02-08T02:00:00+00:00' AIRFLOW_CTX_TRY_NUMBER='1' AIRFLOW_CTX_DAG_RUN_ID='scheduled__2026-02-08T02:00:00+00:00'
[2026-02-09T17:04:15.462+0000] {connection.py:234} WARNING - Connection schemes (type: google_cloud_platform) shall not contain '_' according to RFC3986.
[2026-02-09T17:04:15.462+0000] {base.py:83} INFO - Using connection ID 'google_cloud_default' for task execution.
[2026-02-09T17:04:15.463+0000] {bigquery.py:1514} INFO - Creating table
[2026-02-09T17:04:15.463+0000] {credentials_provider.py:353} INFO - Getting connection using `google.auth.default()` since no explicit credentials are provided.
[2026-02-09T17:04:15.832+0000] {bigquery.py:1536} INFO - Table prism-486509.silver.events created successfully
[2026-02-09T17:04:15.846+0000] {taskinstance.py:1138} INFO - Marking task as SUCCESS. dag_id=ecommerce_etl_v2, task_id=silver_setup.create_silver_events, execution_date=20260208T020000, start_date=20260209T170415, end_date=20260209T170415
[2026-02-09T17:04:15.860+0000] {local_task_job_runner.py:234} INFO - Task exited with return code 0
[2026-02-09T17:04:15.886+0000] {taskinstance.py:3280} INFO - 0 downstream tasks scheduled from follow-on schedule check
