[2026-02-09T12:25:17.659+0000] {taskinstance.py:1956} INFO - Dependencies all met for dep_context=non-requeueable deps ti=<TaskInstance: ecommerce_etl_v2.load_order_items manual__2026-02-09T12:25:16.555665+00:00 [queued]>
[2026-02-09T12:25:17.664+0000] {taskinstance.py:1956} INFO - Dependencies all met for dep_context=requeueable deps ti=<TaskInstance: ecommerce_etl_v2.load_order_items manual__2026-02-09T12:25:16.555665+00:00 [queued]>
[2026-02-09T12:25:17.664+0000] {taskinstance.py:2170} INFO - Starting attempt 1 of 3
[2026-02-09T12:25:17.682+0000] {taskinstance.py:2191} INFO - Executing <Task(PythonOperator): load_order_items> on 2026-02-09 12:25:16.555665+00:00
[2026-02-09T12:25:17.687+0000] {standard_task_runner.py:60} INFO - Started process 46690 to run task
[2026-02-09T12:25:17.693+0000] {standard_task_runner.py:87} INFO - Running: ['***', 'tasks', 'run', 'ecommerce_etl_v2', 'load_order_items', 'manual__2026-02-09T12:25:16.555665+00:00', '--job-id', '2222', '--raw', '--subdir', 'DAGS_FOLDER/etl_dag.py', '--cfg-path', '/tmp/tmp02ms_oye']
[2026-02-09T12:25:17.700+0000] {standard_task_runner.py:88} INFO - Job 2222: Subtask load_order_items
[2026-02-09T12:25:17.740+0000] {task_command.py:423} INFO - Running <TaskInstance: ecommerce_etl_v2.load_order_items manual__2026-02-09T12:25:16.555665+00:00 [running]> on host 707cd2e8ef6b
[2026-02-09T12:25:17.809+0000] {taskinstance.py:2480} INFO - Exporting env vars: AIRFLOW_CTX_DAG_EMAIL='data-team@company.com' AIRFLOW_CTX_DAG_OWNER='data_engineering' AIRFLOW_CTX_DAG_ID='ecommerce_etl_v2' AIRFLOW_CTX_TASK_ID='load_order_items' AIRFLOW_CTX_EXECUTION_DATE='2026-02-09T12:25:16.555665+00:00' AIRFLOW_CTX_TRY_NUMBER='1' AIRFLOW_CTX_DAG_RUN_ID='manual__2026-02-09T12:25:16.555665+00:00'
[2026-02-09T12:25:32.783+0000] {local_task_job_runner.py:302} WARNING - State of this instance has been externally set to None. Terminating instance.
[2026-02-09T12:25:32.785+0000] {process_utils.py:131} INFO - Sending 15 to group 46690. PIDs of all processes in the group: [46690]
[2026-02-09T12:25:32.785+0000] {process_utils.py:86} INFO - Sending the signal 15 to group 46690
[2026-02-09T12:25:32.786+0000] {taskinstance.py:2450} ERROR - Received SIGTERM. Terminating subprocesses.
[2026-02-09T12:25:32.793+0000] {taskinstance.py:2698} ERROR - Task failed with exception
Traceback (most recent call last):
  File "/home/airflow/.local/lib/python3.8/site-packages/airflow/models/taskinstance.py", line 433, in _execute_task
    result = execute_callable(context=context, **execute_callable_kwargs)
  File "/home/airflow/.local/lib/python3.8/site-packages/airflow/operators/python.py", line 199, in execute
    return_value = self.execute_callable()
  File "/home/airflow/.local/lib/python3.8/site-packages/airflow/operators/python.py", line 216, in execute_callable
    return self.python_callable(*self.op_args, **self.op_kwargs)
  File "/opt/airflow/dags/etl_dag.py", line 104, in load_bronze_with_ingestion_date
    df.to_gbq(
  File "/home/airflow/.local/lib/python3.8/site-packages/pandas/core/frame.py", line 2088, in to_gbq
    gbq.to_gbq(
  File "/home/airflow/.local/lib/python3.8/site-packages/pandas/io/gbq.py", line 215, in to_gbq
    pandas_gbq.to_gbq(
  File "/home/airflow/.local/lib/python3.8/site-packages/pandas_gbq/gbq.py", line 1238, in to_gbq
    connector.load_data(
  File "/home/airflow/.local/lib/python3.8/site-packages/pandas_gbq/gbq.py", line 604, in load_data
    chunks = load.load_chunks(
  File "/home/airflow/.local/lib/python3.8/site-packages/pandas_gbq/load.py", line 243, in load_chunks
    load_parquet(
  File "/home/airflow/.local/lib/python3.8/site-packages/pandas_gbq/load.py", line 131, in load_parquet
    client.load_table_from_dataframe(
  File "/home/airflow/.local/lib/python3.8/site-packages/google/cloud/bigquery/client.py", line 2727, in load_table_from_dataframe
    return self.load_table_from_file(
  File "/home/airflow/.local/lib/python3.8/site-packages/google/cloud/bigquery/client.py", line 2487, in load_table_from_file
    response = self._do_resumable_upload(
  File "/home/airflow/.local/lib/python3.8/site-packages/google/cloud/bigquery/client.py", line 2894, in _do_resumable_upload
    response = upload.transmit_next_chunk(transport, timeout=timeout)
  File "/home/airflow/.local/lib/python3.8/site-packages/google/resumable_media/requests/upload.py", line 515, in transmit_next_chunk
    return _request_helpers.wait_and_retry(
  File "/home/airflow/.local/lib/python3.8/site-packages/google/resumable_media/requests/_request_helpers.py", line 155, in wait_and_retry
    response = func()
  File "/home/airflow/.local/lib/python3.8/site-packages/google/resumable_media/requests/upload.py", line 507, in retriable_request
    result = transport.request(
  File "/home/airflow/.local/lib/python3.8/site-packages/google/auth/transport/requests.py", line 541, in request
    response = super(AuthorizedSession, self).request(
  File "/home/airflow/.local/lib/python3.8/site-packages/requests/sessions.py", line 589, in request
    resp = self.send(prep, **send_kwargs)
  File "/home/airflow/.local/lib/python3.8/site-packages/requests/sessions.py", line 703, in send
    r = adapter.send(request, **kwargs)
  File "/home/airflow/.local/lib/python3.8/site-packages/requests/adapters.py", line 486, in send
    resp = conn.urlopen(
  File "/home/airflow/.local/lib/python3.8/site-packages/urllib3/connectionpool.py", line 715, in urlopen
    httplib_response = self._make_request(
  File "/home/airflow/.local/lib/python3.8/site-packages/urllib3/connectionpool.py", line 467, in _make_request
    six.raise_from(e, None)
  File "<string>", line 3, in raise_from
  File "/home/airflow/.local/lib/python3.8/site-packages/urllib3/connectionpool.py", line 462, in _make_request
    httplib_response = conn.getresponse()
  File "/usr/local/lib/python3.8/http/client.py", line 1348, in getresponse
    response.begin()
  File "/usr/local/lib/python3.8/http/client.py", line 316, in begin
    version, status, reason = self._read_status()
  File "/usr/local/lib/python3.8/http/client.py", line 277, in _read_status
    line = str(self.fp.readline(_MAXLINE + 1), "iso-8859-1")
  File "/usr/local/lib/python3.8/socket.py", line 669, in readinto
    return self._sock.recv_into(b)
  File "/usr/local/lib/python3.8/ssl.py", line 1274, in recv_into
    return self.read(nbytes, buffer)
  File "/usr/local/lib/python3.8/ssl.py", line 1132, in read
    return self._sslobj.read(len, buffer)
  File "/home/airflow/.local/lib/python3.8/site-packages/airflow/models/taskinstance.py", line 2452, in signal_handler
    raise AirflowException("Task received SIGTERM signal")
airflow.exceptions.AirflowException: Task received SIGTERM signal
[2026-02-09T12:25:32.800+0000] {taskinstance.py:1138} INFO - Marking task as UP_FOR_RETRY. dag_id=ecommerce_etl_v2, task_id=load_order_items, execution_date=20260209T122516, start_date=20260209T122517, end_date=20260209T122532
[2026-02-09T12:25:32.810+0000] {standard_task_runner.py:107} ERROR - Failed to execute job 2222 for task load_order_items ((psycopg2.errors.ForeignKeyViolation) insert or update on table "task_fail" violates foreign key constraint "task_fail_ti_fkey"
DETAIL:  Key (dag_id, task_id, run_id, map_index)=(ecommerce_etl_v2, load_order_items, manual__2026-02-09T12:25:16.555665+00:00, -1) is not present in table "task_instance".

[SQL: INSERT INTO task_fail (task_id, dag_id, run_id, map_index, start_date, end_date, duration) VALUES (%(task_id)s, %(dag_id)s, %(run_id)s, %(map_index)s, %(start_date)s, %(end_date)s, %(duration)s) RETURNING task_fail.id]
[parameters: {'task_id': 'load_order_items', 'dag_id': 'ecommerce_etl_v2', 'run_id': 'manual__2026-02-09T12:25:16.555665+00:00', 'map_index': -1, 'start_date': datetime.datetime(2026, 2, 9, 12, 25, 17, 659719, tzinfo=Timezone('UTC')), 'end_date': datetime.datetime(2026, 2, 9, 12, 25, 32, 799833, tzinfo=Timezone('UTC')), 'duration': 15}]
(Background on this error at: https://sqlalche.me/e/14/gkpj); 46690)
[2026-02-09T12:25:32.843+0000] {process_utils.py:79} INFO - Process psutil.Process(pid=46690, status='terminated', exitcode=1, started='12:25:17') (46690) terminated with exit code 1
