[2026-02-09T09:30:24.849+0000] {taskinstance.py:1956} INFO - Dependencies all met for dep_context=non-requeueable deps ti=<TaskInstance: ecommerce_etl_v2.bronze_layer.check_orders_loaded manual__2026-02-09T09:26:48.203100+00:00 [queued]>
[2026-02-09T09:30:24.853+0000] {taskinstance.py:1956} INFO - Dependencies all met for dep_context=requeueable deps ti=<TaskInstance: ecommerce_etl_v2.bronze_layer.check_orders_loaded manual__2026-02-09T09:26:48.203100+00:00 [queued]>
[2026-02-09T09:30:24.854+0000] {taskinstance.py:2170} INFO - Starting attempt 1 of 3
[2026-02-09T09:30:24.859+0000] {taskinstance.py:2191} INFO - Executing <Task(BigQueryCheckOperator): bronze_layer.check_orders_loaded> on 2026-02-09 09:26:48.203100+00:00
[2026-02-09T09:30:24.862+0000] {standard_task_runner.py:60} INFO - Started process 16497 to run task
[2026-02-09T09:30:24.865+0000] {standard_task_runner.py:87} INFO - Running: ['***', 'tasks', 'run', 'ecommerce_etl_v2', 'bronze_layer.check_orders_loaded', 'manual__2026-02-09T09:26:48.203100+00:00', '--job-id', '1562', '--raw', '--subdir', 'DAGS_FOLDER/etl_dag.py', '--cfg-path', '/tmp/tmpq8xq20o7']
[2026-02-09T09:30:24.866+0000] {standard_task_runner.py:88} INFO - Job 1562: Subtask bronze_layer.check_orders_loaded
[2026-02-09T09:30:24.887+0000] {task_command.py:423} INFO - Running <TaskInstance: ecommerce_etl_v2.bronze_layer.check_orders_loaded manual__2026-02-09T09:26:48.203100+00:00 [running]> on host 707cd2e8ef6b
[2026-02-09T09:30:24.921+0000] {taskinstance.py:2480} INFO - Exporting env vars: AIRFLOW_CTX_DAG_EMAIL='data-team@company.com' AIRFLOW_CTX_DAG_OWNER='data_engineering' AIRFLOW_CTX_DAG_ID='ecommerce_etl_v2' AIRFLOW_CTX_TASK_ID='bronze_layer.check_orders_loaded' AIRFLOW_CTX_EXECUTION_DATE='2026-02-09T09:26:48.203100+00:00' AIRFLOW_CTX_TRY_NUMBER='1' AIRFLOW_CTX_DAG_RUN_ID='manual__2026-02-09T09:26:48.203100+00:00'
[2026-02-09T09:30:24.921+0000] {sql.py:785} INFO - Executing SQL check: 
                    SELECT COUNT(*) > 0
                    FROM `prism-486509.bronze.orders`
                
[2026-02-09T09:30:24.925+0000] {connection.py:234} WARNING - Connection schemes (type: google_cloud_platform) shall not contain '_' according to RFC3986.
[2026-02-09T09:30:24.925+0000] {base.py:83} INFO - Using connection ID 'google_cloud_default' for task execution.
[2026-02-09T09:30:24.925+0000] {credentials_provider.py:353} INFO - Getting connection using `google.auth.default()` since no explicit credentials are provided.
[2026-02-09T09:30:24.966+0000] {sql.py:450} INFO - Running statement: 
                    SELECT COUNT(*) > 0
                    FROM `prism-486509.bronze.orders`
                , parameters: None
[2026-02-09T09:30:24.966+0000] {bigquery.py:1596} INFO - Inserting job ***_1770629424966463_43e3af77a94784a697f190aca075874d
[2026-02-09T09:30:26.167+0000] {sql.py:788} INFO - Record: [True]
[2026-02-09T09:30:26.168+0000] {sql.py:796} INFO - Success.
[2026-02-09T09:30:26.174+0000] {taskinstance.py:1138} INFO - Marking task as SUCCESS. dag_id=ecommerce_etl_v2, task_id=bronze_layer.check_orders_loaded, execution_date=20260209T092648, start_date=20260209T093024, end_date=20260209T093026
[2026-02-09T09:30:26.225+0000] {local_task_job_runner.py:234} INFO - Task exited with return code 0
[2026-02-09T09:30:26.237+0000] {taskinstance.py:3280} INFO - 0 downstream tasks scheduled from follow-on schedule check
