[2026-02-15T13:55:51.399+0000] {taskinstance.py:1956} INFO - Dependencies all met for dep_context=non-requeueable deps ti=<TaskInstance: ecommerce_etl_v2.extract.extract_from_kaggle scheduled__2026-02-14T13:00:00+00:00 [queued]>
[2026-02-15T13:55:51.405+0000] {taskinstance.py:1956} INFO - Dependencies all met for dep_context=requeueable deps ti=<TaskInstance: ecommerce_etl_v2.extract.extract_from_kaggle scheduled__2026-02-14T13:00:00+00:00 [queued]>
[2026-02-15T13:55:51.405+0000] {taskinstance.py:2170} INFO - Starting attempt 2 of 3
[2026-02-15T13:55:51.412+0000] {taskinstance.py:2191} INFO - Executing <Task(PythonOperator): extract.extract_from_kaggle> on 2026-02-14 13:00:00+00:00
[2026-02-15T13:55:51.416+0000] {standard_task_runner.py:60} INFO - Started process 26735 to run task
[2026-02-15T13:55:51.421+0000] {standard_task_runner.py:87} INFO - Running: ['***', 'tasks', 'run', 'ecommerce_etl_v2', 'extract.extract_from_kaggle', 'scheduled__2026-02-14T13:00:00+00:00', '--job-id', '2332', '--raw', '--subdir', 'DAGS_FOLDER/etl_dag.py', '--cfg-path', '/tmp/tmpf63062em']
[2026-02-15T13:55:51.424+0000] {standard_task_runner.py:88} INFO - Job 2332: Subtask extract.extract_from_kaggle
[2026-02-15T13:55:51.462+0000] {task_command.py:423} INFO - Running <TaskInstance: ecommerce_etl_v2.extract.extract_from_kaggle scheduled__2026-02-14T13:00:00+00:00 [running]> on host 89ab86e4d295
[2026-02-15T13:55:51.512+0000] {taskinstance.py:2480} INFO - Exporting env vars: AIRFLOW_CTX_DAG_EMAIL='data-team@company.com' AIRFLOW_CTX_DAG_OWNER='data_engineering' AIRFLOW_CTX_DAG_ID='ecommerce_etl_v2' AIRFLOW_CTX_TASK_ID='extract.extract_from_kaggle' AIRFLOW_CTX_EXECUTION_DATE='2026-02-14T13:00:00+00:00' AIRFLOW_CTX_TRY_NUMBER='2' AIRFLOW_CTX_DAG_RUN_ID='scheduled__2026-02-14T13:00:00+00:00'
[2026-02-15T13:55:51.521+0000] {logging_mixin.py:188} INFO - Starting Kaggle dataset download...
[2026-02-15T13:55:51.525+0000] {logging_mixin.py:188} INFO - Warning: Your Kaggle API key is readable by other users on this system! To fix this, you can run 'chmod 600 /home/***/.kaggle/kaggle.json'
[2026-02-15T13:55:51.529+0000] {logging_mixin.py:188} INFO - Dataset URL: https://www.kaggle.com/datasets/mustafakeser4/looker-ecommerce-bigquery-dataset
[2026-02-15T13:55:52.568+0000] {logging_mixin.py:188} INFO - Downloading looker-ecommerce-bigquery-dataset.zip to /tmp/bronze_temp
[2026-02-15T13:55:52.571+0000] {logging_mixin.py:188} WARNING -   0%|          | 0.00/162M [00:00<?, ?B/s]
[2026-02-15T13:55:53.861+0000] {logging_mixin.py:188} WARNING -   1%|          | 1.00M/162M [00:01<03:27, 814kB/s]
[2026-02-15T13:55:54.572+0000] {logging_mixin.py:188} WARNING -   1%|1         | 2.00M/162M [00:01<02:32, 1.11MB/s]
[2026-02-15T13:56:12.813+0000] {logging_mixin.py:188} WARNING -   1%|1         | 2.00M/162M [00:20<02:32, 1.11MB/s]
[2026-02-15T14:13:54.680+0000] {logging_mixin.py:188} WARNING -   2%|1         | 2.90M/162M [18:02<22:51:38, 2.03kB/s]
[2026-02-15T14:13:54.680+0000] {logging_mixin.py:188} WARNING -   2%|1         | 2.90M/162M [18:02<16:29:58, 2.81kB/s]
[2026-02-15T14:13:54.681+0000] {taskinstance.py:2698} ERROR - Task failed with exception
Traceback (most recent call last):
  File "/home/airflow/.local/lib/python3.8/site-packages/kaggle/api/kaggle_api_extended.py", line 1508, in dataset_download_files
    with zipfile.ZipFile(outfile) as z:
  File "/usr/local/lib/python3.8/zipfile.py", line 1269, in __init__
    self._RealGetContents()
  File "/usr/local/lib/python3.8/zipfile.py", line 1336, in _RealGetContents
    raise BadZipFile("File is not a zip file")
zipfile.BadZipFile: File is not a zip file

During handling of the above exception, another exception occurred:

Traceback (most recent call last):
  File "/home/airflow/.local/lib/python3.8/site-packages/airflow/models/taskinstance.py", line 433, in _execute_task
    result = execute_callable(context=context, **execute_callable_kwargs)
  File "/home/airflow/.local/lib/python3.8/site-packages/airflow/operators/python.py", line 199, in execute
    return_value = self.execute_callable()
  File "/home/airflow/.local/lib/python3.8/site-packages/airflow/operators/python.py", line 216, in execute_callable
    return self.python_callable(*self.op_args, **self.op_kwargs)
  File "/opt/airflow/src/extract.py", line 38, in extract_data
    api.dataset_download_files(
  File "/home/airflow/.local/lib/python3.8/site-packages/kaggle/api/kaggle_api_extended.py", line 1511, in dataset_download_files
    raise ValueError(
ValueError: ('Bad zip file, please report on www.github.com/kaggle/kaggle-api', BadZipFile('File is not a zip file'))
[2026-02-15T14:13:54.687+0000] {taskinstance.py:1138} INFO - Marking task as UP_FOR_RETRY. dag_id=ecommerce_etl_v2, task_id=extract.extract_from_kaggle, execution_date=20260214T130000, start_date=20260215T135551, end_date=20260215T141354
[2026-02-15T14:13:54.693+0000] {standard_task_runner.py:107} ERROR - Failed to execute job 2332 for task extract.extract_from_kaggle (('Bad zip file, please report on www.github.com/kaggle/kaggle-api', BadZipFile('File is not a zip file')); 26735)
[2026-02-15T14:13:54.735+0000] {local_task_job_runner.py:234} INFO - Task exited with return code 1
[2026-02-15T14:13:54.761+0000] {taskinstance.py:3280} INFO - 0 downstream tasks scheduled from follow-on schedule check
