[2026-02-15T13:28:01.604+0000] {taskinstance.py:1956} INFO - Dependencies all met for dep_context=non-requeueable deps ti=<TaskInstance: ecommerce_etl_v2.extract.extract_from_kaggle scheduled__2026-02-14T13:00:00+00:00 [queued]>
[2026-02-15T13:28:01.609+0000] {taskinstance.py:1956} INFO - Dependencies all met for dep_context=requeueable deps ti=<TaskInstance: ecommerce_etl_v2.extract.extract_from_kaggle scheduled__2026-02-14T13:00:00+00:00 [queued]>
[2026-02-15T13:28:01.609+0000] {taskinstance.py:2170} INFO - Starting attempt 1 of 3
[2026-02-15T13:28:01.618+0000] {taskinstance.py:2191} INFO - Executing <Task(PythonOperator): extract.extract_from_kaggle> on 2026-02-14 13:00:00+00:00
[2026-02-15T13:28:01.622+0000] {standard_task_runner.py:60} INFO - Started process 26644 to run task
[2026-02-15T13:28:01.624+0000] {standard_task_runner.py:87} INFO - Running: ['***', 'tasks', 'run', 'ecommerce_etl_v2', 'extract.extract_from_kaggle', 'scheduled__2026-02-14T13:00:00+00:00', '--job-id', '2327', '--raw', '--subdir', 'DAGS_FOLDER/etl_dag.py', '--cfg-path', '/tmp/tmpzjjvp3hh']
[2026-02-15T13:28:01.626+0000] {standard_task_runner.py:88} INFO - Job 2327: Subtask extract.extract_from_kaggle
[2026-02-15T13:28:01.654+0000] {task_command.py:423} INFO - Running <TaskInstance: ecommerce_etl_v2.extract.extract_from_kaggle scheduled__2026-02-14T13:00:00+00:00 [running]> on host 89ab86e4d295
[2026-02-15T13:28:01.704+0000] {taskinstance.py:2480} INFO - Exporting env vars: AIRFLOW_CTX_DAG_EMAIL='data-team@company.com' AIRFLOW_CTX_DAG_OWNER='data_engineering' AIRFLOW_CTX_DAG_ID='ecommerce_etl_v2' AIRFLOW_CTX_TASK_ID='extract.extract_from_kaggle' AIRFLOW_CTX_EXECUTION_DATE='2026-02-14T13:00:00+00:00' AIRFLOW_CTX_TRY_NUMBER='1' AIRFLOW_CTX_DAG_RUN_ID='scheduled__2026-02-14T13:00:00+00:00'
[2026-02-15T13:28:01.714+0000] {logging_mixin.py:188} INFO - Starting Kaggle dataset download...
[2026-02-15T13:28:01.717+0000] {logging_mixin.py:188} INFO - Warning: Your Kaggle API key is readable by other users on this system! To fix this, you can run 'chmod 600 /home/***/.kaggle/kaggle.json'
[2026-02-15T13:28:01.720+0000] {logging_mixin.py:188} INFO - Dataset URL: https://www.kaggle.com/datasets/mustafakeser4/looker-ecommerce-bigquery-dataset
[2026-02-15T13:28:02.441+0000] {logging_mixin.py:188} INFO - Downloading looker-ecommerce-bigquery-dataset.zip to /tmp/bronze_temp
[2026-02-15T13:28:02.442+0000] {logging_mixin.py:188} WARNING -   0%|          | 0.00/162M [00:00<?, ?B/s]
[2026-02-15T13:28:03.042+0000] {logging_mixin.py:188} WARNING -   1%|          | 1.00M/162M [00:00<01:36, 1.75MB/s]
[2026-02-15T13:28:03.222+0000] {logging_mixin.py:188} WARNING -   2%|1         | 3.00M/162M [00:00<00:35, 4.72MB/s]
[2026-02-15T13:28:03.397+0000] {logging_mixin.py:188} WARNING -   3%|3         | 5.00M/162M [00:00<00:24, 6.86MB/s]
[2026-02-15T13:28:03.560+0000] {logging_mixin.py:188} WARNING -   4%|4         | 7.00M/162M [00:01<00:19, 8.54MB/s]
[2026-02-15T13:28:04.188+0000] {logging_mixin.py:188} WARNING -   5%|4         | 7.59M/162M [00:01<00:35, 4.56MB/s]
[2026-02-15T13:28:04.189+0000] {taskinstance.py:2698} ERROR - Task failed with exception
Traceback (most recent call last):
  File "/home/airflow/.local/lib/python3.8/site-packages/kaggle/api/kaggle_api_extended.py", line 1508, in dataset_download_files
    with zipfile.ZipFile(outfile) as z:
  File "/usr/local/lib/python3.8/zipfile.py", line 1269, in __init__
    self._RealGetContents()
  File "/usr/local/lib/python3.8/zipfile.py", line 1336, in _RealGetContents
    raise BadZipFile("File is not a zip file")
zipfile.BadZipFile: File is not a zip file

During handling of the above exception, another exception occurred:

Traceback (most recent call last):
  File "/home/airflow/.local/lib/python3.8/site-packages/airflow/models/taskinstance.py", line 433, in _execute_task
    result = execute_callable(context=context, **execute_callable_kwargs)
  File "/home/airflow/.local/lib/python3.8/site-packages/airflow/operators/python.py", line 199, in execute
    return_value = self.execute_callable()
  File "/home/airflow/.local/lib/python3.8/site-packages/airflow/operators/python.py", line 216, in execute_callable
    return self.python_callable(*self.op_args, **self.op_kwargs)
  File "/opt/airflow/src/extract.py", line 38, in extract_data
    api.dataset_download_files(
  File "/home/airflow/.local/lib/python3.8/site-packages/kaggle/api/kaggle_api_extended.py", line 1511, in dataset_download_files
    raise ValueError(
ValueError: ('Bad zip file, please report on www.github.com/kaggle/kaggle-api', BadZipFile('File is not a zip file'))
[2026-02-15T13:28:04.197+0000] {taskinstance.py:1138} INFO - Marking task as UP_FOR_RETRY. dag_id=ecommerce_etl_v2, task_id=extract.extract_from_kaggle, execution_date=20260214T130000, start_date=20260215T132801, end_date=20260215T132804
[2026-02-15T13:28:04.206+0000] {standard_task_runner.py:107} ERROR - Failed to execute job 2327 for task extract.extract_from_kaggle (('Bad zip file, please report on www.github.com/kaggle/kaggle-api', BadZipFile('File is not a zip file')); 26644)
[2026-02-15T13:28:04.250+0000] {local_task_job_runner.py:234} INFO - Task exited with return code 1
[2026-02-15T13:28:04.280+0000] {taskinstance.py:3280} INFO - 0 downstream tasks scheduled from follow-on schedule check
