[2026-02-09T15:19:31.360+0000] {taskinstance.py:1956} INFO - Dependencies all met for dep_context=non-requeueable deps ti=<TaskInstance: ecommerce_etl_v2.check_events_loaded manual__2026-02-09T15:12:58.067696+00:00 [queued]>
[2026-02-09T15:19:31.368+0000] {taskinstance.py:1956} INFO - Dependencies all met for dep_context=requeueable deps ti=<TaskInstance: ecommerce_etl_v2.check_events_loaded manual__2026-02-09T15:12:58.067696+00:00 [queued]>
[2026-02-09T15:19:31.368+0000] {taskinstance.py:2170} INFO - Starting attempt 1 of 3
[2026-02-09T15:19:31.375+0000] {taskinstance.py:2191} INFO - Executing <Task(BigQueryCheckOperator): check_events_loaded> on 2026-02-09 15:12:58.067696+00:00
[2026-02-09T15:19:31.378+0000] {standard_task_runner.py:60} INFO - Started process 66447 to run task
[2026-02-09T15:19:31.381+0000] {standard_task_runner.py:87} INFO - Running: ['***', 'tasks', 'run', 'ecommerce_etl_v2', 'check_events_loaded', 'manual__2026-02-09T15:12:58.067696+00:00', '--job-id', '2522', '--raw', '--subdir', 'DAGS_FOLDER/etl_dag.py', '--cfg-path', '/tmp/tmppsf3nwgs']
[2026-02-09T15:19:31.383+0000] {standard_task_runner.py:88} INFO - Job 2522: Subtask check_events_loaded
[2026-02-09T15:19:31.411+0000] {task_command.py:423} INFO - Running <TaskInstance: ecommerce_etl_v2.check_events_loaded manual__2026-02-09T15:12:58.067696+00:00 [running]> on host 707cd2e8ef6b
[2026-02-09T15:19:31.453+0000] {taskinstance.py:2480} INFO - Exporting env vars: AIRFLOW_CTX_DAG_EMAIL='data-team@company.com' AIRFLOW_CTX_DAG_OWNER='data_engineering' AIRFLOW_CTX_DAG_ID='ecommerce_etl_v2' AIRFLOW_CTX_TASK_ID='check_events_loaded' AIRFLOW_CTX_EXECUTION_DATE='2026-02-09T15:12:58.067696+00:00' AIRFLOW_CTX_TRY_NUMBER='1' AIRFLOW_CTX_DAG_RUN_ID='manual__2026-02-09T15:12:58.067696+00:00'
[2026-02-09T15:19:31.454+0000] {sql.py:785} INFO - Executing SQL check: 
                SELECT COUNT(*) > 0
                FROM `prism-486509.bronze.events`
            
[2026-02-09T15:19:31.458+0000] {connection.py:234} WARNING - Connection schemes (type: google_cloud_platform) shall not contain '_' according to RFC3986.
[2026-02-09T15:19:31.459+0000] {base.py:83} INFO - Using connection ID 'google_cloud_default' for task execution.
[2026-02-09T15:19:31.459+0000] {credentials_provider.py:353} INFO - Getting connection using `google.auth.default()` since no explicit credentials are provided.
[2026-02-09T15:19:31.503+0000] {sql.py:450} INFO - Running statement: 
                SELECT COUNT(*) > 0
                FROM `prism-486509.bronze.events`
            , parameters: None
[2026-02-09T15:19:31.504+0000] {bigquery.py:1596} INFO - Inserting job ***_1770650371504442_6a95c6a9e87b5acbc9bb2ba6edc43483
[2026-02-09T15:19:32.566+0000] {sql.py:788} INFO - Record: [True]
[2026-02-09T15:19:32.567+0000] {sql.py:796} INFO - Success.
[2026-02-09T15:19:32.575+0000] {taskinstance.py:1138} INFO - Marking task as SUCCESS. dag_id=ecommerce_etl_v2, task_id=check_events_loaded, execution_date=20260209T151258, start_date=20260209T151931, end_date=20260209T151932
[2026-02-09T15:19:32.624+0000] {local_task_job_runner.py:234} INFO - Task exited with return code 0
[2026-02-09T15:19:32.648+0000] {taskinstance.py:3280} INFO - 0 downstream tasks scheduled from follow-on schedule check
