[2026-02-09T01:20:19.806+0000] {taskinstance.py:1956} INFO - Dependencies all met for dep_context=non-requeueable deps ti=<TaskInstance: ecommerce_etl_v2.silver_layer.transform_products manual__2026-02-09T01:10:13.959737+00:00 [queued]>
[2026-02-09T01:20:19.812+0000] {taskinstance.py:1956} INFO - Dependencies all met for dep_context=requeueable deps ti=<TaskInstance: ecommerce_etl_v2.silver_layer.transform_products manual__2026-02-09T01:10:13.959737+00:00 [queued]>
[2026-02-09T01:20:19.813+0000] {taskinstance.py:2170} INFO - Starting attempt 3 of 3
[2026-02-09T01:20:19.821+0000] {taskinstance.py:2191} INFO - Executing <Task(BigQueryInsertJobOperator): silver_layer.transform_products> on 2026-02-09 01:10:13.959737+00:00
[2026-02-09T01:20:19.825+0000] {standard_task_runner.py:60} INFO - Started process 39335 to run task
[2026-02-09T01:20:19.827+0000] {standard_task_runner.py:87} INFO - Running: ['***', 'tasks', 'run', 'ecommerce_etl_v2', 'silver_layer.transform_products', 'manual__2026-02-09T01:10:13.959737+00:00', '--job-id', '1195', '--raw', '--subdir', 'DAGS_FOLDER/etl_dag.py', '--cfg-path', '/tmp/tmpdjk8unuu']
[2026-02-09T01:20:19.829+0000] {standard_task_runner.py:88} INFO - Job 1195: Subtask silver_layer.transform_products
[2026-02-09T01:20:19.855+0000] {task_command.py:423} INFO - Running <TaskInstance: ecommerce_etl_v2.silver_layer.transform_products manual__2026-02-09T01:10:13.959737+00:00 [running]> on host 52b3fbe2fc57
[2026-02-09T01:20:19.897+0000] {taskinstance.py:2480} INFO - Exporting env vars: AIRFLOW_CTX_DAG_EMAIL='data-team@company.com' AIRFLOW_CTX_DAG_OWNER='data_engineering' AIRFLOW_CTX_DAG_ID='ecommerce_etl_v2' AIRFLOW_CTX_TASK_ID='silver_layer.transform_products' AIRFLOW_CTX_EXECUTION_DATE='2026-02-09T01:10:13.959737+00:00' AIRFLOW_CTX_TRY_NUMBER='3' AIRFLOW_CTX_DAG_RUN_ID='manual__2026-02-09T01:10:13.959737+00:00'
[2026-02-09T01:20:19.901+0000] {connection.py:234} WARNING - Connection schemes (type: google_cloud_platform) shall not contain '_' according to RFC3986.
[2026-02-09T01:20:19.902+0000] {base.py:83} INFO - Using connection ID 'google_cloud_default' for task execution.
[2026-02-09T01:20:19.902+0000] {credentials_provider.py:353} INFO - Getting connection using `google.auth.default()` since no explicit credentials are provided.
[2026-02-09T01:20:19.943+0000] {bigquery.py:2807} INFO - Executing: {'query': {'query': "\nWITH deduplicated_products AS (\n  SELECT\n    *,\n    ROW_NUMBER() OVER (\n      PARTITION BY id\n    ) AS row_num\n  FROM bronze.products\n  WHERE id IS NOT NULL and  WHERE ingestion_date = @run_date  -- keep idempotent by batch\n)\n\nSELECT\n  -- Identifiers\n  SAFE_CAST(id AS INT64) AS product_id,\n  sku,\n\n  -- Descriptive attributes\n  COALESCE(name, 'Unnamed Product') AS product_name,\n  COALESCE(brand, 'Unknown Brand') AS brand_name,\n  COALESCE(category, 'General') AS product_category,\n  department,\n\n  -- Pricing & Cost (using NUMERIC for financial precision)\n  SAFE_CAST(cost AS NUMERIC) AS unit_cost,\n  SAFE_CAST(retail_price AS NUMERIC) AS retail_price,\n\n  -- Distribution\n  SAFE_CAST(distribution_center_id AS INT64) AS dist_center_id,\n\n  -- Business checks\n  SAFE_CAST(retail_price AS NUMERIC) > SAFE_CAST(cost AS NUMERIC)\n    AS is_profitable,\n\n  ROUND(\n    SAFE_CAST(retail_price AS NUMERIC) - SAFE_CAST(cost AS NUMERIC),\n    2\n  ) AS absolute_markup,\n\n  CURRENT_TIMESTAMP() AS ingestion_ts\n\nFROM deduplicated_products\nWHERE row_num = 1;", 'useLegacySql': False, 'destinationTable': {'projectId': 'prism-486509', 'datasetId': 'silver', 'tableId': 'products', 'writeDisposition': 'WRITE_TRUNCATE', 'createDisposition': 'CREATE_IF_NEEDED'}, 'queryParameters': [{'name': 'run_date', 'parameterType': {'type': 'DATE'}, 'parameterValue': {'value': '2026-02-09'}}]}}'
[2026-02-09T01:20:19.944+0000] {bigquery.py:1596} INFO - Inserting job ***_ecommerce_etl_v2_silver_layer_transform_products_2026_02_09T01_10_13_959737_00_00_bbfde3c621fb7e1c6190d8be7d542a4d
[2026-02-09T01:20:20.215+0000] {taskinstance.py:2698} ERROR - Task failed with exception
Traceback (most recent call last):
  File "/home/airflow/.local/lib/python3.8/site-packages/airflow/models/taskinstance.py", line 433, in _execute_task
    result = execute_callable(context=context, **execute_callable_kwargs)
  File "/home/airflow/.local/lib/python3.8/site-packages/airflow/providers/google/cloud/operators/bigquery.py", line 2864, in execute
    job.result(timeout=self.result_timeout, retry=self.result_retry)
  File "/home/airflow/.local/lib/python3.8/site-packages/google/cloud/bigquery/job/query.py", line 1595, in result
    do_get_result()
  File "/home/airflow/.local/lib/python3.8/site-packages/google/cloud/bigquery/job/query.py", line 1584, in do_get_result
    super(QueryJob, self).result(retry=retry, timeout=timeout)
  File "/home/airflow/.local/lib/python3.8/site-packages/google/cloud/bigquery/job/base.py", line 971, in result
    return super(_AsyncJob, self).result(timeout=timeout, **kwargs)
  File "/home/airflow/.local/lib/python3.8/site-packages/google/api_core/future/polling.py", line 261, in result
    raise self._exception
google.api_core.exceptions.BadRequest: 400 Syntax error: Unexpected keyword WHERE at [9:29]; reason: invalidQuery, location: query, message: Syntax error: Unexpected keyword WHERE at [9:29]

Location: europe-west1
Job ID: airflow_ecommerce_etl_v2_silver_layer_transform_products_2026_02_09T01_10_13_959737_00_00_bbfde3c621fb7e1c6190d8be7d542a4d

[2026-02-09T01:20:20.220+0000] {taskinstance.py:1138} INFO - Marking task as FAILED. dag_id=ecommerce_etl_v2, task_id=silver_layer.transform_products, execution_date=20260209T011013, start_date=20260209T012019, end_date=20260209T012020
[2026-02-09T01:20:20.230+0000] {logging_mixin.py:188} WARNING - /home/***/.local/lib/python3.8/site-packages/***/utils/email.py:154 RemovedInAirflow3Warning: Fetching SMTP credentials from configuration variables will be deprecated in a future release. Please set credentials using a connection instead.
[2026-02-09T01:20:20.230+0000] {configuration.py:1046} WARNING - section/key [smtp/smtp_user] not found in config
[2026-02-09T01:20:20.230+0000] {email.py:270} INFO - Email alerting: attempt 1
[2026-02-09T01:20:20.234+0000] {configuration.py:1046} WARNING - section/key [smtp/smtp_user] not found in config
[2026-02-09T01:20:20.234+0000] {email.py:270} INFO - Email alerting: attempt 1
[2026-02-09T01:20:20.235+0000] {taskinstance.py:826} ERROR - Failed to send email to: ['data-team@company.com']
Traceback (most recent call last):
  File "/home/airflow/.local/lib/python3.8/site-packages/airflow/models/taskinstance.py", line 2334, in _run_raw_task
    self._execute_task_with_callbacks(context, test_mode, session=session)
  File "/home/airflow/.local/lib/python3.8/site-packages/airflow/models/taskinstance.py", line 2499, in _execute_task_with_callbacks
    result = self._execute_task(context, task_orig)
  File "/home/airflow/.local/lib/python3.8/site-packages/airflow/models/taskinstance.py", line 2516, in _execute_task
    return _execute_task(self, context, task_orig)
  File "/home/airflow/.local/lib/python3.8/site-packages/airflow/models/taskinstance.py", line 433, in _execute_task
    result = execute_callable(context=context, **execute_callable_kwargs)
  File "/home/airflow/.local/lib/python3.8/site-packages/airflow/providers/google/cloud/operators/bigquery.py", line 2864, in execute
    job.result(timeout=self.result_timeout, retry=self.result_retry)
  File "/home/airflow/.local/lib/python3.8/site-packages/google/cloud/bigquery/job/query.py", line 1595, in result
    do_get_result()
  File "/home/airflow/.local/lib/python3.8/site-packages/google/cloud/bigquery/job/query.py", line 1584, in do_get_result
    super(QueryJob, self).result(retry=retry, timeout=timeout)
  File "/home/airflow/.local/lib/python3.8/site-packages/google/cloud/bigquery/job/base.py", line 971, in result
    return super(_AsyncJob, self).result(timeout=timeout, **kwargs)
  File "/home/airflow/.local/lib/python3.8/site-packages/google/api_core/future/polling.py", line 261, in result
    raise self._exception
google.api_core.exceptions.BadRequest: 400 Syntax error: Unexpected keyword WHERE at [9:29]; reason: invalidQuery, location: query, message: Syntax error: Unexpected keyword WHERE at [9:29]

Location: europe-west1
Job ID: airflow_ecommerce_etl_v2_silver_layer_transform_products_2026_02_09T01_10_13_959737_00_00_bbfde3c621fb7e1c6190d8be7d542a4d


During handling of the above exception, another exception occurred:

Traceback (most recent call last):
  File "/home/airflow/.local/lib/python3.8/site-packages/airflow/models/taskinstance.py", line 1000, in _email_alert
    send_email(task.email, subject, html_content)
  File "/home/airflow/.local/lib/python3.8/site-packages/airflow/utils/email.py", line 80, in send_email
    return backend(
  File "/home/airflow/.local/lib/python3.8/site-packages/airflow/utils/email.py", line 154, in send_email_smtp
    send_mime_email(e_from=mail_from, e_to=recipients, mime_msg=msg, conn_id=conn_id, dryrun=dryrun)
  File "/home/airflow/.local/lib/python3.8/site-packages/airflow/utils/email.py", line 272, in send_mime_email
    smtp_conn = _get_smtp_connection(smtp_host, smtp_port, smtp_timeout, smtp_ssl)
  File "/home/airflow/.local/lib/python3.8/site-packages/airflow/utils/email.py", line 316, in _get_smtp_connection
    return smtplib.SMTP(host=host, port=port, timeout=timeout)
  File "/usr/local/lib/python3.8/smtplib.py", line 255, in __init__
    (code, msg) = self.connect(host, port)
  File "/usr/local/lib/python3.8/smtplib.py", line 339, in connect
    self.sock = self._get_socket(host, port, self.timeout)
  File "/usr/local/lib/python3.8/smtplib.py", line 310, in _get_socket
    return socket.create_connection((host, port), timeout,
  File "/usr/local/lib/python3.8/socket.py", line 808, in create_connection
    raise err
  File "/usr/local/lib/python3.8/socket.py", line 796, in create_connection
    sock.connect(sa)
ConnectionRefusedError: [Errno 111] Connection refused

During handling of the above exception, another exception occurred:

Traceback (most recent call last):
  File "/home/airflow/.local/lib/python3.8/site-packages/airflow/models/taskinstance.py", line 824, in _handle_failure
    task_instance.email_alert(error, failure_context["task"])
  File "/home/airflow/.local/lib/python3.8/site-packages/airflow/models/taskinstance.py", line 2946, in email_alert
    _email_alert(task_instance=self, exception=exception, task=task)
  File "/home/airflow/.local/lib/python3.8/site-packages/airflow/models/taskinstance.py", line 1002, in _email_alert
    send_email(task.email, subject, html_content_err)
  File "/home/airflow/.local/lib/python3.8/site-packages/airflow/utils/email.py", line 80, in send_email
    return backend(
  File "/home/airflow/.local/lib/python3.8/site-packages/airflow/utils/email.py", line 154, in send_email_smtp
    send_mime_email(e_from=mail_from, e_to=recipients, mime_msg=msg, conn_id=conn_id, dryrun=dryrun)
  File "/home/airflow/.local/lib/python3.8/site-packages/airflow/utils/email.py", line 272, in send_mime_email
    smtp_conn = _get_smtp_connection(smtp_host, smtp_port, smtp_timeout, smtp_ssl)
  File "/home/airflow/.local/lib/python3.8/site-packages/airflow/utils/email.py", line 316, in _get_smtp_connection
    return smtplib.SMTP(host=host, port=port, timeout=timeout)
  File "/usr/local/lib/python3.8/smtplib.py", line 255, in __init__
    (code, msg) = self.connect(host, port)
  File "/usr/local/lib/python3.8/smtplib.py", line 339, in connect
    self.sock = self._get_socket(host, port, self.timeout)
  File "/usr/local/lib/python3.8/smtplib.py", line 310, in _get_socket
    return socket.create_connection((host, port), timeout,
  File "/usr/local/lib/python3.8/socket.py", line 808, in create_connection
    raise err
  File "/usr/local/lib/python3.8/socket.py", line 796, in create_connection
    sock.connect(sa)
ConnectionRefusedError: [Errno 111] Connection refused
[2026-02-09T01:20:20.242+0000] {standard_task_runner.py:107} ERROR - Failed to execute job 1195 for task silver_layer.transform_products (400 Syntax error: Unexpected keyword WHERE at [9:29]; reason: invalidQuery, location: query, message: Syntax error: Unexpected keyword WHERE at [9:29]

Location: europe-west1
Job ID: airflow_ecommerce_etl_v2_silver_layer_transform_products_2026_02_09T01_10_13_959737_00_00_bbfde3c621fb7e1c6190d8be7d542a4d
; 39335)
[2026-02-09T01:20:20.255+0000] {local_task_job_runner.py:234} INFO - Task exited with return code 1
[2026-02-09T01:20:20.276+0000] {taskinstance.py:3280} INFO - 0 downstream tasks scheduled from follow-on schedule check
