[2026-02-09T22:35:54.785+0000] {taskinstance.py:1956} INFO - Dependencies all met for dep_context=non-requeueable deps ti=<TaskInstance: ecommerce_etl_v2.check_users_loaded manual__2026-02-09T22:32:20.587070+00:00 [queued]>
[2026-02-09T22:35:54.790+0000] {taskinstance.py:1956} INFO - Dependencies all met for dep_context=requeueable deps ti=<TaskInstance: ecommerce_etl_v2.check_users_loaded manual__2026-02-09T22:32:20.587070+00:00 [queued]>
[2026-02-09T22:35:54.791+0000] {taskinstance.py:2170} INFO - Starting attempt 1 of 3
[2026-02-09T22:35:54.798+0000] {taskinstance.py:2191} INFO - Executing <Task(BigQueryCheckOperator): check_users_loaded> on 2026-02-09 22:32:20.587070+00:00
[2026-02-09T22:35:54.801+0000] {standard_task_runner.py:60} INFO - Started process 8001 to run task
[2026-02-09T22:35:54.804+0000] {standard_task_runner.py:87} INFO - Running: ['***', 'tasks', 'run', 'ecommerce_etl_v2', 'check_users_loaded', 'manual__2026-02-09T22:32:20.587070+00:00', '--job-id', '492', '--raw', '--subdir', 'DAGS_FOLDER/etl_dag.py', '--cfg-path', '/tmp/tmp1pecukvk']
[2026-02-09T22:35:54.805+0000] {standard_task_runner.py:88} INFO - Job 492: Subtask check_users_loaded
[2026-02-09T22:35:54.830+0000] {task_command.py:423} INFO - Running <TaskInstance: ecommerce_etl_v2.check_users_loaded manual__2026-02-09T22:32:20.587070+00:00 [running]> on host 8e292c18926b
[2026-02-09T22:35:54.866+0000] {taskinstance.py:2480} INFO - Exporting env vars: AIRFLOW_CTX_DAG_EMAIL='data-team@company.com' AIRFLOW_CTX_DAG_OWNER='data_engineering' AIRFLOW_CTX_DAG_ID='ecommerce_etl_v2' AIRFLOW_CTX_TASK_ID='check_users_loaded' AIRFLOW_CTX_EXECUTION_DATE='2026-02-09T22:32:20.587070+00:00' AIRFLOW_CTX_TRY_NUMBER='1' AIRFLOW_CTX_DAG_RUN_ID='manual__2026-02-09T22:32:20.587070+00:00'
[2026-02-09T22:35:54.867+0000] {sql.py:785} INFO - Executing SQL check: SELECT COUNT(*) > 0 FROM `prism-486509.bronze.users`
[2026-02-09T22:35:54.871+0000] {connection.py:234} WARNING - Connection schemes (type: google_cloud_platform) shall not contain '_' according to RFC3986.
[2026-02-09T22:35:54.871+0000] {base.py:83} INFO - Using connection ID 'google_cloud_default' for task execution.
[2026-02-09T22:35:54.872+0000] {credentials_provider.py:353} INFO - Getting connection using `google.auth.default()` since no explicit credentials are provided.
[2026-02-09T22:35:54.915+0000] {sql.py:450} INFO - Running statement: SELECT COUNT(*) > 0 FROM `prism-486509.bronze.users`, parameters: None
[2026-02-09T22:35:54.916+0000] {bigquery.py:1596} INFO - Inserting job ***_1770676554915899_94f27de4ecb866be3ef9b5f7f106a25b
[2026-02-09T22:35:55.990+0000] {sql.py:788} INFO - Record: [True]
[2026-02-09T22:35:55.991+0000] {sql.py:796} INFO - Success.
[2026-02-09T22:35:55.996+0000] {taskinstance.py:1138} INFO - Marking task as SUCCESS. dag_id=ecommerce_etl_v2, task_id=check_users_loaded, execution_date=20260209T223220, start_date=20260209T223554, end_date=20260209T223555
[2026-02-09T22:35:56.017+0000] {local_task_job_runner.py:234} INFO - Task exited with return code 0
[2026-02-09T22:35:56.040+0000] {taskinstance.py:3280} INFO - 0 downstream tasks scheduled from follow-on schedule check
