[2026-02-09T10:03:06.204+0000] {taskinstance.py:1956} INFO - Dependencies all met for dep_context=non-requeueable deps ti=<TaskInstance: ecommerce_etl_v2.gold_layer.load_dim_products manual__2026-02-09T09:26:48.203100+00:00 [queued]>
[2026-02-09T10:03:06.209+0000] {taskinstance.py:1956} INFO - Dependencies all met for dep_context=requeueable deps ti=<TaskInstance: ecommerce_etl_v2.gold_layer.load_dim_products manual__2026-02-09T09:26:48.203100+00:00 [queued]>
[2026-02-09T10:03:06.209+0000] {taskinstance.py:2170} INFO - Starting attempt 9 of 9
[2026-02-09T10:03:06.215+0000] {taskinstance.py:2191} INFO - Executing <Task(BigQueryInsertJobOperator): gold_layer.load_dim_products> on 2026-02-09 09:26:48.203100+00:00
[2026-02-09T10:03:06.219+0000] {standard_task_runner.py:60} INFO - Started process 22543 to run task
[2026-02-09T10:03:06.221+0000] {standard_task_runner.py:87} INFO - Running: ['***', 'tasks', 'run', 'ecommerce_etl_v2', 'gold_layer.load_dim_products', 'manual__2026-02-09T09:26:48.203100+00:00', '--job-id', '1699', '--raw', '--subdir', 'DAGS_FOLDER/etl_dag.py', '--cfg-path', '/tmp/tmp3uibdp9j']
[2026-02-09T10:03:06.222+0000] {standard_task_runner.py:88} INFO - Job 1699: Subtask gold_layer.load_dim_products
[2026-02-09T10:03:06.245+0000] {task_command.py:423} INFO - Running <TaskInstance: ecommerce_etl_v2.gold_layer.load_dim_products manual__2026-02-09T09:26:48.203100+00:00 [running]> on host 707cd2e8ef6b
[2026-02-09T10:03:06.282+0000] {taskinstance.py:2480} INFO - Exporting env vars: AIRFLOW_CTX_DAG_EMAIL='data-team@company.com' AIRFLOW_CTX_DAG_OWNER='data_engineering' AIRFLOW_CTX_DAG_ID='ecommerce_etl_v2' AIRFLOW_CTX_TASK_ID='gold_layer.load_dim_products' AIRFLOW_CTX_EXECUTION_DATE='2026-02-09T09:26:48.203100+00:00' AIRFLOW_CTX_TRY_NUMBER='9' AIRFLOW_CTX_DAG_RUN_ID='manual__2026-02-09T09:26:48.203100+00:00'
[2026-02-09T10:03:06.287+0000] {connection.py:234} WARNING - Connection schemes (type: google_cloud_platform) shall not contain '_' according to RFC3986.
[2026-02-09T10:03:06.288+0000] {base.py:83} INFO - Using connection ID 'google_cloud_default' for task execution.
[2026-02-09T10:03:06.288+0000] {credentials_provider.py:353} INFO - Getting connection using `google.auth.default()` since no explicit credentials are provided.
[2026-02-09T10:03:06.326+0000] {bigquery.py:2807} INFO - Executing: {'query': {'query': "MERGE `prism-486509.gold.dim_products` AS target\nUSING (\n  SELECT \n    id,\n    product_name,\n    brand,\n    category,\n    department,\n    sku,\n    retail_price,\n    distribution_center_key\n  FROM `prism-486509.bronze.products`\n) AS source\nON target.id = source.id \n   AND target.is_current = TRUE\n\n-- Expire changed records\nWHEN MATCHED AND (\n  target.product_name <> source.product_name OR\n  target.brand <> source.brand OR\n  target.category <> source.category OR\n  target.department <> source.department OR\n  target.sku <> source.sku OR\n  target.retail_price <> source.retail_price OR\n  IFNULL(target.distribution_center_key, 0) <> IFNULL(source.distribution_center_key, 0)\n) THEN\n  UPDATE SET \n    effective_to = CURRENT_DATE(),\n    is_current = FALSE\n\n-- Insert new products\nWHEN NOT MATCHED BY TARGET THEN\n  INSERT (\n    product_key,\n    id,\n    product_name,\n    brand,\n    category,\n    department,\n    sku,\n    retail_price,\n    distribution_center_key,\n    effective_from,\n    effective_to,\n    is_current\n  )\n  VALUES (\n    GENERATE_UUID(),\n    source.id,\n    source.product_name,\n    source.brand,\n    source.category,\n    source.department,\n    source.sku,\n    source.retail_price,\n    source.distribution_center_key,\n    CURRENT_DATE(),\n    DATE('9999-12-31'),\n    TRUE\n  );\n\n-- Then insert new versions of changed records\nINSERT INTO `prism-486509.gold.dim_products` (\n  product_key,\n  id,\n  product_name,\n  brand,\n  category,\n  department,\n  sku,\n  retail_price,\n  distribution_center_key,\n  effective_from,\n  effective_to,\n  is_current\n)\nSELECT\n  GENERATE_UUID(),\n  source.id,\n  source.product_name,\n  source.brand,\n  source.category,\n  source.department,\n  source.sku,\n  source.retail_price,\n  source.distribution_center_key,\n  CURRENT_DATE(),\n  DATE('9999-12-31'),\n  TRUE\nFROM `prism-486509.bronze.products` AS source\nINNER JOIN `prism-486509.gold.dim_products` AS target\n  ON target.id = source.id\nWHERE target.effective_to = CURRENT_DATE()\n  AND target.is_current = FALSE;", 'useLegacySql': False, 'queryParameters': [{'name': 'run_date', 'parameterType': {'type': 'DATE'}, 'parameterValue': {'value': '2026-02-09'}}]}}'
[2026-02-09T10:03:06.327+0000] {bigquery.py:1596} INFO - Inserting job ***_ecommerce_etl_v2_gold_layer_load_dim_products_2026_02_09T09_26_48_203100_00_00_72b5c44fc7f41b28f96613739348c6c3
[2026-02-09T10:03:07.838+0000] {taskinstance.py:2698} ERROR - Task failed with exception
Traceback (most recent call last):
  File "/home/airflow/.local/lib/python3.8/site-packages/airflow/models/taskinstance.py", line 433, in _execute_task
    result = execute_callable(context=context, **execute_callable_kwargs)
  File "/home/airflow/.local/lib/python3.8/site-packages/airflow/providers/google/cloud/operators/bigquery.py", line 2864, in execute
    job.result(timeout=self.result_timeout, retry=self.result_retry)
  File "/home/airflow/.local/lib/python3.8/site-packages/google/cloud/bigquery/job/query.py", line 1595, in result
    do_get_result()
  File "/home/airflow/.local/lib/python3.8/site-packages/google/cloud/bigquery/job/query.py", line 1584, in do_get_result
    super(QueryJob, self).result(retry=retry, timeout=timeout)
  File "/home/airflow/.local/lib/python3.8/site-packages/google/cloud/bigquery/job/base.py", line 971, in result
    return super(_AsyncJob, self).result(timeout=timeout, **kwargs)
  File "/home/airflow/.local/lib/python3.8/site-packages/google/api_core/future/polling.py", line 261, in result
    raise self._exception
google.api_core.exceptions.BadRequest: 400 Query error: Unrecognized name: product_name at [5:5]

Location: europe-west1
Job ID: airflow_ecommerce_etl_v2_gold_layer_load_dim_products_2026_02_09T09_26_48_203100_00_00_72b5c44fc7f41b28f96613739348c6c3

[2026-02-09T10:03:07.848+0000] {taskinstance.py:1138} INFO - Marking task as FAILED. dag_id=ecommerce_etl_v2, task_id=gold_layer.load_dim_products, execution_date=20260209T092648, start_date=20260209T100306, end_date=20260209T100307
[2026-02-09T10:03:07.857+0000] {logging_mixin.py:188} WARNING - /home/***/.local/lib/python3.8/site-packages/***/utils/email.py:154 RemovedInAirflow3Warning: Fetching SMTP credentials from configuration variables will be deprecated in a future release. Please set credentials using a connection instead.
[2026-02-09T10:03:07.857+0000] {configuration.py:1046} WARNING - section/key [smtp/smtp_user] not found in config
[2026-02-09T10:03:07.857+0000] {email.py:270} INFO - Email alerting: attempt 1
[2026-02-09T10:03:07.861+0000] {configuration.py:1046} WARNING - section/key [smtp/smtp_user] not found in config
[2026-02-09T10:03:07.861+0000] {email.py:270} INFO - Email alerting: attempt 1
[2026-02-09T10:03:07.862+0000] {taskinstance.py:826} ERROR - Failed to send email to: ['data-team@company.com']
Traceback (most recent call last):
  File "/home/airflow/.local/lib/python3.8/site-packages/airflow/models/taskinstance.py", line 2334, in _run_raw_task
    self._execute_task_with_callbacks(context, test_mode, session=session)
  File "/home/airflow/.local/lib/python3.8/site-packages/airflow/models/taskinstance.py", line 2499, in _execute_task_with_callbacks
    result = self._execute_task(context, task_orig)
  File "/home/airflow/.local/lib/python3.8/site-packages/airflow/models/taskinstance.py", line 2516, in _execute_task
    return _execute_task(self, context, task_orig)
  File "/home/airflow/.local/lib/python3.8/site-packages/airflow/models/taskinstance.py", line 433, in _execute_task
    result = execute_callable(context=context, **execute_callable_kwargs)
  File "/home/airflow/.local/lib/python3.8/site-packages/airflow/providers/google/cloud/operators/bigquery.py", line 2864, in execute
    job.result(timeout=self.result_timeout, retry=self.result_retry)
  File "/home/airflow/.local/lib/python3.8/site-packages/google/cloud/bigquery/job/query.py", line 1595, in result
    do_get_result()
  File "/home/airflow/.local/lib/python3.8/site-packages/google/cloud/bigquery/job/query.py", line 1584, in do_get_result
    super(QueryJob, self).result(retry=retry, timeout=timeout)
  File "/home/airflow/.local/lib/python3.8/site-packages/google/cloud/bigquery/job/base.py", line 971, in result
    return super(_AsyncJob, self).result(timeout=timeout, **kwargs)
  File "/home/airflow/.local/lib/python3.8/site-packages/google/api_core/future/polling.py", line 261, in result
    raise self._exception
google.api_core.exceptions.BadRequest: 400 Query error: Unrecognized name: product_name at [5:5]

Location: europe-west1
Job ID: airflow_ecommerce_etl_v2_gold_layer_load_dim_products_2026_02_09T09_26_48_203100_00_00_72b5c44fc7f41b28f96613739348c6c3


During handling of the above exception, another exception occurred:

Traceback (most recent call last):
  File "/home/airflow/.local/lib/python3.8/site-packages/airflow/models/taskinstance.py", line 1000, in _email_alert
    send_email(task.email, subject, html_content)
  File "/home/airflow/.local/lib/python3.8/site-packages/airflow/utils/email.py", line 80, in send_email
    return backend(
  File "/home/airflow/.local/lib/python3.8/site-packages/airflow/utils/email.py", line 154, in send_email_smtp
    send_mime_email(e_from=mail_from, e_to=recipients, mime_msg=msg, conn_id=conn_id, dryrun=dryrun)
  File "/home/airflow/.local/lib/python3.8/site-packages/airflow/utils/email.py", line 272, in send_mime_email
    smtp_conn = _get_smtp_connection(smtp_host, smtp_port, smtp_timeout, smtp_ssl)
  File "/home/airflow/.local/lib/python3.8/site-packages/airflow/utils/email.py", line 316, in _get_smtp_connection
    return smtplib.SMTP(host=host, port=port, timeout=timeout)
  File "/usr/local/lib/python3.8/smtplib.py", line 255, in __init__
    (code, msg) = self.connect(host, port)
  File "/usr/local/lib/python3.8/smtplib.py", line 339, in connect
    self.sock = self._get_socket(host, port, self.timeout)
  File "/usr/local/lib/python3.8/smtplib.py", line 310, in _get_socket
    return socket.create_connection((host, port), timeout,
  File "/usr/local/lib/python3.8/socket.py", line 808, in create_connection
    raise err
  File "/usr/local/lib/python3.8/socket.py", line 796, in create_connection
    sock.connect(sa)
ConnectionRefusedError: [Errno 111] Connection refused

During handling of the above exception, another exception occurred:

Traceback (most recent call last):
  File "/home/airflow/.local/lib/python3.8/site-packages/airflow/models/taskinstance.py", line 824, in _handle_failure
    task_instance.email_alert(error, failure_context["task"])
  File "/home/airflow/.local/lib/python3.8/site-packages/airflow/models/taskinstance.py", line 2946, in email_alert
    _email_alert(task_instance=self, exception=exception, task=task)
  File "/home/airflow/.local/lib/python3.8/site-packages/airflow/models/taskinstance.py", line 1002, in _email_alert
    send_email(task.email, subject, html_content_err)
  File "/home/airflow/.local/lib/python3.8/site-packages/airflow/utils/email.py", line 80, in send_email
    return backend(
  File "/home/airflow/.local/lib/python3.8/site-packages/airflow/utils/email.py", line 154, in send_email_smtp
    send_mime_email(e_from=mail_from, e_to=recipients, mime_msg=msg, conn_id=conn_id, dryrun=dryrun)
  File "/home/airflow/.local/lib/python3.8/site-packages/airflow/utils/email.py", line 272, in send_mime_email
    smtp_conn = _get_smtp_connection(smtp_host, smtp_port, smtp_timeout, smtp_ssl)
  File "/home/airflow/.local/lib/python3.8/site-packages/airflow/utils/email.py", line 316, in _get_smtp_connection
    return smtplib.SMTP(host=host, port=port, timeout=timeout)
  File "/usr/local/lib/python3.8/smtplib.py", line 255, in __init__
    (code, msg) = self.connect(host, port)
  File "/usr/local/lib/python3.8/smtplib.py", line 339, in connect
    self.sock = self._get_socket(host, port, self.timeout)
  File "/usr/local/lib/python3.8/smtplib.py", line 310, in _get_socket
    return socket.create_connection((host, port), timeout,
  File "/usr/local/lib/python3.8/socket.py", line 808, in create_connection
    raise err
  File "/usr/local/lib/python3.8/socket.py", line 796, in create_connection
    sock.connect(sa)
ConnectionRefusedError: [Errno 111] Connection refused
[2026-02-09T10:03:07.869+0000] {standard_task_runner.py:107} ERROR - Failed to execute job 1699 for task gold_layer.load_dim_products (400 Query error: Unrecognized name: product_name at [5:5]

Location: europe-west1
Job ID: airflow_ecommerce_etl_v2_gold_layer_load_dim_products_2026_02_09T09_26_48_203100_00_00_72b5c44fc7f41b28f96613739348c6c3
; 22543)
[2026-02-09T10:03:07.900+0000] {local_task_job_runner.py:234} INFO - Task exited with return code 1
[2026-02-09T10:03:07.913+0000] {taskinstance.py:3280} INFO - 0 downstream tasks scheduled from follow-on schedule check
