[2026-02-11T03:06:29.837+0000] {taskinstance.py:1956} INFO - Dependencies all met for dep_context=non-requeueable deps ti=<TaskInstance: ecommerce_etl_v2.silver_setup.create_silver_events scheduled__2026-02-10T02:00:00+00:00 [queued]>
[2026-02-11T03:06:29.843+0000] {taskinstance.py:1956} INFO - Dependencies all met for dep_context=requeueable deps ti=<TaskInstance: ecommerce_etl_v2.silver_setup.create_silver_events scheduled__2026-02-10T02:00:00+00:00 [queued]>
[2026-02-11T03:06:29.843+0000] {taskinstance.py:2170} INFO - Starting attempt 1 of 3
[2026-02-11T03:06:29.851+0000] {taskinstance.py:2191} INFO - Executing <Task(BigQueryCreateEmptyTableOperator): silver_setup.create_silver_events> on 2026-02-10 02:00:00+00:00
[2026-02-11T03:06:29.855+0000] {standard_task_runner.py:60} INFO - Started process 81250 to run task
[2026-02-11T03:06:29.858+0000] {standard_task_runner.py:87} INFO - Running: ['***', 'tasks', 'run', 'ecommerce_etl_v2', 'silver_setup.create_silver_events', 'scheduled__2026-02-10T02:00:00+00:00', '--job-id', '2117', '--raw', '--subdir', 'DAGS_FOLDER/etl_dag.py', '--cfg-path', '/tmp/tmpsuhkuxc1']
[2026-02-11T03:06:29.861+0000] {standard_task_runner.py:88} INFO - Job 2117: Subtask silver_setup.create_silver_events
[2026-02-11T03:06:29.894+0000] {task_command.py:423} INFO - Running <TaskInstance: ecommerce_etl_v2.silver_setup.create_silver_events scheduled__2026-02-10T02:00:00+00:00 [running]> on host 89ab86e4d295
[2026-02-11T03:06:29.945+0000] {taskinstance.py:2480} INFO - Exporting env vars: AIRFLOW_CTX_DAG_EMAIL='data-team@company.com' AIRFLOW_CTX_DAG_OWNER='data_engineering' AIRFLOW_CTX_DAG_ID='ecommerce_etl_v2' AIRFLOW_CTX_TASK_ID='silver_setup.create_silver_events' AIRFLOW_CTX_EXECUTION_DATE='2026-02-10T02:00:00+00:00' AIRFLOW_CTX_TRY_NUMBER='1' AIRFLOW_CTX_DAG_RUN_ID='scheduled__2026-02-10T02:00:00+00:00'
[2026-02-11T03:06:29.951+0000] {connection.py:234} WARNING - Connection schemes (type: google_cloud_platform) shall not contain '_' according to RFC3986.
[2026-02-11T03:06:29.951+0000] {base.py:83} INFO - Using connection ID 'google_cloud_default' for task execution.
[2026-02-11T03:06:29.952+0000] {bigquery.py:1514} INFO - Creating table
[2026-02-11T03:06:29.952+0000] {credentials_provider.py:353} INFO - Getting connection using `google.auth.default()` since no explicit credentials are provided.
[2026-02-11T03:06:30.447+0000] {bigquery.py:1536} INFO - Table prism-486509.silver.events created successfully
[2026-02-11T03:06:30.461+0000] {taskinstance.py:1138} INFO - Marking task as SUCCESS. dag_id=ecommerce_etl_v2, task_id=silver_setup.create_silver_events, execution_date=20260210T020000, start_date=20260211T030629, end_date=20260211T030630
[2026-02-11T03:06:30.497+0000] {local_task_job_runner.py:234} INFO - Task exited with return code 0
[2026-02-11T03:06:30.544+0000] {taskinstance.py:3280} INFO - 0 downstream tasks scheduled from follow-on schedule check
[2026-02-11T09:46:23.448+0000] {taskinstance.py:1956} INFO - Dependencies all met for dep_context=non-requeueable deps ti=<TaskInstance: ecommerce_etl_v2.silver_setup.create_silver_events scheduled__2026-02-10T02:00:00+00:00 [queued]>
[2026-02-11T09:46:23.456+0000] {taskinstance.py:1956} INFO - Dependencies all met for dep_context=requeueable deps ti=<TaskInstance: ecommerce_etl_v2.silver_setup.create_silver_events scheduled__2026-02-10T02:00:00+00:00 [queued]>
[2026-02-11T09:46:23.456+0000] {taskinstance.py:2170} INFO - Starting attempt 1 of 3
[2026-02-11T09:46:23.466+0000] {taskinstance.py:2191} INFO - Executing <Task(BigQueryCreateEmptyTableOperator): silver_setup.create_silver_events> on 2026-02-10 02:00:00+00:00
[2026-02-11T09:46:23.471+0000] {standard_task_runner.py:60} INFO - Started process 91916 to run task
[2026-02-11T09:46:23.474+0000] {standard_task_runner.py:87} INFO - Running: ['***', 'tasks', 'run', 'ecommerce_etl_v2', 'silver_setup.create_silver_events', 'scheduled__2026-02-10T02:00:00+00:00', '--job-id', '2122', '--raw', '--subdir', 'DAGS_FOLDER/etl_dag.py', '--cfg-path', '/tmp/tmpl97sp2_p']
[2026-02-11T09:46:23.479+0000] {standard_task_runner.py:88} INFO - Job 2122: Subtask silver_setup.create_silver_events
[2026-02-11T09:46:23.537+0000] {task_command.py:423} INFO - Running <TaskInstance: ecommerce_etl_v2.silver_setup.create_silver_events scheduled__2026-02-10T02:00:00+00:00 [running]> on host 89ab86e4d295
[2026-02-11T09:46:23.596+0000] {taskinstance.py:2480} INFO - Exporting env vars: AIRFLOW_CTX_DAG_EMAIL='data-team@company.com' AIRFLOW_CTX_DAG_OWNER='data_engineering' AIRFLOW_CTX_DAG_ID='ecommerce_etl_v2' AIRFLOW_CTX_TASK_ID='silver_setup.create_silver_events' AIRFLOW_CTX_EXECUTION_DATE='2026-02-10T02:00:00+00:00' AIRFLOW_CTX_TRY_NUMBER='1' AIRFLOW_CTX_DAG_RUN_ID='scheduled__2026-02-10T02:00:00+00:00'
[2026-02-11T09:46:23.604+0000] {connection.py:234} WARNING - Connection schemes (type: google_cloud_platform) shall not contain '_' according to RFC3986.
[2026-02-11T09:46:23.604+0000] {base.py:83} INFO - Using connection ID 'google_cloud_default' for task execution.
[2026-02-11T09:46:23.605+0000] {bigquery.py:1514} INFO - Creating table
[2026-02-11T09:46:23.606+0000] {credentials_provider.py:353} INFO - Getting connection using `google.auth.default()` since no explicit credentials are provided.
[2026-02-11T09:46:24.083+0000] {bigquery.py:1536} INFO - Table prism-486509.silver.events created successfully
[2026-02-11T09:46:24.097+0000] {taskinstance.py:1138} INFO - Marking task as SUCCESS. dag_id=ecommerce_etl_v2, task_id=silver_setup.create_silver_events, execution_date=20260210T020000, start_date=20260211T094623, end_date=20260211T094624
[2026-02-11T09:46:24.114+0000] {local_task_job_runner.py:234} INFO - Task exited with return code 0
[2026-02-11T09:46:24.148+0000] {taskinstance.py:3280} INFO - 0 downstream tasks scheduled from follow-on schedule check
