[2026-02-14T01:22:06.491+0000] {processor.py:161} INFO - Started process (PID=24434) to work on /opt/airflow/dags/etl_dag.py
[2026-02-14T01:22:06.491+0000] {processor.py:830} INFO - Processing file /opt/airflow/dags/etl_dag.py for tasks to queue
[2026-02-14T01:22:06.492+0000] {logging_mixin.py:188} INFO - [2026-02-14T01:22:06.492+0000] {dagbag.py:538} INFO - Filling up the DagBag from /opt/airflow/dags/etl_dag.py
[2026-02-14T01:22:06.534+0000] {logging_mixin.py:188} INFO - Warning: Your Kaggle API key is readable by other users on this system! To fix this, you can run 'chmod 600 /home/airflow/.kaggle/kaggle.json'
[2026-02-14T01:22:06.601+0000] {logging_mixin.py:188} WARNING - /home/airflow/.local/lib/python3.8/site-packages/airflow/models/baseoperator.py:437 AirflowProviderDeprecationWarning: `exists_ok` parameter is deprecated, please use `if_exists`
[2026-02-14T01:22:06.611+0000] {processor.py:840} INFO - DAG(s) 'ecommerce_etl_v2' retrieved from /opt/airflow/dags/etl_dag.py
[2026-02-14T01:22:06.631+0000] {logging_mixin.py:188} INFO - [2026-02-14T01:22:06.631+0000] {dag.py:3036} INFO - Sync 1 DAGs
[2026-02-14T01:22:06.643+0000] {logging_mixin.py:188} INFO - [2026-02-14T01:22:06.642+0000] {dag.py:3823} INFO - Setting next_dagrun for ecommerce_etl_v2 to 2026-02-13 13:00:00+00:00, run_after=2026-02-14 13:00:00+00:00
[2026-02-14T01:22:06.651+0000] {processor.py:183} INFO - Processing /opt/airflow/dags/etl_dag.py took 0.162 seconds
[2026-02-14T01:22:48.287+0000] {processor.py:161} INFO - Started process (PID=24465) to work on /opt/airflow/dags/etl_dag.py
[2026-02-14T01:22:48.289+0000] {processor.py:830} INFO - Processing file /opt/airflow/dags/etl_dag.py for tasks to queue
[2026-02-14T01:22:48.290+0000] {logging_mixin.py:188} INFO - [2026-02-14T01:22:48.289+0000] {dagbag.py:538} INFO - Filling up the DagBag from /opt/airflow/dags/etl_dag.py
[2026-02-14T01:22:48.335+0000] {logging_mixin.py:188} INFO - Warning: Your Kaggle API key is readable by other users on this system! To fix this, you can run 'chmod 600 /home/airflow/.kaggle/kaggle.json'
[2026-02-14T01:22:48.396+0000] {logging_mixin.py:188} WARNING - /home/airflow/.local/lib/python3.8/site-packages/airflow/models/baseoperator.py:437 AirflowProviderDeprecationWarning: `exists_ok` parameter is deprecated, please use `if_exists`
[2026-02-14T01:22:48.405+0000] {processor.py:840} INFO - DAG(s) 'ecommerce_etl_v2' retrieved from /opt/airflow/dags/etl_dag.py
[2026-02-14T01:22:48.423+0000] {logging_mixin.py:188} INFO - [2026-02-14T01:22:48.423+0000] {dag.py:3036} INFO - Sync 1 DAGs
[2026-02-14T01:22:48.433+0000] {logging_mixin.py:188} INFO - [2026-02-14T01:22:48.433+0000] {dag.py:3823} INFO - Setting next_dagrun for ecommerce_etl_v2 to 2026-02-13 13:00:00+00:00, run_after=2026-02-14 13:00:00+00:00
[2026-02-14T01:22:48.441+0000] {processor.py:183} INFO - Processing /opt/airflow/dags/etl_dag.py took 0.158 seconds
[2026-02-14T02:16:11.342+0000] {processor.py:161} INFO - Started process (PID=24496) to work on /opt/airflow/dags/etl_dag.py
[2026-02-14T02:16:11.345+0000] {processor.py:830} INFO - Processing file /opt/airflow/dags/etl_dag.py for tasks to queue
[2026-02-14T02:16:11.345+0000] {logging_mixin.py:188} INFO - [2026-02-14T02:16:11.345+0000] {dagbag.py:538} INFO - Filling up the DagBag from /opt/airflow/dags/etl_dag.py
[2026-02-14T02:16:11.425+0000] {logging_mixin.py:188} INFO - Warning: Your Kaggle API key is readable by other users on this system! To fix this, you can run 'chmod 600 /home/airflow/.kaggle/kaggle.json'
[2026-02-14T02:16:11.509+0000] {logging_mixin.py:188} WARNING - /home/airflow/.local/lib/python3.8/site-packages/airflow/models/baseoperator.py:437 AirflowProviderDeprecationWarning: `exists_ok` parameter is deprecated, please use `if_exists`
[2026-02-14T02:16:11.521+0000] {processor.py:840} INFO - DAG(s) 'ecommerce_etl_v2' retrieved from /opt/airflow/dags/etl_dag.py
[2026-02-14T02:16:11.544+0000] {logging_mixin.py:188} INFO - [2026-02-14T02:16:11.544+0000] {dag.py:3036} INFO - Sync 1 DAGs
[2026-02-14T02:16:11.563+0000] {logging_mixin.py:188} INFO - [2026-02-14T02:16:11.563+0000] {dag.py:3823} INFO - Setting next_dagrun for ecommerce_etl_v2 to 2026-02-13 13:00:00+00:00, run_after=2026-02-14 13:00:00+00:00
[2026-02-14T02:16:11.583+0000] {processor.py:183} INFO - Processing /opt/airflow/dags/etl_dag.py took 0.250 seconds
[2026-02-14T02:49:16.743+0000] {processor.py:161} INFO - Started process (PID=24529) to work on /opt/airflow/dags/etl_dag.py
[2026-02-14T02:49:16.744+0000] {processor.py:830} INFO - Processing file /opt/airflow/dags/etl_dag.py for tasks to queue
[2026-02-14T02:49:16.744+0000] {logging_mixin.py:188} INFO - [2026-02-14T02:49:16.744+0000] {dagbag.py:538} INFO - Filling up the DagBag from /opt/airflow/dags/etl_dag.py
[2026-02-14T02:49:16.780+0000] {logging_mixin.py:188} INFO - Warning: Your Kaggle API key is readable by other users on this system! To fix this, you can run 'chmod 600 /home/airflow/.kaggle/kaggle.json'
[2026-02-14T02:49:16.840+0000] {logging_mixin.py:188} WARNING - /home/airflow/.local/lib/python3.8/site-packages/airflow/models/baseoperator.py:437 AirflowProviderDeprecationWarning: `exists_ok` parameter is deprecated, please use `if_exists`
[2026-02-14T02:49:16.850+0000] {processor.py:840} INFO - DAG(s) 'ecommerce_etl_v2' retrieved from /opt/airflow/dags/etl_dag.py
[2026-02-14T02:49:16.869+0000] {logging_mixin.py:188} INFO - [2026-02-14T02:49:16.869+0000] {dag.py:3036} INFO - Sync 1 DAGs
[2026-02-14T02:49:16.879+0000] {logging_mixin.py:188} INFO - [2026-02-14T02:49:16.879+0000] {dag.py:3823} INFO - Setting next_dagrun for ecommerce_etl_v2 to 2026-02-13 13:00:00+00:00, run_after=2026-02-14 13:00:00+00:00
[2026-02-14T02:49:16.888+0000] {processor.py:183} INFO - Processing /opt/airflow/dags/etl_dag.py took 0.147 seconds
[2026-02-14T03:35:22.820+0000] {processor.py:161} INFO - Started process (PID=24560) to work on /opt/airflow/dags/etl_dag.py
[2026-02-14T03:35:22.821+0000] {processor.py:830} INFO - Processing file /opt/airflow/dags/etl_dag.py for tasks to queue
[2026-02-14T03:35:22.822+0000] {logging_mixin.py:188} INFO - [2026-02-14T03:35:22.822+0000] {dagbag.py:538} INFO - Filling up the DagBag from /opt/airflow/dags/etl_dag.py
[2026-02-14T03:35:22.864+0000] {logging_mixin.py:188} INFO - Warning: Your Kaggle API key is readable by other users on this system! To fix this, you can run 'chmod 600 /home/airflow/.kaggle/kaggle.json'
[2026-02-14T03:35:22.926+0000] {logging_mixin.py:188} WARNING - /home/airflow/.local/lib/python3.8/site-packages/airflow/models/baseoperator.py:437 AirflowProviderDeprecationWarning: `exists_ok` parameter is deprecated, please use `if_exists`
[2026-02-14T03:35:22.938+0000] {processor.py:840} INFO - DAG(s) 'ecommerce_etl_v2' retrieved from /opt/airflow/dags/etl_dag.py
[2026-02-14T03:35:22.958+0000] {logging_mixin.py:188} INFO - [2026-02-14T03:35:22.957+0000] {dag.py:3036} INFO - Sync 1 DAGs
[2026-02-14T03:35:22.968+0000] {logging_mixin.py:188} INFO - [2026-02-14T03:35:22.968+0000] {dag.py:3823} INFO - Setting next_dagrun for ecommerce_etl_v2 to 2026-02-13 13:00:00+00:00, run_after=2026-02-14 13:00:00+00:00
[2026-02-14T03:35:22.977+0000] {processor.py:183} INFO - Processing /opt/airflow/dags/etl_dag.py took 0.161 seconds
[2026-02-14T04:25:53.375+0000] {processor.py:161} INFO - Started process (PID=24591) to work on /opt/airflow/dags/etl_dag.py
[2026-02-14T04:25:53.375+0000] {processor.py:830} INFO - Processing file /opt/airflow/dags/etl_dag.py for tasks to queue
[2026-02-14T04:25:53.376+0000] {logging_mixin.py:188} INFO - [2026-02-14T04:25:53.376+0000] {dagbag.py:538} INFO - Filling up the DagBag from /opt/airflow/dags/etl_dag.py
[2026-02-14T04:25:53.411+0000] {logging_mixin.py:188} INFO - Warning: Your Kaggle API key is readable by other users on this system! To fix this, you can run 'chmod 600 /home/airflow/.kaggle/kaggle.json'
[2026-02-14T04:25:53.471+0000] {logging_mixin.py:188} WARNING - /home/airflow/.local/lib/python3.8/site-packages/airflow/models/baseoperator.py:437 AirflowProviderDeprecationWarning: `exists_ok` parameter is deprecated, please use `if_exists`
[2026-02-14T04:25:53.480+0000] {processor.py:840} INFO - DAG(s) 'ecommerce_etl_v2' retrieved from /opt/airflow/dags/etl_dag.py
[2026-02-14T04:25:53.500+0000] {logging_mixin.py:188} INFO - [2026-02-14T04:25:53.500+0000] {dag.py:3036} INFO - Sync 1 DAGs
[2026-02-14T04:25:53.512+0000] {logging_mixin.py:188} INFO - [2026-02-14T04:25:53.511+0000] {dag.py:3823} INFO - Setting next_dagrun for ecommerce_etl_v2 to 2026-02-13 13:00:00+00:00, run_after=2026-02-14 13:00:00+00:00
[2026-02-14T04:25:53.521+0000] {processor.py:183} INFO - Processing /opt/airflow/dags/etl_dag.py took 0.148 seconds
[2026-02-14T05:20:07.459+0000] {processor.py:161} INFO - Started process (PID=24622) to work on /opt/airflow/dags/etl_dag.py
[2026-02-14T05:20:07.459+0000] {processor.py:830} INFO - Processing file /opt/airflow/dags/etl_dag.py for tasks to queue
[2026-02-14T05:20:07.460+0000] {logging_mixin.py:188} INFO - [2026-02-14T05:20:07.460+0000] {dagbag.py:538} INFO - Filling up the DagBag from /opt/airflow/dags/etl_dag.py
[2026-02-14T05:20:07.499+0000] {logging_mixin.py:188} INFO - Warning: Your Kaggle API key is readable by other users on this system! To fix this, you can run 'chmod 600 /home/airflow/.kaggle/kaggle.json'
[2026-02-14T05:20:07.558+0000] {logging_mixin.py:188} WARNING - /home/airflow/.local/lib/python3.8/site-packages/airflow/models/baseoperator.py:437 AirflowProviderDeprecationWarning: `exists_ok` parameter is deprecated, please use `if_exists`
[2026-02-14T05:20:07.567+0000] {processor.py:840} INFO - DAG(s) 'ecommerce_etl_v2' retrieved from /opt/airflow/dags/etl_dag.py
[2026-02-14T05:20:07.585+0000] {logging_mixin.py:188} INFO - [2026-02-14T05:20:07.585+0000] {dag.py:3036} INFO - Sync 1 DAGs
[2026-02-14T05:20:07.596+0000] {logging_mixin.py:188} INFO - [2026-02-14T05:20:07.595+0000] {dag.py:3823} INFO - Setting next_dagrun for ecommerce_etl_v2 to 2026-02-13 13:00:00+00:00, run_after=2026-02-14 13:00:00+00:00
[2026-02-14T05:20:07.604+0000] {processor.py:183} INFO - Processing /opt/airflow/dags/etl_dag.py took 0.148 seconds
[2026-02-14T06:12:11.298+0000] {processor.py:161} INFO - Started process (PID=24653) to work on /opt/airflow/dags/etl_dag.py
[2026-02-14T06:12:11.299+0000] {processor.py:830} INFO - Processing file /opt/airflow/dags/etl_dag.py for tasks to queue
[2026-02-14T06:12:11.299+0000] {logging_mixin.py:188} INFO - [2026-02-14T06:12:11.299+0000] {dagbag.py:538} INFO - Filling up the DagBag from /opt/airflow/dags/etl_dag.py
[2026-02-14T06:12:11.344+0000] {logging_mixin.py:188} INFO - Warning: Your Kaggle API key is readable by other users on this system! To fix this, you can run 'chmod 600 /home/airflow/.kaggle/kaggle.json'
[2026-02-14T06:12:11.415+0000] {logging_mixin.py:188} WARNING - /home/airflow/.local/lib/python3.8/site-packages/airflow/models/baseoperator.py:437 AirflowProviderDeprecationWarning: `exists_ok` parameter is deprecated, please use `if_exists`
[2026-02-14T06:12:11.427+0000] {processor.py:840} INFO - DAG(s) 'ecommerce_etl_v2' retrieved from /opt/airflow/dags/etl_dag.py
[2026-02-14T06:12:11.450+0000] {logging_mixin.py:188} INFO - [2026-02-14T06:12:11.450+0000] {dag.py:3036} INFO - Sync 1 DAGs
[2026-02-14T06:12:11.465+0000] {logging_mixin.py:188} INFO - [2026-02-14T06:12:11.465+0000] {dag.py:3823} INFO - Setting next_dagrun for ecommerce_etl_v2 to 2026-02-13 13:00:00+00:00, run_after=2026-02-14 13:00:00+00:00
[2026-02-14T06:12:11.477+0000] {processor.py:183} INFO - Processing /opt/airflow/dags/etl_dag.py took 0.182 seconds
[2026-02-14T06:54:07.349+0000] {processor.py:161} INFO - Started process (PID=24684) to work on /opt/airflow/dags/etl_dag.py
[2026-02-14T06:54:07.350+0000] {processor.py:830} INFO - Processing file /opt/airflow/dags/etl_dag.py for tasks to queue
[2026-02-14T06:54:07.351+0000] {logging_mixin.py:188} INFO - [2026-02-14T06:54:07.350+0000] {dagbag.py:538} INFO - Filling up the DagBag from /opt/airflow/dags/etl_dag.py
[2026-02-14T06:54:07.397+0000] {logging_mixin.py:188} INFO - Warning: Your Kaggle API key is readable by other users on this system! To fix this, you can run 'chmod 600 /home/airflow/.kaggle/kaggle.json'
[2026-02-14T06:54:07.464+0000] {logging_mixin.py:188} WARNING - /home/airflow/.local/lib/python3.8/site-packages/airflow/models/baseoperator.py:437 AirflowProviderDeprecationWarning: `exists_ok` parameter is deprecated, please use `if_exists`
[2026-02-14T06:54:07.476+0000] {processor.py:840} INFO - DAG(s) 'ecommerce_etl_v2' retrieved from /opt/airflow/dags/etl_dag.py
[2026-02-14T06:54:07.502+0000] {logging_mixin.py:188} INFO - [2026-02-14T06:54:07.502+0000] {dag.py:3036} INFO - Sync 1 DAGs
[2026-02-14T06:54:07.517+0000] {logging_mixin.py:188} INFO - [2026-02-14T06:54:07.517+0000] {dag.py:3823} INFO - Setting next_dagrun for ecommerce_etl_v2 to 2026-02-13 13:00:00+00:00, run_after=2026-02-14 13:00:00+00:00
[2026-02-14T06:54:07.530+0000] {processor.py:183} INFO - Processing /opt/airflow/dags/etl_dag.py took 0.183 seconds
[2026-02-14T07:38:21.734+0000] {processor.py:161} INFO - Started process (PID=24716) to work on /opt/airflow/dags/etl_dag.py
[2026-02-14T07:38:21.735+0000] {processor.py:830} INFO - Processing file /opt/airflow/dags/etl_dag.py for tasks to queue
[2026-02-14T07:38:21.736+0000] {logging_mixin.py:188} INFO - [2026-02-14T07:38:21.736+0000] {dagbag.py:538} INFO - Filling up the DagBag from /opt/airflow/dags/etl_dag.py
[2026-02-14T07:38:21.774+0000] {logging_mixin.py:188} INFO - Warning: Your Kaggle API key is readable by other users on this system! To fix this, you can run 'chmod 600 /home/airflow/.kaggle/kaggle.json'
[2026-02-14T07:38:21.835+0000] {logging_mixin.py:188} WARNING - /home/airflow/.local/lib/python3.8/site-packages/airflow/models/baseoperator.py:437 AirflowProviderDeprecationWarning: `exists_ok` parameter is deprecated, please use `if_exists`
[2026-02-14T07:38:21.846+0000] {processor.py:840} INFO - DAG(s) 'ecommerce_etl_v2' retrieved from /opt/airflow/dags/etl_dag.py
[2026-02-14T07:38:21.865+0000] {logging_mixin.py:188} INFO - [2026-02-14T07:38:21.865+0000] {dag.py:3036} INFO - Sync 1 DAGs
[2026-02-14T07:38:21.876+0000] {logging_mixin.py:188} INFO - [2026-02-14T07:38:21.876+0000] {dag.py:3823} INFO - Setting next_dagrun for ecommerce_etl_v2 to 2026-02-13 13:00:00+00:00, run_after=2026-02-14 13:00:00+00:00
[2026-02-14T07:38:21.885+0000] {processor.py:183} INFO - Processing /opt/airflow/dags/etl_dag.py took 0.155 seconds
[2026-02-14T07:53:51.968+0000] {processor.py:161} INFO - Started process (PID=24748) to work on /opt/airflow/dags/etl_dag.py
[2026-02-14T07:53:51.969+0000] {processor.py:830} INFO - Processing file /opt/airflow/dags/etl_dag.py for tasks to queue
[2026-02-14T07:53:51.970+0000] {logging_mixin.py:188} INFO - [2026-02-14T07:53:51.969+0000] {dagbag.py:538} INFO - Filling up the DagBag from /opt/airflow/dags/etl_dag.py
[2026-02-14T07:53:52.018+0000] {logging_mixin.py:188} INFO - Warning: Your Kaggle API key is readable by other users on this system! To fix this, you can run 'chmod 600 /home/airflow/.kaggle/kaggle.json'
[2026-02-14T07:53:52.087+0000] {logging_mixin.py:188} WARNING - /home/airflow/.local/lib/python3.8/site-packages/airflow/models/baseoperator.py:437 AirflowProviderDeprecationWarning: `exists_ok` parameter is deprecated, please use `if_exists`
[2026-02-14T07:53:52.100+0000] {processor.py:840} INFO - DAG(s) 'ecommerce_etl_v2' retrieved from /opt/airflow/dags/etl_dag.py
[2026-02-14T07:53:52.125+0000] {logging_mixin.py:188} INFO - [2026-02-14T07:53:52.125+0000] {dag.py:3036} INFO - Sync 1 DAGs
[2026-02-14T07:53:52.138+0000] {logging_mixin.py:188} INFO - [2026-02-14T07:53:52.138+0000] {dag.py:3823} INFO - Setting next_dagrun for ecommerce_etl_v2 to 2026-02-13 13:00:00+00:00, run_after=2026-02-14 13:00:00+00:00
[2026-02-14T07:53:52.150+0000] {processor.py:183} INFO - Processing /opt/airflow/dags/etl_dag.py took 0.186 seconds
[2026-02-14T08:39:53.465+0000] {processor.py:161} INFO - Started process (PID=24780) to work on /opt/airflow/dags/etl_dag.py
[2026-02-14T08:39:53.466+0000] {processor.py:830} INFO - Processing file /opt/airflow/dags/etl_dag.py for tasks to queue
[2026-02-14T08:39:53.467+0000] {logging_mixin.py:188} INFO - [2026-02-14T08:39:53.466+0000] {dagbag.py:538} INFO - Filling up the DagBag from /opt/airflow/dags/etl_dag.py
[2026-02-14T08:39:53.514+0000] {logging_mixin.py:188} INFO - Warning: Your Kaggle API key is readable by other users on this system! To fix this, you can run 'chmod 600 /home/airflow/.kaggle/kaggle.json'
[2026-02-14T08:39:53.581+0000] {logging_mixin.py:188} WARNING - /home/airflow/.local/lib/python3.8/site-packages/airflow/models/baseoperator.py:437 AirflowProviderDeprecationWarning: `exists_ok` parameter is deprecated, please use `if_exists`
[2026-02-14T08:39:53.592+0000] {processor.py:840} INFO - DAG(s) 'ecommerce_etl_v2' retrieved from /opt/airflow/dags/etl_dag.py
[2026-02-14T08:39:53.616+0000] {logging_mixin.py:188} INFO - [2026-02-14T08:39:53.615+0000] {dag.py:3036} INFO - Sync 1 DAGs
[2026-02-14T08:39:53.631+0000] {logging_mixin.py:188} INFO - [2026-02-14T08:39:53.631+0000] {dag.py:3823} INFO - Setting next_dagrun for ecommerce_etl_v2 to 2026-02-13 13:00:00+00:00, run_after=2026-02-14 13:00:00+00:00
[2026-02-14T08:39:53.643+0000] {processor.py:183} INFO - Processing /opt/airflow/dags/etl_dag.py took 0.180 seconds
[2026-02-14T09:29:17.224+0000] {processor.py:161} INFO - Started process (PID=24812) to work on /opt/airflow/dags/etl_dag.py
[2026-02-14T09:29:17.225+0000] {processor.py:830} INFO - Processing file /opt/airflow/dags/etl_dag.py for tasks to queue
[2026-02-14T09:29:17.226+0000] {logging_mixin.py:188} INFO - [2026-02-14T09:29:17.225+0000] {dagbag.py:538} INFO - Filling up the DagBag from /opt/airflow/dags/etl_dag.py
[2026-02-14T09:29:17.271+0000] {logging_mixin.py:188} INFO - Warning: Your Kaggle API key is readable by other users on this system! To fix this, you can run 'chmod 600 /home/airflow/.kaggle/kaggle.json'
[2026-02-14T09:29:17.337+0000] {logging_mixin.py:188} WARNING - /home/airflow/.local/lib/python3.8/site-packages/airflow/models/baseoperator.py:437 AirflowProviderDeprecationWarning: `exists_ok` parameter is deprecated, please use `if_exists`
[2026-02-14T09:29:17.348+0000] {processor.py:840} INFO - DAG(s) 'ecommerce_etl_v2' retrieved from /opt/airflow/dags/etl_dag.py
[2026-02-14T09:29:17.370+0000] {logging_mixin.py:188} INFO - [2026-02-14T09:29:17.370+0000] {dag.py:3036} INFO - Sync 1 DAGs
[2026-02-14T09:29:17.382+0000] {logging_mixin.py:188} INFO - [2026-02-14T09:29:17.382+0000] {dag.py:3823} INFO - Setting next_dagrun for ecommerce_etl_v2 to 2026-02-13 13:00:00+00:00, run_after=2026-02-14 13:00:00+00:00
[2026-02-14T09:29:17.394+0000] {processor.py:183} INFO - Processing /opt/airflow/dags/etl_dag.py took 0.172 seconds
[2026-02-14T09:55:47.743+0000] {processor.py:161} INFO - Started process (PID=24843) to work on /opt/airflow/dags/etl_dag.py
[2026-02-14T09:55:47.744+0000] {processor.py:830} INFO - Processing file /opt/airflow/dags/etl_dag.py for tasks to queue
[2026-02-14T09:55:47.745+0000] {logging_mixin.py:188} INFO - [2026-02-14T09:55:47.745+0000] {dagbag.py:538} INFO - Filling up the DagBag from /opt/airflow/dags/etl_dag.py
[2026-02-14T09:55:47.786+0000] {logging_mixin.py:188} INFO - Warning: Your Kaggle API key is readable by other users on this system! To fix this, you can run 'chmod 600 /home/airflow/.kaggle/kaggle.json'
[2026-02-14T09:55:47.847+0000] {logging_mixin.py:188} WARNING - /home/airflow/.local/lib/python3.8/site-packages/airflow/models/baseoperator.py:437 AirflowProviderDeprecationWarning: `exists_ok` parameter is deprecated, please use `if_exists`
[2026-02-14T09:55:47.856+0000] {processor.py:840} INFO - DAG(s) 'ecommerce_etl_v2' retrieved from /opt/airflow/dags/etl_dag.py
[2026-02-14T09:55:47.874+0000] {logging_mixin.py:188} INFO - [2026-02-14T09:55:47.874+0000] {dag.py:3036} INFO - Sync 1 DAGs
[2026-02-14T09:55:47.885+0000] {logging_mixin.py:188} INFO - [2026-02-14T09:55:47.885+0000] {dag.py:3823} INFO - Setting next_dagrun for ecommerce_etl_v2 to 2026-02-13 13:00:00+00:00, run_after=2026-02-14 13:00:00+00:00
[2026-02-14T09:55:47.893+0000] {processor.py:183} INFO - Processing /opt/airflow/dags/etl_dag.py took 0.154 seconds
[2026-02-14T10:41:25.828+0000] {processor.py:161} INFO - Started process (PID=24874) to work on /opt/airflow/dags/etl_dag.py
[2026-02-14T10:41:25.828+0000] {processor.py:830} INFO - Processing file /opt/airflow/dags/etl_dag.py for tasks to queue
[2026-02-14T10:41:25.829+0000] {logging_mixin.py:188} INFO - [2026-02-14T10:41:25.829+0000] {dagbag.py:538} INFO - Filling up the DagBag from /opt/airflow/dags/etl_dag.py
[2026-02-14T10:41:25.874+0000] {logging_mixin.py:188} INFO - Warning: Your Kaggle API key is readable by other users on this system! To fix this, you can run 'chmod 600 /home/airflow/.kaggle/kaggle.json'
[2026-02-14T10:41:25.942+0000] {logging_mixin.py:188} WARNING - /home/airflow/.local/lib/python3.8/site-packages/airflow/models/baseoperator.py:437 AirflowProviderDeprecationWarning: `exists_ok` parameter is deprecated, please use `if_exists`
[2026-02-14T10:41:25.958+0000] {processor.py:840} INFO - DAG(s) 'ecommerce_etl_v2' retrieved from /opt/airflow/dags/etl_dag.py
[2026-02-14T10:41:25.979+0000] {logging_mixin.py:188} INFO - [2026-02-14T10:41:25.979+0000] {dag.py:3036} INFO - Sync 1 DAGs
[2026-02-14T10:41:25.990+0000] {logging_mixin.py:188} INFO - [2026-02-14T10:41:25.990+0000] {dag.py:3823} INFO - Setting next_dagrun for ecommerce_etl_v2 to 2026-02-13 13:00:00+00:00, run_after=2026-02-14 13:00:00+00:00
[2026-02-14T10:41:26.002+0000] {processor.py:183} INFO - Processing /opt/airflow/dags/etl_dag.py took 0.177 seconds
[2026-02-14T11:57:28.649+0000] {processor.py:161} INFO - Started process (PID=24907) to work on /opt/airflow/dags/etl_dag.py
[2026-02-14T11:57:28.650+0000] {processor.py:830} INFO - Processing file /opt/airflow/dags/etl_dag.py for tasks to queue
[2026-02-14T11:57:28.651+0000] {logging_mixin.py:188} INFO - [2026-02-14T11:57:28.651+0000] {dagbag.py:538} INFO - Filling up the DagBag from /opt/airflow/dags/etl_dag.py
[2026-02-14T11:57:28.725+0000] {logging_mixin.py:188} INFO - Warning: Your Kaggle API key is readable by other users on this system! To fix this, you can run 'chmod 600 /home/airflow/.kaggle/kaggle.json'
[2026-02-14T11:57:28.798+0000] {logging_mixin.py:188} WARNING - /home/airflow/.local/lib/python3.8/site-packages/airflow/models/baseoperator.py:437 AirflowProviderDeprecationWarning: `exists_ok` parameter is deprecated, please use `if_exists`
[2026-02-14T11:57:28.810+0000] {processor.py:840} INFO - DAG(s) 'ecommerce_etl_v2' retrieved from /opt/airflow/dags/etl_dag.py
[2026-02-14T11:57:28.835+0000] {logging_mixin.py:188} INFO - [2026-02-14T11:57:28.835+0000] {dag.py:3036} INFO - Sync 1 DAGs
[2026-02-14T11:57:28.854+0000] {logging_mixin.py:188} INFO - [2026-02-14T11:57:28.853+0000] {dag.py:3823} INFO - Setting next_dagrun for ecommerce_etl_v2 to 2026-02-13 13:00:00+00:00, run_after=2026-02-14 13:00:00+00:00
[2026-02-14T11:57:28.868+0000] {processor.py:183} INFO - Processing /opt/airflow/dags/etl_dag.py took 0.222 seconds
[2026-02-14T12:30:28.793+0000] {processor.py:161} INFO - Started process (PID=24938) to work on /opt/airflow/dags/etl_dag.py
[2026-02-14T12:30:28.794+0000] {processor.py:830} INFO - Processing file /opt/airflow/dags/etl_dag.py for tasks to queue
[2026-02-14T12:30:28.795+0000] {logging_mixin.py:188} INFO - [2026-02-14T12:30:28.794+0000] {dagbag.py:538} INFO - Filling up the DagBag from /opt/airflow/dags/etl_dag.py
[2026-02-14T12:30:28.839+0000] {logging_mixin.py:188} INFO - Warning: Your Kaggle API key is readable by other users on this system! To fix this, you can run 'chmod 600 /home/airflow/.kaggle/kaggle.json'
[2026-02-14T12:30:28.921+0000] {logging_mixin.py:188} WARNING - /home/airflow/.local/lib/python3.8/site-packages/airflow/models/baseoperator.py:437 AirflowProviderDeprecationWarning: `exists_ok` parameter is deprecated, please use `if_exists`
[2026-02-14T12:30:28.935+0000] {processor.py:840} INFO - DAG(s) 'ecommerce_etl_v2' retrieved from /opt/airflow/dags/etl_dag.py
[2026-02-14T12:30:28.960+0000] {logging_mixin.py:188} INFO - [2026-02-14T12:30:28.960+0000] {dag.py:3036} INFO - Sync 1 DAGs
[2026-02-14T12:30:28.974+0000] {logging_mixin.py:188} INFO - [2026-02-14T12:30:28.974+0000] {dag.py:3823} INFO - Setting next_dagrun for ecommerce_etl_v2 to 2026-02-13 13:00:00+00:00, run_after=2026-02-14 13:00:00+00:00
[2026-02-14T12:30:28.987+0000] {processor.py:183} INFO - Processing /opt/airflow/dags/etl_dag.py took 0.196 seconds
[2026-02-14T13:16:35.664+0000] {processor.py:161} INFO - Started process (PID=24969) to work on /opt/airflow/dags/etl_dag.py
[2026-02-14T13:16:35.665+0000] {processor.py:830} INFO - Processing file /opt/airflow/dags/etl_dag.py for tasks to queue
[2026-02-14T13:16:35.665+0000] {logging_mixin.py:188} INFO - [2026-02-14T13:16:35.665+0000] {dagbag.py:538} INFO - Filling up the DagBag from /opt/airflow/dags/etl_dag.py
[2026-02-14T13:16:35.711+0000] {logging_mixin.py:188} INFO - Warning: Your Kaggle API key is readable by other users on this system! To fix this, you can run 'chmod 600 /home/airflow/.kaggle/kaggle.json'
[2026-02-14T13:16:35.781+0000] {logging_mixin.py:188} WARNING - /home/airflow/.local/lib/python3.8/site-packages/airflow/models/baseoperator.py:437 AirflowProviderDeprecationWarning: `exists_ok` parameter is deprecated, please use `if_exists`
[2026-02-14T13:16:35.793+0000] {processor.py:840} INFO - DAG(s) 'ecommerce_etl_v2' retrieved from /opt/airflow/dags/etl_dag.py
[2026-02-14T13:16:35.816+0000] {logging_mixin.py:188} INFO - [2026-02-14T13:16:35.816+0000] {dag.py:3036} INFO - Sync 1 DAGs
[2026-02-14T13:16:35.828+0000] {logging_mixin.py:188} INFO - [2026-02-14T13:16:35.828+0000] {dag.py:3823} INFO - Setting next_dagrun for ecommerce_etl_v2 to 2026-02-13 13:00:00+00:00, run_after=2026-02-14 13:00:00+00:00
[2026-02-14T13:16:35.839+0000] {processor.py:183} INFO - Processing /opt/airflow/dags/etl_dag.py took 0.178 seconds
[2026-02-14T13:59:36.541+0000] {processor.py:161} INFO - Started process (PID=25201) to work on /opt/airflow/dags/etl_dag.py
[2026-02-14T13:59:36.542+0000] {processor.py:830} INFO - Processing file /opt/airflow/dags/etl_dag.py for tasks to queue
[2026-02-14T13:59:36.542+0000] {logging_mixin.py:188} INFO - [2026-02-14T13:59:36.542+0000] {dagbag.py:538} INFO - Filling up the DagBag from /opt/airflow/dags/etl_dag.py
[2026-02-14T13:59:36.580+0000] {logging_mixin.py:188} INFO - Warning: Your Kaggle API key is readable by other users on this system! To fix this, you can run 'chmod 600 /home/airflow/.kaggle/kaggle.json'
[2026-02-14T13:59:36.660+0000] {logging_mixin.py:188} WARNING - /home/airflow/.local/lib/python3.8/site-packages/airflow/models/baseoperator.py:437 AirflowProviderDeprecationWarning: `exists_ok` parameter is deprecated, please use `if_exists`
[2026-02-14T13:59:36.674+0000] {processor.py:840} INFO - DAG(s) 'ecommerce_etl_v2' retrieved from /opt/airflow/dags/etl_dag.py
[2026-02-14T13:59:36.698+0000] {logging_mixin.py:188} INFO - [2026-02-14T13:59:36.698+0000] {dag.py:3036} INFO - Sync 1 DAGs
[2026-02-14T13:59:36.730+0000] {processor.py:183} INFO - Processing /opt/airflow/dags/etl_dag.py took 0.191 seconds
[2026-02-14T14:32:26.668+0000] {processor.py:161} INFO - Started process (PID=25292) to work on /opt/airflow/dags/etl_dag.py
[2026-02-14T14:32:26.669+0000] {processor.py:830} INFO - Processing file /opt/airflow/dags/etl_dag.py for tasks to queue
[2026-02-14T14:32:26.670+0000] {logging_mixin.py:188} INFO - [2026-02-14T14:32:26.670+0000] {dagbag.py:538} INFO - Filling up the DagBag from /opt/airflow/dags/etl_dag.py
[2026-02-14T14:32:26.722+0000] {logging_mixin.py:188} INFO - Warning: Your Kaggle API key is readable by other users on this system! To fix this, you can run 'chmod 600 /home/airflow/.kaggle/kaggle.json'
[2026-02-14T14:32:26.790+0000] {logging_mixin.py:188} WARNING - /home/airflow/.local/lib/python3.8/site-packages/airflow/models/baseoperator.py:437 AirflowProviderDeprecationWarning: `exists_ok` parameter is deprecated, please use `if_exists`
[2026-02-14T14:32:26.802+0000] {processor.py:840} INFO - DAG(s) 'ecommerce_etl_v2' retrieved from /opt/airflow/dags/etl_dag.py
[2026-02-14T14:32:26.824+0000] {logging_mixin.py:188} INFO - [2026-02-14T14:32:26.824+0000] {dag.py:3036} INFO - Sync 1 DAGs
[2026-02-14T14:32:26.849+0000] {processor.py:183} INFO - Processing /opt/airflow/dags/etl_dag.py took 0.186 seconds
[2026-02-14T14:35:45.587+0000] {processor.py:161} INFO - Started process (PID=25377) to work on /opt/airflow/dags/etl_dag.py
[2026-02-14T14:35:45.589+0000] {processor.py:830} INFO - Processing file /opt/airflow/dags/etl_dag.py for tasks to queue
[2026-02-14T14:35:45.590+0000] {logging_mixin.py:188} INFO - [2026-02-14T14:35:45.589+0000] {dagbag.py:538} INFO - Filling up the DagBag from /opt/airflow/dags/etl_dag.py
[2026-02-14T14:35:45.635+0000] {logging_mixin.py:188} INFO - Warning: Your Kaggle API key is readable by other users on this system! To fix this, you can run 'chmod 600 /home/airflow/.kaggle/kaggle.json'
[2026-02-14T14:35:45.695+0000] {logging_mixin.py:188} WARNING - /home/airflow/.local/lib/python3.8/site-packages/airflow/models/baseoperator.py:437 AirflowProviderDeprecationWarning: `exists_ok` parameter is deprecated, please use `if_exists`
[2026-02-14T14:35:45.704+0000] {processor.py:840} INFO - DAG(s) 'ecommerce_etl_v2' retrieved from /opt/airflow/dags/etl_dag.py
[2026-02-14T14:35:45.725+0000] {logging_mixin.py:188} INFO - [2026-02-14T14:35:45.725+0000] {dag.py:3036} INFO - Sync 1 DAGs
[2026-02-14T14:35:45.745+0000] {processor.py:183} INFO - Processing /opt/airflow/dags/etl_dag.py took 0.161 seconds
[2026-02-14T14:45:29.717+0000] {processor.py:161} INFO - Started process (PID=25408) to work on /opt/airflow/dags/etl_dag.py
[2026-02-14T14:45:29.717+0000] {processor.py:830} INFO - Processing file /opt/airflow/dags/etl_dag.py for tasks to queue
[2026-02-14T14:45:29.718+0000] {logging_mixin.py:188} INFO - [2026-02-14T14:45:29.718+0000] {dagbag.py:538} INFO - Filling up the DagBag from /opt/airflow/dags/etl_dag.py
[2026-02-14T14:45:29.762+0000] {logging_mixin.py:188} INFO - Warning: Your Kaggle API key is readable by other users on this system! To fix this, you can run 'chmod 600 /home/airflow/.kaggle/kaggle.json'
[2026-02-14T14:45:29.825+0000] {logging_mixin.py:188} WARNING - /home/airflow/.local/lib/python3.8/site-packages/airflow/models/baseoperator.py:437 AirflowProviderDeprecationWarning: `exists_ok` parameter is deprecated, please use `if_exists`
[2026-02-14T14:45:29.836+0000] {processor.py:840} INFO - DAG(s) 'ecommerce_etl_v2' retrieved from /opt/airflow/dags/etl_dag.py
[2026-02-14T14:45:29.864+0000] {logging_mixin.py:188} INFO - [2026-02-14T14:45:29.864+0000] {dag.py:3036} INFO - Sync 1 DAGs
[2026-02-14T14:45:29.881+0000] {logging_mixin.py:188} INFO - [2026-02-14T14:45:29.880+0000] {dag.py:3823} INFO - Setting next_dagrun for ecommerce_etl_v2 to 2026-02-14 13:00:00+00:00, run_after=2026-02-15 13:00:00+00:00
[2026-02-14T14:45:29.893+0000] {processor.py:183} INFO - Processing /opt/airflow/dags/etl_dag.py took 0.179 seconds
[2026-02-14T15:10:14.629+0000] {processor.py:161} INFO - Started process (PID=25439) to work on /opt/airflow/dags/etl_dag.py
[2026-02-14T15:10:14.630+0000] {processor.py:830} INFO - Processing file /opt/airflow/dags/etl_dag.py for tasks to queue
[2026-02-14T15:10:14.630+0000] {logging_mixin.py:188} INFO - [2026-02-14T15:10:14.630+0000] {dagbag.py:538} INFO - Filling up the DagBag from /opt/airflow/dags/etl_dag.py
[2026-02-14T15:10:14.676+0000] {logging_mixin.py:188} INFO - Warning: Your Kaggle API key is readable by other users on this system! To fix this, you can run 'chmod 600 /home/airflow/.kaggle/kaggle.json'
[2026-02-14T15:10:14.737+0000] {logging_mixin.py:188} WARNING - /home/airflow/.local/lib/python3.8/site-packages/airflow/models/baseoperator.py:437 AirflowProviderDeprecationWarning: `exists_ok` parameter is deprecated, please use `if_exists`
[2026-02-14T15:10:14.748+0000] {processor.py:840} INFO - DAG(s) 'ecommerce_etl_v2' retrieved from /opt/airflow/dags/etl_dag.py
[2026-02-14T15:10:14.776+0000] {logging_mixin.py:188} INFO - [2026-02-14T15:10:14.776+0000] {dag.py:3036} INFO - Sync 1 DAGs
[2026-02-14T15:10:14.791+0000] {logging_mixin.py:188} INFO - [2026-02-14T15:10:14.791+0000] {dag.py:3823} INFO - Setting next_dagrun for ecommerce_etl_v2 to 2026-02-14 13:00:00+00:00, run_after=2026-02-15 13:00:00+00:00
[2026-02-14T15:10:14.803+0000] {processor.py:183} INFO - Processing /opt/airflow/dags/etl_dag.py took 0.178 seconds
[2026-02-14T15:31:33.938+0000] {processor.py:161} INFO - Started process (PID=25470) to work on /opt/airflow/dags/etl_dag.py
[2026-02-14T15:31:33.939+0000] {processor.py:830} INFO - Processing file /opt/airflow/dags/etl_dag.py for tasks to queue
[2026-02-14T15:31:33.940+0000] {logging_mixin.py:188} INFO - [2026-02-14T15:31:33.939+0000] {dagbag.py:538} INFO - Filling up the DagBag from /opt/airflow/dags/etl_dag.py
[2026-02-14T15:31:33.979+0000] {logging_mixin.py:188} INFO - Warning: Your Kaggle API key is readable by other users on this system! To fix this, you can run 'chmod 600 /home/airflow/.kaggle/kaggle.json'
[2026-02-14T15:31:34.040+0000] {logging_mixin.py:188} WARNING - /home/airflow/.local/lib/python3.8/site-packages/airflow/models/baseoperator.py:437 AirflowProviderDeprecationWarning: `exists_ok` parameter is deprecated, please use `if_exists`
[2026-02-14T15:31:34.051+0000] {processor.py:840} INFO - DAG(s) 'ecommerce_etl_v2' retrieved from /opt/airflow/dags/etl_dag.py
[2026-02-14T15:31:34.070+0000] {logging_mixin.py:188} INFO - [2026-02-14T15:31:34.070+0000] {dag.py:3036} INFO - Sync 1 DAGs
[2026-02-14T15:31:34.081+0000] {logging_mixin.py:188} INFO - [2026-02-14T15:31:34.081+0000] {dag.py:3823} INFO - Setting next_dagrun for ecommerce_etl_v2 to 2026-02-14 13:00:00+00:00, run_after=2026-02-15 13:00:00+00:00
[2026-02-14T15:31:34.090+0000] {processor.py:183} INFO - Processing /opt/airflow/dags/etl_dag.py took 0.153 seconds
[2026-02-14T16:20:14.702+0000] {processor.py:161} INFO - Started process (PID=25501) to work on /opt/airflow/dags/etl_dag.py
[2026-02-14T16:20:14.703+0000] {processor.py:830} INFO - Processing file /opt/airflow/dags/etl_dag.py for tasks to queue
[2026-02-14T16:20:14.704+0000] {logging_mixin.py:188} INFO - [2026-02-14T16:20:14.703+0000] {dagbag.py:538} INFO - Filling up the DagBag from /opt/airflow/dags/etl_dag.py
[2026-02-14T16:20:14.751+0000] {logging_mixin.py:188} INFO - Warning: Your Kaggle API key is readable by other users on this system! To fix this, you can run 'chmod 600 /home/airflow/.kaggle/kaggle.json'
[2026-02-14T16:20:14.818+0000] {logging_mixin.py:188} WARNING - /home/airflow/.local/lib/python3.8/site-packages/airflow/models/baseoperator.py:437 AirflowProviderDeprecationWarning: `exists_ok` parameter is deprecated, please use `if_exists`
[2026-02-14T16:20:14.833+0000] {processor.py:840} INFO - DAG(s) 'ecommerce_etl_v2' retrieved from /opt/airflow/dags/etl_dag.py
[2026-02-14T16:20:14.857+0000] {logging_mixin.py:188} INFO - [2026-02-14T16:20:14.857+0000] {dag.py:3036} INFO - Sync 1 DAGs
[2026-02-14T16:20:14.869+0000] {logging_mixin.py:188} INFO - [2026-02-14T16:20:14.869+0000] {dag.py:3823} INFO - Setting next_dagrun for ecommerce_etl_v2 to 2026-02-14 13:00:00+00:00, run_after=2026-02-15 13:00:00+00:00
[2026-02-14T16:20:14.883+0000] {processor.py:183} INFO - Processing /opt/airflow/dags/etl_dag.py took 0.182 seconds
[2026-02-14T16:50:58.355+0000] {processor.py:161} INFO - Started process (PID=25532) to work on /opt/airflow/dags/etl_dag.py
[2026-02-14T16:50:58.355+0000] {processor.py:830} INFO - Processing file /opt/airflow/dags/etl_dag.py for tasks to queue
[2026-02-14T16:50:58.356+0000] {logging_mixin.py:188} INFO - [2026-02-14T16:50:58.356+0000] {dagbag.py:538} INFO - Filling up the DagBag from /opt/airflow/dags/etl_dag.py
[2026-02-14T16:50:58.394+0000] {logging_mixin.py:188} INFO - Warning: Your Kaggle API key is readable by other users on this system! To fix this, you can run 'chmod 600 /home/airflow/.kaggle/kaggle.json'
[2026-02-14T16:50:58.457+0000] {logging_mixin.py:188} WARNING - /home/airflow/.local/lib/python3.8/site-packages/airflow/models/baseoperator.py:437 AirflowProviderDeprecationWarning: `exists_ok` parameter is deprecated, please use `if_exists`
[2026-02-14T16:50:58.466+0000] {processor.py:840} INFO - DAG(s) 'ecommerce_etl_v2' retrieved from /opt/airflow/dags/etl_dag.py
[2026-02-14T16:50:58.485+0000] {logging_mixin.py:188} INFO - [2026-02-14T16:50:58.485+0000] {dag.py:3036} INFO - Sync 1 DAGs
[2026-02-14T16:50:58.495+0000] {logging_mixin.py:188} INFO - [2026-02-14T16:50:58.495+0000] {dag.py:3823} INFO - Setting next_dagrun for ecommerce_etl_v2 to 2026-02-14 13:00:00+00:00, run_after=2026-02-15 13:00:00+00:00
[2026-02-14T16:50:58.503+0000] {processor.py:183} INFO - Processing /opt/airflow/dags/etl_dag.py took 0.151 seconds
[2026-02-14T17:06:31.356+0000] {processor.py:161} INFO - Started process (PID=25563) to work on /opt/airflow/dags/etl_dag.py
[2026-02-14T17:06:31.358+0000] {processor.py:830} INFO - Processing file /opt/airflow/dags/etl_dag.py for tasks to queue
[2026-02-14T17:06:31.358+0000] {logging_mixin.py:188} INFO - [2026-02-14T17:06:31.358+0000] {dagbag.py:538} INFO - Filling up the DagBag from /opt/airflow/dags/etl_dag.py
[2026-02-14T17:06:31.400+0000] {logging_mixin.py:188} INFO - Warning: Your Kaggle API key is readable by other users on this system! To fix this, you can run 'chmod 600 /home/airflow/.kaggle/kaggle.json'
[2026-02-14T17:06:31.459+0000] {logging_mixin.py:188} WARNING - /home/airflow/.local/lib/python3.8/site-packages/airflow/models/baseoperator.py:437 AirflowProviderDeprecationWarning: `exists_ok` parameter is deprecated, please use `if_exists`
[2026-02-14T17:06:31.468+0000] {processor.py:840} INFO - DAG(s) 'ecommerce_etl_v2' retrieved from /opt/airflow/dags/etl_dag.py
[2026-02-14T17:06:31.487+0000] {logging_mixin.py:188} INFO - [2026-02-14T17:06:31.487+0000] {dag.py:3036} INFO - Sync 1 DAGs
[2026-02-14T17:06:31.497+0000] {logging_mixin.py:188} INFO - [2026-02-14T17:06:31.497+0000] {dag.py:3823} INFO - Setting next_dagrun for ecommerce_etl_v2 to 2026-02-14 13:00:00+00:00, run_after=2026-02-15 13:00:00+00:00
[2026-02-14T17:06:31.505+0000] {processor.py:183} INFO - Processing /opt/airflow/dags/etl_dag.py took 0.153 seconds
[2026-02-14T17:44:34.442+0000] {processor.py:161} INFO - Started process (PID=25595) to work on /opt/airflow/dags/etl_dag.py
[2026-02-14T17:44:34.443+0000] {processor.py:830} INFO - Processing file /opt/airflow/dags/etl_dag.py for tasks to queue
[2026-02-14T17:44:34.443+0000] {logging_mixin.py:188} INFO - [2026-02-14T17:44:34.443+0000] {dagbag.py:538} INFO - Filling up the DagBag from /opt/airflow/dags/etl_dag.py
[2026-02-14T17:44:34.483+0000] {logging_mixin.py:188} INFO - Warning: Your Kaggle API key is readable by other users on this system! To fix this, you can run 'chmod 600 /home/airflow/.kaggle/kaggle.json'
[2026-02-14T17:44:34.543+0000] {logging_mixin.py:188} WARNING - /home/airflow/.local/lib/python3.8/site-packages/airflow/models/baseoperator.py:437 AirflowProviderDeprecationWarning: `exists_ok` parameter is deprecated, please use `if_exists`
[2026-02-14T17:44:34.552+0000] {processor.py:840} INFO - DAG(s) 'ecommerce_etl_v2' retrieved from /opt/airflow/dags/etl_dag.py
[2026-02-14T17:44:34.571+0000] {logging_mixin.py:188} INFO - [2026-02-14T17:44:34.571+0000] {dag.py:3036} INFO - Sync 1 DAGs
[2026-02-14T17:44:34.581+0000] {logging_mixin.py:188} INFO - [2026-02-14T17:44:34.581+0000] {dag.py:3823} INFO - Setting next_dagrun for ecommerce_etl_v2 to 2026-02-14 13:00:00+00:00, run_after=2026-02-15 13:00:00+00:00
[2026-02-14T17:44:34.589+0000] {processor.py:183} INFO - Processing /opt/airflow/dags/etl_dag.py took 0.149 seconds
[2026-02-14T18:19:15.169+0000] {processor.py:161} INFO - Started process (PID=25627) to work on /opt/airflow/dags/etl_dag.py
[2026-02-14T18:19:15.170+0000] {processor.py:830} INFO - Processing file /opt/airflow/dags/etl_dag.py for tasks to queue
[2026-02-14T18:19:15.171+0000] {logging_mixin.py:188} INFO - [2026-02-14T18:19:15.170+0000] {dagbag.py:538} INFO - Filling up the DagBag from /opt/airflow/dags/etl_dag.py
[2026-02-14T18:19:15.213+0000] {logging_mixin.py:188} INFO - Warning: Your Kaggle API key is readable by other users on this system! To fix this, you can run 'chmod 600 /home/airflow/.kaggle/kaggle.json'
[2026-02-14T18:19:15.273+0000] {logging_mixin.py:188} WARNING - /home/airflow/.local/lib/python3.8/site-packages/airflow/models/baseoperator.py:437 AirflowProviderDeprecationWarning: `exists_ok` parameter is deprecated, please use `if_exists`
[2026-02-14T18:19:15.282+0000] {processor.py:840} INFO - DAG(s) 'ecommerce_etl_v2' retrieved from /opt/airflow/dags/etl_dag.py
[2026-02-14T18:19:15.300+0000] {logging_mixin.py:188} INFO - [2026-02-14T18:19:15.300+0000] {dag.py:3036} INFO - Sync 1 DAGs
[2026-02-14T18:19:15.311+0000] {logging_mixin.py:188} INFO - [2026-02-14T18:19:15.311+0000] {dag.py:3823} INFO - Setting next_dagrun for ecommerce_etl_v2 to 2026-02-14 13:00:00+00:00, run_after=2026-02-15 13:00:00+00:00
[2026-02-14T18:19:15.318+0000] {processor.py:183} INFO - Processing /opt/airflow/dags/etl_dag.py took 0.153 seconds
[2026-02-14T18:49:20.639+0000] {processor.py:161} INFO - Started process (PID=25658) to work on /opt/airflow/dags/etl_dag.py
[2026-02-14T18:49:20.640+0000] {processor.py:830} INFO - Processing file /opt/airflow/dags/etl_dag.py for tasks to queue
[2026-02-14T18:49:20.642+0000] {logging_mixin.py:188} INFO - [2026-02-14T18:49:20.641+0000] {dagbag.py:538} INFO - Filling up the DagBag from /opt/airflow/dags/etl_dag.py
[2026-02-14T18:49:20.695+0000] {logging_mixin.py:188} INFO - Warning: Your Kaggle API key is readable by other users on this system! To fix this, you can run 'chmod 600 /home/airflow/.kaggle/kaggle.json'
[2026-02-14T18:49:20.763+0000] {logging_mixin.py:188} WARNING - /home/airflow/.local/lib/python3.8/site-packages/airflow/models/baseoperator.py:437 AirflowProviderDeprecationWarning: `exists_ok` parameter is deprecated, please use `if_exists`
[2026-02-14T18:49:20.775+0000] {processor.py:840} INFO - DAG(s) 'ecommerce_etl_v2' retrieved from /opt/airflow/dags/etl_dag.py
[2026-02-14T18:49:20.805+0000] {logging_mixin.py:188} INFO - [2026-02-14T18:49:20.805+0000] {dag.py:3036} INFO - Sync 1 DAGs
[2026-02-14T18:49:20.819+0000] {logging_mixin.py:188} INFO - [2026-02-14T18:49:20.819+0000] {dag.py:3823} INFO - Setting next_dagrun for ecommerce_etl_v2 to 2026-02-14 13:00:00+00:00, run_after=2026-02-15 13:00:00+00:00
[2026-02-14T18:49:20.831+0000] {processor.py:183} INFO - Processing /opt/airflow/dags/etl_dag.py took 0.196 seconds
[2026-02-14T18:49:51.537+0000] {processor.py:161} INFO - Started process (PID=25689) to work on /opt/airflow/dags/etl_dag.py
[2026-02-14T18:49:51.537+0000] {processor.py:830} INFO - Processing file /opt/airflow/dags/etl_dag.py for tasks to queue
[2026-02-14T18:49:51.538+0000] {logging_mixin.py:188} INFO - [2026-02-14T18:49:51.538+0000] {dagbag.py:538} INFO - Filling up the DagBag from /opt/airflow/dags/etl_dag.py
[2026-02-14T18:49:51.574+0000] {logging_mixin.py:188} INFO - Warning: Your Kaggle API key is readable by other users on this system! To fix this, you can run 'chmod 600 /home/airflow/.kaggle/kaggle.json'
[2026-02-14T18:49:51.634+0000] {logging_mixin.py:188} WARNING - /home/airflow/.local/lib/python3.8/site-packages/airflow/models/baseoperator.py:437 AirflowProviderDeprecationWarning: `exists_ok` parameter is deprecated, please use `if_exists`
[2026-02-14T18:49:51.643+0000] {processor.py:840} INFO - DAG(s) 'ecommerce_etl_v2' retrieved from /opt/airflow/dags/etl_dag.py
[2026-02-14T18:49:51.664+0000] {logging_mixin.py:188} INFO - [2026-02-14T18:49:51.664+0000] {dag.py:3036} INFO - Sync 1 DAGs
[2026-02-14T18:49:51.674+0000] {logging_mixin.py:188} INFO - [2026-02-14T18:49:51.674+0000] {dag.py:3823} INFO - Setting next_dagrun for ecommerce_etl_v2 to 2026-02-14 13:00:00+00:00, run_after=2026-02-15 13:00:00+00:00
[2026-02-14T18:49:51.683+0000] {processor.py:183} INFO - Processing /opt/airflow/dags/etl_dag.py took 0.148 seconds
[2026-02-14T19:14:21.968+0000] {processor.py:161} INFO - Started process (PID=25720) to work on /opt/airflow/dags/etl_dag.py
[2026-02-14T19:14:21.969+0000] {processor.py:830} INFO - Processing file /opt/airflow/dags/etl_dag.py for tasks to queue
[2026-02-14T19:14:21.970+0000] {logging_mixin.py:188} INFO - [2026-02-14T19:14:21.969+0000] {dagbag.py:538} INFO - Filling up the DagBag from /opt/airflow/dags/etl_dag.py
[2026-02-14T19:14:22.017+0000] {logging_mixin.py:188} INFO - Warning: Your Kaggle API key is readable by other users on this system! To fix this, you can run 'chmod 600 /home/airflow/.kaggle/kaggle.json'
[2026-02-14T19:14:22.086+0000] {logging_mixin.py:188} WARNING - /home/airflow/.local/lib/python3.8/site-packages/airflow/models/baseoperator.py:437 AirflowProviderDeprecationWarning: `exists_ok` parameter is deprecated, please use `if_exists`
[2026-02-14T19:14:22.098+0000] {processor.py:840} INFO - DAG(s) 'ecommerce_etl_v2' retrieved from /opt/airflow/dags/etl_dag.py
[2026-02-14T19:14:22.120+0000] {logging_mixin.py:188} INFO - [2026-02-14T19:14:22.120+0000] {dag.py:3036} INFO - Sync 1 DAGs
[2026-02-14T19:14:22.134+0000] {logging_mixin.py:188} INFO - [2026-02-14T19:14:22.134+0000] {dag.py:3823} INFO - Setting next_dagrun for ecommerce_etl_v2 to 2026-02-14 13:00:00+00:00, run_after=2026-02-15 13:00:00+00:00
[2026-02-14T19:14:22.147+0000] {processor.py:183} INFO - Processing /opt/airflow/dags/etl_dag.py took 0.182 seconds
[2026-02-14T20:07:01.457+0000] {processor.py:161} INFO - Started process (PID=25752) to work on /opt/airflow/dags/etl_dag.py
[2026-02-14T20:07:01.458+0000] {processor.py:830} INFO - Processing file /opt/airflow/dags/etl_dag.py for tasks to queue
[2026-02-14T20:07:01.459+0000] {logging_mixin.py:188} INFO - [2026-02-14T20:07:01.459+0000] {dagbag.py:538} INFO - Filling up the DagBag from /opt/airflow/dags/etl_dag.py
[2026-02-14T20:07:01.507+0000] {logging_mixin.py:188} INFO - Warning: Your Kaggle API key is readable by other users on this system! To fix this, you can run 'chmod 600 /home/airflow/.kaggle/kaggle.json'
[2026-02-14T20:07:01.578+0000] {logging_mixin.py:188} WARNING - /home/airflow/.local/lib/python3.8/site-packages/airflow/models/baseoperator.py:437 AirflowProviderDeprecationWarning: `exists_ok` parameter is deprecated, please use `if_exists`
[2026-02-14T20:07:01.589+0000] {processor.py:840} INFO - DAG(s) 'ecommerce_etl_v2' retrieved from /opt/airflow/dags/etl_dag.py
[2026-02-14T20:07:01.612+0000] {logging_mixin.py:188} INFO - [2026-02-14T20:07:01.612+0000] {dag.py:3036} INFO - Sync 1 DAGs
[2026-02-14T20:07:01.629+0000] {logging_mixin.py:188} INFO - [2026-02-14T20:07:01.628+0000] {dag.py:3823} INFO - Setting next_dagrun for ecommerce_etl_v2 to 2026-02-14 13:00:00+00:00, run_after=2026-02-15 13:00:00+00:00
[2026-02-14T20:07:01.645+0000] {processor.py:183} INFO - Processing /opt/airflow/dags/etl_dag.py took 0.190 seconds
[2026-02-14T20:27:18.618+0000] {processor.py:161} INFO - Started process (PID=25784) to work on /opt/airflow/dags/etl_dag.py
[2026-02-14T20:27:18.618+0000] {processor.py:830} INFO - Processing file /opt/airflow/dags/etl_dag.py for tasks to queue
[2026-02-14T20:27:18.619+0000] {logging_mixin.py:188} INFO - [2026-02-14T20:27:18.619+0000] {dagbag.py:538} INFO - Filling up the DagBag from /opt/airflow/dags/etl_dag.py
[2026-02-14T20:27:18.664+0000] {logging_mixin.py:188} INFO - Warning: Your Kaggle API key is readable by other users on this system! To fix this, you can run 'chmod 600 /home/airflow/.kaggle/kaggle.json'
[2026-02-14T20:27:18.734+0000] {logging_mixin.py:188} WARNING - /home/airflow/.local/lib/python3.8/site-packages/airflow/models/baseoperator.py:437 AirflowProviderDeprecationWarning: `exists_ok` parameter is deprecated, please use `if_exists`
[2026-02-14T20:27:18.745+0000] {processor.py:840} INFO - DAG(s) 'ecommerce_etl_v2' retrieved from /opt/airflow/dags/etl_dag.py
[2026-02-14T20:27:18.770+0000] {logging_mixin.py:188} INFO - [2026-02-14T20:27:18.770+0000] {dag.py:3036} INFO - Sync 1 DAGs
[2026-02-14T20:27:18.784+0000] {logging_mixin.py:188} INFO - [2026-02-14T20:27:18.783+0000] {dag.py:3823} INFO - Setting next_dagrun for ecommerce_etl_v2 to 2026-02-14 13:00:00+00:00, run_after=2026-02-15 13:00:00+00:00
[2026-02-14T20:27:18.797+0000] {processor.py:183} INFO - Processing /opt/airflow/dags/etl_dag.py took 0.182 seconds
[2026-02-14T20:51:23.516+0000] {processor.py:161} INFO - Started process (PID=25815) to work on /opt/airflow/dags/etl_dag.py
[2026-02-14T20:51:23.517+0000] {processor.py:830} INFO - Processing file /opt/airflow/dags/etl_dag.py for tasks to queue
[2026-02-14T20:51:23.518+0000] {logging_mixin.py:188} INFO - [2026-02-14T20:51:23.517+0000] {dagbag.py:538} INFO - Filling up the DagBag from /opt/airflow/dags/etl_dag.py
[2026-02-14T20:51:23.562+0000] {logging_mixin.py:188} INFO - Warning: Your Kaggle API key is readable by other users on this system! To fix this, you can run 'chmod 600 /home/airflow/.kaggle/kaggle.json'
[2026-02-14T20:51:23.631+0000] {logging_mixin.py:188} WARNING - /home/airflow/.local/lib/python3.8/site-packages/airflow/models/baseoperator.py:437 AirflowProviderDeprecationWarning: `exists_ok` parameter is deprecated, please use `if_exists`
[2026-02-14T20:51:23.643+0000] {processor.py:840} INFO - DAG(s) 'ecommerce_etl_v2' retrieved from /opt/airflow/dags/etl_dag.py
[2026-02-14T20:51:23.666+0000] {logging_mixin.py:188} INFO - [2026-02-14T20:51:23.666+0000] {dag.py:3036} INFO - Sync 1 DAGs
[2026-02-14T20:51:23.680+0000] {logging_mixin.py:188} INFO - [2026-02-14T20:51:23.680+0000] {dag.py:3823} INFO - Setting next_dagrun for ecommerce_etl_v2 to 2026-02-14 13:00:00+00:00, run_after=2026-02-15 13:00:00+00:00
[2026-02-14T20:51:23.693+0000] {processor.py:183} INFO - Processing /opt/airflow/dags/etl_dag.py took 0.181 seconds
[2026-02-14T21:42:40.411+0000] {processor.py:161} INFO - Started process (PID=25846) to work on /opt/airflow/dags/etl_dag.py
[2026-02-14T21:42:40.412+0000] {processor.py:830} INFO - Processing file /opt/airflow/dags/etl_dag.py for tasks to queue
[2026-02-14T21:42:40.413+0000] {logging_mixin.py:188} INFO - [2026-02-14T21:42:40.412+0000] {dagbag.py:538} INFO - Filling up the DagBag from /opt/airflow/dags/etl_dag.py
[2026-02-14T21:42:40.453+0000] {logging_mixin.py:188} INFO - Warning: Your Kaggle API key is readable by other users on this system! To fix this, you can run 'chmod 600 /home/airflow/.kaggle/kaggle.json'
[2026-02-14T21:42:40.535+0000] {logging_mixin.py:188} WARNING - /home/airflow/.local/lib/python3.8/site-packages/airflow/models/baseoperator.py:437 AirflowProviderDeprecationWarning: `exists_ok` parameter is deprecated, please use `if_exists`
[2026-02-14T21:42:40.554+0000] {processor.py:840} INFO - DAG(s) 'ecommerce_etl_v2' retrieved from /opt/airflow/dags/etl_dag.py
[2026-02-14T21:42:40.587+0000] {logging_mixin.py:188} INFO - [2026-02-14T21:42:40.587+0000] {dag.py:3036} INFO - Sync 1 DAGs
[2026-02-14T21:42:40.611+0000] {logging_mixin.py:188} INFO - [2026-02-14T21:42:40.611+0000] {dag.py:3823} INFO - Setting next_dagrun for ecommerce_etl_v2 to 2026-02-14 13:00:00+00:00, run_after=2026-02-15 13:00:00+00:00
[2026-02-14T21:42:40.623+0000] {processor.py:183} INFO - Processing /opt/airflow/dags/etl_dag.py took 0.214 seconds
[2026-02-14T22:41:26.778+0000] {processor.py:161} INFO - Started process (PID=25877) to work on /opt/airflow/dags/etl_dag.py
[2026-02-14T22:41:26.779+0000] {processor.py:830} INFO - Processing file /opt/airflow/dags/etl_dag.py for tasks to queue
[2026-02-14T22:41:26.780+0000] {logging_mixin.py:188} INFO - [2026-02-14T22:41:26.779+0000] {dagbag.py:538} INFO - Filling up the DagBag from /opt/airflow/dags/etl_dag.py
[2026-02-14T22:41:26.835+0000] {logging_mixin.py:188} INFO - Warning: Your Kaggle API key is readable by other users on this system! To fix this, you can run 'chmod 600 /home/airflow/.kaggle/kaggle.json'
[2026-02-14T22:41:26.900+0000] {logging_mixin.py:188} WARNING - /home/airflow/.local/lib/python3.8/site-packages/airflow/models/baseoperator.py:437 AirflowProviderDeprecationWarning: `exists_ok` parameter is deprecated, please use `if_exists`
[2026-02-14T22:41:26.910+0000] {processor.py:840} INFO - DAG(s) 'ecommerce_etl_v2' retrieved from /opt/airflow/dags/etl_dag.py
[2026-02-14T22:41:26.936+0000] {logging_mixin.py:188} INFO - [2026-02-14T22:41:26.936+0000] {dag.py:3036} INFO - Sync 1 DAGs
[2026-02-14T22:41:26.952+0000] {logging_mixin.py:188} INFO - [2026-02-14T22:41:26.952+0000] {dag.py:3823} INFO - Setting next_dagrun for ecommerce_etl_v2 to 2026-02-14 13:00:00+00:00, run_after=2026-02-15 13:00:00+00:00
[2026-02-14T22:41:26.967+0000] {processor.py:183} INFO - Processing /opt/airflow/dags/etl_dag.py took 0.191 seconds
[2026-02-14T22:53:24.655+0000] {processor.py:161} INFO - Started process (PID=25908) to work on /opt/airflow/dags/etl_dag.py
[2026-02-14T22:53:24.656+0000] {processor.py:830} INFO - Processing file /opt/airflow/dags/etl_dag.py for tasks to queue
[2026-02-14T22:53:24.657+0000] {logging_mixin.py:188} INFO - [2026-02-14T22:53:24.657+0000] {dagbag.py:538} INFO - Filling up the DagBag from /opt/airflow/dags/etl_dag.py
[2026-02-14T22:53:24.695+0000] {logging_mixin.py:188} INFO - Warning: Your Kaggle API key is readable by other users on this system! To fix this, you can run 'chmod 600 /home/airflow/.kaggle/kaggle.json'
[2026-02-14T22:53:24.766+0000] {logging_mixin.py:188} WARNING - /home/airflow/.local/lib/python3.8/site-packages/airflow/models/baseoperator.py:437 AirflowProviderDeprecationWarning: `exists_ok` parameter is deprecated, please use `if_exists`
[2026-02-14T22:53:24.779+0000] {processor.py:840} INFO - DAG(s) 'ecommerce_etl_v2' retrieved from /opt/airflow/dags/etl_dag.py
[2026-02-14T22:53:24.803+0000] {logging_mixin.py:188} INFO - [2026-02-14T22:53:24.803+0000] {dag.py:3036} INFO - Sync 1 DAGs
[2026-02-14T22:53:24.817+0000] {logging_mixin.py:188} INFO - [2026-02-14T22:53:24.816+0000] {dag.py:3823} INFO - Setting next_dagrun for ecommerce_etl_v2 to 2026-02-14 13:00:00+00:00, run_after=2026-02-15 13:00:00+00:00
[2026-02-14T22:53:24.829+0000] {processor.py:183} INFO - Processing /opt/airflow/dags/etl_dag.py took 0.176 seconds
