[2026-02-09T18:29:52.919+0000] {taskinstance.py:1956} INFO - Dependencies all met for dep_context=non-requeueable deps ti=<TaskInstance: ecommerce_etl_v2.gold_layer.load_dim_users manual__2026-02-09T17:45:55.901922+00:00 [queued]>
[2026-02-09T18:29:52.924+0000] {taskinstance.py:1956} INFO - Dependencies all met for dep_context=requeueable deps ti=<TaskInstance: ecommerce_etl_v2.gold_layer.load_dim_users manual__2026-02-09T17:45:55.901922+00:00 [queued]>
[2026-02-09T18:29:52.924+0000] {taskinstance.py:2170} INFO - Starting attempt 12 of 14
[2026-02-09T18:29:52.930+0000] {taskinstance.py:2191} INFO - Executing <Task(BigQueryInsertJobOperator): gold_layer.load_dim_users> on 2026-02-09 17:45:55.901922+00:00
[2026-02-09T18:29:52.933+0000] {standard_task_runner.py:60} INFO - Started process 13989 to run task
[2026-02-09T18:29:52.935+0000] {standard_task_runner.py:87} INFO - Running: ['***', 'tasks', 'run', 'ecommerce_etl_v2', 'gold_layer.load_dim_users', 'manual__2026-02-09T17:45:55.901922+00:00', '--job-id', '286', '--raw', '--subdir', 'DAGS_FOLDER/etl_dag.py', '--cfg-path', '/tmp/tmpf_9kr2jp']
[2026-02-09T18:29:52.936+0000] {standard_task_runner.py:88} INFO - Job 286: Subtask gold_layer.load_dim_users
[2026-02-09T18:29:52.957+0000] {task_command.py:423} INFO - Running <TaskInstance: ecommerce_etl_v2.gold_layer.load_dim_users manual__2026-02-09T17:45:55.901922+00:00 [running]> on host 5d242a8c4230
[2026-02-09T18:29:52.988+0000] {taskinstance.py:2480} INFO - Exporting env vars: AIRFLOW_CTX_DAG_EMAIL='data-team@company.com' AIRFLOW_CTX_DAG_OWNER='data_engineering' AIRFLOW_CTX_DAG_ID='ecommerce_etl_v2' AIRFLOW_CTX_TASK_ID='gold_layer.load_dim_users' AIRFLOW_CTX_EXECUTION_DATE='2026-02-09T17:45:55.901922+00:00' AIRFLOW_CTX_TRY_NUMBER='12' AIRFLOW_CTX_DAG_RUN_ID='manual__2026-02-09T17:45:55.901922+00:00'
[2026-02-09T18:29:52.992+0000] {connection.py:234} WARNING - Connection schemes (type: google_cloud_platform) shall not contain '_' according to RFC3986.
[2026-02-09T18:29:52.993+0000] {base.py:83} INFO - Using connection ID 'google_cloud_default' for task execution.
[2026-02-09T18:29:52.993+0000] {credentials_provider.py:353} INFO - Getting connection using `google.auth.default()` since no explicit credentials are provided.
[2026-02-09T18:29:53.031+0000] {bigquery.py:2807} INFO - Executing: {'query': {'query': "MERGE INTO `prism-486509.gold.dim_users` AS tgt\nUSING `prism-486509.silver.users` AS src\nON tgt.user_id = src.user_id AND tgt.is_current = TRUE\n\n-- 1️⃣ Expire old version if attributes changed\nWHEN MATCHED AND (\n     tgt.full_name        != src.full_name\n  OR tgt.age              != src.age\n  OR tgt.gender           != src.gender\n  OR tgt.city             != src.city\n  OR tgt.state            != src.state\n  OR tgt.country          != src.country\n  OR tgt.zip_code         != src.zip_code\n  OR tgt.street_address   != src.street_address\n  OR tgt.traffic_source   != src.traffic_source\n)\nTHEN\n UPDATE SET \n    effective_to = CURRENT_DATE(),\n    is_current = FALSE\n\n-- 2️⃣ Insert new version (new or changed user)\nWHEN NOT MATCHED BY TARGET THEN\n  INSERT (\n    user_key,\n    user_id,\n    full_name,\n    age,\n    gender,\n    city,\n    state,\n    country,\n    zip_code,\n    street_address,\n    traffic_source,\n    signup_timestamp,\n    effective_from,\n    effective_to,\n    is_current\n  )\n  VALUES (\n    GENERATE_UUID(),\n    src.user_id,\n    src.full_name,\n    src.age,\n    src.gender,\n    src.city,\n    src.state,\n    src.country,\n    src.zip_code,\n    src.street_address,\n    src.traffic_source,\n    src.signup_timestamp,\n    src.ingestion_ts,\n    TIMESTAMP('9999-12-31'),\n    TRUE\n  );", 'useLegacySql': False}}'
[2026-02-09T18:29:53.031+0000] {bigquery.py:1596} INFO - Inserting job ***_ecommerce_etl_v2_gold_layer_load_dim_users_2026_02_09T17_45_55_901922_00_00_9ac989e77fb5ac00fb159b56383c7cd1
[2026-02-09T18:29:53.662+0000] {taskinstance.py:2698} ERROR - Task failed with exception
Traceback (most recent call last):
  File "/home/airflow/.local/lib/python3.8/site-packages/airflow/models/taskinstance.py", line 433, in _execute_task
    result = execute_callable(context=context, **execute_callable_kwargs)
  File "/home/airflow/.local/lib/python3.8/site-packages/airflow/providers/google/cloud/operators/bigquery.py", line 2864, in execute
    job.result(timeout=self.result_timeout, retry=self.result_retry)
  File "/home/airflow/.local/lib/python3.8/site-packages/google/cloud/bigquery/job/query.py", line 1595, in result
    do_get_result()
  File "/home/airflow/.local/lib/python3.8/site-packages/google/cloud/bigquery/job/query.py", line 1584, in do_get_result
    super(QueryJob, self).result(retry=retry, timeout=timeout)
  File "/home/airflow/.local/lib/python3.8/site-packages/google/cloud/bigquery/job/base.py", line 971, in result
    return super(_AsyncJob, self).result(timeout=timeout, **kwargs)
  File "/home/airflow/.local/lib/python3.8/site-packages/google/api_core/future/polling.py", line 261, in result
    raise self._exception
google.api_core.exceptions.BadRequest: 400 Value has type TIMESTAMP which cannot be inserted into column effective_from, which has type DATE at [54:5]; reason: invalidQuery, location: query, message: Value has type TIMESTAMP which cannot be inserted into column effective_from, which has type DATE at [54:5]

Location: europe-west1
Job ID: airflow_ecommerce_etl_v2_gold_layer_load_dim_users_2026_02_09T17_45_55_901922_00_00_9ac989e77fb5ac00fb159b56383c7cd1

[2026-02-09T18:29:53.676+0000] {taskinstance.py:1138} INFO - Marking task as UP_FOR_RETRY. dag_id=ecommerce_etl_v2, task_id=gold_layer.load_dim_users, execution_date=20260209T174555, start_date=20260209T182952, end_date=20260209T182953
[2026-02-09T18:29:53.688+0000] {standard_task_runner.py:107} ERROR - Failed to execute job 286 for task gold_layer.load_dim_users (400 Value has type TIMESTAMP which cannot be inserted into column effective_from, which has type DATE at [54:5]; reason: invalidQuery, location: query, message: Value has type TIMESTAMP which cannot be inserted into column effective_from, which has type DATE at [54:5]

Location: europe-west1
Job ID: airflow_ecommerce_etl_v2_gold_layer_load_dim_users_2026_02_09T17_45_55_901922_00_00_9ac989e77fb5ac00fb159b56383c7cd1
; 13989)
[2026-02-09T18:29:53.701+0000] {local_task_job_runner.py:234} INFO - Task exited with return code 1
[2026-02-09T18:29:53.722+0000] {taskinstance.py:3280} INFO - 0 downstream tasks scheduled from follow-on schedule check
