[2026-02-11T13:00:14.390+0000] {taskinstance.py:1956} INFO - Dependencies all met for dep_context=non-requeueable deps ti=<TaskInstance: ecommerce_etl_v2.silver_setup.create_silver_order_items scheduled__2026-02-10T13:00:00+00:00 [queued]>
[2026-02-11T13:00:14.395+0000] {taskinstance.py:1956} INFO - Dependencies all met for dep_context=requeueable deps ti=<TaskInstance: ecommerce_etl_v2.silver_setup.create_silver_order_items scheduled__2026-02-10T13:00:00+00:00 [queued]>
[2026-02-11T13:00:14.395+0000] {taskinstance.py:2170} INFO - Starting attempt 1 of 3
[2026-02-11T13:00:14.403+0000] {taskinstance.py:2191} INFO - Executing <Task(BigQueryCreateEmptyTableOperator): silver_setup.create_silver_order_items> on 2026-02-10 13:00:00+00:00
[2026-02-11T13:00:14.407+0000] {standard_task_runner.py:60} INFO - Started process 2851 to run task
[2026-02-11T13:00:14.410+0000] {standard_task_runner.py:87} INFO - Running: ['***', 'tasks', 'run', 'ecommerce_etl_v2', 'silver_setup.create_silver_order_items', 'scheduled__2026-02-10T13:00:00+00:00', '--job-id', '2215', '--raw', '--subdir', 'DAGS_FOLDER/etl_dag.py', '--cfg-path', '/tmp/tmpwlsoyfi5']
[2026-02-11T13:00:14.412+0000] {standard_task_runner.py:88} INFO - Job 2215: Subtask silver_setup.create_silver_order_items
[2026-02-11T13:00:14.439+0000] {task_command.py:423} INFO - Running <TaskInstance: ecommerce_etl_v2.silver_setup.create_silver_order_items scheduled__2026-02-10T13:00:00+00:00 [running]> on host 89ab86e4d295
[2026-02-11T13:00:14.484+0000] {taskinstance.py:2480} INFO - Exporting env vars: AIRFLOW_CTX_DAG_EMAIL='data-team@company.com' AIRFLOW_CTX_DAG_OWNER='data_engineering' AIRFLOW_CTX_DAG_ID='ecommerce_etl_v2' AIRFLOW_CTX_TASK_ID='silver_setup.create_silver_order_items' AIRFLOW_CTX_EXECUTION_DATE='2026-02-10T13:00:00+00:00' AIRFLOW_CTX_TRY_NUMBER='1' AIRFLOW_CTX_DAG_RUN_ID='scheduled__2026-02-10T13:00:00+00:00'
[2026-02-11T13:00:14.489+0000] {connection.py:234} WARNING - Connection schemes (type: google_cloud_platform) shall not contain '_' according to RFC3986.
[2026-02-11T13:00:14.489+0000] {base.py:83} INFO - Using connection ID 'google_cloud_default' for task execution.
[2026-02-11T13:00:14.490+0000] {bigquery.py:1514} INFO - Creating table
[2026-02-11T13:00:14.490+0000] {credentials_provider.py:353} INFO - Getting connection using `google.auth.default()` since no explicit credentials are provided.
[2026-02-11T13:00:14.543+0000] {connectionpool.py:824} WARNING - Retrying (Retry(total=2, connect=None, read=None, redirect=None, status=None)) after connection broken by 'NewConnectionError('<urllib3.connection.HTTPSConnection object at 0xffff87ae4040>: Failed to establish a new connection: [Errno -2] Name or service not known')': /token
[2026-02-11T13:00:14.546+0000] {connectionpool.py:824} WARNING - Retrying (Retry(total=1, connect=None, read=None, redirect=None, status=None)) after connection broken by 'NewConnectionError('<urllib3.connection.HTTPSConnection object at 0xffff87ae41c0>: Failed to establish a new connection: [Errno -2] Name or service not known')': /token
[2026-02-11T13:00:14.549+0000] {connectionpool.py:824} WARNING - Retrying (Retry(total=0, connect=None, read=None, redirect=None, status=None)) after connection broken by 'NewConnectionError('<urllib3.connection.HTTPSConnection object at 0xffff87ae4340>: Failed to establish a new connection: [Errno -2] Name or service not known')': /token
[2026-02-11T13:00:14.608+0000] {connectionpool.py:824} WARNING - Retrying (Retry(total=2, connect=None, read=None, redirect=None, status=None)) after connection broken by 'NewConnectionError('<urllib3.connection.HTTPSConnection object at 0xffff87ae4af0>: Failed to establish a new connection: [Errno -2] Name or service not known')': /token
[2026-02-11T13:00:14.611+0000] {connectionpool.py:824} WARNING - Retrying (Retry(total=1, connect=None, read=None, redirect=None, status=None)) after connection broken by 'NewConnectionError('<urllib3.connection.HTTPSConnection object at 0xffff87ae4c70>: Failed to establish a new connection: [Errno -2] Name or service not known')': /token
[2026-02-11T13:00:14.613+0000] {connectionpool.py:824} WARNING - Retrying (Retry(total=0, connect=None, read=None, redirect=None, status=None)) after connection broken by 'NewConnectionError('<urllib3.connection.HTTPSConnection object at 0xffff87ae4df0>: Failed to establish a new connection: [Errno -2] Name or service not known')': /token
[2026-02-11T13:00:16.592+0000] {connectionpool.py:824} WARNING - Retrying (Retry(total=2, connect=None, read=None, redirect=None, status=None)) after connection broken by 'NewConnectionError('<urllib3.connection.HTTPSConnection object at 0xffff87ae4370>: Failed to establish a new connection: [Errno -2] Name or service not known')': /token
[2026-02-11T13:00:16.598+0000] {connectionpool.py:824} WARNING - Retrying (Retry(total=1, connect=None, read=None, redirect=None, status=None)) after connection broken by 'NewConnectionError('<urllib3.connection.HTTPSConnection object at 0xffff87ae42e0>: Failed to establish a new connection: [Errno -2] Name or service not known')': /token
[2026-02-11T13:00:16.605+0000] {connectionpool.py:824} WARNING - Retrying (Retry(total=0, connect=None, read=None, redirect=None, status=None)) after connection broken by 'NewConnectionError('<urllib3.connection.HTTPSConnection object at 0xffff87ac36d0>: Failed to establish a new connection: [Errno -2] Name or service not known')': /token
[2026-02-11T13:00:18.609+0000] {connectionpool.py:824} WARNING - Retrying (Retry(total=2, connect=None, read=None, redirect=None, status=None)) after connection broken by 'NewConnectionError('<urllib3.connection.HTTPSConnection object at 0xffff87a78610>: Failed to establish a new connection: [Errno -2] Name or service not known')': /token
[2026-02-11T13:00:18.612+0000] {connectionpool.py:824} WARNING - Retrying (Retry(total=1, connect=None, read=None, redirect=None, status=None)) after connection broken by 'NewConnectionError('<urllib3.connection.HTTPSConnection object at 0xffff87a78790>: Failed to establish a new connection: [Errno -2] Name or service not known')': /token
[2026-02-11T13:00:18.616+0000] {connectionpool.py:824} WARNING - Retrying (Retry(total=0, connect=None, read=None, redirect=None, status=None)) after connection broken by 'NewConnectionError('<urllib3.connection.HTTPSConnection object at 0xffff87a78970>: Failed to establish a new connection: [Errno -2] Name or service not known')': /token
[2026-02-11T13:00:18.897+0000] {connectionpool.py:824} WARNING - Retrying (Retry(total=2, connect=None, read=None, redirect=None, status=None)) after connection broken by 'NewConnectionError('<urllib3.connection.HTTPSConnection object at 0xffff87a85250>: Failed to establish a new connection: [Errno -2] Name or service not known')': /token
[2026-02-11T13:00:18.901+0000] {connectionpool.py:824} WARNING - Retrying (Retry(total=1, connect=None, read=None, redirect=None, status=None)) after connection broken by 'NewConnectionError('<urllib3.connection.HTTPSConnection object at 0xffff87a853d0>: Failed to establish a new connection: [Errno -2] Name or service not known')': /token
[2026-02-11T13:00:18.904+0000] {connectionpool.py:824} WARNING - Retrying (Retry(total=0, connect=None, read=None, redirect=None, status=None)) after connection broken by 'NewConnectionError('<urllib3.connection.HTTPSConnection object at 0xffff87a855b0>: Failed to establish a new connection: [Errno -2] Name or service not known')': /token
[2026-02-11T13:00:25.148+0000] {connectionpool.py:824} WARNING - Retrying (Retry(total=2, connect=None, read=None, redirect=None, status=None)) after connection broken by 'NewConnectionError('<urllib3.connection.HTTPSConnection object at 0xffff87ae4520>: Failed to establish a new connection: [Errno -2] Name or service not known')': /token
[2026-02-11T13:00:25.153+0000] {connectionpool.py:824} WARNING - Retrying (Retry(total=1, connect=None, read=None, redirect=None, status=None)) after connection broken by 'NewConnectionError('<urllib3.connection.HTTPSConnection object at 0xffff87ae4250>: Failed to establish a new connection: [Errno -2] Name or service not known')': /token
[2026-02-11T13:00:25.157+0000] {connectionpool.py:824} WARNING - Retrying (Retry(total=0, connect=None, read=None, redirect=None, status=None)) after connection broken by 'NewConnectionError('<urllib3.connection.HTTPSConnection object at 0xffff87ae4310>: Failed to establish a new connection: [Errno -2] Name or service not known')': /token
[2026-02-11T13:00:44.677+0000] {connectionpool.py:824} WARNING - Retrying (Retry(total=2, connect=None, read=None, redirect=None, status=None)) after connection broken by 'NewConnectionError('<urllib3.connection.HTTPSConnection object at 0xffff87a85e50>: Failed to establish a new connection: [Errno -2] Name or service not known')': /token
[2026-02-11T13:00:44.680+0000] {connectionpool.py:824} WARNING - Retrying (Retry(total=1, connect=None, read=None, redirect=None, status=None)) after connection broken by 'NewConnectionError('<urllib3.connection.HTTPSConnection object at 0xffff87a910a0>: Failed to establish a new connection: [Errno -2] Name or service not known')': /token
[2026-02-11T13:00:44.683+0000] {connectionpool.py:824} WARNING - Retrying (Retry(total=0, connect=None, read=None, redirect=None, status=None)) after connection broken by 'NewConnectionError('<urllib3.connection.HTTPSConnection object at 0xffff87a911f0>: Failed to establish a new connection: [Errno -2] Name or service not known')': /token
[2026-02-11T13:01:37.483+0000] {connectionpool.py:824} WARNING - Retrying (Retry(total=2, connect=None, read=None, redirect=None, status=None)) after connection broken by 'NewConnectionError('<urllib3.connection.HTTPSConnection object at 0xffff87a91a90>: Failed to establish a new connection: [Errno -2] Name or service not known')': /token
[2026-02-11T13:01:37.488+0000] {connectionpool.py:824} WARNING - Retrying (Retry(total=1, connect=None, read=None, redirect=None, status=None)) after connection broken by 'NewConnectionError('<urllib3.connection.HTTPSConnection object at 0xffff87a91c10>: Failed to establish a new connection: [Errno -2] Name or service not known')': /token
[2026-02-11T13:01:37.493+0000] {connectionpool.py:824} WARNING - Retrying (Retry(total=0, connect=None, read=None, redirect=None, status=None)) after connection broken by 'NewConnectionError('<urllib3.connection.HTTPSConnection object at 0xffff87a91df0>: Failed to establish a new connection: [Errno -2] Name or service not known')': /token
[2026-02-11T13:02:10.704+0000] {connectionpool.py:824} WARNING - Retrying (Retry(total=2, connect=None, read=None, redirect=None, status=None)) after connection broken by 'NewConnectionError('<urllib3.connection.HTTPSConnection object at 0xffff87ac3bb0>: Failed to establish a new connection: [Errno -2] Name or service not known')': /token
[2026-02-11T13:02:10.707+0000] {connectionpool.py:824} WARNING - Retrying (Retry(total=1, connect=None, read=None, redirect=None, status=None)) after connection broken by 'NewConnectionError('<urllib3.connection.HTTPSConnection object at 0xffff87ac3e50>: Failed to establish a new connection: [Errno -2] Name or service not known')': /token
[2026-02-11T13:02:10.710+0000] {connectionpool.py:824} WARNING - Retrying (Retry(total=0, connect=None, read=None, redirect=None, status=None)) after connection broken by 'NewConnectionError('<urllib3.connection.HTTPSConnection object at 0xffff87a916d0>: Failed to establish a new connection: [Errno -2] Name or service not known')': /token
[2026-02-11T13:03:01.389+0000] {connectionpool.py:824} WARNING - Retrying (Retry(total=2, connect=None, read=None, redirect=None, status=None)) after connection broken by 'NewConnectionError('<urllib3.connection.HTTPSConnection object at 0xffff87a9f6d0>: Failed to establish a new connection: [Errno -2] Name or service not known')': /token
[2026-02-11T13:03:01.394+0000] {connectionpool.py:824} WARNING - Retrying (Retry(total=1, connect=None, read=None, redirect=None, status=None)) after connection broken by 'NewConnectionError('<urllib3.connection.HTTPSConnection object at 0xffff87a9f850>: Failed to establish a new connection: [Errno -2] Name or service not known')': /token
[2026-02-11T13:03:01.398+0000] {connectionpool.py:824} WARNING - Retrying (Retry(total=0, connect=None, read=None, redirect=None, status=None)) after connection broken by 'NewConnectionError('<urllib3.connection.HTTPSConnection object at 0xffff87a9fa30>: Failed to establish a new connection: [Errno -2] Name or service not known')': /token
[2026-02-11T13:03:58.640+0000] {connectionpool.py:824} WARNING - Retrying (Retry(total=2, connect=None, read=None, redirect=None, status=None)) after connection broken by 'NewConnectionError('<urllib3.connection.HTTPSConnection object at 0xffff87aad310>: Failed to establish a new connection: [Errno -2] Name or service not known')': /token
[2026-02-11T13:03:58.645+0000] {connectionpool.py:824} WARNING - Retrying (Retry(total=1, connect=None, read=None, redirect=None, status=None)) after connection broken by 'NewConnectionError('<urllib3.connection.HTTPSConnection object at 0xffff87aad490>: Failed to establish a new connection: [Errno -2] Name or service not known')': /token
[2026-02-11T13:03:58.648+0000] {connectionpool.py:824} WARNING - Retrying (Retry(total=0, connect=None, read=None, redirect=None, status=None)) after connection broken by 'NewConnectionError('<urllib3.connection.HTTPSConnection object at 0xffff87a9f190>: Failed to establish a new connection: [Errno -2] Name or service not known')': /token
[2026-02-11T13:04:09.524+0000] {connectionpool.py:824} WARNING - Retrying (Retry(total=2, connect=None, read=None, redirect=None, status=None)) after connection broken by 'NewConnectionError('<urllib3.connection.HTTPSConnection object at 0xffff87ae42b0>: Failed to establish a new connection: [Errno -2] Name or service not known')': /token
[2026-02-11T13:04:09.528+0000] {connectionpool.py:824} WARNING - Retrying (Retry(total=1, connect=None, read=None, redirect=None, status=None)) after connection broken by 'NewConnectionError('<urllib3.connection.HTTPSConnection object at 0xffff87ae4790>: Failed to establish a new connection: [Errno -2] Name or service not known')': /token
[2026-02-11T13:04:09.534+0000] {connectionpool.py:824} WARNING - Retrying (Retry(total=0, connect=None, read=None, redirect=None, status=None)) after connection broken by 'NewConnectionError('<urllib3.connection.HTTPSConnection object at 0xffff87aad6a0>: Failed to establish a new connection: [Errno -2] Name or service not known')': /token
[2026-02-11T13:05:02.934+0000] {connectionpool.py:824} WARNING - Retrying (Retry(total=2, connect=None, read=None, redirect=None, status=None)) after connection broken by 'NewConnectionError('<urllib3.connection.HTTPSConnection object at 0xffff87aadf10>: Failed to establish a new connection: [Errno -2] Name or service not known')': /token
[2026-02-11T13:05:02.940+0000] {connectionpool.py:824} WARNING - Retrying (Retry(total=1, connect=None, read=None, redirect=None, status=None)) after connection broken by 'NewConnectionError('<urllib3.connection.HTTPSConnection object at 0xffff87a3b0d0>: Failed to establish a new connection: [Errno -2] Name or service not known')': /token
[2026-02-11T13:05:02.943+0000] {connectionpool.py:824} WARNING - Retrying (Retry(total=0, connect=None, read=None, redirect=None, status=None)) after connection broken by 'NewConnectionError('<urllib3.connection.HTTPSConnection object at 0xffff87a3b2b0>: Failed to establish a new connection: [Errno -2] Name or service not known')': /token
[2026-02-11T13:05:20.568+0000] {connectionpool.py:824} WARNING - Retrying (Retry(total=2, connect=None, read=None, redirect=None, status=None)) after connection broken by 'SSLError(SSLCertVerificationError(1, '[SSL: CERTIFICATE_VERIFY_FAILED] certificate verify failed: unable to get local issuer certificate (_ssl.c:1131)'))': /token
[2026-02-11T13:05:20.617+0000] {connectionpool.py:824} WARNING - Retrying (Retry(total=1, connect=None, read=None, redirect=None, status=None)) after connection broken by 'SSLError(SSLCertVerificationError(1, '[SSL: CERTIFICATE_VERIFY_FAILED] certificate verify failed: unable to get local issuer certificate (_ssl.c:1131)'))': /token
[2026-02-11T13:05:20.651+0000] {connectionpool.py:824} WARNING - Retrying (Retry(total=0, connect=None, read=None, redirect=None, status=None)) after connection broken by 'SSLError(SSLCertVerificationError(1, '[SSL: CERTIFICATE_VERIFY_FAILED] certificate verify failed: unable to get local issuer certificate (_ssl.c:1131)'))': /token
[2026-02-11T13:05:48.254+0000] {connectionpool.py:824} WARNING - Retrying (Retry(total=2, connect=None, read=None, redirect=None, status=None)) after connection broken by 'SSLError(SSLCertVerificationError(1, '[SSL: CERTIFICATE_VERIFY_FAILED] certificate verify failed: unable to get local issuer certificate (_ssl.c:1131)'))': /token
[2026-02-11T13:05:48.295+0000] {connectionpool.py:824} WARNING - Retrying (Retry(total=1, connect=None, read=None, redirect=None, status=None)) after connection broken by 'SSLError(SSLCertVerificationError(1, '[SSL: CERTIFICATE_VERIFY_FAILED] certificate verify failed: unable to get local issuer certificate (_ssl.c:1131)'))': /token
[2026-02-11T13:05:48.420+0000] {connectionpool.py:824} WARNING - Retrying (Retry(total=0, connect=None, read=None, redirect=None, status=None)) after connection broken by 'SSLError(SSLCertVerificationError(1, '[SSL: CERTIFICATE_VERIFY_FAILED] certificate verify failed: unable to get local issuer certificate (_ssl.c:1131)'))': /token
[2026-02-11T13:06:46.658+0000] {bigquery.py:1536} INFO - Table prism-486509.silver.order_items created successfully
[2026-02-11T13:06:46.674+0000] {taskinstance.py:1138} INFO - Marking task as SUCCESS. dag_id=ecommerce_etl_v2, task_id=silver_setup.create_silver_order_items, execution_date=20260210T130000, start_date=20260211T130014, end_date=20260211T130646
[2026-02-11T13:06:46.694+0000] {local_task_job_runner.py:234} INFO - Task exited with return code 0
[2026-02-11T13:06:46.718+0000] {taskinstance.py:3280} INFO - 0 downstream tasks scheduled from follow-on schedule check
