[2026-02-10T11:05:03.951+0000] {taskinstance.py:1956} INFO - Dependencies all met for dep_context=non-requeueable deps ti=<TaskInstance: ecommerce_etl_v2.check_users_loaded manual__2026-02-10T10:56:26.745143+00:00 [queued]>
[2026-02-10T11:05:03.957+0000] {taskinstance.py:1956} INFO - Dependencies all met for dep_context=requeueable deps ti=<TaskInstance: ecommerce_etl_v2.check_users_loaded manual__2026-02-10T10:56:26.745143+00:00 [queued]>
[2026-02-10T11:05:03.957+0000] {taskinstance.py:2170} INFO - Starting attempt 1 of 3
[2026-02-10T11:05:03.962+0000] {taskinstance.py:2191} INFO - Executing <Task(BigQueryCheckOperator): check_users_loaded> on 2026-02-10 10:56:26.745143+00:00
[2026-02-10T11:05:03.966+0000] {standard_task_runner.py:60} INFO - Started process 3626 to run task
[2026-02-10T11:05:03.968+0000] {standard_task_runner.py:87} INFO - Running: ['***', 'tasks', 'run', 'ecommerce_etl_v2', 'check_users_loaded', 'manual__2026-02-10T10:56:26.745143+00:00', '--job-id', '1101', '--raw', '--subdir', 'DAGS_FOLDER/etl_dag.py', '--cfg-path', '/tmp/tmpi4s3hd9s']
[2026-02-10T11:05:03.969+0000] {standard_task_runner.py:88} INFO - Job 1101: Subtask check_users_loaded
[2026-02-10T11:05:03.994+0000] {task_command.py:423} INFO - Running <TaskInstance: ecommerce_etl_v2.check_users_loaded manual__2026-02-10T10:56:26.745143+00:00 [running]> on host 89ab86e4d295
[2026-02-10T11:05:04.028+0000] {taskinstance.py:2480} INFO - Exporting env vars: AIRFLOW_CTX_DAG_EMAIL='data-team@company.com' AIRFLOW_CTX_DAG_OWNER='data_engineering' AIRFLOW_CTX_DAG_ID='ecommerce_etl_v2' AIRFLOW_CTX_TASK_ID='check_users_loaded' AIRFLOW_CTX_EXECUTION_DATE='2026-02-10T10:56:26.745143+00:00' AIRFLOW_CTX_TRY_NUMBER='1' AIRFLOW_CTX_DAG_RUN_ID='manual__2026-02-10T10:56:26.745143+00:00'
[2026-02-10T11:05:04.029+0000] {sql.py:785} INFO - Executing SQL check: 
            SELECT COUNT(*) > 0
            FROM prism-486509.bronze.users
            WHERE ingestion_date = DATE('2026-02-10')
            
[2026-02-10T11:05:04.034+0000] {connection.py:234} WARNING - Connection schemes (type: google_cloud_platform) shall not contain '_' according to RFC3986.
[2026-02-10T11:05:04.034+0000] {base.py:83} INFO - Using connection ID 'google_cloud_default' for task execution.
[2026-02-10T11:05:04.035+0000] {credentials_provider.py:353} INFO - Getting connection using `google.auth.default()` since no explicit credentials are provided.
[2026-02-10T11:05:04.076+0000] {sql.py:450} INFO - Running statement: 
            SELECT COUNT(*) > 0
            FROM prism-486509.bronze.users
            WHERE ingestion_date = DATE('2026-02-10')
            , parameters: None
[2026-02-10T11:05:04.077+0000] {bigquery.py:1596} INFO - Inserting job ***_1770721504076762_1be9b22ac83e4b0c6cc7ab9741dec125
[2026-02-10T11:05:05.020+0000] {sql.py:788} INFO - Record: [True]
[2026-02-10T11:05:05.021+0000] {sql.py:796} INFO - Success.
[2026-02-10T11:05:05.027+0000] {taskinstance.py:1138} INFO - Marking task as SUCCESS. dag_id=ecommerce_etl_v2, task_id=check_users_loaded, execution_date=20260210T105626, start_date=20260210T110503, end_date=20260210T110505
[2026-02-10T11:05:05.076+0000] {local_task_job_runner.py:234} INFO - Task exited with return code 0
[2026-02-10T11:05:05.100+0000] {taskinstance.py:3280} INFO - 1 downstream tasks scheduled from follow-on schedule check
