[2026-02-19T13:05:54.106+0000] {taskinstance.py:1956} INFO - Dependencies all met for dep_context=non-requeueable deps ti=<TaskInstance: ecommerce_etl_v2.data_quality.check_dim_users_duplicates scheduled__2026-02-18T13:00:00+00:00 [queued]>
[2026-02-19T13:05:54.111+0000] {taskinstance.py:1956} INFO - Dependencies all met for dep_context=requeueable deps ti=<TaskInstance: ecommerce_etl_v2.data_quality.check_dim_users_duplicates scheduled__2026-02-18T13:00:00+00:00 [queued]>
[2026-02-19T13:05:54.111+0000] {taskinstance.py:2170} INFO - Starting attempt 1 of 3
[2026-02-19T13:05:54.117+0000] {taskinstance.py:2191} INFO - Executing <Task(BigQueryCheckOperator): data_quality.check_dim_users_duplicates> on 2026-02-18 13:00:00+00:00
[2026-02-19T13:05:54.120+0000] {standard_task_runner.py:60} INFO - Started process 71950 to run task
[2026-02-19T13:05:54.122+0000] {standard_task_runner.py:87} INFO - Running: ['***', 'tasks', 'run', 'ecommerce_etl_v2', 'data_quality.check_dim_users_duplicates', 'scheduled__2026-02-18T13:00:00+00:00', '--job-id', '2441', '--raw', '--subdir', 'DAGS_FOLDER/etl_dag.py', '--cfg-path', '/tmp/tmp1t4rl9s5']
[2026-02-19T13:05:54.123+0000] {standard_task_runner.py:88} INFO - Job 2441: Subtask data_quality.check_dim_users_duplicates
[2026-02-19T13:05:54.144+0000] {task_command.py:423} INFO - Running <TaskInstance: ecommerce_etl_v2.data_quality.check_dim_users_duplicates scheduled__2026-02-18T13:00:00+00:00 [running]> on host 89ab86e4d295
[2026-02-19T13:05:54.181+0000] {taskinstance.py:2480} INFO - Exporting env vars: AIRFLOW_CTX_DAG_EMAIL='data-team@company.com' AIRFLOW_CTX_DAG_OWNER='data_engineering' AIRFLOW_CTX_DAG_ID='ecommerce_etl_v2' AIRFLOW_CTX_TASK_ID='data_quality.check_dim_users_duplicates' AIRFLOW_CTX_EXECUTION_DATE='2026-02-18T13:00:00+00:00' AIRFLOW_CTX_TRY_NUMBER='1' AIRFLOW_CTX_DAG_RUN_ID='scheduled__2026-02-18T13:00:00+00:00'
[2026-02-19T13:05:54.182+0000] {sql.py:785} INFO - Executing SQL check: 
                SELECT COUNT(*) = 0
                FROM (
                    SELECT user_key, COUNT(*) AS cnt
                    FROM prism-486509.gold.dim_users
                    GROUP BY user_key
                    HAVING cnt > 1
                )
            
[2026-02-19T13:05:54.185+0000] {connection.py:234} WARNING - Connection schemes (type: google_cloud_platform) shall not contain '_' according to RFC3986.
[2026-02-19T13:05:54.186+0000] {base.py:83} INFO - Using connection ID 'google_cloud_default' for task execution.
[2026-02-19T13:05:54.186+0000] {credentials_provider.py:353} INFO - Getting connection using `google.auth.default()` since no explicit credentials are provided.
[2026-02-19T13:05:54.226+0000] {sql.py:450} INFO - Running statement: 
                SELECT COUNT(*) = 0
                FROM (
                    SELECT user_key, COUNT(*) AS cnt
                    FROM prism-486509.gold.dim_users
                    GROUP BY user_key
                    HAVING cnt > 1
                )
            , parameters: None
[2026-02-19T13:05:54.227+0000] {bigquery.py:1596} INFO - Inserting job ***_1771506354226934_b23abba79cb16b2b56c79090e1100113
[2026-02-19T13:05:55.205+0000] {sql.py:788} INFO - Record: [True]
[2026-02-19T13:05:55.207+0000] {sql.py:796} INFO - Success.
[2026-02-19T13:05:55.222+0000] {taskinstance.py:1138} INFO - Marking task as SUCCESS. dag_id=ecommerce_etl_v2, task_id=data_quality.check_dim_users_duplicates, execution_date=20260218T130000, start_date=20260219T130554, end_date=20260219T130555
[2026-02-19T13:05:55.273+0000] {local_task_job_runner.py:234} INFO - Task exited with return code 0
[2026-02-19T13:05:55.291+0000] {taskinstance.py:3280} INFO - 0 downstream tasks scheduled from follow-on schedule check
