[2026-02-10T20:38:43.428+0000] {taskinstance.py:1956} INFO - Dependencies all met for dep_context=non-requeueable deps ti=<TaskInstance: ecommerce_etl_v2.gold_layer.load_dim_traffic_source manual__2026-02-10T14:58:15.423598+00:00 [queued]>
[2026-02-10T20:38:43.433+0000] {taskinstance.py:1956} INFO - Dependencies all met for dep_context=requeueable deps ti=<TaskInstance: ecommerce_etl_v2.gold_layer.load_dim_traffic_source manual__2026-02-10T14:58:15.423598+00:00 [queued]>
[2026-02-10T20:38:43.433+0000] {taskinstance.py:2170} INFO - Starting attempt 7 of 9
[2026-02-10T20:38:43.439+0000] {taskinstance.py:2191} INFO - Executing <Task(BigQueryInsertJobOperator): gold_layer.load_dim_traffic_source> on 2026-02-10 14:58:15.423598+00:00
[2026-02-10T20:38:43.442+0000] {standard_task_runner.py:60} INFO - Started process 54759 to run task
[2026-02-10T20:38:43.444+0000] {standard_task_runner.py:87} INFO - Running: ['***', 'tasks', 'run', 'ecommerce_etl_v2', 'gold_layer.load_dim_traffic_source', 'manual__2026-02-10T14:58:15.423598+00:00', '--job-id', '1773', '--raw', '--subdir', 'DAGS_FOLDER/etl_dag.py', '--cfg-path', '/tmp/tmpc2y0n4oy']
[2026-02-10T20:38:43.446+0000] {standard_task_runner.py:88} INFO - Job 1773: Subtask gold_layer.load_dim_traffic_source
[2026-02-10T20:38:43.468+0000] {task_command.py:423} INFO - Running <TaskInstance: ecommerce_etl_v2.gold_layer.load_dim_traffic_source manual__2026-02-10T14:58:15.423598+00:00 [running]> on host 89ab86e4d295
[2026-02-10T20:38:43.499+0000] {taskinstance.py:2480} INFO - Exporting env vars: AIRFLOW_CTX_DAG_EMAIL='data-team@company.com' AIRFLOW_CTX_DAG_OWNER='data_engineering' AIRFLOW_CTX_DAG_ID='ecommerce_etl_v2' AIRFLOW_CTX_TASK_ID='gold_layer.load_dim_traffic_source' AIRFLOW_CTX_EXECUTION_DATE='2026-02-10T14:58:15.423598+00:00' AIRFLOW_CTX_TRY_NUMBER='7' AIRFLOW_CTX_DAG_RUN_ID='manual__2026-02-10T14:58:15.423598+00:00'
[2026-02-10T20:38:43.504+0000] {connection.py:234} WARNING - Connection schemes (type: google_cloud_platform) shall not contain '_' according to RFC3986.
[2026-02-10T20:38:43.504+0000] {base.py:83} INFO - Using connection ID 'google_cloud_default' for task execution.
[2026-02-10T20:38:43.504+0000] {credentials_provider.py:353} INFO - Getting connection using `google.auth.default()` since no explicit credentials are provided.
[2026-02-10T20:38:43.543+0000] {bigquery.py:2807} INFO - Executing: {'query': {'query': '-- SELECT\n--     GENERATE_UUID() AS traffic_source_key,  -- UUID surrogate key\n--     traffic_source\n-- FROM (\n--     SELECT DISTINCT traffic_source\n--     FROM `prism-486509.silver.events` -- staging/source table\n-- ) AS distinct_sources;\n\n-- SELECT\n--     TO_HEX(SHA256(traffic_source)) AS traffic_source_key,\n--     traffic_source\n-- FROM (\n--     SELECT DISTINCT traffic_source\n--     FROM `prism-486509.silver.events`\n--     WHERE traffic_source IS NOT NULL\n-- ) AS distinct_sources;\n\nMERGE INTO gold.traffic_source_dim AS target\nUSING (\n    SELECT\n        TO_HEX(SHA256(traffic_source)) AS traffic_source_key,\n        traffic_source\n    FROM (\n        SELECT DISTINCT traffic_source\n        FROM `prism-486509.silver.events`\n        WHERE traffic_source IS NOT NULL\n    )\n) AS source\nON target.traffic_source_key = source.traffic_source_key\nWHEN MATCHED THEN\n  UPDATE SET target.traffic_source = source.traffic_source\nWHEN NOT MATCHED THEN\n  INSERT (traffic_source_key, traffic_source)\n  VALUES (source.traffic_source_key, source.traffic_source);', 'useLegacySql': False, 'queryParameters': [{'name': 'run_date', 'parameterType': {'type': 'DATE'}, 'parameterValue': {'value': '2026-02-10'}}]}}'
[2026-02-10T20:38:43.543+0000] {bigquery.py:1596} INFO - Inserting job ***_ecommerce_etl_v2_gold_layer_load_dim_traffic_source_2026_02_10T14_58_15_423598_00_00_2cbdaa92af5aefbca7b6bd9039290b39
[2026-02-10T20:38:43.933+0000] {taskinstance.py:2698} ERROR - Task failed with exception
Traceback (most recent call last):
  File "/home/airflow/.local/lib/python3.8/site-packages/airflow/models/taskinstance.py", line 433, in _execute_task
    result = execute_callable(context=context, **execute_callable_kwargs)
  File "/home/airflow/.local/lib/python3.8/site-packages/airflow/providers/google/cloud/operators/bigquery.py", line 2864, in execute
    job.result(timeout=self.result_timeout, retry=self.result_retry)
  File "/home/airflow/.local/lib/python3.8/site-packages/google/cloud/bigquery/job/query.py", line 1595, in result
    do_get_result()
  File "/home/airflow/.local/lib/python3.8/site-packages/google/cloud/bigquery/job/query.py", line 1584, in do_get_result
    super(QueryJob, self).result(retry=retry, timeout=timeout)
  File "/home/airflow/.local/lib/python3.8/site-packages/google/cloud/bigquery/job/base.py", line 971, in result
    return super(_AsyncJob, self).result(timeout=timeout, **kwargs)
  File "/home/airflow/.local/lib/python3.8/site-packages/google/api_core/future/polling.py", line 261, in result
    raise self._exception
google.api_core.exceptions.NotFound: 404 Not found: Table prism-486509:gold.traffic_source_dim was not found in location europe-west1; reason: notFound, message: Not found: Table prism-486509:gold.traffic_source_dim was not found in location europe-west1

Location: europe-west1
Job ID: airflow_ecommerce_etl_v2_gold_layer_load_dim_traffic_source_2026_02_10T14_58_15_423598_00_00_2cbdaa92af5aefbca7b6bd9039290b39

[2026-02-10T20:38:43.940+0000] {taskinstance.py:1138} INFO - Marking task as UP_FOR_RETRY. dag_id=ecommerce_etl_v2, task_id=gold_layer.load_dim_traffic_source, execution_date=20260210T145815, start_date=20260210T203843, end_date=20260210T203843
[2026-02-10T20:38:43.946+0000] {standard_task_runner.py:107} ERROR - Failed to execute job 1773 for task gold_layer.load_dim_traffic_source (404 Not found: Table prism-486509:gold.traffic_source_dim was not found in location europe-west1; reason: notFound, message: Not found: Table prism-486509:gold.traffic_source_dim was not found in location europe-west1

Location: europe-west1
Job ID: airflow_ecommerce_etl_v2_gold_layer_load_dim_traffic_source_2026_02_10T14_58_15_423598_00_00_2cbdaa92af5aefbca7b6bd9039290b39
; 54759)
[2026-02-10T20:38:43.955+0000] {local_task_job_runner.py:234} INFO - Task exited with return code 1
[2026-02-10T20:38:43.986+0000] {taskinstance.py:3280} INFO - 0 downstream tasks scheduled from follow-on schedule check
