[2026-02-09T02:37:32.334+0000] {taskinstance.py:1956} INFO - Dependencies all met for dep_context=non-requeueable deps ti=<TaskInstance: ecommerce_etl_v2.gold_layer.load_dim_date scheduled__2026-02-08T02:00:00+00:00 [queued]>
[2026-02-09T02:37:32.375+0000] {taskinstance.py:1956} INFO - Dependencies all met for dep_context=requeueable deps ti=<TaskInstance: ecommerce_etl_v2.gold_layer.load_dim_date scheduled__2026-02-08T02:00:00+00:00 [queued]>
[2026-02-09T02:37:32.377+0000] {taskinstance.py:2170} INFO - Starting attempt 2 of 4
[2026-02-09T02:37:32.400+0000] {taskinstance.py:2191} INFO - Executing <Task(BigQueryInsertJobOperator): gold_layer.load_dim_date> on 2026-02-08 02:00:00+00:00
[2026-02-09T02:37:32.415+0000] {standard_task_runner.py:60} INFO - Started process 8713 to run task
[2026-02-09T02:37:32.421+0000] {standard_task_runner.py:87} INFO - Running: ['***', 'tasks', 'run', 'ecommerce_etl_v2', 'gold_layer.load_dim_date', 'scheduled__2026-02-08T02:00:00+00:00', '--job-id', '1424', '--raw', '--subdir', 'DAGS_FOLDER/etl_dag.py', '--cfg-path', '/tmp/tmp59osg6tq']
[2026-02-09T02:37:32.425+0000] {standard_task_runner.py:88} INFO - Job 1424: Subtask gold_layer.load_dim_date
[2026-02-09T02:37:32.479+0000] {task_command.py:423} INFO - Running <TaskInstance: ecommerce_etl_v2.gold_layer.load_dim_date scheduled__2026-02-08T02:00:00+00:00 [running]> on host 707cd2e8ef6b
[2026-02-09T02:37:32.568+0000] {taskinstance.py:2480} INFO - Exporting env vars: AIRFLOW_CTX_DAG_EMAIL='data-team@company.com' AIRFLOW_CTX_DAG_OWNER='data_engineering' AIRFLOW_CTX_DAG_ID='ecommerce_etl_v2' AIRFLOW_CTX_TASK_ID='gold_layer.load_dim_date' AIRFLOW_CTX_EXECUTION_DATE='2026-02-08T02:00:00+00:00' AIRFLOW_CTX_TRY_NUMBER='2' AIRFLOW_CTX_DAG_RUN_ID='scheduled__2026-02-08T02:00:00+00:00'
[2026-02-09T02:37:32.582+0000] {connection.py:234} WARNING - Connection schemes (type: google_cloud_platform) shall not contain '_' according to RFC3986.
[2026-02-09T02:37:32.584+0000] {base.py:83} INFO - Using connection ID 'google_cloud_default' for task execution.
[2026-02-09T02:37:32.585+0000] {credentials_provider.py:353} INFO - Getting connection using `google.auth.default()` since no explicit credentials are provided.
[2026-02-09T02:37:32.718+0000] {bigquery.py:2807} INFO - Executing: {'query': {'query': '-- Dim_Date\nCREATE TABLE IF NOT EXISTS prism-486509.gold.Dim_Date (\n  date_sk INT64 NOT NULL OPTIONS(description="Surrogate Key for Date Dimension (YYYYMMDD)"),\n  full_date DATE NOT NULL OPTIONS(description="Full Date (YYYY-MM-DD)"),\n  year INT64 NOT NULL,\n  month INT64 NOT NULL,\n  month_name STRING NOT NULL,\n  day_of_month INT64 NOT NULL,\n  day_of_week INT64 NOT NULL,\n  day_name STRING NOT NULL,\n  quarter INT64 NOT NULL,\n  week_of_year INT64 NOT NULL,\n  is_weekend BOOLEAN NOT NULL,\n  holiday_name STRING OPTIONS(description="Name of holiday, if applicable")\n);', 'useLegacySql': False, 'queryParameters': [{'name': 'run_date', 'parameterType': {'type': 'DATE'}, 'parameterValue': {'value': '2026-02-08'}}]}}'
[2026-02-09T02:37:32.723+0000] {bigquery.py:1596} INFO - Inserting job ***_ecommerce_etl_v2_gold_layer_load_dim_date_2026_02_08T02_00_00_00_00_3c7357e10903a4b94b895628273db4e7
[2026-02-09T02:37:33.302+0000] {taskinstance.py:1138} INFO - Marking task as SUCCESS. dag_id=ecommerce_etl_v2, task_id=gold_layer.load_dim_date, execution_date=20260208T020000, start_date=20260209T023732, end_date=20260209T023733
[2026-02-09T02:37:33.343+0000] {local_task_job_runner.py:234} INFO - Task exited with return code 0
[2026-02-09T02:37:33.367+0000] {taskinstance.py:3280} INFO - 0 downstream tasks scheduled from follow-on schedule check
[2026-02-09T10:08:28.918+0000] {taskinstance.py:1956} INFO - Dependencies all met for dep_context=non-requeueable deps ti=<TaskInstance: ecommerce_etl_v2.gold_layer.load_dim_date scheduled__2026-02-08T02:00:00+00:00 [queued]>
[2026-02-09T10:08:28.926+0000] {taskinstance.py:1956} INFO - Dependencies all met for dep_context=requeueable deps ti=<TaskInstance: ecommerce_etl_v2.gold_layer.load_dim_date scheduled__2026-02-08T02:00:00+00:00 [queued]>
[2026-02-09T10:08:28.927+0000] {taskinstance.py:2170} INFO - Starting attempt 2 of 3
[2026-02-09T10:08:28.938+0000] {taskinstance.py:2191} INFO - Executing <Task(BigQueryInsertJobOperator): gold_layer.load_dim_date> on 2026-02-08 02:00:00+00:00
[2026-02-09T10:08:28.942+0000] {standard_task_runner.py:60} INFO - Started process 24452 to run task
[2026-02-09T10:08:28.945+0000] {standard_task_runner.py:87} INFO - Running: ['***', 'tasks', 'run', 'ecommerce_etl_v2', 'gold_layer.load_dim_date', 'scheduled__2026-02-08T02:00:00+00:00', '--job-id', '1751', '--raw', '--subdir', 'DAGS_FOLDER/etl_dag.py', '--cfg-path', '/tmp/tmpqvaaudbv']
[2026-02-09T10:08:28.951+0000] {standard_task_runner.py:88} INFO - Job 1751: Subtask gold_layer.load_dim_date
[2026-02-09T10:08:28.995+0000] {task_command.py:423} INFO - Running <TaskInstance: ecommerce_etl_v2.gold_layer.load_dim_date scheduled__2026-02-08T02:00:00+00:00 [running]> on host 707cd2e8ef6b
[2026-02-09T10:08:29.050+0000] {taskinstance.py:2480} INFO - Exporting env vars: AIRFLOW_CTX_DAG_EMAIL='data-team@company.com' AIRFLOW_CTX_DAG_OWNER='data_engineering' AIRFLOW_CTX_DAG_ID='ecommerce_etl_v2' AIRFLOW_CTX_TASK_ID='gold_layer.load_dim_date' AIRFLOW_CTX_EXECUTION_DATE='2026-02-08T02:00:00+00:00' AIRFLOW_CTX_TRY_NUMBER='2' AIRFLOW_CTX_DAG_RUN_ID='scheduled__2026-02-08T02:00:00+00:00'
[2026-02-09T10:08:29.055+0000] {connection.py:234} WARNING - Connection schemes (type: google_cloud_platform) shall not contain '_' according to RFC3986.
[2026-02-09T10:08:29.056+0000] {base.py:83} INFO - Using connection ID 'google_cloud_default' for task execution.
[2026-02-09T10:08:29.056+0000] {credentials_provider.py:353} INFO - Getting connection using `google.auth.default()` since no explicit credentials are provided.
[2026-02-09T10:08:29.097+0000] {bigquery.py:2807} INFO - Executing: {'query': {'query': 'SELECT\n    GENERATE_UUID() AS location_key,       -- UUID surrogate key\n    city,\n    state,\n    postal_code,\n  \nFROM (\n    SELECT DISTINCT \n        city,\n        state,\n        postal_code,\n    FROM bronze.events  -- source table\n) AS distinct_locations;', 'useLegacySql': False, 'queryParameters': [{'name': 'run_date', 'parameterType': {'type': 'DATE'}, 'parameterValue': {'value': '2026-02-08'}}]}}'
[2026-02-09T10:08:29.098+0000] {bigquery.py:1596} INFO - Inserting job ***_ecommerce_etl_v2_gold_layer_load_dim_date_2026_02_08T02_00_00_00_00_9f1640fd9d57e5eb9b1b0961162be670
[2026-02-09T10:08:30.752+0000] {taskinstance.py:1138} INFO - Marking task as SUCCESS. dag_id=ecommerce_etl_v2, task_id=gold_layer.load_dim_date, execution_date=20260208T020000, start_date=20260209T100828, end_date=20260209T100830
[2026-02-09T10:08:30.772+0000] {local_task_job_runner.py:234} INFO - Task exited with return code 0
[2026-02-09T10:08:30.791+0000] {taskinstance.py:3280} INFO - 0 downstream tasks scheduled from follow-on schedule check
