[2026-02-09T02:35:45.434+0000] {taskinstance.py:1956} INFO - Dependencies all met for dep_context=non-requeueable deps ti=<TaskInstance: ecommerce_etl_v2.gold_layer.load_dim_date scheduled__2026-02-08T02:00:00+00:00 [queued]>
[2026-02-09T02:35:45.446+0000] {taskinstance.py:1956} INFO - Dependencies all met for dep_context=requeueable deps ti=<TaskInstance: ecommerce_etl_v2.gold_layer.load_dim_date scheduled__2026-02-08T02:00:00+00:00 [queued]>
[2026-02-09T02:35:45.447+0000] {taskinstance.py:2170} INFO - Starting attempt 1 of 3
[2026-02-09T02:35:45.483+0000] {taskinstance.py:2191} INFO - Executing <Task(BigQueryInsertJobOperator): gold_layer.load_dim_date> on 2026-02-08 02:00:00+00:00
[2026-02-09T02:35:45.493+0000] {standard_task_runner.py:60} INFO - Started process 8158 to run task
[2026-02-09T02:35:45.497+0000] {standard_task_runner.py:87} INFO - Running: ['***', 'tasks', 'run', 'ecommerce_etl_v2', 'gold_layer.load_dim_date', 'scheduled__2026-02-08T02:00:00+00:00', '--job-id', '1413', '--raw', '--subdir', 'DAGS_FOLDER/etl_dag.py', '--cfg-path', '/tmp/tmpp3zhsa0_']
[2026-02-09T02:35:45.504+0000] {standard_task_runner.py:88} INFO - Job 1413: Subtask gold_layer.load_dim_date
[2026-02-09T02:35:45.570+0000] {task_command.py:423} INFO - Running <TaskInstance: ecommerce_etl_v2.gold_layer.load_dim_date scheduled__2026-02-08T02:00:00+00:00 [running]> on host 707cd2e8ef6b
[2026-02-09T02:35:45.651+0000] {taskinstance.py:2480} INFO - Exporting env vars: AIRFLOW_CTX_DAG_EMAIL='data-team@company.com' AIRFLOW_CTX_DAG_OWNER='data_engineering' AIRFLOW_CTX_DAG_ID='ecommerce_etl_v2' AIRFLOW_CTX_TASK_ID='gold_layer.load_dim_date' AIRFLOW_CTX_EXECUTION_DATE='2026-02-08T02:00:00+00:00' AIRFLOW_CTX_TRY_NUMBER='1' AIRFLOW_CTX_DAG_RUN_ID='scheduled__2026-02-08T02:00:00+00:00'
[2026-02-09T02:35:45.668+0000] {connection.py:234} WARNING - Connection schemes (type: google_cloud_platform) shall not contain '_' according to RFC3986.
[2026-02-09T02:35:45.669+0000] {base.py:83} INFO - Using connection ID 'google_cloud_default' for task execution.
[2026-02-09T02:35:45.669+0000] {credentials_provider.py:353} INFO - Getting connection using `google.auth.default()` since no explicit credentials are provided.
[2026-02-09T02:35:45.759+0000] {bigquery.py:2807} INFO - Executing: {'query': {'query': '-- Dim_Date\nCREATE TABLE IF NOT EXISTS prism-486509.gold.Dim_Date (\n  date_sk INT64 NOT NULL OPTIONS(description="Surrogate Key for Date Dimension (YYYYMMDD)"),\n  full_date DATE NOT NULL OPTIONS(description="Full Date (YYYY-MM-DD)"),\n  year INT64 NOT NULL,\n  month INT64 NOT NULL,\n  month_name STRING NOT NULL,\n  day_of_month INT64 NOT NULL,\n  day_of_week INT64 NOT NULL,\n  day_name STRING NOT NULL,\n  quarter INT64 NOT NULL,\n  week_of_year INT64 NOT NULL,\n  is_weekend BOOLEAN NOT NULL,\n  holiday_name STRING OPTIONS(description="Name of holiday, if applicable")\n);', 'useLegacySql': False, 'queryParameters': [{'name': 'run_date', 'parameterType': {'type': 'DATE'}, 'parameterValue': {'value': '2026-02-08'}}]}}'
[2026-02-09T02:35:45.760+0000] {bigquery.py:1596} INFO - Inserting job ***_ecommerce_etl_v2_gold_layer_load_dim_date_2026_02_08T02_00_00_00_00_6e49924d848e12de7a836e19469576a9
[2026-02-09T02:35:46.271+0000] {taskinstance.py:1138} INFO - Marking task as SUCCESS. dag_id=ecommerce_etl_v2, task_id=gold_layer.load_dim_date, execution_date=20260208T020000, start_date=20260209T023545, end_date=20260209T023546
[2026-02-09T02:35:46.296+0000] {local_task_job_runner.py:234} INFO - Task exited with return code 0
[2026-02-09T02:35:46.315+0000] {taskinstance.py:3280} INFO - 0 downstream tasks scheduled from follow-on schedule check
[2026-02-09T09:42:42.653+0000] {taskinstance.py:1956} INFO - Dependencies all met for dep_context=non-requeueable deps ti=<TaskInstance: ecommerce_etl_v2.gold_layer.load_dim_date scheduled__2026-02-08T02:00:00+00:00 [queued]>
[2026-02-09T09:42:42.659+0000] {taskinstance.py:1956} INFO - Dependencies all met for dep_context=requeueable deps ti=<TaskInstance: ecommerce_etl_v2.gold_layer.load_dim_date scheduled__2026-02-08T02:00:00+00:00 [queued]>
[2026-02-09T09:42:42.661+0000] {taskinstance.py:2170} INFO - Starting attempt 1 of 3
[2026-02-09T09:42:42.672+0000] {taskinstance.py:2191} INFO - Executing <Task(BigQueryInsertJobOperator): gold_layer.load_dim_date> on 2026-02-08 02:00:00+00:00
[2026-02-09T09:42:42.678+0000] {standard_task_runner.py:60} INFO - Started process 19040 to run task
[2026-02-09T09:42:42.680+0000] {standard_task_runner.py:87} INFO - Running: ['***', 'tasks', 'run', 'ecommerce_etl_v2', 'gold_layer.load_dim_date', 'scheduled__2026-02-08T02:00:00+00:00', '--job-id', '1620', '--raw', '--subdir', 'DAGS_FOLDER/etl_dag.py', '--cfg-path', '/tmp/tmpuvt00u7a']
[2026-02-09T09:42:42.682+0000] {standard_task_runner.py:88} INFO - Job 1620: Subtask gold_layer.load_dim_date
[2026-02-09T09:42:42.719+0000] {task_command.py:423} INFO - Running <TaskInstance: ecommerce_etl_v2.gold_layer.load_dim_date scheduled__2026-02-08T02:00:00+00:00 [running]> on host 707cd2e8ef6b
[2026-02-09T09:42:42.765+0000] {taskinstance.py:2480} INFO - Exporting env vars: AIRFLOW_CTX_DAG_EMAIL='data-team@company.com' AIRFLOW_CTX_DAG_OWNER='data_engineering' AIRFLOW_CTX_DAG_ID='ecommerce_etl_v2' AIRFLOW_CTX_TASK_ID='gold_layer.load_dim_date' AIRFLOW_CTX_EXECUTION_DATE='2026-02-08T02:00:00+00:00' AIRFLOW_CTX_TRY_NUMBER='1' AIRFLOW_CTX_DAG_RUN_ID='scheduled__2026-02-08T02:00:00+00:00'
[2026-02-09T09:42:42.774+0000] {connection.py:234} WARNING - Connection schemes (type: google_cloud_platform) shall not contain '_' according to RFC3986.
[2026-02-09T09:42:42.774+0000] {base.py:83} INFO - Using connection ID 'google_cloud_default' for task execution.
[2026-02-09T09:42:42.776+0000] {credentials_provider.py:353} INFO - Getting connection using `google.auth.default()` since no explicit credentials are provided.
[2026-02-09T09:42:42.817+0000] {bigquery.py:2807} INFO - Executing: {'query': {'query': 'SELECT\n    GENERATE_UUID() AS location_key,       -- UUID surrogate key\n    city,\n    state,\n    postal_code,\n  \nFROM (\n    SELECT DISTINCT \n        city,\n        state,\n        postal_code,\n    FROM bronze.events  -- source table\n) AS distinct_locations;', 'useLegacySql': False, 'queryParameters': [{'name': 'run_date', 'parameterType': {'type': 'DATE'}, 'parameterValue': {'value': '2026-02-08'}}]}}'
[2026-02-09T09:42:42.818+0000] {bigquery.py:1596} INFO - Inserting job ***_ecommerce_etl_v2_gold_layer_load_dim_date_2026_02_08T02_00_00_00_00_cdbb4f955ad9b3f5db5b7a67a20b08a6
[2026-02-09T09:42:44.484+0000] {taskinstance.py:1138} INFO - Marking task as SUCCESS. dag_id=ecommerce_etl_v2, task_id=gold_layer.load_dim_date, execution_date=20260208T020000, start_date=20260209T094242, end_date=20260209T094244
[2026-02-09T09:42:44.533+0000] {local_task_job_runner.py:234} INFO - Task exited with return code 0
[2026-02-09T09:42:44.556+0000] {taskinstance.py:3280} INFO - 0 downstream tasks scheduled from follow-on schedule check
[2026-02-09T10:03:27.648+0000] {taskinstance.py:1946} INFO - Dependencies not met for <TaskInstance: ecommerce_etl_v2.gold_layer.load_dim_date scheduled__2026-02-08T02:00:00+00:00 [queued]>, dependency 'Trigger Rule' FAILED: Task's trigger rule 'all_success' requires all upstream tasks to have succeeded, but found 1 non-success(es). upstream_states=_UpstreamTIStates(success=6, skipped=0, failed=0, upstream_failed=0, removed=0, done=6, success_setup=0, skipped_setup=0), upstream_task_ids={'gold_setup.create_dim_date', 'gold_setup.create_dim_traffic_source', 'gold_setup.create_dim_browser', 'gold_setup.create_dim_page', 'gold_setup.create_dim_order_status', 'gold_setup.create_dim_products', 'gold_setup.create_dim_event_type'}
[2026-02-09T10:03:27.651+0000] {local_task_job_runner.py:160} INFO - Task is not able to be run
