[2026-02-09T02:24:13.518+0000] {taskinstance.py:1956} INFO - Dependencies all met for dep_context=non-requeueable deps ti=<TaskInstance: ecommerce_etl_v2.bronze_layer.check_events_loaded manual__2026-02-09T01:10:13.959737+00:00 [queued]>
[2026-02-09T02:24:13.525+0000] {taskinstance.py:1956} INFO - Dependencies all met for dep_context=requeueable deps ti=<TaskInstance: ecommerce_etl_v2.bronze_layer.check_events_loaded manual__2026-02-09T01:10:13.959737+00:00 [queued]>
[2026-02-09T02:24:13.526+0000] {taskinstance.py:2170} INFO - Starting attempt 2 of 4
[2026-02-09T02:24:13.532+0000] {taskinstance.py:2191} INFO - Executing <Task(BigQueryCheckOperator): bronze_layer.check_events_loaded> on 2026-02-09 01:10:13.959737+00:00
[2026-02-09T02:24:13.536+0000] {standard_task_runner.py:60} INFO - Started process 6555 to run task
[2026-02-09T02:24:13.538+0000] {standard_task_runner.py:87} INFO - Running: ['***', 'tasks', 'run', 'ecommerce_etl_v2', 'bronze_layer.check_events_loaded', 'manual__2026-02-09T01:10:13.959737+00:00', '--job-id', '1388', '--raw', '--subdir', 'DAGS_FOLDER/etl_dag.py', '--cfg-path', '/tmp/tmpvo_7trxx']
[2026-02-09T02:24:13.539+0000] {standard_task_runner.py:88} INFO - Job 1388: Subtask bronze_layer.check_events_loaded
[2026-02-09T02:24:13.565+0000] {task_command.py:423} INFO - Running <TaskInstance: ecommerce_etl_v2.bronze_layer.check_events_loaded manual__2026-02-09T01:10:13.959737+00:00 [running]> on host 707cd2e8ef6b
[2026-02-09T02:24:13.616+0000] {taskinstance.py:2480} INFO - Exporting env vars: AIRFLOW_CTX_DAG_EMAIL='data-team@company.com' AIRFLOW_CTX_DAG_OWNER='data_engineering' AIRFLOW_CTX_DAG_ID='ecommerce_etl_v2' AIRFLOW_CTX_TASK_ID='bronze_layer.check_events_loaded' AIRFLOW_CTX_EXECUTION_DATE='2026-02-09T01:10:13.959737+00:00' AIRFLOW_CTX_TRY_NUMBER='2' AIRFLOW_CTX_DAG_RUN_ID='manual__2026-02-09T01:10:13.959737+00:00'
[2026-02-09T02:24:13.617+0000] {sql.py:785} INFO - Executing SQL check: 
                    SELECT COUNT(*) > 0
                    FROM `prism-486509.bronze.events`
                
[2026-02-09T02:24:13.622+0000] {connection.py:234} WARNING - Connection schemes (type: google_cloud_platform) shall not contain '_' according to RFC3986.
[2026-02-09T02:24:13.622+0000] {base.py:83} INFO - Using connection ID 'google_cloud_default' for task execution.
[2026-02-09T02:24:13.623+0000] {credentials_provider.py:353} INFO - Getting connection using `google.auth.default()` since no explicit credentials are provided.
[2026-02-09T02:24:13.666+0000] {sql.py:450} INFO - Running statement: 
                    SELECT COUNT(*) > 0
                    FROM `prism-486509.bronze.events`
                , parameters: None
[2026-02-09T02:24:13.667+0000] {bigquery.py:1596} INFO - Inserting job ***_1770603853667125_93611ab3681657fb52d80cf37e1df8e0
[2026-02-09T02:24:14.499+0000] {sql.py:788} INFO - Record: [True]
[2026-02-09T02:24:14.500+0000] {sql.py:796} INFO - Success.
[2026-02-09T02:24:14.518+0000] {taskinstance.py:1138} INFO - Marking task as SUCCESS. dag_id=ecommerce_etl_v2, task_id=bronze_layer.check_events_loaded, execution_date=20260209T011013, start_date=20260209T022413, end_date=20260209T022414
[2026-02-09T02:24:14.565+0000] {local_task_job_runner.py:234} INFO - Task exited with return code 0
[2026-02-09T02:24:14.579+0000] {taskinstance.py:3280} INFO - 0 downstream tasks scheduled from follow-on schedule check
