[2026-02-09T02:44:17.928+0000] {taskinstance.py:1956} INFO - Dependencies all met for dep_context=non-requeueable deps ti=<TaskInstance: ecommerce_etl_v2.extract.check_new_files scheduled__2026-02-08T02:00:00+00:00 [queued]>
[2026-02-09T02:44:17.932+0000] {taskinstance.py:1956} INFO - Dependencies all met for dep_context=requeueable deps ti=<TaskInstance: ecommerce_etl_v2.extract.check_new_files scheduled__2026-02-08T02:00:00+00:00 [queued]>
[2026-02-09T02:44:17.932+0000] {taskinstance.py:2170} INFO - Starting attempt 1 of 3
[2026-02-09T02:44:17.939+0000] {taskinstance.py:2191} INFO - Executing <Task(ShortCircuitOperator): extract.check_new_files> on 2026-02-08 02:00:00+00:00
[2026-02-09T02:44:17.943+0000] {standard_task_runner.py:60} INFO - Started process 9995 to run task
[2026-02-09T02:44:17.945+0000] {standard_task_runner.py:87} INFO - Running: ['***', 'tasks', 'run', 'ecommerce_etl_v2', 'extract.check_new_files', 'scheduled__2026-02-08T02:00:00+00:00', '--job-id', '1462', '--raw', '--subdir', 'DAGS_FOLDER/etl_dag.py', '--cfg-path', '/tmp/tmpvdx71dq_']
[2026-02-09T02:44:17.946+0000] {standard_task_runner.py:88} INFO - Job 1462: Subtask extract.check_new_files
[2026-02-09T02:44:17.970+0000] {task_command.py:423} INFO - Running <TaskInstance: ecommerce_etl_v2.extract.check_new_files scheduled__2026-02-08T02:00:00+00:00 [running]> on host 707cd2e8ef6b
[2026-02-09T02:44:18.008+0000] {taskinstance.py:2480} INFO - Exporting env vars: AIRFLOW_CTX_DAG_EMAIL='data-team@company.com' AIRFLOW_CTX_DAG_OWNER='data_engineering' AIRFLOW_CTX_DAG_ID='ecommerce_etl_v2' AIRFLOW_CTX_TASK_ID='extract.check_new_files' AIRFLOW_CTX_EXECUTION_DATE='2026-02-08T02:00:00+00:00' AIRFLOW_CTX_TRY_NUMBER='1' AIRFLOW_CTX_DAG_RUN_ID='scheduled__2026-02-08T02:00:00+00:00'
[2026-02-09T02:44:18.012+0000] {connection.py:234} WARNING - Connection schemes (type: google_cloud_platform) shall not contain '_' according to RFC3986.
[2026-02-09T02:44:18.012+0000] {base.py:83} INFO - Using connection ID 'google_cloud_default' for task execution.
[2026-02-09T02:44:18.012+0000] {credentials_provider.py:353} INFO - Getting connection using `google.auth.default()` since no explicit credentials are provided.
[2026-02-09T02:44:18.272+0000] {etl_dag.py:62} INFO - Found 7 files to process
[2026-02-09T02:44:18.272+0000] {python.py:201} INFO - Done. Returned value was: True
[2026-02-09T02:44:18.273+0000] {python.py:268} INFO - Condition result is True
[2026-02-09T02:44:18.273+0000] {python.py:271} INFO - Proceeding with downstream tasks...
[2026-02-09T02:44:18.282+0000] {taskinstance.py:1138} INFO - Marking task as SUCCESS. dag_id=ecommerce_etl_v2, task_id=extract.check_new_files, execution_date=20260208T020000, start_date=20260209T024417, end_date=20260209T024418
[2026-02-09T02:44:18.292+0000] {local_task_job_runner.py:234} INFO - Task exited with return code 0
[2026-02-09T02:44:18.314+0000] {taskinstance.py:3280} INFO - 1 downstream tasks scheduled from follow-on schedule check
[2026-02-09T09:46:03.957+0000] {taskinstance.py:1956} INFO - Dependencies all met for dep_context=non-requeueable deps ti=<TaskInstance: ecommerce_etl_v2.extract.check_new_files scheduled__2026-02-08T02:00:00+00:00 [queued]>
[2026-02-09T09:46:03.964+0000] {taskinstance.py:1956} INFO - Dependencies all met for dep_context=requeueable deps ti=<TaskInstance: ecommerce_etl_v2.extract.check_new_files scheduled__2026-02-08T02:00:00+00:00 [queued]>
[2026-02-09T09:46:03.964+0000] {taskinstance.py:2170} INFO - Starting attempt 1 of 3
[2026-02-09T09:46:03.971+0000] {taskinstance.py:2191} INFO - Executing <Task(ShortCircuitOperator): extract.check_new_files> on 2026-02-08 02:00:00+00:00
[2026-02-09T09:46:03.975+0000] {standard_task_runner.py:60} INFO - Started process 19257 to run task
[2026-02-09T09:46:03.977+0000] {standard_task_runner.py:87} INFO - Running: ['***', 'tasks', 'run', 'ecommerce_etl_v2', 'extract.check_new_files', 'scheduled__2026-02-08T02:00:00+00:00', '--job-id', '1623', '--raw', '--subdir', 'DAGS_FOLDER/etl_dag.py', '--cfg-path', '/tmp/tmpkie_y3h5']
[2026-02-09T09:46:03.979+0000] {standard_task_runner.py:88} INFO - Job 1623: Subtask extract.check_new_files
[2026-02-09T09:46:04.006+0000] {task_command.py:423} INFO - Running <TaskInstance: ecommerce_etl_v2.extract.check_new_files scheduled__2026-02-08T02:00:00+00:00 [running]> on host 707cd2e8ef6b
[2026-02-09T09:46:04.045+0000] {taskinstance.py:2480} INFO - Exporting env vars: AIRFLOW_CTX_DAG_EMAIL='data-team@company.com' AIRFLOW_CTX_DAG_OWNER='data_engineering' AIRFLOW_CTX_DAG_ID='ecommerce_etl_v2' AIRFLOW_CTX_TASK_ID='extract.check_new_files' AIRFLOW_CTX_EXECUTION_DATE='2026-02-08T02:00:00+00:00' AIRFLOW_CTX_TRY_NUMBER='1' AIRFLOW_CTX_DAG_RUN_ID='scheduled__2026-02-08T02:00:00+00:00'
[2026-02-09T09:46:04.050+0000] {connection.py:234} WARNING - Connection schemes (type: google_cloud_platform) shall not contain '_' according to RFC3986.
[2026-02-09T09:46:04.051+0000] {base.py:83} INFO - Using connection ID 'google_cloud_default' for task execution.
[2026-02-09T09:46:04.051+0000] {credentials_provider.py:353} INFO - Getting connection using `google.auth.default()` since no explicit credentials are provided.
[2026-02-09T09:46:04.377+0000] {etl_dag.py:62} INFO - Found 7 files to process
[2026-02-09T09:46:04.378+0000] {python.py:201} INFO - Done. Returned value was: True
[2026-02-09T09:46:04.378+0000] {python.py:268} INFO - Condition result is True
[2026-02-09T09:46:04.379+0000] {python.py:271} INFO - Proceeding with downstream tasks...
[2026-02-09T09:46:04.399+0000] {taskinstance.py:1138} INFO - Marking task as SUCCESS. dag_id=ecommerce_etl_v2, task_id=extract.check_new_files, execution_date=20260208T020000, start_date=20260209T094603, end_date=20260209T094604
[2026-02-09T09:46:04.413+0000] {local_task_job_runner.py:234} INFO - Task exited with return code 0
[2026-02-09T09:46:04.434+0000] {taskinstance.py:3280} INFO - 1 downstream tasks scheduled from follow-on schedule check
[2026-02-09T10:06:41.560+0000] {taskinstance.py:1956} INFO - Dependencies all met for dep_context=non-requeueable deps ti=<TaskInstance: ecommerce_etl_v2.extract.check_new_files scheduled__2026-02-08T02:00:00+00:00 [queued]>
[2026-02-09T10:06:41.564+0000] {taskinstance.py:1956} INFO - Dependencies all met for dep_context=requeueable deps ti=<TaskInstance: ecommerce_etl_v2.extract.check_new_files scheduled__2026-02-08T02:00:00+00:00 [queued]>
[2026-02-09T10:06:41.565+0000] {taskinstance.py:2170} INFO - Starting attempt 1 of 3
[2026-02-09T10:06:41.571+0000] {taskinstance.py:2191} INFO - Executing <Task(ShortCircuitOperator): extract.check_new_files> on 2026-02-08 02:00:00+00:00
[2026-02-09T10:06:41.574+0000] {standard_task_runner.py:60} INFO - Started process 23619 to run task
[2026-02-09T10:06:41.576+0000] {standard_task_runner.py:87} INFO - Running: ['***', 'tasks', 'run', 'ecommerce_etl_v2', 'extract.check_new_files', 'scheduled__2026-02-08T02:00:00+00:00', '--job-id', '1728', '--raw', '--subdir', 'DAGS_FOLDER/etl_dag.py', '--cfg-path', '/tmp/tmpfx__pryp']
[2026-02-09T10:06:41.578+0000] {standard_task_runner.py:88} INFO - Job 1728: Subtask extract.check_new_files
[2026-02-09T10:06:41.602+0000] {task_command.py:423} INFO - Running <TaskInstance: ecommerce_etl_v2.extract.check_new_files scheduled__2026-02-08T02:00:00+00:00 [running]> on host 707cd2e8ef6b
[2026-02-09T10:06:41.638+0000] {taskinstance.py:2480} INFO - Exporting env vars: AIRFLOW_CTX_DAG_EMAIL='data-team@company.com' AIRFLOW_CTX_DAG_OWNER='data_engineering' AIRFLOW_CTX_DAG_ID='ecommerce_etl_v2' AIRFLOW_CTX_TASK_ID='extract.check_new_files' AIRFLOW_CTX_EXECUTION_DATE='2026-02-08T02:00:00+00:00' AIRFLOW_CTX_TRY_NUMBER='1' AIRFLOW_CTX_DAG_RUN_ID='scheduled__2026-02-08T02:00:00+00:00'
[2026-02-09T10:06:41.643+0000] {connection.py:234} WARNING - Connection schemes (type: google_cloud_platform) shall not contain '_' according to RFC3986.
[2026-02-09T10:06:41.643+0000] {base.py:83} INFO - Using connection ID 'google_cloud_default' for task execution.
[2026-02-09T10:06:41.644+0000] {credentials_provider.py:353} INFO - Getting connection using `google.auth.default()` since no explicit credentials are provided.
[2026-02-09T10:06:41.967+0000] {etl_dag.py:62} INFO - Found 7 files to process
[2026-02-09T10:06:41.968+0000] {python.py:201} INFO - Done. Returned value was: True
[2026-02-09T10:06:41.971+0000] {python.py:268} INFO - Condition result is True
[2026-02-09T10:06:41.971+0000] {python.py:271} INFO - Proceeding with downstream tasks...
[2026-02-09T10:06:41.983+0000] {taskinstance.py:1138} INFO - Marking task as SUCCESS. dag_id=ecommerce_etl_v2, task_id=extract.check_new_files, execution_date=20260208T020000, start_date=20260209T100641, end_date=20260209T100641
[2026-02-09T10:06:42.018+0000] {local_task_job_runner.py:234} INFO - Task exited with return code 0
[2026-02-09T10:06:42.040+0000] {taskinstance.py:3280} INFO - 1 downstream tasks scheduled from follow-on schedule check
