[2026-02-10T20:38:07.226+0000] {taskinstance.py:1956} INFO - Dependencies all met for dep_context=non-requeueable deps ti=<TaskInstance: ecommerce_etl_v2.check_orders_loaded manual__2026-02-10T14:58:15.423598+00:00 [queued]>
[2026-02-10T20:38:07.231+0000] {taskinstance.py:1956} INFO - Dependencies all met for dep_context=requeueable deps ti=<TaskInstance: ecommerce_etl_v2.check_orders_loaded manual__2026-02-10T14:58:15.423598+00:00 [queued]>
[2026-02-10T20:38:07.232+0000] {taskinstance.py:2170} INFO - Starting attempt 3 of 5
[2026-02-10T20:38:07.238+0000] {taskinstance.py:2191} INFO - Executing <Task(BigQueryCheckOperator): check_orders_loaded> on 2026-02-10 14:58:15.423598+00:00
[2026-02-10T20:38:07.242+0000] {standard_task_runner.py:60} INFO - Started process 53714 to run task
[2026-02-10T20:38:07.244+0000] {standard_task_runner.py:87} INFO - Running: ['***', 'tasks', 'run', 'ecommerce_etl_v2', 'check_orders_loaded', 'manual__2026-02-10T14:58:15.423598+00:00', '--job-id', '1738', '--raw', '--subdir', 'DAGS_FOLDER/etl_dag.py', '--cfg-path', '/tmp/tmpds2c14ww']
[2026-02-10T20:38:07.245+0000] {standard_task_runner.py:88} INFO - Job 1738: Subtask check_orders_loaded
[2026-02-10T20:38:07.270+0000] {task_command.py:423} INFO - Running <TaskInstance: ecommerce_etl_v2.check_orders_loaded manual__2026-02-10T14:58:15.423598+00:00 [running]> on host 89ab86e4d295
[2026-02-10T20:38:07.303+0000] {taskinstance.py:2480} INFO - Exporting env vars: AIRFLOW_CTX_DAG_EMAIL='data-team@company.com' AIRFLOW_CTX_DAG_OWNER='data_engineering' AIRFLOW_CTX_DAG_ID='ecommerce_etl_v2' AIRFLOW_CTX_TASK_ID='check_orders_loaded' AIRFLOW_CTX_EXECUTION_DATE='2026-02-10T14:58:15.423598+00:00' AIRFLOW_CTX_TRY_NUMBER='3' AIRFLOW_CTX_DAG_RUN_ID='manual__2026-02-10T14:58:15.423598+00:00'
[2026-02-10T20:38:07.304+0000] {sql.py:785} INFO - Executing SQL check: 
            SELECT COUNT(*) > 0
            FROM prism-486509.bronze.orders
            WHERE ingestion_date = DATE('2026-02-10')
            
[2026-02-10T20:38:07.310+0000] {connection.py:234} WARNING - Connection schemes (type: google_cloud_platform) shall not contain '_' according to RFC3986.
[2026-02-10T20:38:07.310+0000] {base.py:83} INFO - Using connection ID 'google_cloud_default' for task execution.
[2026-02-10T20:38:07.310+0000] {credentials_provider.py:353} INFO - Getting connection using `google.auth.default()` since no explicit credentials are provided.
[2026-02-10T20:38:07.352+0000] {sql.py:450} INFO - Running statement: 
            SELECT COUNT(*) > 0
            FROM prism-486509.bronze.orders
            WHERE ingestion_date = DATE('2026-02-10')
            , parameters: None
[2026-02-10T20:38:07.353+0000] {bigquery.py:1596} INFO - Inserting job ***_1770755887352964_7067d0a339aea3e4ec83c8e302beced0
[2026-02-10T20:38:08.246+0000] {sql.py:788} INFO - Record: [True]
[2026-02-10T20:38:08.246+0000] {sql.py:796} INFO - Success.
[2026-02-10T20:38:08.251+0000] {taskinstance.py:1138} INFO - Marking task as SUCCESS. dag_id=ecommerce_etl_v2, task_id=check_orders_loaded, execution_date=20260210T145815, start_date=20260210T203807, end_date=20260210T203808
[2026-02-10T20:38:08.270+0000] {local_task_job_runner.py:234} INFO - Task exited with return code 0
[2026-02-10T20:38:08.293+0000] {taskinstance.py:3280} INFO - 1 downstream tasks scheduled from follow-on schedule check
