[2026-02-09T02:48:41.200+0000] {taskinstance.py:1956} INFO - Dependencies all met for dep_context=non-requeueable deps ti=<TaskInstance: ecommerce_etl_v2.gold_layer.load_dim_order_status scheduled__2026-02-08T02:00:00+00:00 [queued]>
[2026-02-09T02:48:41.216+0000] {taskinstance.py:1956} INFO - Dependencies all met for dep_context=requeueable deps ti=<TaskInstance: ecommerce_etl_v2.gold_layer.load_dim_order_status scheduled__2026-02-08T02:00:00+00:00 [queued]>
[2026-02-09T02:48:41.217+0000] {taskinstance.py:2170} INFO - Starting attempt 5 of 7
[2026-02-09T02:48:41.241+0000] {taskinstance.py:2191} INFO - Executing <Task(BigQueryInsertJobOperator): gold_layer.load_dim_order_status> on 2026-02-08 02:00:00+00:00
[2026-02-09T02:48:41.246+0000] {standard_task_runner.py:60} INFO - Started process 11388 to run task
[2026-02-09T02:48:41.254+0000] {standard_task_runner.py:87} INFO - Running: ['***', 'tasks', 'run', 'ecommerce_etl_v2', 'gold_layer.load_dim_order_status', 'scheduled__2026-02-08T02:00:00+00:00', '--job-id', '1493', '--raw', '--subdir', 'DAGS_FOLDER/etl_dag.py', '--cfg-path', '/tmp/tmperx97ic0']
[2026-02-09T02:48:41.257+0000] {standard_task_runner.py:88} INFO - Job 1493: Subtask gold_layer.load_dim_order_status
[2026-02-09T02:48:41.294+0000] {task_command.py:423} INFO - Running <TaskInstance: ecommerce_etl_v2.gold_layer.load_dim_order_status scheduled__2026-02-08T02:00:00+00:00 [running]> on host 707cd2e8ef6b
[2026-02-09T02:48:41.354+0000] {taskinstance.py:2480} INFO - Exporting env vars: AIRFLOW_CTX_DAG_EMAIL='data-team@company.com' AIRFLOW_CTX_DAG_OWNER='data_engineering' AIRFLOW_CTX_DAG_ID='ecommerce_etl_v2' AIRFLOW_CTX_TASK_ID='gold_layer.load_dim_order_status' AIRFLOW_CTX_EXECUTION_DATE='2026-02-08T02:00:00+00:00' AIRFLOW_CTX_TRY_NUMBER='5' AIRFLOW_CTX_DAG_RUN_ID='scheduled__2026-02-08T02:00:00+00:00'
[2026-02-09T02:48:41.361+0000] {connection.py:234} WARNING - Connection schemes (type: google_cloud_platform) shall not contain '_' according to RFC3986.
[2026-02-09T02:48:41.362+0000] {base.py:83} INFO - Using connection ID 'google_cloud_default' for task execution.
[2026-02-09T02:48:41.362+0000] {credentials_provider.py:353} INFO - Getting connection using `google.auth.default()` since no explicit credentials are provided.
[2026-02-09T02:48:41.406+0000] {bigquery.py:2807} INFO - Executing: {'query': {'query': 'SELECT\n    GENERATE_UUID() AS order_status_key,   -- UUID surrogate key\n    order_status          -- natural/business key      -- attribute\n    status_description            -- attribute\nFROM (\n    SELECT DISTINCT \n        status, \n    FROM silver.order_items   -- source table with order status\n) AS distinct_statuses;', 'useLegacySql': False, 'queryParameters': [{'name': 'run_date', 'parameterType': {'type': 'DATE'}, 'parameterValue': {'value': '2026-02-08'}}]}}'
[2026-02-09T02:48:41.406+0000] {bigquery.py:1596} INFO - Inserting job ***_ecommerce_etl_v2_gold_layer_load_dim_order_status_2026_02_08T02_00_00_00_00_6238d0b796db7357c74299882149497a
[2026-02-09T02:48:41.745+0000] {taskinstance.py:2698} ERROR - Task failed with exception
Traceback (most recent call last):
  File "/home/airflow/.local/lib/python3.8/site-packages/airflow/models/taskinstance.py", line 433, in _execute_task
    result = execute_callable(context=context, **execute_callable_kwargs)
  File "/home/airflow/.local/lib/python3.8/site-packages/airflow/providers/google/cloud/operators/bigquery.py", line 2864, in execute
    job.result(timeout=self.result_timeout, retry=self.result_retry)
  File "/home/airflow/.local/lib/python3.8/site-packages/google/cloud/bigquery/job/query.py", line 1595, in result
    do_get_result()
  File "/home/airflow/.local/lib/python3.8/site-packages/google/cloud/bigquery/job/query.py", line 1584, in do_get_result
    super(QueryJob, self).result(retry=retry, timeout=timeout)
  File "/home/airflow/.local/lib/python3.8/site-packages/google/cloud/bigquery/job/base.py", line 971, in result
    return super(_AsyncJob, self).result(timeout=timeout, **kwargs)
  File "/home/airflow/.local/lib/python3.8/site-packages/google/api_core/future/polling.py", line 261, in result
    raise self._exception
google.api_core.exceptions.BadRequest: 400 Unrecognized name: status at [7:9]; reason: invalidQuery, location: query, message: Unrecognized name: status at [7:9]

Location: europe-west1
Job ID: airflow_ecommerce_etl_v2_gold_layer_load_dim_order_status_2026_02_08T02_00_00_00_00_6238d0b796db7357c74299882149497a

[2026-02-09T02:48:41.750+0000] {taskinstance.py:1138} INFO - Marking task as UP_FOR_RETRY. dag_id=ecommerce_etl_v2, task_id=gold_layer.load_dim_order_status, execution_date=20260208T020000, start_date=20260209T024841, end_date=20260209T024841
[2026-02-09T02:48:41.757+0000] {standard_task_runner.py:107} ERROR - Failed to execute job 1493 for task gold_layer.load_dim_order_status (400 Unrecognized name: status at [7:9]; reason: invalidQuery, location: query, message: Unrecognized name: status at [7:9]

Location: europe-west1
Job ID: airflow_ecommerce_etl_v2_gold_layer_load_dim_order_status_2026_02_08T02_00_00_00_00_6238d0b796db7357c74299882149497a
; 11388)
[2026-02-09T02:48:41.766+0000] {local_task_job_runner.py:234} INFO - Task exited with return code 1
[2026-02-09T02:48:41.781+0000] {taskinstance.py:3280} INFO - 0 downstream tasks scheduled from follow-on schedule check
