[2026-02-09T02:35:45.752+0000] {taskinstance.py:1956} INFO - Dependencies all met for dep_context=non-requeueable deps ti=<TaskInstance: ecommerce_etl_v2.gold_layer.load_dim_time scheduled__2026-02-08T02:00:00+00:00 [queued]>
[2026-02-09T02:35:45.767+0000] {taskinstance.py:1956} INFO - Dependencies all met for dep_context=requeueable deps ti=<TaskInstance: ecommerce_etl_v2.gold_layer.load_dim_time scheduled__2026-02-08T02:00:00+00:00 [queued]>
[2026-02-09T02:35:45.767+0000] {taskinstance.py:2170} INFO - Starting attempt 1 of 3
[2026-02-09T02:35:45.777+0000] {taskinstance.py:2191} INFO - Executing <Task(BigQueryInsertJobOperator): gold_layer.load_dim_time> on 2026-02-08 02:00:00+00:00
[2026-02-09T02:35:45.780+0000] {standard_task_runner.py:60} INFO - Started process 8163 to run task
[2026-02-09T02:35:45.786+0000] {standard_task_runner.py:87} INFO - Running: ['***', 'tasks', 'run', 'ecommerce_etl_v2', 'gold_layer.load_dim_time', 'scheduled__2026-02-08T02:00:00+00:00', '--job-id', '1416', '--raw', '--subdir', 'DAGS_FOLDER/etl_dag.py', '--cfg-path', '/tmp/tmp8rejemne']
[2026-02-09T02:35:45.790+0000] {standard_task_runner.py:88} INFO - Job 1416: Subtask gold_layer.load_dim_time
[2026-02-09T02:35:45.824+0000] {task_command.py:423} INFO - Running <TaskInstance: ecommerce_etl_v2.gold_layer.load_dim_time scheduled__2026-02-08T02:00:00+00:00 [running]> on host 707cd2e8ef6b
[2026-02-09T02:35:45.887+0000] {taskinstance.py:2480} INFO - Exporting env vars: AIRFLOW_CTX_DAG_EMAIL='data-team@company.com' AIRFLOW_CTX_DAG_OWNER='data_engineering' AIRFLOW_CTX_DAG_ID='ecommerce_etl_v2' AIRFLOW_CTX_TASK_ID='gold_layer.load_dim_time' AIRFLOW_CTX_EXECUTION_DATE='2026-02-08T02:00:00+00:00' AIRFLOW_CTX_TRY_NUMBER='1' AIRFLOW_CTX_DAG_RUN_ID='scheduled__2026-02-08T02:00:00+00:00'
[2026-02-09T02:35:45.893+0000] {connection.py:234} WARNING - Connection schemes (type: google_cloud_platform) shall not contain '_' according to RFC3986.
[2026-02-09T02:35:45.894+0000] {base.py:83} INFO - Using connection ID 'google_cloud_default' for task execution.
[2026-02-09T02:35:45.895+0000] {credentials_provider.py:353} INFO - Getting connection using `google.auth.default()` since no explicit credentials are provided.
[2026-02-09T02:35:45.937+0000] {bigquery.py:2807} INFO - Executing: {'query': {'query': '-- Dim_Time\nCREATE TABLE IF NOT EXISTS prism-486509.gold.Dim_Time (\n  time_sk INT64 NOT NULL OPTIONS(description="Surrogate Key for Time Dimension (HHMMSS)"),\n  full_time TIME NOT NULL OPTIONS(description="Full Time (HH:MI:SS)"),\n  hour INT64 NOT NULL,\n  minute INT64 NOT NULL,\n  second INT64 NOT NULL,\n  ampm STRING NOT NULL OPTIONS(description="AM or PM"),\n  time_bucket STRING OPTIONS(description="Time of day bucket (e.g., Morning, Afternoon, Evening)")\n);', 'useLegacySql': False, 'queryParameters': [{'name': 'run_date', 'parameterType': {'type': 'DATE'}, 'parameterValue': {'value': '2026-02-08'}}]}}'
[2026-02-09T02:35:45.938+0000] {bigquery.py:1596} INFO - Inserting job ***_ecommerce_etl_v2_gold_layer_load_dim_time_2026_02_08T02_00_00_00_00_8de2758f09d77c7cf64af4fd41a16357
[2026-02-09T02:35:46.452+0000] {taskinstance.py:1138} INFO - Marking task as SUCCESS. dag_id=ecommerce_etl_v2, task_id=gold_layer.load_dim_time, execution_date=20260208T020000, start_date=20260209T023545, end_date=20260209T023546
[2026-02-09T02:35:46.498+0000] {local_task_job_runner.py:234} INFO - Task exited with return code 0
[2026-02-09T02:35:46.528+0000] {taskinstance.py:3280} INFO - 0 downstream tasks scheduled from follow-on schedule check
[2026-02-09T09:42:42.602+0000] {taskinstance.py:1956} INFO - Dependencies all met for dep_context=non-requeueable deps ti=<TaskInstance: ecommerce_etl_v2.gold_layer.load_dim_time scheduled__2026-02-08T02:00:00+00:00 [queued]>
[2026-02-09T09:42:42.607+0000] {taskinstance.py:1956} INFO - Dependencies all met for dep_context=requeueable deps ti=<TaskInstance: ecommerce_etl_v2.gold_layer.load_dim_time scheduled__2026-02-08T02:00:00+00:00 [queued]>
[2026-02-09T09:42:42.607+0000] {taskinstance.py:2170} INFO - Starting attempt 1 of 3
[2026-02-09T09:42:42.619+0000] {taskinstance.py:2191} INFO - Executing <Task(BigQueryInsertJobOperator): gold_layer.load_dim_time> on 2026-02-08 02:00:00+00:00
[2026-02-09T09:42:42.627+0000] {standard_task_runner.py:60} INFO - Started process 19037 to run task
[2026-02-09T09:42:42.632+0000] {standard_task_runner.py:87} INFO - Running: ['***', 'tasks', 'run', 'ecommerce_etl_v2', 'gold_layer.load_dim_time', 'scheduled__2026-02-08T02:00:00+00:00', '--job-id', '1616', '--raw', '--subdir', 'DAGS_FOLDER/etl_dag.py', '--cfg-path', '/tmp/tmpx6zsubta']
[2026-02-09T09:42:42.634+0000] {standard_task_runner.py:88} INFO - Job 1616: Subtask gold_layer.load_dim_time
[2026-02-09T09:42:42.672+0000] {task_command.py:423} INFO - Running <TaskInstance: ecommerce_etl_v2.gold_layer.load_dim_time scheduled__2026-02-08T02:00:00+00:00 [running]> on host 707cd2e8ef6b
[2026-02-09T09:42:42.726+0000] {taskinstance.py:2480} INFO - Exporting env vars: AIRFLOW_CTX_DAG_EMAIL='data-team@company.com' AIRFLOW_CTX_DAG_OWNER='data_engineering' AIRFLOW_CTX_DAG_ID='ecommerce_etl_v2' AIRFLOW_CTX_TASK_ID='gold_layer.load_dim_time' AIRFLOW_CTX_EXECUTION_DATE='2026-02-08T02:00:00+00:00' AIRFLOW_CTX_TRY_NUMBER='1' AIRFLOW_CTX_DAG_RUN_ID='scheduled__2026-02-08T02:00:00+00:00'
[2026-02-09T09:42:42.733+0000] {connection.py:234} WARNING - Connection schemes (type: google_cloud_platform) shall not contain '_' according to RFC3986.
[2026-02-09T09:42:42.733+0000] {base.py:83} INFO - Using connection ID 'google_cloud_default' for task execution.
[2026-02-09T09:42:42.734+0000] {credentials_provider.py:353} INFO - Getting connection using `google.auth.default()` since no explicit credentials are provided.
[2026-02-09T09:42:42.778+0000] {bigquery.py:2807} INFO - Executing: {'query': {'query': '-- Dim_Time\nCREATE TABLE IF NOT EXISTS prism-486509.gold.Dim_Time (\n  time_sk INT64 NOT NULL OPTIONS(description="Surrogate Key for Time Dimension (HHMMSS)"),\n  full_time TIME NOT NULL OPTIONS(description="Full Time (HH:MI:SS)"),\n  hour INT64 NOT NULL,\n  minute INT64 NOT NULL,\n  second INT64 NOT NULL,\n  ampm STRING NOT NULL OPTIONS(description="AM or PM"),\n  time_bucket STRING OPTIONS(description="Time of day bucket (e.g., Morning, Afternoon, Evening)")\n);', 'useLegacySql': False, 'queryParameters': [{'name': 'run_date', 'parameterType': {'type': 'DATE'}, 'parameterValue': {'value': '2026-02-08'}}]}}'
[2026-02-09T09:42:42.780+0000] {bigquery.py:1596} INFO - Inserting job ***_ecommerce_etl_v2_gold_layer_load_dim_time_2026_02_08T02_00_00_00_00_fbbe90c4dc81bcee3a95e2030aea4eaa
[2026-02-09T09:42:43.547+0000] {taskinstance.py:1138} INFO - Marking task as SUCCESS. dag_id=ecommerce_etl_v2, task_id=gold_layer.load_dim_time, execution_date=20260208T020000, start_date=20260209T094242, end_date=20260209T094243
[2026-02-09T09:42:43.592+0000] {local_task_job_runner.py:234} INFO - Task exited with return code 0
[2026-02-09T09:42:43.612+0000] {taskinstance.py:3280} INFO - 0 downstream tasks scheduled from follow-on schedule check
[2026-02-09T10:03:27.653+0000] {taskinstance.py:1946} INFO - Dependencies not met for <TaskInstance: ecommerce_etl_v2.gold_layer.load_dim_time scheduled__2026-02-08T02:00:00+00:00 [queued]>, dependency 'Trigger Rule' FAILED: Task's trigger rule 'all_success' requires all upstream tasks to have succeeded, but found 1 non-success(es). upstream_states=_UpstreamTIStates(success=6, skipped=0, failed=0, upstream_failed=0, removed=0, done=6, success_setup=0, skipped_setup=0), upstream_task_ids={'gold_setup.create_dim_date', 'gold_setup.create_dim_traffic_source', 'gold_setup.create_dim_browser', 'gold_setup.create_dim_page', 'gold_setup.create_dim_order_status', 'gold_setup.create_dim_products', 'gold_setup.create_dim_event_type'}
[2026-02-09T10:03:27.656+0000] {local_task_job_runner.py:160} INFO - Task is not able to be run
