[2026-02-09T02:37:32.579+0000] {taskinstance.py:1956} INFO - Dependencies all met for dep_context=non-requeueable deps ti=<TaskInstance: ecommerce_etl_v2.gold_layer.load_dim_time scheduled__2026-02-08T02:00:00+00:00 [queued]>
[2026-02-09T02:37:32.592+0000] {taskinstance.py:1956} INFO - Dependencies all met for dep_context=requeueable deps ti=<TaskInstance: ecommerce_etl_v2.gold_layer.load_dim_time scheduled__2026-02-08T02:00:00+00:00 [queued]>
[2026-02-09T02:37:32.594+0000] {taskinstance.py:2170} INFO - Starting attempt 2 of 4
[2026-02-09T02:37:32.609+0000] {taskinstance.py:2191} INFO - Executing <Task(BigQueryInsertJobOperator): gold_layer.load_dim_time> on 2026-02-08 02:00:00+00:00
[2026-02-09T02:37:32.617+0000] {standard_task_runner.py:60} INFO - Started process 8808 to run task
[2026-02-09T02:37:32.620+0000] {standard_task_runner.py:87} INFO - Running: ['***', 'tasks', 'run', 'ecommerce_etl_v2', 'gold_layer.load_dim_time', 'scheduled__2026-02-08T02:00:00+00:00', '--job-id', '1430', '--raw', '--subdir', 'DAGS_FOLDER/etl_dag.py', '--cfg-path', '/tmp/tmpcifto8ot']
[2026-02-09T02:37:32.626+0000] {standard_task_runner.py:88} INFO - Job 1430: Subtask gold_layer.load_dim_time
[2026-02-09T02:37:32.690+0000] {task_command.py:423} INFO - Running <TaskInstance: ecommerce_etl_v2.gold_layer.load_dim_time scheduled__2026-02-08T02:00:00+00:00 [running]> on host 707cd2e8ef6b
[2026-02-09T02:37:32.772+0000] {taskinstance.py:2480} INFO - Exporting env vars: AIRFLOW_CTX_DAG_EMAIL='data-team@company.com' AIRFLOW_CTX_DAG_OWNER='data_engineering' AIRFLOW_CTX_DAG_ID='ecommerce_etl_v2' AIRFLOW_CTX_TASK_ID='gold_layer.load_dim_time' AIRFLOW_CTX_EXECUTION_DATE='2026-02-08T02:00:00+00:00' AIRFLOW_CTX_TRY_NUMBER='2' AIRFLOW_CTX_DAG_RUN_ID='scheduled__2026-02-08T02:00:00+00:00'
[2026-02-09T02:37:32.785+0000] {connection.py:234} WARNING - Connection schemes (type: google_cloud_platform) shall not contain '_' according to RFC3986.
[2026-02-09T02:37:32.785+0000] {base.py:83} INFO - Using connection ID 'google_cloud_default' for task execution.
[2026-02-09T02:37:32.786+0000] {credentials_provider.py:353} INFO - Getting connection using `google.auth.default()` since no explicit credentials are provided.
[2026-02-09T02:37:32.837+0000] {bigquery.py:2807} INFO - Executing: {'query': {'query': '-- Dim_Time\nCREATE TABLE IF NOT EXISTS prism-486509.gold.Dim_Time (\n  time_sk INT64 NOT NULL OPTIONS(description="Surrogate Key for Time Dimension (HHMMSS)"),\n  full_time TIME NOT NULL OPTIONS(description="Full Time (HH:MI:SS)"),\n  hour INT64 NOT NULL,\n  minute INT64 NOT NULL,\n  second INT64 NOT NULL,\n  ampm STRING NOT NULL OPTIONS(description="AM or PM"),\n  time_bucket STRING OPTIONS(description="Time of day bucket (e.g., Morning, Afternoon, Evening)")\n);', 'useLegacySql': False, 'queryParameters': [{'name': 'run_date', 'parameterType': {'type': 'DATE'}, 'parameterValue': {'value': '2026-02-08'}}]}}'
[2026-02-09T02:37:32.839+0000] {bigquery.py:1596} INFO - Inserting job ***_ecommerce_etl_v2_gold_layer_load_dim_time_2026_02_08T02_00_00_00_00_cdcfc62ebb60a8a06975a481395ec410
[2026-02-09T02:37:33.437+0000] {taskinstance.py:1138} INFO - Marking task as SUCCESS. dag_id=ecommerce_etl_v2, task_id=gold_layer.load_dim_time, execution_date=20260208T020000, start_date=20260209T023732, end_date=20260209T023733
[2026-02-09T02:37:33.462+0000] {local_task_job_runner.py:234} INFO - Task exited with return code 0
[2026-02-09T02:37:33.481+0000] {taskinstance.py:3280} INFO - 0 downstream tasks scheduled from follow-on schedule check
[2026-02-09T10:08:28.860+0000] {taskinstance.py:1956} INFO - Dependencies all met for dep_context=non-requeueable deps ti=<TaskInstance: ecommerce_etl_v2.gold_layer.load_dim_time scheduled__2026-02-08T02:00:00+00:00 [queued]>
[2026-02-09T10:08:28.867+0000] {taskinstance.py:1956} INFO - Dependencies all met for dep_context=requeueable deps ti=<TaskInstance: ecommerce_etl_v2.gold_layer.load_dim_time scheduled__2026-02-08T02:00:00+00:00 [queued]>
[2026-02-09T10:08:28.868+0000] {taskinstance.py:2170} INFO - Starting attempt 2 of 3
[2026-02-09T10:08:28.878+0000] {taskinstance.py:2191} INFO - Executing <Task(BigQueryInsertJobOperator): gold_layer.load_dim_time> on 2026-02-08 02:00:00+00:00
[2026-02-09T10:08:28.884+0000] {standard_task_runner.py:60} INFO - Started process 24449 to run task
[2026-02-09T10:08:28.887+0000] {standard_task_runner.py:87} INFO - Running: ['***', 'tasks', 'run', 'ecommerce_etl_v2', 'gold_layer.load_dim_time', 'scheduled__2026-02-08T02:00:00+00:00', '--job-id', '1748', '--raw', '--subdir', 'DAGS_FOLDER/etl_dag.py', '--cfg-path', '/tmp/tmp4_dp5t6s']
[2026-02-09T10:08:28.889+0000] {standard_task_runner.py:88} INFO - Job 1748: Subtask gold_layer.load_dim_time
[2026-02-09T10:08:28.929+0000] {task_command.py:423} INFO - Running <TaskInstance: ecommerce_etl_v2.gold_layer.load_dim_time scheduled__2026-02-08T02:00:00+00:00 [running]> on host 707cd2e8ef6b
[2026-02-09T10:08:28.985+0000] {taskinstance.py:2480} INFO - Exporting env vars: AIRFLOW_CTX_DAG_EMAIL='data-team@company.com' AIRFLOW_CTX_DAG_OWNER='data_engineering' AIRFLOW_CTX_DAG_ID='ecommerce_etl_v2' AIRFLOW_CTX_TASK_ID='gold_layer.load_dim_time' AIRFLOW_CTX_EXECUTION_DATE='2026-02-08T02:00:00+00:00' AIRFLOW_CTX_TRY_NUMBER='2' AIRFLOW_CTX_DAG_RUN_ID='scheduled__2026-02-08T02:00:00+00:00'
[2026-02-09T10:08:28.994+0000] {connection.py:234} WARNING - Connection schemes (type: google_cloud_platform) shall not contain '_' according to RFC3986.
[2026-02-09T10:08:28.994+0000] {base.py:83} INFO - Using connection ID 'google_cloud_default' for task execution.
[2026-02-09T10:08:28.995+0000] {credentials_provider.py:353} INFO - Getting connection using `google.auth.default()` since no explicit credentials are provided.
[2026-02-09T10:08:29.040+0000] {bigquery.py:2807} INFO - Executing: {'query': {'query': '-- Dim_Time\nCREATE TABLE IF NOT EXISTS prism-486509.gold.Dim_Time (\n  time_sk INT64 NOT NULL OPTIONS(description="Surrogate Key for Time Dimension (HHMMSS)"),\n  full_time TIME NOT NULL OPTIONS(description="Full Time (HH:MI:SS)"),\n  hour INT64 NOT NULL,\n  minute INT64 NOT NULL,\n  second INT64 NOT NULL,\n  ampm STRING NOT NULL OPTIONS(description="AM or PM"),\n  time_bucket STRING OPTIONS(description="Time of day bucket (e.g., Morning, Afternoon, Evening)")\n);', 'useLegacySql': False, 'queryParameters': [{'name': 'run_date', 'parameterType': {'type': 'DATE'}, 'parameterValue': {'value': '2026-02-08'}}]}}'
[2026-02-09T10:08:29.041+0000] {bigquery.py:1596} INFO - Inserting job ***_ecommerce_etl_v2_gold_layer_load_dim_time_2026_02_08T02_00_00_00_00_5db675119081a65e960c4f90b2041fb3
[2026-02-09T10:08:29.670+0000] {taskinstance.py:1138} INFO - Marking task as SUCCESS. dag_id=ecommerce_etl_v2, task_id=gold_layer.load_dim_time, execution_date=20260208T020000, start_date=20260209T100828, end_date=20260209T100829
[2026-02-09T10:08:29.689+0000] {local_task_job_runner.py:234} INFO - Task exited with return code 0
[2026-02-09T10:08:29.706+0000] {taskinstance.py:3280} INFO - 0 downstream tasks scheduled from follow-on schedule check
