[2026-02-10T11:25:38.300+0000] {taskinstance.py:1956} INFO - Dependencies all met for dep_context=non-requeueable deps ti=<TaskInstance: ecommerce_etl_v2.gold_layer.load_dim_event_type manual__2026-02-10T10:56:26.745143+00:00 [queued]>
[2026-02-10T11:25:38.305+0000] {taskinstance.py:1956} INFO - Dependencies all met for dep_context=requeueable deps ti=<TaskInstance: ecommerce_etl_v2.gold_layer.load_dim_event_type manual__2026-02-10T10:56:26.745143+00:00 [queued]>
[2026-02-10T11:25:38.306+0000] {taskinstance.py:2170} INFO - Starting attempt 2 of 4
[2026-02-10T11:25:38.312+0000] {taskinstance.py:2191} INFO - Executing <Task(BigQueryInsertJobOperator): gold_layer.load_dim_event_type> on 2026-02-10 10:56:26.745143+00:00
[2026-02-10T11:25:38.315+0000] {standard_task_runner.py:60} INFO - Started process 6608 to run task
[2026-02-10T11:25:38.317+0000] {standard_task_runner.py:87} INFO - Running: ['***', 'tasks', 'run', 'ecommerce_etl_v2', 'gold_layer.load_dim_event_type', 'manual__2026-02-10T10:56:26.745143+00:00', '--job-id', '1160', '--raw', '--subdir', 'DAGS_FOLDER/etl_dag.py', '--cfg-path', '/tmp/tmpt2oywv5l']
[2026-02-10T11:25:38.319+0000] {standard_task_runner.py:88} INFO - Job 1160: Subtask gold_layer.load_dim_event_type
[2026-02-10T11:25:38.346+0000] {task_command.py:423} INFO - Running <TaskInstance: ecommerce_etl_v2.gold_layer.load_dim_event_type manual__2026-02-10T10:56:26.745143+00:00 [running]> on host 89ab86e4d295
[2026-02-10T11:25:38.383+0000] {taskinstance.py:2480} INFO - Exporting env vars: AIRFLOW_CTX_DAG_EMAIL='data-team@company.com' AIRFLOW_CTX_DAG_OWNER='data_engineering' AIRFLOW_CTX_DAG_ID='ecommerce_etl_v2' AIRFLOW_CTX_TASK_ID='gold_layer.load_dim_event_type' AIRFLOW_CTX_EXECUTION_DATE='2026-02-10T10:56:26.745143+00:00' AIRFLOW_CTX_TRY_NUMBER='2' AIRFLOW_CTX_DAG_RUN_ID='manual__2026-02-10T10:56:26.745143+00:00'
[2026-02-10T11:25:38.387+0000] {connection.py:234} WARNING - Connection schemes (type: google_cloud_platform) shall not contain '_' according to RFC3986.
[2026-02-10T11:25:38.388+0000] {base.py:83} INFO - Using connection ID 'google_cloud_default' for task execution.
[2026-02-10T11:25:38.388+0000] {credentials_provider.py:353} INFO - Getting connection using `google.auth.default()` since no explicit credentials are provided.
[2026-02-10T11:25:38.429+0000] {bigquery.py:2807} INFO - Executing: {'query': {'query': '-- SELECT\n--     -- GENERATE_UUID() AS event_type_key,  -- UUID surrogate key\n--     TO_HEX(SHA256(event_type)) AS event_type_key,\n--     event_type\n-- FROM (\n--     SELECT DISTINCT event_type\n--     FROM `prism-486509.silver.events`\n-- ) AS distinct_events;\n\n\nMERGE `prism-486509.dim_event_type` AS target\nUSING (\n    SELECT DISTINCT event_type\n    FROM `prism-486509.silver.events`\n    WHERE ingestion_date = @run_date\n) AS source\nON target.event_type = source.event_type\nWHEN NOT MATCHED THEN\n  INSERT (event_type_key, event_type)\n  VALUES (TO_HEX(SHA256(source.event_type)), source.event_type);', 'useLegacySql': False}}'
[2026-02-10T11:25:38.429+0000] {bigquery.py:1596} INFO - Inserting job ***_ecommerce_etl_v2_gold_layer_load_dim_event_type_2026_02_10T10_56_26_745143_00_00_afcae8456dfb1da05b06096939bb4a97
[2026-02-10T11:25:38.723+0000] {taskinstance.py:2698} ERROR - Task failed with exception
Traceback (most recent call last):
  File "/home/airflow/.local/lib/python3.8/site-packages/airflow/models/taskinstance.py", line 433, in _execute_task
    result = execute_callable(context=context, **execute_callable_kwargs)
  File "/home/airflow/.local/lib/python3.8/site-packages/airflow/providers/google/cloud/operators/bigquery.py", line 2864, in execute
    job.result(timeout=self.result_timeout, retry=self.result_retry)
  File "/home/airflow/.local/lib/python3.8/site-packages/google/cloud/bigquery/job/query.py", line 1595, in result
    do_get_result()
  File "/home/airflow/.local/lib/python3.8/site-packages/google/cloud/bigquery/job/query.py", line 1584, in do_get_result
    super(QueryJob, self).result(retry=retry, timeout=timeout)
  File "/home/airflow/.local/lib/python3.8/site-packages/google/cloud/bigquery/job/base.py", line 971, in result
    return super(_AsyncJob, self).result(timeout=timeout, **kwargs)
  File "/home/airflow/.local/lib/python3.8/site-packages/google/api_core/future/polling.py", line 261, in result
    raise self._exception
google.api_core.exceptions.NotFound: 404 Not found: Dataset prism-486509:prism-486509 was not found in location europe-west1; reason: notFound, message: Not found: Dataset prism-486509:prism-486509 was not found in location europe-west1

Location: europe-west1
Job ID: airflow_ecommerce_etl_v2_gold_layer_load_dim_event_type_2026_02_10T10_56_26_745143_00_00_afcae8456dfb1da05b06096939bb4a97

[2026-02-10T11:25:38.733+0000] {taskinstance.py:1138} INFO - Marking task as UP_FOR_RETRY. dag_id=ecommerce_etl_v2, task_id=gold_layer.load_dim_event_type, execution_date=20260210T105626, start_date=20260210T112538, end_date=20260210T112538
[2026-02-10T11:25:38.740+0000] {standard_task_runner.py:107} ERROR - Failed to execute job 1160 for task gold_layer.load_dim_event_type (404 Not found: Dataset prism-486509:prism-486509 was not found in location europe-west1; reason: notFound, message: Not found: Dataset prism-486509:prism-486509 was not found in location europe-west1

Location: europe-west1
Job ID: airflow_ecommerce_etl_v2_gold_layer_load_dim_event_type_2026_02_10T10_56_26_745143_00_00_afcae8456dfb1da05b06096939bb4a97
; 6608)
[2026-02-10T11:25:38.760+0000] {local_task_job_runner.py:234} INFO - Task exited with return code 1
[2026-02-10T11:25:38.778+0000] {taskinstance.py:3280} INFO - 0 downstream tasks scheduled from follow-on schedule check
