[2026-02-10T10:56:28.537+0000] {taskinstance.py:1956} INFO - Dependencies all met for dep_context=non-requeueable deps ti=<TaskInstance: ecommerce_etl_v2.load_orders manual__2026-02-10T10:56:26.745143+00:00 [queued]>
[2026-02-10T10:56:28.544+0000] {taskinstance.py:1956} INFO - Dependencies all met for dep_context=requeueable deps ti=<TaskInstance: ecommerce_etl_v2.load_orders manual__2026-02-10T10:56:26.745143+00:00 [queued]>
[2026-02-10T10:56:28.545+0000] {taskinstance.py:2170} INFO - Starting attempt 1 of 3
[2026-02-10T10:56:28.561+0000] {taskinstance.py:2191} INFO - Executing <Task(PythonOperator): load_orders> on 2026-02-10 10:56:26.745143+00:00
[2026-02-10T10:56:28.566+0000] {standard_task_runner.py:60} INFO - Started process 2603 to run task
[2026-02-10T10:56:28.571+0000] {standard_task_runner.py:87} INFO - Running: ['***', 'tasks', 'run', 'ecommerce_etl_v2', 'load_orders', 'manual__2026-02-10T10:56:26.745143+00:00', '--job-id', '1078', '--raw', '--subdir', 'DAGS_FOLDER/etl_dag.py', '--cfg-path', '/tmp/tmp_q16cte2']
[2026-02-10T10:56:28.581+0000] {standard_task_runner.py:88} INFO - Job 1078: Subtask load_orders
[2026-02-10T10:56:28.664+0000] {task_command.py:423} INFO - Running <TaskInstance: ecommerce_etl_v2.load_orders manual__2026-02-10T10:56:26.745143+00:00 [running]> on host 89ab86e4d295
[2026-02-10T10:56:28.728+0000] {taskinstance.py:2480} INFO - Exporting env vars: AIRFLOW_CTX_DAG_EMAIL='data-team@company.com' AIRFLOW_CTX_DAG_OWNER='data_engineering' AIRFLOW_CTX_DAG_ID='ecommerce_etl_v2' AIRFLOW_CTX_TASK_ID='load_orders' AIRFLOW_CTX_EXECUTION_DATE='2026-02-10T10:56:26.745143+00:00' AIRFLOW_CTX_TRY_NUMBER='1' AIRFLOW_CTX_DAG_RUN_ID='manual__2026-02-10T10:56:26.745143+00:00'
[2026-02-10T10:56:28.850+0000] {etl_dag.py:100} INFO - Creating table if not exists: bronze.orders
[2026-02-10T10:56:29.456+0000] {etl_dag.py:106} INFO - Deleting partition 2026-02-10 from table bronze.orders
[2026-02-10T10:56:30.914+0000] {etl_dag.py:114} INFO - Loading data from gs://bronze-data-ecom/orders/ingestion_date=2026-02-10/*.csv into bronze.orders
[2026-02-10T10:56:31.321+0000] {taskinstance.py:2698} ERROR - Task failed with exception
Traceback (most recent call last):
  File "/home/airflow/.local/lib/python3.8/site-packages/airflow/models/taskinstance.py", line 433, in _execute_task
    result = execute_callable(context=context, **execute_callable_kwargs)
  File "/home/airflow/.local/lib/python3.8/site-packages/airflow/operators/python.py", line 199, in execute
    return_value = self.execute_callable()
  File "/home/airflow/.local/lib/python3.8/site-packages/airflow/operators/python.py", line 216, in execute_callable
    return self.python_callable(*self.op_args, **self.op_kwargs)
  File "/opt/airflow/dags/etl_dag.py", line 125, in load_bronze_with_ingestion_date
    load_job.result()
  File "/home/airflow/.local/lib/python3.8/site-packages/google/cloud/bigquery/job/base.py", line 971, in result
    return super(_AsyncJob, self).result(timeout=timeout, **kwargs)
  File "/home/airflow/.local/lib/python3.8/site-packages/google/api_core/future/polling.py", line 261, in result
    raise self._exception
google.api_core.exceptions.NotFound: 404 Not found: Uris gs://bronze-data-ecom/orders/ingestion_date=2026-02-10/*.csv; reason: notFound, message: Not found: Uris gs://bronze-data-ecom/orders/ingestion_date=2026-02-10/*.csv
[2026-02-10T10:56:31.334+0000] {taskinstance.py:1138} INFO - Marking task as UP_FOR_RETRY. dag_id=ecommerce_etl_v2, task_id=load_orders, execution_date=20260210T105626, start_date=20260210T105628, end_date=20260210T105631
[2026-02-10T10:56:31.347+0000] {standard_task_runner.py:107} ERROR - Failed to execute job 1078 for task load_orders (404 Not found: Uris gs://bronze-data-ecom/orders/ingestion_date=2026-02-10/*.csv; reason: notFound, message: Not found: Uris gs://bronze-data-ecom/orders/ingestion_date=2026-02-10/*.csv; 2603)
[2026-02-10T10:56:31.380+0000] {local_task_job_runner.py:234} INFO - Task exited with return code 1
[2026-02-10T10:56:31.406+0000] {taskinstance.py:3280} INFO - 0 downstream tasks scheduled from follow-on schedule check
