[2026-02-09T13:22:06.244+0000] {taskinstance.py:1956} INFO - Dependencies all met for dep_context=non-requeueable deps ti=<TaskInstance: ecommerce_etl_v2.load_users manual__2026-02-09T12:40:21.598201+00:00 [queued]>
[2026-02-09T13:22:06.248+0000] {taskinstance.py:1956} INFO - Dependencies all met for dep_context=requeueable deps ti=<TaskInstance: ecommerce_etl_v2.load_users manual__2026-02-09T12:40:21.598201+00:00 [queued]>
[2026-02-09T13:22:06.249+0000] {taskinstance.py:2170} INFO - Starting attempt 1 of 3
[2026-02-09T13:22:06.259+0000] {taskinstance.py:2191} INFO - Executing <Task(PythonOperator): load_users> on 2026-02-09 12:40:21.598201+00:00
[2026-02-09T13:22:06.263+0000] {standard_task_runner.py:60} INFO - Started process 56843 to run task
[2026-02-09T13:22:06.271+0000] {standard_task_runner.py:87} INFO - Running: ['***', 'tasks', 'run', 'ecommerce_etl_v2', 'load_users', 'manual__2026-02-09T12:40:21.598201+00:00', '--job-id', '2437', '--raw', '--subdir', 'DAGS_FOLDER/etl_dag.py', '--cfg-path', '/tmp/tmpe44lxhnx']
[2026-02-09T13:22:06.273+0000] {standard_task_runner.py:88} INFO - Job 2437: Subtask load_users
[2026-02-09T13:22:06.308+0000] {task_command.py:423} INFO - Running <TaskInstance: ecommerce_etl_v2.load_users manual__2026-02-09T12:40:21.598201+00:00 [running]> on host 707cd2e8ef6b
[2026-02-09T13:22:06.398+0000] {taskinstance.py:2480} INFO - Exporting env vars: AIRFLOW_CTX_DAG_EMAIL='data-team@company.com' AIRFLOW_CTX_DAG_OWNER='data_engineering' AIRFLOW_CTX_DAG_ID='ecommerce_etl_v2' AIRFLOW_CTX_TASK_ID='load_users' AIRFLOW_CTX_EXECUTION_DATE='2026-02-09T12:40:21.598201+00:00' AIRFLOW_CTX_TRY_NUMBER='1' AIRFLOW_CTX_DAG_RUN_ID='manual__2026-02-09T12:40:21.598201+00:00'
[2026-02-09T13:22:13.179+0000] {taskinstance.py:2698} ERROR - Task failed with exception
Traceback (most recent call last):
  File "/home/airflow/.local/lib/python3.8/site-packages/google/cloud/bigquery/client.py", line 2487, in load_table_from_file
    response = self._do_resumable_upload(
  File "/home/airflow/.local/lib/python3.8/site-packages/google/cloud/bigquery/client.py", line 2889, in _do_resumable_upload
    upload, transport = self._initiate_resumable_upload(
  File "/home/airflow/.local/lib/python3.8/site-packages/google/cloud/bigquery/client.py", line 2962, in _initiate_resumable_upload
    upload.initiate(
  File "/home/airflow/.local/lib/python3.8/site-packages/google/resumable_media/requests/upload.py", line 420, in initiate
    return _request_helpers.wait_and_retry(
  File "/home/airflow/.local/lib/python3.8/site-packages/google/resumable_media/requests/_request_helpers.py", line 155, in wait_and_retry
    response = func()
  File "/home/airflow/.local/lib/python3.8/site-packages/google/resumable_media/requests/upload.py", line 416, in retriable_request
    self._process_initiate_response(result)
  File "/home/airflow/.local/lib/python3.8/site-packages/google/resumable_media/_upload.py", line 518, in _process_initiate_response
    _helpers.require_status_code(
  File "/home/airflow/.local/lib/python3.8/site-packages/google/resumable_media/_helpers.py", line 108, in require_status_code
    raise common.InvalidResponse(
google.resumable_media.common.InvalidResponse: ('Request failed with status code', 404, 'Expected one of', 200, 201)

During handling of the above exception, another exception occurred:

Traceback (most recent call last):
  File "/home/airflow/.local/lib/python3.8/site-packages/pandas_gbq/gbq.py", line 604, in load_data
    chunks = load.load_chunks(
  File "/home/airflow/.local/lib/python3.8/site-packages/pandas_gbq/load.py", line 243, in load_chunks
    load_parquet(
  File "/home/airflow/.local/lib/python3.8/site-packages/pandas_gbq/load.py", line 131, in load_parquet
    client.load_table_from_dataframe(
  File "/home/airflow/.local/lib/python3.8/site-packages/google/cloud/bigquery/client.py", line 2727, in load_table_from_dataframe
    return self.load_table_from_file(
  File "/home/airflow/.local/lib/python3.8/site-packages/google/cloud/bigquery/client.py", line 2495, in load_table_from_file
    raise exceptions.from_http_response(exc.response)
google.api_core.exceptions.NotFound: 404 POST https://bigquery.googleapis.com/upload/bigquery/v2/projects/prism-486509/jobs?uploadType=resumable: Not found: Dataset prism-486509:bronze

The above exception was the direct cause of the following exception:

Traceback (most recent call last):
  File "/home/airflow/.local/lib/python3.8/site-packages/airflow/models/taskinstance.py", line 433, in _execute_task
    result = execute_callable(context=context, **execute_callable_kwargs)
  File "/home/airflow/.local/lib/python3.8/site-packages/airflow/operators/python.py", line 199, in execute
    return_value = self.execute_callable()
  File "/home/airflow/.local/lib/python3.8/site-packages/airflow/operators/python.py", line 216, in execute_callable
    return self.python_callable(*self.op_args, **self.op_kwargs)
  File "/opt/airflow/dags/etl_dag.py", line 103, in load_bronze_with_ingestion_date
    df.to_gbq(
  File "/home/airflow/.local/lib/python3.8/site-packages/pandas/core/frame.py", line 2088, in to_gbq
    gbq.to_gbq(
  File "/home/airflow/.local/lib/python3.8/site-packages/pandas/io/gbq.py", line 215, in to_gbq
    pandas_gbq.to_gbq(
  File "/home/airflow/.local/lib/python3.8/site-packages/pandas_gbq/gbq.py", line 1238, in to_gbq
    connector.load_data(
  File "/home/airflow/.local/lib/python3.8/site-packages/pandas_gbq/gbq.py", line 624, in load_data
    self.process_http_error(ex)
  File "/home/airflow/.local/lib/python3.8/site-packages/pandas_gbq/gbq.py", line 396, in process_http_error
    raise GenericGBQException("Reason: {0}".format(ex)) from ex
pandas_gbq.exceptions.GenericGBQException: Reason: 404 POST https://bigquery.googleapis.com/upload/bigquery/v2/projects/prism-486509/jobs?uploadType=resumable: Not found: Dataset prism-486509:bronze
[2026-02-09T13:22:13.189+0000] {taskinstance.py:1138} INFO - Marking task as UP_FOR_RETRY. dag_id=ecommerce_etl_v2, task_id=load_users, execution_date=20260209T124021, start_date=20260209T132206, end_date=20260209T132213
[2026-02-09T13:22:13.197+0000] {standard_task_runner.py:107} ERROR - Failed to execute job 2437 for task load_users (Reason: 404 POST https://bigquery.googleapis.com/upload/bigquery/v2/projects/prism-486509/jobs?uploadType=resumable: Not found: Dataset prism-486509:bronze; 56843)
[2026-02-09T13:22:13.240+0000] {local_task_job_runner.py:234} INFO - Task exited with return code 1
[2026-02-09T13:22:13.275+0000] {taskinstance.py:3280} INFO - 0 downstream tasks scheduled from follow-on schedule check
