[2026-02-10T20:38:11.176+0000] {taskinstance.py:1956} INFO - Dependencies all met for dep_context=non-requeueable deps ti=<TaskInstance: ecommerce_etl_v2.check_products_loaded manual__2026-02-10T14:58:15.423598+00:00 [queued]>
[2026-02-10T20:38:11.182+0000] {taskinstance.py:1956} INFO - Dependencies all met for dep_context=requeueable deps ti=<TaskInstance: ecommerce_etl_v2.check_products_loaded manual__2026-02-10T14:58:15.423598+00:00 [queued]>
[2026-02-10T20:38:11.182+0000] {taskinstance.py:2170} INFO - Starting attempt 3 of 5
[2026-02-10T20:38:11.189+0000] {taskinstance.py:2191} INFO - Executing <Task(BigQueryCheckOperator): check_products_loaded> on 2026-02-10 14:58:15.423598+00:00
[2026-02-10T20:38:11.193+0000] {standard_task_runner.py:60} INFO - Started process 53887 to run task
[2026-02-10T20:38:11.195+0000] {standard_task_runner.py:87} INFO - Running: ['***', 'tasks', 'run', 'ecommerce_etl_v2', 'check_products_loaded', 'manual__2026-02-10T14:58:15.423598+00:00', '--job-id', '1743', '--raw', '--subdir', 'DAGS_FOLDER/etl_dag.py', '--cfg-path', '/tmp/tmp31jruhf3']
[2026-02-10T20:38:11.197+0000] {standard_task_runner.py:88} INFO - Job 1743: Subtask check_products_loaded
[2026-02-10T20:38:11.223+0000] {task_command.py:423} INFO - Running <TaskInstance: ecommerce_etl_v2.check_products_loaded manual__2026-02-10T14:58:15.423598+00:00 [running]> on host 89ab86e4d295
[2026-02-10T20:38:11.259+0000] {taskinstance.py:2480} INFO - Exporting env vars: AIRFLOW_CTX_DAG_EMAIL='data-team@company.com' AIRFLOW_CTX_DAG_OWNER='data_engineering' AIRFLOW_CTX_DAG_ID='ecommerce_etl_v2' AIRFLOW_CTX_TASK_ID='check_products_loaded' AIRFLOW_CTX_EXECUTION_DATE='2026-02-10T14:58:15.423598+00:00' AIRFLOW_CTX_TRY_NUMBER='3' AIRFLOW_CTX_DAG_RUN_ID='manual__2026-02-10T14:58:15.423598+00:00'
[2026-02-10T20:38:11.260+0000] {sql.py:785} INFO - Executing SQL check: 
            SELECT COUNT(*) > 0
            FROM prism-486509.bronze.products
            WHERE ingestion_date = DATE('2026-02-10')
            
[2026-02-10T20:38:11.265+0000] {connection.py:234} WARNING - Connection schemes (type: google_cloud_platform) shall not contain '_' according to RFC3986.
[2026-02-10T20:38:11.266+0000] {base.py:83} INFO - Using connection ID 'google_cloud_default' for task execution.
[2026-02-10T20:38:11.267+0000] {credentials_provider.py:353} INFO - Getting connection using `google.auth.default()` since no explicit credentials are provided.
[2026-02-10T20:38:11.310+0000] {sql.py:450} INFO - Running statement: 
            SELECT COUNT(*) > 0
            FROM prism-486509.bronze.products
            WHERE ingestion_date = DATE('2026-02-10')
            , parameters: None
[2026-02-10T20:38:11.311+0000] {bigquery.py:1596} INFO - Inserting job ***_1770755891311504_f0b43f256debbce0b0e2c371c3ec3c3d
[2026-02-10T20:38:12.217+0000] {sql.py:788} INFO - Record: [True]
[2026-02-10T20:38:12.218+0000] {sql.py:796} INFO - Success.
[2026-02-10T20:38:12.224+0000] {taskinstance.py:1138} INFO - Marking task as SUCCESS. dag_id=ecommerce_etl_v2, task_id=check_products_loaded, execution_date=20260210T145815, start_date=20260210T203811, end_date=20260210T203812
[2026-02-10T20:38:12.247+0000] {local_task_job_runner.py:234} INFO - Task exited with return code 0
[2026-02-10T20:38:12.273+0000] {taskinstance.py:3280} INFO - 0 downstream tasks scheduled from follow-on schedule check
