[2026-02-08T21:19:53.354+0000] {taskinstance.py:1956} INFO - Dependencies all met for dep_context=non-requeueable deps ti=<TaskInstance: ecommerce_etl_v2.bronze_layer.check_order_items_loaded manual__2026-02-08T21:16:12.240480+00:00 [queued]>
[2026-02-08T21:19:53.360+0000] {taskinstance.py:1956} INFO - Dependencies all met for dep_context=requeueable deps ti=<TaskInstance: ecommerce_etl_v2.bronze_layer.check_order_items_loaded manual__2026-02-08T21:16:12.240480+00:00 [queued]>
[2026-02-08T21:19:53.363+0000] {taskinstance.py:2170} INFO - Starting attempt 1 of 3
[2026-02-08T21:19:53.370+0000] {taskinstance.py:2191} INFO - Executing <Task(BigQueryCheckOperator): bronze_layer.check_order_items_loaded> on 2026-02-08 21:16:12.240480+00:00
[2026-02-08T21:19:53.374+0000] {standard_task_runner.py:60} INFO - Started process 12512 to run task
[2026-02-08T21:19:53.378+0000] {standard_task_runner.py:87} INFO - Running: ['***', 'tasks', 'run', 'ecommerce_etl_v2', 'bronze_layer.check_order_items_loaded', 'manual__2026-02-08T21:16:12.240480+00:00', '--job-id', '804', '--raw', '--subdir', 'DAGS_FOLDER/etl_dag.py', '--cfg-path', '/tmp/tmpqfs3p9t5']
[2026-02-08T21:19:53.379+0000] {standard_task_runner.py:88} INFO - Job 804: Subtask bronze_layer.check_order_items_loaded
[2026-02-08T21:19:53.403+0000] {task_command.py:423} INFO - Running <TaskInstance: ecommerce_etl_v2.bronze_layer.check_order_items_loaded manual__2026-02-08T21:16:12.240480+00:00 [running]> on host 52b3fbe2fc57
[2026-02-08T21:19:53.447+0000] {taskinstance.py:2480} INFO - Exporting env vars: AIRFLOW_CTX_DAG_EMAIL='data-team@company.com' AIRFLOW_CTX_DAG_OWNER='data_engineering' AIRFLOW_CTX_DAG_ID='ecommerce_etl_v2' AIRFLOW_CTX_TASK_ID='bronze_layer.check_order_items_loaded' AIRFLOW_CTX_EXECUTION_DATE='2026-02-08T21:16:12.240480+00:00' AIRFLOW_CTX_TRY_NUMBER='1' AIRFLOW_CTX_DAG_RUN_ID='manual__2026-02-08T21:16:12.240480+00:00'
[2026-02-08T21:19:53.448+0000] {sql.py:785} INFO - Executing SQL check: 
                    SELECT COUNT(*) > 0
                    FROM `prism-486509.bronze.order_items`
                
[2026-02-08T21:19:53.452+0000] {connection.py:234} WARNING - Connection schemes (type: google_cloud_platform) shall not contain '_' according to RFC3986.
[2026-02-08T21:19:53.453+0000] {base.py:83} INFO - Using connection ID 'google_cloud_default' for task execution.
[2026-02-08T21:19:53.453+0000] {credentials_provider.py:353} INFO - Getting connection using `google.auth.default()` since no explicit credentials are provided.
[2026-02-08T21:19:53.495+0000] {sql.py:450} INFO - Running statement: 
                    SELECT COUNT(*) > 0
                    FROM `prism-486509.bronze.order_items`
                , parameters: None
[2026-02-08T21:19:53.496+0000] {bigquery.py:1596} INFO - Inserting job ***_1770585593496179_de0ba258e3b35f85aba19bbdae998b94
[2026-02-08T21:19:54.422+0000] {sql.py:788} INFO - Record: [True]
[2026-02-08T21:19:54.423+0000] {sql.py:796} INFO - Success.
[2026-02-08T21:19:54.428+0000] {taskinstance.py:1138} INFO - Marking task as SUCCESS. dag_id=ecommerce_etl_v2, task_id=bronze_layer.check_order_items_loaded, execution_date=20260208T211612, start_date=20260208T211953, end_date=20260208T211954
[2026-02-08T21:19:54.466+0000] {local_task_job_runner.py:234} INFO - Task exited with return code 0
[2026-02-08T21:19:54.482+0000] {taskinstance.py:3280} INFO - 1 downstream tasks scheduled from follow-on schedule check
