[2026-02-09T13:22:06.372+0000] {taskinstance.py:1956} INFO - Dependencies all met for dep_context=non-requeueable deps ti=<TaskInstance: ecommerce_etl_v2.load_orders manual__2026-02-09T12:40:21.598201+00:00 [queued]>
[2026-02-09T13:22:06.382+0000] {taskinstance.py:1956} INFO - Dependencies all met for dep_context=requeueable deps ti=<TaskInstance: ecommerce_etl_v2.load_orders manual__2026-02-09T12:40:21.598201+00:00 [queued]>
[2026-02-09T13:22:06.383+0000] {taskinstance.py:2170} INFO - Starting attempt 1 of 3
[2026-02-09T13:22:06.403+0000] {taskinstance.py:2191} INFO - Executing <Task(PythonOperator): load_orders> on 2026-02-09 12:40:21.598201+00:00
[2026-02-09T13:22:06.412+0000] {standard_task_runner.py:60} INFO - Started process 56853 to run task
[2026-02-09T13:22:06.418+0000] {standard_task_runner.py:87} INFO - Running: ['***', 'tasks', 'run', 'ecommerce_etl_v2', 'load_orders', 'manual__2026-02-09T12:40:21.598201+00:00', '--job-id', '2441', '--raw', '--subdir', 'DAGS_FOLDER/etl_dag.py', '--cfg-path', '/tmp/tmp20g__doq']
[2026-02-09T13:22:06.421+0000] {standard_task_runner.py:88} INFO - Job 2441: Subtask load_orders
[2026-02-09T13:22:06.469+0000] {task_command.py:423} INFO - Running <TaskInstance: ecommerce_etl_v2.load_orders manual__2026-02-09T12:40:21.598201+00:00 [running]> on host 707cd2e8ef6b
[2026-02-09T13:22:06.535+0000] {taskinstance.py:2480} INFO - Exporting env vars: AIRFLOW_CTX_DAG_EMAIL='data-team@company.com' AIRFLOW_CTX_DAG_OWNER='data_engineering' AIRFLOW_CTX_DAG_ID='ecommerce_etl_v2' AIRFLOW_CTX_TASK_ID='load_orders' AIRFLOW_CTX_EXECUTION_DATE='2026-02-09T12:40:21.598201+00:00' AIRFLOW_CTX_TRY_NUMBER='1' AIRFLOW_CTX_DAG_RUN_ID='manual__2026-02-09T12:40:21.598201+00:00'
[2026-02-09T13:23:52.084+0000] {local_task_job_runner.py:302} WARNING - State of this instance has been externally set to None. Terminating instance.
[2026-02-09T13:23:52.086+0000] {process_utils.py:131} INFO - Sending 15 to group 56853. PIDs of all processes in the group: [56853]
[2026-02-09T13:23:52.087+0000] {process_utils.py:86} INFO - Sending the signal 15 to group 56853
[2026-02-09T13:23:52.087+0000] {taskinstance.py:2450} ERROR - Received SIGTERM. Terminating subprocesses.
[2026-02-09T13:23:52.092+0000] {taskinstance.py:2698} ERROR - Task failed with exception
Traceback (most recent call last):
  File "/home/airflow/.local/lib/python3.8/site-packages/airflow/models/taskinstance.py", line 433, in _execute_task
    result = execute_callable(context=context, **execute_callable_kwargs)
  File "/home/airflow/.local/lib/python3.8/site-packages/airflow/operators/python.py", line 199, in execute
    return_value = self.execute_callable()
  File "/home/airflow/.local/lib/python3.8/site-packages/airflow/operators/python.py", line 216, in execute_callable
    return self.python_callable(*self.op_args, **self.op_kwargs)
  File "/opt/airflow/dags/etl_dag.py", line 103, in load_bronze_with_ingestion_date
    df.to_gbq(
  File "/home/airflow/.local/lib/python3.8/site-packages/pandas/core/frame.py", line 2088, in to_gbq
    gbq.to_gbq(
  File "/home/airflow/.local/lib/python3.8/site-packages/pandas/io/gbq.py", line 215, in to_gbq
    pandas_gbq.to_gbq(
  File "/home/airflow/.local/lib/python3.8/site-packages/pandas_gbq/gbq.py", line 1238, in to_gbq
    connector.load_data(
  File "/home/airflow/.local/lib/python3.8/site-packages/pandas_gbq/gbq.py", line 604, in load_data
    chunks = load.load_chunks(
  File "/home/airflow/.local/lib/python3.8/site-packages/pandas_gbq/load.py", line 243, in load_chunks
    load_parquet(
  File "/home/airflow/.local/lib/python3.8/site-packages/pandas_gbq/load.py", line 131, in load_parquet
    client.load_table_from_dataframe(
  File "/home/airflow/.local/lib/python3.8/site-packages/google/cloud/bigquery/job/base.py", line 971, in result
    return super(_AsyncJob, self).result(timeout=timeout, **kwargs)
  File "/home/airflow/.local/lib/python3.8/site-packages/google/api_core/future/polling.py", line 256, in result
    self._blocking_poll(timeout=timeout, retry=retry, polling=polling)
  File "/home/airflow/.local/lib/python3.8/site-packages/google/api_core/future/polling.py", line 137, in _blocking_poll
    polling(self._done_or_raise)(retry=retry)
  File "/home/airflow/.local/lib/python3.8/site-packages/google/api_core/retry.py", line 372, in retry_wrapped_func
    return retry_target(
  File "/home/airflow/.local/lib/python3.8/site-packages/google/api_core/retry.py", line 236, in retry_target
    time.sleep(sleep)
  File "/home/airflow/.local/lib/python3.8/site-packages/airflow/models/taskinstance.py", line 2452, in signal_handler
    raise AirflowException("Task received SIGTERM signal")
airflow.exceptions.AirflowException: Task received SIGTERM signal
[2026-02-09T13:23:52.096+0000] {taskinstance.py:1138} INFO - Marking task as UP_FOR_RETRY. dag_id=ecommerce_etl_v2, task_id=load_orders, execution_date=20260209T124021, start_date=20260209T132206, end_date=20260209T132352
[2026-02-09T13:23:52.103+0000] {standard_task_runner.py:107} ERROR - Failed to execute job 2441 for task load_orders ((psycopg2.errors.ForeignKeyViolation) insert or update on table "task_fail" violates foreign key constraint "task_fail_ti_fkey"
DETAIL:  Key (dag_id, task_id, run_id, map_index)=(ecommerce_etl_v2, load_orders, manual__2026-02-09T12:40:21.598201+00:00, -1) is not present in table "task_instance".

[SQL: INSERT INTO task_fail (task_id, dag_id, run_id, map_index, start_date, end_date, duration) VALUES (%(task_id)s, %(dag_id)s, %(run_id)s, %(map_index)s, %(start_date)s, %(end_date)s, %(duration)s) RETURNING task_fail.id]
[parameters: {'task_id': 'load_orders', 'dag_id': 'ecommerce_etl_v2', 'run_id': 'manual__2026-02-09T12:40:21.598201+00:00', 'map_index': -1, 'start_date': datetime.datetime(2026, 2, 9, 13, 22, 6, 373690, tzinfo=Timezone('UTC')), 'end_date': datetime.datetime(2026, 2, 9, 13, 23, 52, 96026, tzinfo=Timezone('UTC')), 'duration': 105}]
(Background on this error at: https://sqlalche.me/e/14/gkpj); 56853)
[2026-02-09T13:23:52.142+0000] {process_utils.py:79} INFO - Process psutil.Process(pid=56853, status='terminated', exitcode=1, started='13:22:05') (56853) terminated with exit code 1
