[2026-02-11T10:40:25.542+0000] {taskinstance.py:1956} INFO - Dependencies all met for dep_context=non-requeueable deps ti=<TaskInstance: ecommerce_etl_v2.data_quality.check_dim_users_duplicates manual__2026-02-11T10:34:20.826307+00:00 [queued]>
[2026-02-11T10:40:25.547+0000] {taskinstance.py:1956} INFO - Dependencies all met for dep_context=requeueable deps ti=<TaskInstance: ecommerce_etl_v2.data_quality.check_dim_users_duplicates manual__2026-02-11T10:34:20.826307+00:00 [queued]>
[2026-02-11T10:40:25.548+0000] {taskinstance.py:2170} INFO - Starting attempt 1 of 3
[2026-02-11T10:40:25.553+0000] {taskinstance.py:2191} INFO - Executing <Task(BigQueryCheckOperator): data_quality.check_dim_users_duplicates> on 2026-02-11 10:34:20.826307+00:00
[2026-02-11T10:40:25.556+0000] {standard_task_runner.py:60} INFO - Started process 97786 to run task
[2026-02-11T10:40:25.558+0000] {standard_task_runner.py:87} INFO - Running: ['***', 'tasks', 'run', 'ecommerce_etl_v2', 'data_quality.check_dim_users_duplicates', 'manual__2026-02-11T10:34:20.826307+00:00', '--job-id', '2213', '--raw', '--subdir', 'DAGS_FOLDER/etl_dag.py', '--cfg-path', '/tmp/tmp2cqbhoty']
[2026-02-11T10:40:25.560+0000] {standard_task_runner.py:88} INFO - Job 2213: Subtask data_quality.check_dim_users_duplicates
[2026-02-11T10:40:25.583+0000] {task_command.py:423} INFO - Running <TaskInstance: ecommerce_etl_v2.data_quality.check_dim_users_duplicates manual__2026-02-11T10:34:20.826307+00:00 [running]> on host 89ab86e4d295
[2026-02-11T10:40:25.658+0000] {taskinstance.py:2480} INFO - Exporting env vars: AIRFLOW_CTX_DAG_EMAIL='data-team@company.com' AIRFLOW_CTX_DAG_OWNER='data_engineering' AIRFLOW_CTX_DAG_ID='ecommerce_etl_v2' AIRFLOW_CTX_TASK_ID='data_quality.check_dim_users_duplicates' AIRFLOW_CTX_EXECUTION_DATE='2026-02-11T10:34:20.826307+00:00' AIRFLOW_CTX_TRY_NUMBER='1' AIRFLOW_CTX_DAG_RUN_ID='manual__2026-02-11T10:34:20.826307+00:00'
[2026-02-11T10:40:25.660+0000] {sql.py:785} INFO - Executing SQL check: 
                SELECT COUNT(*) = 0
                FROM (
                    SELECT user_key, COUNT(*) AS cnt
                    FROM prism-486509.gold.dim_users
                    GROUP BY user_key
                    HAVING cnt > 1
                )
            
[2026-02-11T10:40:25.663+0000] {connection.py:234} WARNING - Connection schemes (type: google_cloud_platform) shall not contain '_' according to RFC3986.
[2026-02-11T10:40:25.664+0000] {base.py:83} INFO - Using connection ID 'google_cloud_default' for task execution.
[2026-02-11T10:40:25.664+0000] {credentials_provider.py:353} INFO - Getting connection using `google.auth.default()` since no explicit credentials are provided.
[2026-02-11T10:40:25.706+0000] {sql.py:450} INFO - Running statement: 
                SELECT COUNT(*) = 0
                FROM (
                    SELECT user_key, COUNT(*) AS cnt
                    FROM prism-486509.gold.dim_users
                    GROUP BY user_key
                    HAVING cnt > 1
                )
            , parameters: None
[2026-02-11T10:40:25.707+0000] {bigquery.py:1596} INFO - Inserting job ***_1770806425706877_b23abba79cb16b2b56c79090e1100113
[2026-02-11T10:40:26.760+0000] {sql.py:788} INFO - Record: [True]
[2026-02-11T10:40:26.762+0000] {sql.py:796} INFO - Success.
[2026-02-11T10:40:26.777+0000] {taskinstance.py:1138} INFO - Marking task as SUCCESS. dag_id=ecommerce_etl_v2, task_id=data_quality.check_dim_users_duplicates, execution_date=20260211T103420, start_date=20260211T104025, end_date=20260211T104026
[2026-02-11T10:40:26.836+0000] {local_task_job_runner.py:234} INFO - Task exited with return code 0
[2026-02-11T10:40:26.856+0000] {taskinstance.py:3280} INFO - 0 downstream tasks scheduled from follow-on schedule check
