[2026-02-11T13:00:14.413+0000] {taskinstance.py:1956} INFO - Dependencies all met for dep_context=non-requeueable deps ti=<TaskInstance: ecommerce_etl_v2.silver_setup.create_silver_users scheduled__2026-02-10T13:00:00+00:00 [queued]>
[2026-02-11T13:00:14.418+0000] {taskinstance.py:1956} INFO - Dependencies all met for dep_context=requeueable deps ti=<TaskInstance: ecommerce_etl_v2.silver_setup.create_silver_users scheduled__2026-02-10T13:00:00+00:00 [queued]>
[2026-02-11T13:00:14.419+0000] {taskinstance.py:2170} INFO - Starting attempt 1 of 3
[2026-02-11T13:00:14.426+0000] {taskinstance.py:2191} INFO - Executing <Task(BigQueryCreateEmptyTableOperator): silver_setup.create_silver_users> on 2026-02-10 13:00:00+00:00
[2026-02-11T13:00:14.430+0000] {standard_task_runner.py:60} INFO - Started process 2854 to run task
[2026-02-11T13:00:14.433+0000] {standard_task_runner.py:87} INFO - Running: ['***', 'tasks', 'run', 'ecommerce_etl_v2', 'silver_setup.create_silver_users', 'scheduled__2026-02-10T13:00:00+00:00', '--job-id', '2218', '--raw', '--subdir', 'DAGS_FOLDER/etl_dag.py', '--cfg-path', '/tmp/tmptg4f232w']
[2026-02-11T13:00:14.435+0000] {standard_task_runner.py:88} INFO - Job 2218: Subtask silver_setup.create_silver_users
[2026-02-11T13:00:14.462+0000] {task_command.py:423} INFO - Running <TaskInstance: ecommerce_etl_v2.silver_setup.create_silver_users scheduled__2026-02-10T13:00:00+00:00 [running]> on host 89ab86e4d295
[2026-02-11T13:00:14.507+0000] {taskinstance.py:2480} INFO - Exporting env vars: AIRFLOW_CTX_DAG_EMAIL='data-team@company.com' AIRFLOW_CTX_DAG_OWNER='data_engineering' AIRFLOW_CTX_DAG_ID='ecommerce_etl_v2' AIRFLOW_CTX_TASK_ID='silver_setup.create_silver_users' AIRFLOW_CTX_EXECUTION_DATE='2026-02-10T13:00:00+00:00' AIRFLOW_CTX_TRY_NUMBER='1' AIRFLOW_CTX_DAG_RUN_ID='scheduled__2026-02-10T13:00:00+00:00'
[2026-02-11T13:00:14.512+0000] {connection.py:234} WARNING - Connection schemes (type: google_cloud_platform) shall not contain '_' according to RFC3986.
[2026-02-11T13:00:14.513+0000] {base.py:83} INFO - Using connection ID 'google_cloud_default' for task execution.
[2026-02-11T13:00:14.513+0000] {bigquery.py:1514} INFO - Creating table
[2026-02-11T13:00:14.514+0000] {credentials_provider.py:353} INFO - Getting connection using `google.auth.default()` since no explicit credentials are provided.
[2026-02-11T13:00:14.563+0000] {connectionpool.py:824} WARNING - Retrying (Retry(total=2, connect=None, read=None, redirect=None, status=None)) after connection broken by 'NewConnectionError('<urllib3.connection.HTTPSConnection object at 0xffff87b1d160>: Failed to establish a new connection: [Errno -2] Name or service not known')': /token
[2026-02-11T13:00:14.566+0000] {connectionpool.py:824} WARNING - Retrying (Retry(total=1, connect=None, read=None, redirect=None, status=None)) after connection broken by 'NewConnectionError('<urllib3.connection.HTTPSConnection object at 0xffff87b1d2e0>: Failed to establish a new connection: [Errno -2] Name or service not known')': /token
[2026-02-11T13:00:14.568+0000] {connectionpool.py:824} WARNING - Retrying (Retry(total=0, connect=None, read=None, redirect=None, status=None)) after connection broken by 'NewConnectionError('<urllib3.connection.HTTPSConnection object at 0xffff87b1d460>: Failed to establish a new connection: [Errno -2] Name or service not known')': /token
[2026-02-11T13:00:14.970+0000] {connectionpool.py:824} WARNING - Retrying (Retry(total=2, connect=None, read=None, redirect=None, status=None)) after connection broken by 'NewConnectionError('<urllib3.connection.HTTPSConnection object at 0xffff87b1dc10>: Failed to establish a new connection: [Errno -2] Name or service not known')': /token
[2026-02-11T13:00:14.976+0000] {connectionpool.py:824} WARNING - Retrying (Retry(total=1, connect=None, read=None, redirect=None, status=None)) after connection broken by 'NewConnectionError('<urllib3.connection.HTTPSConnection object at 0xffff87b1dd90>: Failed to establish a new connection: [Errno -2] Name or service not known')': /token
[2026-02-11T13:00:14.983+0000] {connectionpool.py:824} WARNING - Retrying (Retry(total=0, connect=None, read=None, redirect=None, status=None)) after connection broken by 'NewConnectionError('<urllib3.connection.HTTPSConnection object at 0xffff87b1df10>: Failed to establish a new connection: [Errno -2] Name or service not known')': /token
[2026-02-11T13:00:15.893+0000] {connectionpool.py:824} WARNING - Retrying (Retry(total=2, connect=None, read=None, redirect=None, status=None)) after connection broken by 'NewConnectionError('<urllib3.connection.HTTPSConnection object at 0xffff87b1d730>: Failed to establish a new connection: [Errno -2] Name or service not known')': /token
[2026-02-11T13:00:15.898+0000] {connectionpool.py:824} WARNING - Retrying (Retry(total=1, connect=None, read=None, redirect=None, status=None)) after connection broken by 'NewConnectionError('<urllib3.connection.HTTPSConnection object at 0xffff87b1d3d0>: Failed to establish a new connection: [Errno -2] Name or service not known')': /token
[2026-02-11T13:00:15.904+0000] {connectionpool.py:824} WARNING - Retrying (Retry(total=0, connect=None, read=None, redirect=None, status=None)) after connection broken by 'NewConnectionError('<urllib3.connection.HTTPSConnection object at 0xffff87b1d610>: Failed to establish a new connection: [Errno -2] Name or service not known')': /token
[2026-02-11T13:00:15.944+0000] {connectionpool.py:824} WARNING - Retrying (Retry(total=2, connect=None, read=None, redirect=None, status=None)) after connection broken by 'NewConnectionError('<urllib3.connection.HTTPSConnection object at 0xffff87ab5730>: Failed to establish a new connection: [Errno -2] Name or service not known')': /token
[2026-02-11T13:00:15.948+0000] {connectionpool.py:824} WARNING - Retrying (Retry(total=1, connect=None, read=None, redirect=None, status=None)) after connection broken by 'NewConnectionError('<urllib3.connection.HTTPSConnection object at 0xffff87ab58b0>: Failed to establish a new connection: [Errno -2] Name or service not known')': /token
[2026-02-11T13:00:15.952+0000] {connectionpool.py:824} WARNING - Retrying (Retry(total=0, connect=None, read=None, redirect=None, status=None)) after connection broken by 'NewConnectionError('<urllib3.connection.HTTPSConnection object at 0xffff87ab5a90>: Failed to establish a new connection: [Errno -2] Name or service not known')': /token
[2026-02-11T13:00:19.333+0000] {connectionpool.py:824} WARNING - Retrying (Retry(total=2, connect=None, read=None, redirect=None, status=None)) after connection broken by 'NewConnectionError('<urllib3.connection.HTTPSConnection object at 0xffff87ac2370>: Failed to establish a new connection: [Errno -2] Name or service not known')': /token
[2026-02-11T13:00:19.339+0000] {connectionpool.py:824} WARNING - Retrying (Retry(total=1, connect=None, read=None, redirect=None, status=None)) after connection broken by 'NewConnectionError('<urllib3.connection.HTTPSConnection object at 0xffff87ac24f0>: Failed to establish a new connection: [Errno -2] Name or service not known')': /token
[2026-02-11T13:00:19.343+0000] {connectionpool.py:824} WARNING - Retrying (Retry(total=0, connect=None, read=None, redirect=None, status=None)) after connection broken by 'NewConnectionError('<urllib3.connection.HTTPSConnection object at 0xffff87ac26d0>: Failed to establish a new connection: [Errno -2] Name or service not known')': /token
[2026-02-11T13:00:30.908+0000] {connectionpool.py:824} WARNING - Retrying (Retry(total=2, connect=None, read=None, redirect=None, status=None)) after connection broken by 'NewConnectionError('<urllib3.connection.HTTPSConnection object at 0xffff87b1d670>: Failed to establish a new connection: [Errno -2] Name or service not known')': /token
[2026-02-11T13:00:30.914+0000] {connectionpool.py:824} WARNING - Retrying (Retry(total=1, connect=None, read=None, redirect=None, status=None)) after connection broken by 'NewConnectionError('<urllib3.connection.HTTPSConnection object at 0xffff87b1d280>: Failed to establish a new connection: [Errno -2] Name or service not known')': /token
[2026-02-11T13:00:30.919+0000] {connectionpool.py:824} WARNING - Retrying (Retry(total=0, connect=None, read=None, redirect=None, status=None)) after connection broken by 'NewConnectionError('<urllib3.connection.HTTPSConnection object at 0xffff87b018b0>: Failed to establish a new connection: [Errno -2] Name or service not known')': /token
[2026-02-11T13:00:49.123+0000] {connectionpool.py:824} WARNING - Retrying (Retry(total=2, connect=None, read=None, redirect=None, status=None)) after connection broken by 'NewConnectionError('<urllib3.connection.HTTPSConnection object at 0xffff87ac2f70>: Failed to establish a new connection: [Errno -2] Name or service not known')': /token
[2026-02-11T13:00:49.128+0000] {connectionpool.py:824} WARNING - Retrying (Retry(total=1, connect=None, read=None, redirect=None, status=None)) after connection broken by 'NewConnectionError('<urllib3.connection.HTTPSConnection object at 0xffff87ace130>: Failed to establish a new connection: [Errno -2] Name or service not known')': /token
[2026-02-11T13:00:49.133+0000] {connectionpool.py:824} WARNING - Retrying (Retry(total=0, connect=None, read=None, redirect=None, status=None)) after connection broken by 'NewConnectionError('<urllib3.connection.HTTPSConnection object at 0xffff87ace310>: Failed to establish a new connection: [Errno -2] Name or service not known')': /token
[2026-02-11T13:01:08.768+0000] {connectionpool.py:824} WARNING - Retrying (Retry(total=2, connect=None, read=None, redirect=None, status=None)) after connection broken by 'NewConnectionError('<urllib3.connection.HTTPSConnection object at 0xffff87acebb0>: Failed to establish a new connection: [Errno -2] Name or service not known')': /token
[2026-02-11T13:01:08.773+0000] {connectionpool.py:824} WARNING - Retrying (Retry(total=1, connect=None, read=None, redirect=None, status=None)) after connection broken by 'NewConnectionError('<urllib3.connection.HTTPSConnection object at 0xffff87aced30>: Failed to establish a new connection: [Errno -2] Name or service not known')': /token
[2026-02-11T13:01:08.778+0000] {connectionpool.py:824} WARNING - Retrying (Retry(total=0, connect=None, read=None, redirect=None, status=None)) after connection broken by 'NewConnectionError('<urllib3.connection.HTTPSConnection object at 0xffff87acef10>: Failed to establish a new connection: [Errno -2] Name or service not known')': /token
[2026-02-11T13:01:53.996+0000] {connectionpool.py:824} WARNING - Retrying (Retry(total=2, connect=None, read=None, redirect=None, status=None)) after connection broken by 'NewConnectionError('<urllib3.connection.HTTPSConnection object at 0xffff87b1d580>: Failed to establish a new connection: [Errno -2] Name or service not known')': /token
[2026-02-11T13:01:54.001+0000] {connectionpool.py:824} WARNING - Retrying (Retry(total=1, connect=None, read=None, redirect=None, status=None)) after connection broken by 'NewConnectionError('<urllib3.connection.HTTPSConnection object at 0xffff87b1d340>: Failed to establish a new connection: [Errno -2] Name or service not known')': /token
[2026-02-11T13:01:54.005+0000] {connectionpool.py:824} WARNING - Retrying (Retry(total=0, connect=None, read=None, redirect=None, status=None)) after connection broken by 'NewConnectionError('<urllib3.connection.HTTPSConnection object at 0xffff87b1d190>: Failed to establish a new connection: [Errno -2] Name or service not known')': /token
[2026-02-11T13:02:27.660+0000] {connectionpool.py:824} WARNING - Retrying (Retry(total=2, connect=None, read=None, redirect=None, status=None)) after connection broken by 'NewConnectionError('<urllib3.connection.HTTPSConnection object at 0xffff87adc7f0>: Failed to establish a new connection: [Errno -2] Name or service not known')': /token
[2026-02-11T13:02:27.665+0000] {connectionpool.py:824} WARNING - Retrying (Retry(total=1, connect=None, read=None, redirect=None, status=None)) after connection broken by 'NewConnectionError('<urllib3.connection.HTTPSConnection object at 0xffff87adc970>: Failed to establish a new connection: [Errno -2] Name or service not known')': /token
[2026-02-11T13:02:27.670+0000] {connectionpool.py:824} WARNING - Retrying (Retry(total=0, connect=None, read=None, redirect=None, status=None)) after connection broken by 'NewConnectionError('<urllib3.connection.HTTPSConnection object at 0xffff87adcb50>: Failed to establish a new connection: [Errno -2] Name or service not known')': /token
[2026-02-11T13:03:07.737+0000] {connectionpool.py:824} WARNING - Retrying (Retry(total=2, connect=None, read=None, redirect=None, status=None)) after connection broken by 'NewConnectionError('<urllib3.connection.HTTPSConnection object at 0xffff87aec430>: Failed to establish a new connection: [Errno -2] Name or service not known')': /token
[2026-02-11T13:03:07.742+0000] {connectionpool.py:824} WARNING - Retrying (Retry(total=1, connect=None, read=None, redirect=None, status=None)) after connection broken by 'NewConnectionError('<urllib3.connection.HTTPSConnection object at 0xffff87aec5b0>: Failed to establish a new connection: [Errno -2] Name or service not known')': /token
[2026-02-11T13:03:07.746+0000] {connectionpool.py:824} WARNING - Retrying (Retry(total=0, connect=None, read=None, redirect=None, status=None)) after connection broken by 'NewConnectionError('<urllib3.connection.HTTPSConnection object at 0xffff87b01d30>: Failed to establish a new connection: [Errno -2] Name or service not known')': /token
[2026-02-11T13:03:45.150+0000] {connectionpool.py:824} WARNING - Retrying (Retry(total=2, connect=None, read=None, redirect=None, status=None)) after connection broken by 'NewConnectionError('<urllib3.connection.HTTPSConnection object at 0xffff87b1d3d0>: Failed to establish a new connection: [Errno -2] Name or service not known')': /token
[2026-02-11T13:03:45.154+0000] {connectionpool.py:824} WARNING - Retrying (Retry(total=1, connect=None, read=None, redirect=None, status=None)) after connection broken by 'NewConnectionError('<urllib3.connection.HTTPSConnection object at 0xffff87aec0d0>: Failed to establish a new connection: [Errno -2] Name or service not known')': /token
[2026-02-11T13:03:45.158+0000] {connectionpool.py:824} WARNING - Retrying (Retry(total=0, connect=None, read=None, redirect=None, status=None)) after connection broken by 'NewConnectionError('<urllib3.connection.HTTPSConnection object at 0xffff87aec7c0>: Failed to establish a new connection: [Errno -2] Name or service not known')': /token
[2026-02-11T13:04:10.055+0000] {connectionpool.py:824} WARNING - Retrying (Retry(total=2, connect=None, read=None, redirect=None, status=None)) after connection broken by 'NewConnectionError('<urllib3.connection.HTTPSConnection object at 0xffff87a78070>: Failed to establish a new connection: [Errno -2] Name or service not known')': /token
[2026-02-11T13:04:10.061+0000] {connectionpool.py:824} WARNING - Retrying (Retry(total=1, connect=None, read=None, redirect=None, status=None)) after connection broken by 'NewConnectionError('<urllib3.connection.HTTPSConnection object at 0xffff87a781f0>: Failed to establish a new connection: [Errno -2] Name or service not known')': /token
[2026-02-11T13:04:10.066+0000] {connectionpool.py:824} WARNING - Retrying (Retry(total=0, connect=None, read=None, redirect=None, status=None)) after connection broken by 'NewConnectionError('<urllib3.connection.HTTPSConnection object at 0xffff87a783d0>: Failed to establish a new connection: [Errno -2] Name or service not known')': /token
[2026-02-11T13:04:22.937+0000] {connectionpool.py:824} WARNING - Retrying (Retry(total=2, connect=None, read=None, redirect=None, status=None)) after connection broken by 'NewConnectionError('<urllib3.connection.HTTPSConnection object at 0xffff87a78c70>: Failed to establish a new connection: [Errno -2] Name or service not known')': /token
[2026-02-11T13:04:22.941+0000] {connectionpool.py:824} WARNING - Retrying (Retry(total=1, connect=None, read=None, redirect=None, status=None)) after connection broken by 'NewConnectionError('<urllib3.connection.HTTPSConnection object at 0xffff87aec6a0>: Failed to establish a new connection: [Errno -2] Name or service not known')': /token
[2026-02-11T13:04:22.944+0000] {connectionpool.py:824} WARNING - Retrying (Retry(total=0, connect=None, read=None, redirect=None, status=None)) after connection broken by 'NewConnectionError('<urllib3.connection.HTTPSConnection object at 0xffff87aec970>: Failed to establish a new connection: [Errno -2] Name or service not known')': /token
[2026-02-11T13:04:34.416+0000] {connectionpool.py:824} WARNING - Retrying (Retry(total=2, connect=None, read=None, redirect=None, status=None)) after connection broken by 'NewConnectionError('<urllib3.connection.HTTPSConnection object at 0xffff87b1d460>: Failed to establish a new connection: [Errno -2] Name or service not known')': /token
[2026-02-11T13:04:34.419+0000] {connectionpool.py:824} WARNING - Retrying (Retry(total=1, connect=None, read=None, redirect=None, status=None)) after connection broken by 'NewConnectionError('<urllib3.connection.HTTPSConnection object at 0xffff87a78df0>: Failed to establish a new connection: [Errno -2] Name or service not known')': /token
[2026-02-11T13:04:34.422+0000] {connectionpool.py:824} WARNING - Retrying (Retry(total=0, connect=None, read=None, redirect=None, status=None)) after connection broken by 'NewConnectionError('<urllib3.connection.HTTPSConnection object at 0xffff87a840a0>: Failed to establish a new connection: [Errno -2] Name or service not known')': /token
[2026-02-11T13:05:09.022+0000] {connectionpool.py:824} WARNING - Retrying (Retry(total=2, connect=None, read=None, redirect=None, status=None)) after connection broken by 'NewConnectionError('<urllib3.connection.HTTPSConnection object at 0xffff87a848b0>: Failed to establish a new connection: [Errno -2] Name or service not known')': /token
[2026-02-11T13:05:09.029+0000] {connectionpool.py:824} WARNING - Retrying (Retry(total=1, connect=None, read=None, redirect=None, status=None)) after connection broken by 'NewConnectionError('<urllib3.connection.HTTPSConnection object at 0xffff87a84a30>: Failed to establish a new connection: [Errno -2] Name or service not known')': /token
[2026-02-11T13:05:09.036+0000] {connectionpool.py:824} WARNING - Retrying (Retry(total=0, connect=None, read=None, redirect=None, status=None)) after connection broken by 'NewConnectionError('<urllib3.connection.HTTPSConnection object at 0xffff87a84c10>: Failed to establish a new connection: [Errno -2] Name or service not known')': /token
[2026-02-11T13:05:58.948+0000] {connectionpool.py:824} WARNING - Retrying (Retry(total=2, connect=None, read=None, redirect=None, status=None)) after connection broken by 'SSLError(SSLCertVerificationError(1, '[SSL: CERTIFICATE_VERIFY_FAILED] certificate verify failed: unable to get local issuer certificate (_ssl.c:1131)'))': /token
[2026-02-11T13:05:58.986+0000] {connectionpool.py:824} WARNING - Retrying (Retry(total=1, connect=None, read=None, redirect=None, status=None)) after connection broken by 'SSLError(SSLCertVerificationError(1, '[SSL: CERTIFICATE_VERIFY_FAILED] certificate verify failed: unable to get local issuer certificate (_ssl.c:1131)'))': /token
[2026-02-11T13:05:59.038+0000] {connectionpool.py:824} WARNING - Retrying (Retry(total=0, connect=None, read=None, redirect=None, status=None)) after connection broken by 'SSLError(SSLCertVerificationError(1, '[SSL: CERTIFICATE_VERIFY_FAILED] certificate verify failed: unable to get local issuer certificate (_ssl.c:1131)'))': /token
[2026-02-11T13:06:12.427+0000] {connectionpool.py:824} WARNING - Retrying (Retry(total=2, connect=None, read=None, redirect=None, status=None)) after connection broken by 'SSLError(SSLCertVerificationError(1, '[SSL: CERTIFICATE_VERIFY_FAILED] certificate verify failed: unable to get local issuer certificate (_ssl.c:1131)'))': /token
[2026-02-11T13:06:12.470+0000] {connectionpool.py:824} WARNING - Retrying (Retry(total=1, connect=None, read=None, redirect=None, status=None)) after connection broken by 'SSLError(SSLCertVerificationError(1, '[SSL: CERTIFICATE_VERIFY_FAILED] certificate verify failed: unable to get local issuer certificate (_ssl.c:1131)'))': /token
[2026-02-11T13:06:12.517+0000] {connectionpool.py:824} WARNING - Retrying (Retry(total=0, connect=None, read=None, redirect=None, status=None)) after connection broken by 'SSLError(SSLCertVerificationError(1, '[SSL: CERTIFICATE_VERIFY_FAILED] certificate verify failed: unable to get local issuer certificate (_ssl.c:1131)'))': /token
[2026-02-11T13:06:36.452+0000] {bigquery.py:1536} INFO - Table prism-486509.silver.users created successfully
[2026-02-11T13:06:36.467+0000] {taskinstance.py:1138} INFO - Marking task as SUCCESS. dag_id=ecommerce_etl_v2, task_id=silver_setup.create_silver_users, execution_date=20260210T130000, start_date=20260211T130014, end_date=20260211T130636
[2026-02-11T13:06:36.513+0000] {local_task_job_runner.py:234} INFO - Task exited with return code 0
[2026-02-11T13:06:36.533+0000] {taskinstance.py:3280} INFO - 0 downstream tasks scheduled from follow-on schedule check
