[2026-02-09T02:56:14.740+0000] {taskinstance.py:1956} INFO - Dependencies all met for dep_context=non-requeueable deps ti=<TaskInstance: ecommerce_etl_v2.gold_setup.create_dim_products scheduled__2026-02-08T02:00:00+00:00 [queued]>
[2026-02-09T02:56:14.746+0000] {taskinstance.py:1956} INFO - Dependencies all met for dep_context=requeueable deps ti=<TaskInstance: ecommerce_etl_v2.gold_setup.create_dim_products scheduled__2026-02-08T02:00:00+00:00 [queued]>
[2026-02-09T02:56:14.746+0000] {taskinstance.py:2170} INFO - Starting attempt 1 of 3
[2026-02-09T02:56:14.752+0000] {taskinstance.py:2191} INFO - Executing <Task(BigQueryCreateEmptyTableOperator): gold_setup.create_dim_products> on 2026-02-08 02:00:00+00:00
[2026-02-09T02:56:14.756+0000] {standard_task_runner.py:60} INFO - Started process 12059 to run task
[2026-02-09T02:56:14.758+0000] {standard_task_runner.py:87} INFO - Running: ['***', 'tasks', 'run', 'ecommerce_etl_v2', 'gold_setup.create_dim_products', 'scheduled__2026-02-08T02:00:00+00:00', '--job-id', '1507', '--raw', '--subdir', 'DAGS_FOLDER/etl_dag.py', '--cfg-path', '/tmp/tmpzse29b8s']
[2026-02-09T02:56:14.760+0000] {standard_task_runner.py:88} INFO - Job 1507: Subtask gold_setup.create_dim_products
[2026-02-09T02:56:14.785+0000] {task_command.py:423} INFO - Running <TaskInstance: ecommerce_etl_v2.gold_setup.create_dim_products scheduled__2026-02-08T02:00:00+00:00 [running]> on host 707cd2e8ef6b
[2026-02-09T02:56:14.826+0000] {taskinstance.py:2480} INFO - Exporting env vars: AIRFLOW_CTX_DAG_EMAIL='data-team@company.com' AIRFLOW_CTX_DAG_OWNER='data_engineering' AIRFLOW_CTX_DAG_ID='ecommerce_etl_v2' AIRFLOW_CTX_TASK_ID='gold_setup.create_dim_products' AIRFLOW_CTX_EXECUTION_DATE='2026-02-08T02:00:00+00:00' AIRFLOW_CTX_TRY_NUMBER='1' AIRFLOW_CTX_DAG_RUN_ID='scheduled__2026-02-08T02:00:00+00:00'
[2026-02-09T02:56:14.831+0000] {connection.py:234} WARNING - Connection schemes (type: google_cloud_platform) shall not contain '_' according to RFC3986.
[2026-02-09T02:56:14.833+0000] {base.py:83} INFO - Using connection ID 'google_cloud_default' for task execution.
[2026-02-09T02:56:14.833+0000] {bigquery.py:1514} INFO - Creating table
[2026-02-09T02:56:14.834+0000] {credentials_provider.py:353} INFO - Getting connection using `google.auth.default()` since no explicit credentials are provided.
[2026-02-09T02:56:15.164+0000] {bigquery.py:1536} INFO - Table prism-486509.gold.dim_products created successfully
[2026-02-09T02:56:15.179+0000] {taskinstance.py:1138} INFO - Marking task as SUCCESS. dag_id=ecommerce_etl_v2, task_id=gold_setup.create_dim_products, execution_date=20260208T020000, start_date=20260209T025614, end_date=20260209T025615
[2026-02-09T02:56:15.193+0000] {local_task_job_runner.py:234} INFO - Task exited with return code 0
[2026-02-09T02:56:15.217+0000] {taskinstance.py:3280} INFO - 1 downstream tasks scheduled from follow-on schedule check
[2026-02-09T09:42:41.214+0000] {taskinstance.py:1956} INFO - Dependencies all met for dep_context=non-requeueable deps ti=<TaskInstance: ecommerce_etl_v2.gold_setup.create_dim_products scheduled__2026-02-08T02:00:00+00:00 [queued]>
[2026-02-09T09:42:41.219+0000] {taskinstance.py:1956} INFO - Dependencies all met for dep_context=requeueable deps ti=<TaskInstance: ecommerce_etl_v2.gold_setup.create_dim_products scheduled__2026-02-08T02:00:00+00:00 [queued]>
[2026-02-09T09:42:41.219+0000] {taskinstance.py:2170} INFO - Starting attempt 1 of 3
[2026-02-09T09:42:41.226+0000] {taskinstance.py:2191} INFO - Executing <Task(BigQueryCreateEmptyTableOperator): gold_setup.create_dim_products> on 2026-02-08 02:00:00+00:00
[2026-02-09T09:42:41.229+0000] {standard_task_runner.py:60} INFO - Started process 18780 to run task
[2026-02-09T09:42:41.232+0000] {standard_task_runner.py:87} INFO - Running: ['***', 'tasks', 'run', 'ecommerce_etl_v2', 'gold_setup.create_dim_products', 'scheduled__2026-02-08T02:00:00+00:00', '--job-id', '1613', '--raw', '--subdir', 'DAGS_FOLDER/etl_dag.py', '--cfg-path', '/tmp/tmp3bpraw9o']
[2026-02-09T09:42:41.234+0000] {standard_task_runner.py:88} INFO - Job 1613: Subtask gold_setup.create_dim_products
[2026-02-09T09:42:41.262+0000] {task_command.py:423} INFO - Running <TaskInstance: ecommerce_etl_v2.gold_setup.create_dim_products scheduled__2026-02-08T02:00:00+00:00 [running]> on host 707cd2e8ef6b
[2026-02-09T09:42:41.309+0000] {taskinstance.py:2480} INFO - Exporting env vars: AIRFLOW_CTX_DAG_EMAIL='data-team@company.com' AIRFLOW_CTX_DAG_OWNER='data_engineering' AIRFLOW_CTX_DAG_ID='ecommerce_etl_v2' AIRFLOW_CTX_TASK_ID='gold_setup.create_dim_products' AIRFLOW_CTX_EXECUTION_DATE='2026-02-08T02:00:00+00:00' AIRFLOW_CTX_TRY_NUMBER='1' AIRFLOW_CTX_DAG_RUN_ID='scheduled__2026-02-08T02:00:00+00:00'
[2026-02-09T09:42:41.315+0000] {connection.py:234} WARNING - Connection schemes (type: google_cloud_platform) shall not contain '_' according to RFC3986.
[2026-02-09T09:42:41.315+0000] {base.py:83} INFO - Using connection ID 'google_cloud_default' for task execution.
[2026-02-09T09:42:41.315+0000] {bigquery.py:1514} INFO - Creating table
[2026-02-09T09:42:41.316+0000] {credentials_provider.py:353} INFO - Getting connection using `google.auth.default()` since no explicit credentials are provided.
[2026-02-09T09:42:41.762+0000] {bigquery.py:1536} INFO - Table prism-486509.gold.dim_products created successfully
[2026-02-09T09:42:41.772+0000] {taskinstance.py:1138} INFO - Marking task as SUCCESS. dag_id=ecommerce_etl_v2, task_id=gold_setup.create_dim_products, execution_date=20260208T020000, start_date=20260209T094241, end_date=20260209T094241
[2026-02-09T09:42:41.786+0000] {local_task_job_runner.py:234} INFO - Task exited with return code 0
[2026-02-09T09:42:41.806+0000] {taskinstance.py:3280} INFO - 9 downstream tasks scheduled from follow-on schedule check
[2026-02-09T10:03:25.719+0000] {taskinstance.py:1956} INFO - Dependencies all met for dep_context=non-requeueable deps ti=<TaskInstance: ecommerce_etl_v2.gold_setup.create_dim_products scheduled__2026-02-08T02:00:00+00:00 [queued]>
[2026-02-09T10:03:25.724+0000] {taskinstance.py:1956} INFO - Dependencies all met for dep_context=requeueable deps ti=<TaskInstance: ecommerce_etl_v2.gold_setup.create_dim_products scheduled__2026-02-08T02:00:00+00:00 [queued]>
[2026-02-09T10:03:25.725+0000] {taskinstance.py:2170} INFO - Starting attempt 1 of 3
[2026-02-09T10:03:25.732+0000] {taskinstance.py:2191} INFO - Executing <Task(BigQueryCreateEmptyTableOperator): gold_setup.create_dim_products> on 2026-02-08 02:00:00+00:00
[2026-02-09T10:03:25.736+0000] {standard_task_runner.py:60} INFO - Started process 23094 to run task
[2026-02-09T10:03:25.738+0000] {standard_task_runner.py:87} INFO - Running: ['***', 'tasks', 'run', 'ecommerce_etl_v2', 'gold_setup.create_dim_products', 'scheduled__2026-02-08T02:00:00+00:00', '--job-id', '1716', '--raw', '--subdir', 'DAGS_FOLDER/etl_dag.py', '--cfg-path', '/tmp/tmprlm0ifn8']
[2026-02-09T10:03:25.739+0000] {standard_task_runner.py:88} INFO - Job 1716: Subtask gold_setup.create_dim_products
[2026-02-09T10:03:25.764+0000] {task_command.py:423} INFO - Running <TaskInstance: ecommerce_etl_v2.gold_setup.create_dim_products scheduled__2026-02-08T02:00:00+00:00 [running]> on host 707cd2e8ef6b
[2026-02-09T10:03:25.802+0000] {taskinstance.py:2480} INFO - Exporting env vars: AIRFLOW_CTX_DAG_EMAIL='data-team@company.com' AIRFLOW_CTX_DAG_OWNER='data_engineering' AIRFLOW_CTX_DAG_ID='ecommerce_etl_v2' AIRFLOW_CTX_TASK_ID='gold_setup.create_dim_products' AIRFLOW_CTX_EXECUTION_DATE='2026-02-08T02:00:00+00:00' AIRFLOW_CTX_TRY_NUMBER='1' AIRFLOW_CTX_DAG_RUN_ID='scheduled__2026-02-08T02:00:00+00:00'
[2026-02-09T10:03:25.806+0000] {connection.py:234} WARNING - Connection schemes (type: google_cloud_platform) shall not contain '_' according to RFC3986.
[2026-02-09T10:03:25.807+0000] {base.py:83} INFO - Using connection ID 'google_cloud_default' for task execution.
[2026-02-09T10:03:25.807+0000] {bigquery.py:1514} INFO - Creating table
[2026-02-09T10:03:25.807+0000] {credentials_provider.py:353} INFO - Getting connection using `google.auth.default()` since no explicit credentials are provided.
[2026-02-09T10:03:26.287+0000] {bigquery.py:1536} INFO - Table prism-486509.gold.dim_products created successfully
[2026-02-09T10:03:26.301+0000] {taskinstance.py:1138} INFO - Marking task as SUCCESS. dag_id=ecommerce_etl_v2, task_id=gold_setup.create_dim_products, execution_date=20260208T020000, start_date=20260209T100325, end_date=20260209T100326
[2026-02-09T10:03:26.326+0000] {local_task_job_runner.py:234} INFO - Task exited with return code 0
[2026-02-09T10:03:26.347+0000] {taskinstance.py:3280} INFO - 0 downstream tasks scheduled from follow-on schedule check
