[2026-02-11T01:05:54.862+0000] {taskinstance.py:1956} INFO - Dependencies all met for dep_context=non-requeueable deps ti=<TaskInstance: ecommerce_etl_v2.check_orders_loaded manual__2026-02-11T01:02:00.198908+00:00 [queued]>
[2026-02-11T01:05:54.866+0000] {taskinstance.py:1956} INFO - Dependencies all met for dep_context=requeueable deps ti=<TaskInstance: ecommerce_etl_v2.check_orders_loaded manual__2026-02-11T01:02:00.198908+00:00 [queued]>
[2026-02-11T01:05:54.866+0000] {taskinstance.py:2170} INFO - Starting attempt 1 of 3
[2026-02-11T01:05:54.872+0000] {taskinstance.py:2191} INFO - Executing <Task(BigQueryCheckOperator): check_orders_loaded> on 2026-02-11 01:02:00.198908+00:00
[2026-02-11T01:05:54.876+0000] {standard_task_runner.py:60} INFO - Started process 79315 to run task
[2026-02-11T01:05:54.878+0000] {standard_task_runner.py:87} INFO - Running: ['***', 'tasks', 'run', 'ecommerce_etl_v2', 'check_orders_loaded', 'manual__2026-02-11T01:02:00.198908+00:00', '--job-id', '2077', '--raw', '--subdir', 'DAGS_FOLDER/etl_dag.py', '--cfg-path', '/tmp/tmpbf3ytk0c']
[2026-02-11T01:05:54.880+0000] {standard_task_runner.py:88} INFO - Job 2077: Subtask check_orders_loaded
[2026-02-11T01:05:54.903+0000] {task_command.py:423} INFO - Running <TaskInstance: ecommerce_etl_v2.check_orders_loaded manual__2026-02-11T01:02:00.198908+00:00 [running]> on host 89ab86e4d295
[2026-02-11T01:05:54.942+0000] {taskinstance.py:2480} INFO - Exporting env vars: AIRFLOW_CTX_DAG_EMAIL='data-team@company.com' AIRFLOW_CTX_DAG_OWNER='data_engineering' AIRFLOW_CTX_DAG_ID='ecommerce_etl_v2' AIRFLOW_CTX_TASK_ID='check_orders_loaded' AIRFLOW_CTX_EXECUTION_DATE='2026-02-11T01:02:00.198908+00:00' AIRFLOW_CTX_TRY_NUMBER='1' AIRFLOW_CTX_DAG_RUN_ID='manual__2026-02-11T01:02:00.198908+00:00'
[2026-02-11T01:05:54.943+0000] {sql.py:785} INFO - Executing SQL check: SELECT COUNT(*) > 0 FROM prism-486509.bronze.orders WHERE ingestion_date = DATE('2026-02-11')
[2026-02-11T01:05:54.947+0000] {connection.py:234} WARNING - Connection schemes (type: google_cloud_platform) shall not contain '_' according to RFC3986.
[2026-02-11T01:05:54.947+0000] {base.py:83} INFO - Using connection ID 'google_cloud_default' for task execution.
[2026-02-11T01:05:54.948+0000] {credentials_provider.py:353} INFO - Getting connection using `google.auth.default()` since no explicit credentials are provided.
[2026-02-11T01:05:54.989+0000] {sql.py:450} INFO - Running statement: SELECT COUNT(*) > 0 FROM prism-486509.bronze.orders WHERE ingestion_date = DATE('2026-02-11'), parameters: None
[2026-02-11T01:05:54.990+0000] {bigquery.py:1596} INFO - Inserting job ***_1770771954990238_63d5d6171e872ee1e421fa809ca3a59b
[2026-02-11T01:05:55.951+0000] {sql.py:788} INFO - Record: [True]
[2026-02-11T01:05:55.952+0000] {sql.py:796} INFO - Success.
[2026-02-11T01:05:55.956+0000] {taskinstance.py:1138} INFO - Marking task as SUCCESS. dag_id=ecommerce_etl_v2, task_id=check_orders_loaded, execution_date=20260211T010200, start_date=20260211T010554, end_date=20260211T010555
[2026-02-11T01:05:56.005+0000] {local_task_job_runner.py:234} INFO - Task exited with return code 0
[2026-02-11T01:05:56.026+0000] {taskinstance.py:3280} INFO - 1 downstream tasks scheduled from follow-on schedule check
