[2026-02-09T09:32:19.426+0000] {taskinstance.py:1956} INFO - Dependencies all met for dep_context=non-requeueable deps ti=<TaskInstance: ecommerce_etl_v2.gold_layer.load_dim_page manual__2026-02-09T09:26:48.203100+00:00 [queued]>
[2026-02-09T09:32:19.433+0000] {taskinstance.py:1956} INFO - Dependencies all met for dep_context=requeueable deps ti=<TaskInstance: ecommerce_etl_v2.gold_layer.load_dim_page manual__2026-02-09T09:26:48.203100+00:00 [queued]>
[2026-02-09T09:32:19.433+0000] {taskinstance.py:2170} INFO - Starting attempt 3 of 5
[2026-02-09T09:32:19.445+0000] {taskinstance.py:2191} INFO - Executing <Task(BigQueryInsertJobOperator): gold_layer.load_dim_page> on 2026-02-09 09:26:48.203100+00:00
[2026-02-09T09:32:19.450+0000] {standard_task_runner.py:60} INFO - Started process 17347 to run task
[2026-02-09T09:32:19.456+0000] {standard_task_runner.py:87} INFO - Running: ['***', 'tasks', 'run', 'ecommerce_etl_v2', 'gold_layer.load_dim_page', 'manual__2026-02-09T09:26:48.203100+00:00', '--job-id', '1585', '--raw', '--subdir', 'DAGS_FOLDER/etl_dag.py', '--cfg-path', '/tmp/tmp49pwsph9']
[2026-02-09T09:32:19.458+0000] {standard_task_runner.py:88} INFO - Job 1585: Subtask gold_layer.load_dim_page
[2026-02-09T09:32:19.493+0000] {task_command.py:423} INFO - Running <TaskInstance: ecommerce_etl_v2.gold_layer.load_dim_page manual__2026-02-09T09:26:48.203100+00:00 [running]> on host 707cd2e8ef6b
[2026-02-09T09:32:19.555+0000] {taskinstance.py:2480} INFO - Exporting env vars: AIRFLOW_CTX_DAG_EMAIL='data-team@company.com' AIRFLOW_CTX_DAG_OWNER='data_engineering' AIRFLOW_CTX_DAG_ID='ecommerce_etl_v2' AIRFLOW_CTX_TASK_ID='gold_layer.load_dim_page' AIRFLOW_CTX_EXECUTION_DATE='2026-02-09T09:26:48.203100+00:00' AIRFLOW_CTX_TRY_NUMBER='3' AIRFLOW_CTX_DAG_RUN_ID='manual__2026-02-09T09:26:48.203100+00:00'
[2026-02-09T09:32:19.563+0000] {connection.py:234} WARNING - Connection schemes (type: google_cloud_platform) shall not contain '_' according to RFC3986.
[2026-02-09T09:32:19.563+0000] {base.py:83} INFO - Using connection ID 'google_cloud_default' for task execution.
[2026-02-09T09:32:19.565+0000] {credentials_provider.py:353} INFO - Getting connection using `google.auth.default()` since no explicit credentials are provided.
[2026-02-09T09:32:19.619+0000] {bigquery.py:2807} INFO - Executing: {'query': {'query': 'SELECT\n    GENERATE_UUID() AS page_key,   -- surrogate key as UUID\n    uri AS page_uri,\n    CURRENT_TIMESTAMP() AS created_at\nFROM (\n    SELECT DISTINCT uri\n    FROM bronze.events\n);', 'useLegacySql': False, 'queryParameters': [{'name': 'run_date', 'parameterType': {'type': 'DATE'}, 'parameterValue': {'value': '2026-02-09'}}]}}'
[2026-02-09T09:32:19.620+0000] {bigquery.py:1596} INFO - Inserting job ***_ecommerce_etl_v2_gold_layer_load_dim_page_2026_02_09T09_26_48_203100_00_00_d05d3ddfa8b2293d9a781d8baf35c4d1
[2026-02-09T09:32:19.985+0000] {taskinstance.py:2698} ERROR - Task failed with exception
Traceback (most recent call last):
  File "/home/airflow/.local/lib/python3.8/site-packages/airflow/models/taskinstance.py", line 433, in _execute_task
    result = execute_callable(context=context, **execute_callable_kwargs)
  File "/home/airflow/.local/lib/python3.8/site-packages/airflow/providers/google/cloud/operators/bigquery.py", line 2864, in execute
    job.result(timeout=self.result_timeout, retry=self.result_retry)
  File "/home/airflow/.local/lib/python3.8/site-packages/google/cloud/bigquery/job/query.py", line 1595, in result
    do_get_result()
  File "/home/airflow/.local/lib/python3.8/site-packages/google/cloud/bigquery/job/query.py", line 1584, in do_get_result
    super(QueryJob, self).result(retry=retry, timeout=timeout)
  File "/home/airflow/.local/lib/python3.8/site-packages/google/cloud/bigquery/job/base.py", line 971, in result
    return super(_AsyncJob, self).result(timeout=timeout, **kwargs)
  File "/home/airflow/.local/lib/python3.8/site-packages/google/api_core/future/polling.py", line 261, in result
    raise self._exception
google.api_core.exceptions.BadRequest: 400 Unrecognized name: uri at [6:21]; reason: invalidQuery, location: query, message: Unrecognized name: uri at [6:21]

Location: europe-west1
Job ID: airflow_ecommerce_etl_v2_gold_layer_load_dim_page_2026_02_09T09_26_48_203100_00_00_d05d3ddfa8b2293d9a781d8baf35c4d1

[2026-02-09T09:32:19.990+0000] {taskinstance.py:1138} INFO - Marking task as UP_FOR_RETRY. dag_id=ecommerce_etl_v2, task_id=gold_layer.load_dim_page, execution_date=20260209T092648, start_date=20260209T093219, end_date=20260209T093219
[2026-02-09T09:32:19.996+0000] {standard_task_runner.py:107} ERROR - Failed to execute job 1585 for task gold_layer.load_dim_page (400 Unrecognized name: uri at [6:21]; reason: invalidQuery, location: query, message: Unrecognized name: uri at [6:21]

Location: europe-west1
Job ID: airflow_ecommerce_etl_v2_gold_layer_load_dim_page_2026_02_09T09_26_48_203100_00_00_d05d3ddfa8b2293d9a781d8baf35c4d1
; 17347)
[2026-02-09T09:32:20.008+0000] {local_task_job_runner.py:234} INFO - Task exited with return code 1
[2026-02-09T09:32:20.025+0000] {taskinstance.py:3280} INFO - 0 downstream tasks scheduled from follow-on schedule check
