[2026-02-09T02:37:32.973+0000] {taskinstance.py:1956} INFO - Dependencies all met for dep_context=non-requeueable deps ti=<TaskInstance: ecommerce_etl_v2.silver_layer.transform_order_items scheduled__2026-02-08T02:00:00+00:00 [queued]>
[2026-02-09T02:37:32.979+0000] {taskinstance.py:1956} INFO - Dependencies all met for dep_context=requeueable deps ti=<TaskInstance: ecommerce_etl_v2.silver_layer.transform_order_items scheduled__2026-02-08T02:00:00+00:00 [queued]>
[2026-02-09T02:37:32.980+0000] {taskinstance.py:2170} INFO - Starting attempt 2 of 4
[2026-02-09T02:37:32.989+0000] {taskinstance.py:2191} INFO - Executing <Task(BigQueryInsertJobOperator): silver_layer.transform_order_items> on 2026-02-08 02:00:00+00:00
[2026-02-09T02:37:32.992+0000] {standard_task_runner.py:60} INFO - Started process 8868 to run task
[2026-02-09T02:37:33.000+0000] {standard_task_runner.py:87} INFO - Running: ['***', 'tasks', 'run', 'ecommerce_etl_v2', 'silver_layer.transform_order_items', 'scheduled__2026-02-08T02:00:00+00:00', '--job-id', '1437', '--raw', '--subdir', 'DAGS_FOLDER/etl_dag.py', '--cfg-path', '/tmp/tmpdob20o0j']
[2026-02-09T02:37:33.002+0000] {standard_task_runner.py:88} INFO - Job 1437: Subtask silver_layer.transform_order_items
[2026-02-09T02:37:33.041+0000] {task_command.py:423} INFO - Running <TaskInstance: ecommerce_etl_v2.silver_layer.transform_order_items scheduled__2026-02-08T02:00:00+00:00 [running]> on host 707cd2e8ef6b
[2026-02-09T02:37:33.096+0000] {taskinstance.py:2480} INFO - Exporting env vars: AIRFLOW_CTX_DAG_EMAIL='data-team@company.com' AIRFLOW_CTX_DAG_OWNER='data_engineering' AIRFLOW_CTX_DAG_ID='ecommerce_etl_v2' AIRFLOW_CTX_TASK_ID='silver_layer.transform_order_items' AIRFLOW_CTX_EXECUTION_DATE='2026-02-08T02:00:00+00:00' AIRFLOW_CTX_TRY_NUMBER='2' AIRFLOW_CTX_DAG_RUN_ID='scheduled__2026-02-08T02:00:00+00:00'
[2026-02-09T02:37:33.102+0000] {connection.py:234} WARNING - Connection schemes (type: google_cloud_platform) shall not contain '_' according to RFC3986.
[2026-02-09T02:37:33.102+0000] {base.py:83} INFO - Using connection ID 'google_cloud_default' for task execution.
[2026-02-09T02:37:33.103+0000] {credentials_provider.py:353} INFO - Getting connection using `google.auth.default()` since no explicit credentials are provided.
[2026-02-09T02:37:33.150+0000] {bigquery.py:2807} INFO - Executing: {'query': {'query': '\nWITH deduplicated_order_items AS (\n  -- Step 1: Ensure uniqueness by item ID\n  SELECT\n    *,\n    ROW_NUMBER() OVER (PARTITION BY id ORDER BY created_at DESC) as row_num\n  FROM\n    `bronze.order_items`\n)\nSELECT\n  -- Step 2: Identifiers & Renaming\n  id AS order_item_id,\n  order_id,\n  user_id,\n  product_id,\n  inventory_item_id,\n\n  -- Step 3: Financial Standardization\n  CAST(sale_price AS NUMERIC) AS item_sale_price,\n\n  -- Step 4: Status Cleaning\n  INITCAP(status) AS order_status, -- Ensures "Shipped" instead of "shipped"\n\n  -- Step 5: Timestamps\n  created_at AS order_created_at,\n  shipped_at,\n  delivered_at,\n  returned_at,\n\n  -- Step 6: Logical Flags for Easier Reporting\n  CASE \n    WHEN status = \'Complete\' THEN TRUE \n    ELSE FALSE \n  END AS is_fully_completed,\n\n  CASE \n    WHEN returned_at IS NOT NULL THEN TRUE \n    ELSE FALSE \n  END AS was_returned\n\nFROM\n  deduplicated_order_items\nWHERE\n  row_num = 1\nORDER BY \n  order_created_at DESC;\n\n', 'useLegacySql': False, 'destinationTable': {'projectId': 'prism-486509', 'datasetId': 'silver', 'tableId': 'order_items', 'writeDisposition': 'WRITE_TRUNCATE', 'createDisposition': 'CREATE_IF_NEEDED'}, 'queryParameters': [{'name': 'run_date', 'parameterType': {'type': 'DATE'}, 'parameterValue': {'value': '2026-02-08'}}]}}'
[2026-02-09T02:37:33.152+0000] {bigquery.py:1596} INFO - Inserting job ***_ecommerce_etl_v2_silver_layer_transform_order_items_2026_02_08T02_00_00_00_00_5c22c7c0fd6bf9b4cc25fe9e4dcf6ba0
[2026-02-09T02:37:33.558+0000] {taskinstance.py:2698} ERROR - Task failed with exception
Traceback (most recent call last):
  File "/home/airflow/.local/lib/python3.8/site-packages/airflow/models/taskinstance.py", line 433, in _execute_task
    result = execute_callable(context=context, **execute_callable_kwargs)
  File "/home/airflow/.local/lib/python3.8/site-packages/airflow/providers/google/cloud/operators/bigquery.py", line 2864, in execute
    job.result(timeout=self.result_timeout, retry=self.result_retry)
  File "/home/airflow/.local/lib/python3.8/site-packages/google/cloud/bigquery/job/query.py", line 1595, in result
    do_get_result()
  File "/home/airflow/.local/lib/python3.8/site-packages/google/cloud/bigquery/job/query.py", line 1584, in do_get_result
    super(QueryJob, self).result(retry=retry, timeout=timeout)
  File "/home/airflow/.local/lib/python3.8/site-packages/google/cloud/bigquery/job/base.py", line 971, in result
    return super(_AsyncJob, self).result(timeout=timeout, **kwargs)
  File "/home/airflow/.local/lib/python3.8/site-packages/google/api_core/future/polling.py", line 261, in result
    raise self._exception
google.api_core.exceptions.NotFound: 404 Not found: Table prism-486509:bronze.order_items was not found in location europe-west1; reason: notFound, message: Not found: Table prism-486509:bronze.order_items was not found in location europe-west1

Location: europe-west1
Job ID: airflow_ecommerce_etl_v2_silver_layer_transform_order_items_2026_02_08T02_00_00_00_00_5c22c7c0fd6bf9b4cc25fe9e4dcf6ba0

[2026-02-09T02:37:33.563+0000] {taskinstance.py:1138} INFO - Marking task as UP_FOR_RETRY. dag_id=ecommerce_etl_v2, task_id=silver_layer.transform_order_items, execution_date=20260208T020000, start_date=20260209T023732, end_date=20260209T023733
[2026-02-09T02:37:33.568+0000] {standard_task_runner.py:107} ERROR - Failed to execute job 1437 for task silver_layer.transform_order_items (404 Not found: Table prism-486509:bronze.order_items was not found in location europe-west1; reason: notFound, message: Not found: Table prism-486509:bronze.order_items was not found in location europe-west1

Location: europe-west1
Job ID: airflow_ecommerce_etl_v2_silver_layer_transform_order_items_2026_02_08T02_00_00_00_00_5c22c7c0fd6bf9b4cc25fe9e4dcf6ba0
; 8868)
[2026-02-09T02:37:33.585+0000] {local_task_job_runner.py:234} INFO - Task exited with return code 1
[2026-02-09T02:37:33.596+0000] {taskinstance.py:3280} INFO - 0 downstream tasks scheduled from follow-on schedule check
[2026-02-09T09:47:42.340+0000] {taskinstance.py:1956} INFO - Dependencies all met for dep_context=non-requeueable deps ti=<TaskInstance: ecommerce_etl_v2.silver_layer.transform_order_items scheduled__2026-02-08T02:00:00+00:00 [queued]>
[2026-02-09T09:47:42.345+0000] {taskinstance.py:1956} INFO - Dependencies all met for dep_context=requeueable deps ti=<TaskInstance: ecommerce_etl_v2.silver_layer.transform_order_items scheduled__2026-02-08T02:00:00+00:00 [queued]>
[2026-02-09T09:47:42.346+0000] {taskinstance.py:2170} INFO - Starting attempt 2 of 3
[2026-02-09T09:47:42.354+0000] {taskinstance.py:2191} INFO - Executing <Task(BigQueryInsertJobOperator): silver_layer.transform_order_items> on 2026-02-08 02:00:00+00:00
[2026-02-09T09:47:42.358+0000] {standard_task_runner.py:60} INFO - Started process 19796 to run task
[2026-02-09T09:47:42.360+0000] {standard_task_runner.py:87} INFO - Running: ['***', 'tasks', 'run', 'ecommerce_etl_v2', 'silver_layer.transform_order_items', 'scheduled__2026-02-08T02:00:00+00:00', '--job-id', '1635', '--raw', '--subdir', 'DAGS_FOLDER/etl_dag.py', '--cfg-path', '/tmp/tmpfsahfxu4']
[2026-02-09T09:47:42.363+0000] {standard_task_runner.py:88} INFO - Job 1635: Subtask silver_layer.transform_order_items
[2026-02-09T09:47:42.397+0000] {task_command.py:423} INFO - Running <TaskInstance: ecommerce_etl_v2.silver_layer.transform_order_items scheduled__2026-02-08T02:00:00+00:00 [running]> on host 707cd2e8ef6b
[2026-02-09T09:47:42.443+0000] {taskinstance.py:2480} INFO - Exporting env vars: AIRFLOW_CTX_DAG_EMAIL='data-team@company.com' AIRFLOW_CTX_DAG_OWNER='data_engineering' AIRFLOW_CTX_DAG_ID='ecommerce_etl_v2' AIRFLOW_CTX_TASK_ID='silver_layer.transform_order_items' AIRFLOW_CTX_EXECUTION_DATE='2026-02-08T02:00:00+00:00' AIRFLOW_CTX_TRY_NUMBER='2' AIRFLOW_CTX_DAG_RUN_ID='scheduled__2026-02-08T02:00:00+00:00'
[2026-02-09T09:47:42.449+0000] {connection.py:234} WARNING - Connection schemes (type: google_cloud_platform) shall not contain '_' according to RFC3986.
[2026-02-09T09:47:42.450+0000] {base.py:83} INFO - Using connection ID 'google_cloud_default' for task execution.
[2026-02-09T09:47:42.450+0000] {credentials_provider.py:353} INFO - Getting connection using `google.auth.default()` since no explicit credentials are provided.
[2026-02-09T09:47:42.492+0000] {bigquery.py:2807} INFO - Executing: {'query': {'query': '\nWITH deduplicated_order_items AS (\n  -- Step 1: Ensure uniqueness by item ID\n  SELECT\n    *,\n    ROW_NUMBER() OVER (PARTITION BY id ORDER BY created_at DESC) as row_num\n  FROM\n    `bronze.order_items`\n)\nSELECT\n  -- Step 2: Identifiers & Renaming\n  id AS order_item_id,\n  order_id,\n  user_id,\n  product_id,\n  inventory_item_id,\n\n  -- Step 3: Financial Standardization\n  CAST(sale_price AS NUMERIC) AS item_sale_price,\n\n  -- Step 4: Status Cleaning\n  INITCAP(status) AS order_status, -- Ensures "Shipped" instead of "shipped"\n\n  -- Step 5: Timestamps\n  created_at AS order_created_at,\n  shipped_at,\n  delivered_at,\n  returned_at,\n\n  -- Step 6: Logical Flags for Easier Reporting\n  CASE \n    WHEN status = \'Complete\' THEN TRUE \n    ELSE FALSE \n  END AS is_fully_completed,\n\n  CASE \n    WHEN returned_at IS NOT NULL THEN TRUE \n    ELSE FALSE \n  END AS was_returned\n\nFROM\n  deduplicated_order_items\nWHERE\n  row_num = 1\nORDER BY \n  order_created_at DESC;\n\n', 'useLegacySql': False, 'destinationTable': {'projectId': 'prism-486509', 'datasetId': 'silver', 'tableId': 'order_items', 'writeDisposition': 'WRITE_TRUNCATE', 'createDisposition': 'CREATE_IF_NEEDED'}, 'queryParameters': [{'name': 'run_date', 'parameterType': {'type': 'DATE'}, 'parameterValue': {'value': '2026-02-08'}}]}}'
[2026-02-09T09:47:42.493+0000] {bigquery.py:1596} INFO - Inserting job ***_ecommerce_etl_v2_silver_layer_transform_order_items_2026_02_08T02_00_00_00_00_d4aa230951c1080ae6899312e86aaef6
[2026-02-09T09:47:42.888+0000] {taskinstance.py:2698} ERROR - Task failed with exception
Traceback (most recent call last):
  File "/home/airflow/.local/lib/python3.8/site-packages/airflow/models/taskinstance.py", line 433, in _execute_task
    result = execute_callable(context=context, **execute_callable_kwargs)
  File "/home/airflow/.local/lib/python3.8/site-packages/airflow/providers/google/cloud/operators/bigquery.py", line 2864, in execute
    job.result(timeout=self.result_timeout, retry=self.result_retry)
  File "/home/airflow/.local/lib/python3.8/site-packages/google/cloud/bigquery/job/query.py", line 1595, in result
    do_get_result()
  File "/home/airflow/.local/lib/python3.8/site-packages/google/cloud/bigquery/job/query.py", line 1584, in do_get_result
    super(QueryJob, self).result(retry=retry, timeout=timeout)
  File "/home/airflow/.local/lib/python3.8/site-packages/google/cloud/bigquery/job/base.py", line 971, in result
    return super(_AsyncJob, self).result(timeout=timeout, **kwargs)
  File "/home/airflow/.local/lib/python3.8/site-packages/google/api_core/future/polling.py", line 261, in result
    raise self._exception
google.api_core.exceptions.NotFound: 404 Not found: Dataset prism-486509:silver was not found in location europe-west1; reason: notFound, message: Not found: Dataset prism-486509:silver was not found in location europe-west1

Location: europe-west1
Job ID: airflow_ecommerce_etl_v2_silver_layer_transform_order_items_2026_02_08T02_00_00_00_00_d4aa230951c1080ae6899312e86aaef6

[2026-02-09T09:47:42.893+0000] {taskinstance.py:1138} INFO - Marking task as UP_FOR_RETRY. dag_id=ecommerce_etl_v2, task_id=silver_layer.transform_order_items, execution_date=20260208T020000, start_date=20260209T094742, end_date=20260209T094742
[2026-02-09T09:47:42.898+0000] {standard_task_runner.py:107} ERROR - Failed to execute job 1635 for task silver_layer.transform_order_items (404 Not found: Dataset prism-486509:silver was not found in location europe-west1; reason: notFound, message: Not found: Dataset prism-486509:silver was not found in location europe-west1

Location: europe-west1
Job ID: airflow_ecommerce_etl_v2_silver_layer_transform_order_items_2026_02_08T02_00_00_00_00_d4aa230951c1080ae6899312e86aaef6
; 19796)
[2026-02-09T09:47:42.910+0000] {local_task_job_runner.py:234} INFO - Task exited with return code 1
[2026-02-09T09:47:42.922+0000] {taskinstance.py:3280} INFO - 0 downstream tasks scheduled from follow-on schedule check
[2026-02-09T10:08:25.541+0000] {taskinstance.py:1956} INFO - Dependencies all met for dep_context=non-requeueable deps ti=<TaskInstance: ecommerce_etl_v2.silver_layer.transform_order_items scheduled__2026-02-08T02:00:00+00:00 [queued]>
[2026-02-09T10:08:25.546+0000] {taskinstance.py:1956} INFO - Dependencies all met for dep_context=requeueable deps ti=<TaskInstance: ecommerce_etl_v2.silver_layer.transform_order_items scheduled__2026-02-08T02:00:00+00:00 [queued]>
[2026-02-09T10:08:25.547+0000] {taskinstance.py:2170} INFO - Starting attempt 2 of 3
[2026-02-09T10:08:25.553+0000] {taskinstance.py:2191} INFO - Executing <Task(BigQueryInsertJobOperator): silver_layer.transform_order_items> on 2026-02-08 02:00:00+00:00
[2026-02-09T10:08:25.556+0000] {standard_task_runner.py:60} INFO - Started process 24162 to run task
[2026-02-09T10:08:25.559+0000] {standard_task_runner.py:87} INFO - Running: ['***', 'tasks', 'run', 'ecommerce_etl_v2', 'silver_layer.transform_order_items', 'scheduled__2026-02-08T02:00:00+00:00', '--job-id', '1741', '--raw', '--subdir', 'DAGS_FOLDER/etl_dag.py', '--cfg-path', '/tmp/tmpfwm_1pj3']
[2026-02-09T10:08:25.560+0000] {standard_task_runner.py:88} INFO - Job 1741: Subtask silver_layer.transform_order_items
[2026-02-09T10:08:25.586+0000] {task_command.py:423} INFO - Running <TaskInstance: ecommerce_etl_v2.silver_layer.transform_order_items scheduled__2026-02-08T02:00:00+00:00 [running]> on host 707cd2e8ef6b
[2026-02-09T10:08:25.624+0000] {taskinstance.py:2480} INFO - Exporting env vars: AIRFLOW_CTX_DAG_EMAIL='data-team@company.com' AIRFLOW_CTX_DAG_OWNER='data_engineering' AIRFLOW_CTX_DAG_ID='ecommerce_etl_v2' AIRFLOW_CTX_TASK_ID='silver_layer.transform_order_items' AIRFLOW_CTX_EXECUTION_DATE='2026-02-08T02:00:00+00:00' AIRFLOW_CTX_TRY_NUMBER='2' AIRFLOW_CTX_DAG_RUN_ID='scheduled__2026-02-08T02:00:00+00:00'
[2026-02-09T10:08:25.628+0000] {connection.py:234} WARNING - Connection schemes (type: google_cloud_platform) shall not contain '_' according to RFC3986.
[2026-02-09T10:08:25.628+0000] {base.py:83} INFO - Using connection ID 'google_cloud_default' for task execution.
[2026-02-09T10:08:25.629+0000] {credentials_provider.py:353} INFO - Getting connection using `google.auth.default()` since no explicit credentials are provided.
[2026-02-09T10:08:25.669+0000] {bigquery.py:2807} INFO - Executing: {'query': {'query': '\nWITH deduplicated_order_items AS (\n  -- Step 1: Ensure uniqueness by item ID\n  SELECT\n    *,\n    ROW_NUMBER() OVER (PARTITION BY id ORDER BY created_at DESC) as row_num\n  FROM\n    `bronze.order_items`\n)\nSELECT\n  -- Step 2: Identifiers & Renaming\n  id AS order_item_id,\n  order_id,\n  user_id,\n  product_id,\n  inventory_item_id,\n\n  -- Step 3: Financial Standardization\n  CAST(sale_price AS NUMERIC) AS item_sale_price,\n\n  -- Step 4: Status Cleaning\n  INITCAP(status) AS order_status, -- Ensures "Shipped" instead of "shipped"\n\n  -- Step 5: Timestamps\n  created_at AS order_created_at,\n  shipped_at,\n  delivered_at,\n  returned_at,\n\n  -- Step 6: Logical Flags for Easier Reporting\n  CASE \n    WHEN status = \'Complete\' THEN TRUE \n    ELSE FALSE \n  END AS is_fully_completed,\n\n  CASE \n    WHEN returned_at IS NOT NULL THEN TRUE \n    ELSE FALSE \n  END AS was_returned\n\nFROM\n  deduplicated_order_items\nWHERE\n  row_num = 1\nORDER BY \n  order_created_at DESC;\n\n', 'useLegacySql': False, 'destinationTable': {'projectId': 'prism-486509', 'datasetId': 'silver', 'tableId': 'order_items', 'writeDisposition': 'WRITE_TRUNCATE', 'createDisposition': 'CREATE_IF_NEEDED'}, 'queryParameters': [{'name': 'run_date', 'parameterType': {'type': 'DATE'}, 'parameterValue': {'value': '2026-02-08'}}]}}'
[2026-02-09T10:08:25.670+0000] {bigquery.py:1596} INFO - Inserting job ***_ecommerce_etl_v2_silver_layer_transform_order_items_2026_02_08T02_00_00_00_00_f1988d6873eeffc356de469e2db8d306
[2026-02-09T10:08:26.174+0000] {taskinstance.py:2698} ERROR - Task failed with exception
Traceback (most recent call last):
  File "/home/airflow/.local/lib/python3.8/site-packages/airflow/models/taskinstance.py", line 433, in _execute_task
    result = execute_callable(context=context, **execute_callable_kwargs)
  File "/home/airflow/.local/lib/python3.8/site-packages/airflow/providers/google/cloud/operators/bigquery.py", line 2864, in execute
    job.result(timeout=self.result_timeout, retry=self.result_retry)
  File "/home/airflow/.local/lib/python3.8/site-packages/google/cloud/bigquery/job/query.py", line 1595, in result
    do_get_result()
  File "/home/airflow/.local/lib/python3.8/site-packages/google/cloud/bigquery/job/query.py", line 1584, in do_get_result
    super(QueryJob, self).result(retry=retry, timeout=timeout)
  File "/home/airflow/.local/lib/python3.8/site-packages/google/cloud/bigquery/job/base.py", line 971, in result
    return super(_AsyncJob, self).result(timeout=timeout, **kwargs)
  File "/home/airflow/.local/lib/python3.8/site-packages/google/api_core/future/polling.py", line 261, in result
    raise self._exception
google.api_core.exceptions.Conflict: 409 Already Exists: Table prism-486509:silver.order_items; reason: duplicate, message: Already Exists: Table prism-486509:silver.order_items

Location: europe-west1
Job ID: airflow_ecommerce_etl_v2_silver_layer_transform_order_items_2026_02_08T02_00_00_00_00_f1988d6873eeffc356de469e2db8d306

[2026-02-09T10:08:26.178+0000] {taskinstance.py:1138} INFO - Marking task as UP_FOR_RETRY. dag_id=ecommerce_etl_v2, task_id=silver_layer.transform_order_items, execution_date=20260208T020000, start_date=20260209T100825, end_date=20260209T100826
[2026-02-09T10:08:26.183+0000] {standard_task_runner.py:107} ERROR - Failed to execute job 1741 for task silver_layer.transform_order_items (409 Already Exists: Table prism-486509:silver.order_items; reason: duplicate, message: Already Exists: Table prism-486509:silver.order_items

Location: europe-west1
Job ID: airflow_ecommerce_etl_v2_silver_layer_transform_order_items_2026_02_08T02_00_00_00_00_f1988d6873eeffc356de469e2db8d306
; 24162)
[2026-02-09T10:08:26.190+0000] {local_task_job_runner.py:234} INFO - Task exited with return code 1
[2026-02-09T10:08:26.208+0000] {taskinstance.py:3280} INFO - 0 downstream tasks scheduled from follow-on schedule check
