[2026-02-08T23:37:55.814+0000] {taskinstance.py:1956} INFO - Dependencies all met for dep_context=non-requeueable deps ti=<TaskInstance: ecommerce_etl_v2.silver_layer.transform_order_items manual__2026-02-08T23:37:51.120161+00:00 [queued]>
[2026-02-08T23:37:55.820+0000] {taskinstance.py:1956} INFO - Dependencies all met for dep_context=requeueable deps ti=<TaskInstance: ecommerce_etl_v2.silver_layer.transform_order_items manual__2026-02-08T23:37:51.120161+00:00 [queued]>
[2026-02-08T23:37:55.820+0000] {taskinstance.py:2170} INFO - Starting attempt 1 of 3
[2026-02-08T23:37:55.828+0000] {taskinstance.py:2191} INFO - Executing <Task(BigQueryInsertJobOperator): silver_layer.transform_order_items> on 2026-02-08 23:37:51.120161+00:00
[2026-02-08T23:37:55.832+0000] {standard_task_runner.py:60} INFO - Started process 29270 to run task
[2026-02-08T23:37:55.835+0000] {standard_task_runner.py:87} INFO - Running: ['***', 'tasks', 'run', 'ecommerce_etl_v2', 'silver_layer.transform_order_items', 'manual__2026-02-08T23:37:51.120161+00:00', '--job-id', '1069', '--raw', '--subdir', 'DAGS_FOLDER/etl_dag.py', '--cfg-path', '/tmp/tmpp2t1s4fy']
[2026-02-08T23:37:55.837+0000] {standard_task_runner.py:88} INFO - Job 1069: Subtask silver_layer.transform_order_items
[2026-02-08T23:37:55.869+0000] {task_command.py:423} INFO - Running <TaskInstance: ecommerce_etl_v2.silver_layer.transform_order_items manual__2026-02-08T23:37:51.120161+00:00 [running]> on host 52b3fbe2fc57
[2026-02-08T23:37:55.917+0000] {taskinstance.py:2480} INFO - Exporting env vars: AIRFLOW_CTX_DAG_EMAIL='data-team@company.com' AIRFLOW_CTX_DAG_OWNER='data_engineering' AIRFLOW_CTX_DAG_ID='ecommerce_etl_v2' AIRFLOW_CTX_TASK_ID='silver_layer.transform_order_items' AIRFLOW_CTX_EXECUTION_DATE='2026-02-08T23:37:51.120161+00:00' AIRFLOW_CTX_TRY_NUMBER='1' AIRFLOW_CTX_DAG_RUN_ID='manual__2026-02-08T23:37:51.120161+00:00'
[2026-02-08T23:37:55.922+0000] {connection.py:234} WARNING - Connection schemes (type: google_cloud_platform) shall not contain '_' according to RFC3986.
[2026-02-08T23:37:55.923+0000] {base.py:83} INFO - Using connection ID 'google_cloud_default' for task execution.
[2026-02-08T23:37:55.923+0000] {credentials_provider.py:353} INFO - Getting connection using `google.auth.default()` since no explicit credentials are provided.
[2026-02-08T23:37:55.965+0000] {bigquery.py:2807} INFO - Executing: {'query': {'query': '\nWITH deduplicated_order_items AS (\n  -- Step 1: Ensure uniqueness by item ID\n  SELECT\n    *,\n    ROW_NUMBER() OVER (PARTITION BY id ORDER BY created_at DESC) as row_num\n  FROM\n    `bronze.order_items`\n)\nSELECT\n  -- Step 2: Identifiers & Renaming\n  id AS order_item_id,\n  order_id,\n  user_id,\n  product_id,\n  inventory_item_id,\n\n  -- Step 3: Financial Standardization\n  CAST(sale_price AS NUMERIC) AS item_sale_price,\n\n  -- Step 4: Status Cleaning\n  INITCAP(status) AS order_status, -- Ensures "Shipped" instead of "shipped"\n\n  -- Step 5: Timestamps\n  created_at AS order_created_at,\n  shipped_at,\n  delivered_at,\n  returned_at,\n\n  -- Step 6: Logical Flags for Easier Reporting\n  CASE \n    WHEN status = \'Complete\' THEN TRUE \n    ELSE FALSE \n  END AS is_fully_completed,\n\n  CASE \n    WHEN returned_at IS NOT NULL THEN TRUE \n    ELSE FALSE \n  END AS was_returned\n\nFROM\n  deduplicated_order_items\nWHERE\n  row_num = 1\nORDER BY \n  order_created_at DESC;\n\n', 'useLegacySql': False, 'destinationTable': {'projectId': 'prism-486509', 'datasetId': 'silver', 'tableId': 'order_items', 'writeDisposition': 'WRITE_TRUNCATE', 'createDisposition': 'CREATE_IF_NEEDED'}, 'queryParameters': [{'name': 'run_date', 'parameterType': {'type': 'DATE'}, 'parameterValue': {'value': '2026-02-08'}}]}}'
[2026-02-08T23:37:55.966+0000] {bigquery.py:1596} INFO - Inserting job ***_ecommerce_etl_v2_silver_layer_transform_order_items_2026_02_08T23_37_51_120161_00_00_abb17e89a2c4dd23da55a5abe78bacb3
[2026-02-08T23:37:56.464+0000] {taskinstance.py:2698} ERROR - Task failed with exception
Traceback (most recent call last):
  File "/home/airflow/.local/lib/python3.8/site-packages/airflow/models/taskinstance.py", line 433, in _execute_task
    result = execute_callable(context=context, **execute_callable_kwargs)
  File "/home/airflow/.local/lib/python3.8/site-packages/airflow/providers/google/cloud/operators/bigquery.py", line 2864, in execute
    job.result(timeout=self.result_timeout, retry=self.result_retry)
  File "/home/airflow/.local/lib/python3.8/site-packages/google/cloud/bigquery/job/query.py", line 1595, in result
    do_get_result()
  File "/home/airflow/.local/lib/python3.8/site-packages/google/cloud/bigquery/job/query.py", line 1584, in do_get_result
    super(QueryJob, self).result(retry=retry, timeout=timeout)
  File "/home/airflow/.local/lib/python3.8/site-packages/google/cloud/bigquery/job/base.py", line 971, in result
    return super(_AsyncJob, self).result(timeout=timeout, **kwargs)
  File "/home/airflow/.local/lib/python3.8/site-packages/google/api_core/future/polling.py", line 261, in result
    raise self._exception
google.api_core.exceptions.Conflict: 409 Already Exists: Table prism-486509:silver.order_items; reason: duplicate, message: Already Exists: Table prism-486509:silver.order_items

Location: europe-west1
Job ID: airflow_ecommerce_etl_v2_silver_layer_transform_order_items_2026_02_08T23_37_51_120161_00_00_abb17e89a2c4dd23da55a5abe78bacb3

[2026-02-08T23:37:56.468+0000] {taskinstance.py:1138} INFO - Marking task as UP_FOR_RETRY. dag_id=ecommerce_etl_v2, task_id=silver_layer.transform_order_items, execution_date=20260208T233751, start_date=20260208T233755, end_date=20260208T233756
[2026-02-08T23:37:56.473+0000] {standard_task_runner.py:107} ERROR - Failed to execute job 1069 for task silver_layer.transform_order_items (409 Already Exists: Table prism-486509:silver.order_items; reason: duplicate, message: Already Exists: Table prism-486509:silver.order_items

Location: europe-west1
Job ID: airflow_ecommerce_etl_v2_silver_layer_transform_order_items_2026_02_08T23_37_51_120161_00_00_abb17e89a2c4dd23da55a5abe78bacb3
; 29270)
[2026-02-08T23:37:56.514+0000] {local_task_job_runner.py:234} INFO - Task exited with return code 1
[2026-02-08T23:37:56.524+0000] {taskinstance.py:3280} INFO - 0 downstream tasks scheduled from follow-on schedule check
