[2026-02-09T00:00:35.234+0000] {taskinstance.py:1956} INFO - Dependencies all met for dep_context=non-requeueable deps ti=<TaskInstance: ecommerce_etl_v2.silver_layer.transform_order_items manual__2026-02-08T23:37:51.120161+00:00 [queued]>
[2026-02-09T00:00:35.241+0000] {taskinstance.py:1956} INFO - Dependencies all met for dep_context=requeueable deps ti=<TaskInstance: ecommerce_etl_v2.silver_layer.transform_order_items manual__2026-02-08T23:37:51.120161+00:00 [queued]>
[2026-02-09T00:00:35.241+0000] {taskinstance.py:2170} INFO - Starting attempt 6 of 6
[2026-02-09T00:00:35.248+0000] {taskinstance.py:2191} INFO - Executing <Task(BigQueryInsertJobOperator): silver_layer.transform_order_items> on 2026-02-08 23:37:51.120161+00:00
[2026-02-09T00:00:35.253+0000] {standard_task_runner.py:60} INFO - Started process 32933 to run task
[2026-02-09T00:00:35.256+0000] {standard_task_runner.py:87} INFO - Running: ['***', 'tasks', 'run', 'ecommerce_etl_v2', 'silver_layer.transform_order_items', 'manual__2026-02-08T23:37:51.120161+00:00', '--job-id', '1144', '--raw', '--subdir', 'DAGS_FOLDER/etl_dag.py', '--cfg-path', '/tmp/tmpppytm8nv']
[2026-02-09T00:00:35.257+0000] {standard_task_runner.py:88} INFO - Job 1144: Subtask silver_layer.transform_order_items
[2026-02-09T00:00:35.285+0000] {task_command.py:423} INFO - Running <TaskInstance: ecommerce_etl_v2.silver_layer.transform_order_items manual__2026-02-08T23:37:51.120161+00:00 [running]> on host 52b3fbe2fc57
[2026-02-09T00:00:35.330+0000] {taskinstance.py:2480} INFO - Exporting env vars: AIRFLOW_CTX_DAG_EMAIL='data-team@company.com' AIRFLOW_CTX_DAG_OWNER='data_engineering' AIRFLOW_CTX_DAG_ID='ecommerce_etl_v2' AIRFLOW_CTX_TASK_ID='silver_layer.transform_order_items' AIRFLOW_CTX_EXECUTION_DATE='2026-02-08T23:37:51.120161+00:00' AIRFLOW_CTX_TRY_NUMBER='6' AIRFLOW_CTX_DAG_RUN_ID='manual__2026-02-08T23:37:51.120161+00:00'
[2026-02-09T00:00:35.340+0000] {connection.py:234} WARNING - Connection schemes (type: google_cloud_platform) shall not contain '_' according to RFC3986.
[2026-02-09T00:00:35.341+0000] {base.py:83} INFO - Using connection ID 'google_cloud_default' for task execution.
[2026-02-09T00:00:35.341+0000] {credentials_provider.py:353} INFO - Getting connection using `google.auth.default()` since no explicit credentials are provided.
[2026-02-09T00:00:35.383+0000] {bigquery.py:2807} INFO - Executing: {'query': {'query': '\nWITH deduplicated_order_items AS (\n  -- Step 1: Ensure uniqueness by item ID\n  SELECT\n    *,\n    ROW_NUMBER() OVER (PARTITION BY id ORDER BY created_at DESC) as row_num\n  FROM\n    `bronze.order_items`\n)\nSELECT\n  -- Step 2: Identifiers & Renaming\n  id AS order_item_id,\n  order_id,\n  user_id,\n  product_id,\n  inventory_item_id,\n\n  -- Step 3: Financial Standardization\n  CAST(sale_price AS NUMERIC) AS item_sale_price,\n\n  -- Step 4: Status Cleaning\n  INITCAP(status) AS order_status, -- Ensures "Shipped" instead of "shipped"\n\n  -- Step 5: Timestamps\n  created_at AS order_created_at,\n  shipped_at,\n  delivered_at,\n  returned_at,\n\n  -- Step 6: Logical Flags for Easier Reporting\n  CASE \n    WHEN status = \'Complete\' THEN TRUE \n    ELSE FALSE \n  END AS is_fully_completed,\n\n  CASE \n    WHEN returned_at IS NOT NULL THEN TRUE \n    ELSE FALSE \n  END AS was_returned\n\nFROM\n  deduplicated_order_items\nWHERE\n  row_num = 1\nORDER BY \n  order_created_at DESC;\n\n', 'useLegacySql': False, 'destinationTable': {'projectId': 'prism-486509', 'datasetId': 'silver', 'tableId': 'order_items', 'writeDisposition': 'WRITE_TRUNCATE', 'createDisposition': 'CREATE_IF_NEEDED'}, 'queryParameters': [{'name': 'run_date', 'parameterType': {'type': 'DATE'}, 'parameterValue': {'value': '2026-02-08'}}]}}'
[2026-02-09T00:00:35.384+0000] {bigquery.py:1596} INFO - Inserting job ***_ecommerce_etl_v2_silver_layer_transform_order_items_2026_02_08T23_37_51_120161_00_00_3fb3f51d288f7bf56df2d230be209246
[2026-02-09T00:00:35.915+0000] {taskinstance.py:2698} ERROR - Task failed with exception
Traceback (most recent call last):
  File "/home/airflow/.local/lib/python3.8/site-packages/airflow/models/taskinstance.py", line 433, in _execute_task
    result = execute_callable(context=context, **execute_callable_kwargs)
  File "/home/airflow/.local/lib/python3.8/site-packages/airflow/providers/google/cloud/operators/bigquery.py", line 2864, in execute
    job.result(timeout=self.result_timeout, retry=self.result_retry)
  File "/home/airflow/.local/lib/python3.8/site-packages/google/cloud/bigquery/job/query.py", line 1595, in result
    do_get_result()
  File "/home/airflow/.local/lib/python3.8/site-packages/google/cloud/bigquery/job/query.py", line 1584, in do_get_result
    super(QueryJob, self).result(retry=retry, timeout=timeout)
  File "/home/airflow/.local/lib/python3.8/site-packages/google/cloud/bigquery/job/base.py", line 971, in result
    return super(_AsyncJob, self).result(timeout=timeout, **kwargs)
  File "/home/airflow/.local/lib/python3.8/site-packages/google/api_core/future/polling.py", line 261, in result
    raise self._exception
google.api_core.exceptions.Conflict: 409 Already Exists: Table prism-486509:silver.order_items; reason: duplicate, message: Already Exists: Table prism-486509:silver.order_items

Location: europe-west1
Job ID: airflow_ecommerce_etl_v2_silver_layer_transform_order_items_2026_02_08T23_37_51_120161_00_00_3fb3f51d288f7bf56df2d230be209246

[2026-02-09T00:00:35.919+0000] {taskinstance.py:1138} INFO - Marking task as FAILED. dag_id=ecommerce_etl_v2, task_id=silver_layer.transform_order_items, execution_date=20260208T233751, start_date=20260209T000035, end_date=20260209T000035
[2026-02-09T00:00:35.928+0000] {logging_mixin.py:188} WARNING - /home/***/.local/lib/python3.8/site-packages/***/utils/email.py:154 RemovedInAirflow3Warning: Fetching SMTP credentials from configuration variables will be deprecated in a future release. Please set credentials using a connection instead.
[2026-02-09T00:00:35.929+0000] {configuration.py:1046} WARNING - section/key [smtp/smtp_user] not found in config
[2026-02-09T00:00:35.930+0000] {email.py:270} INFO - Email alerting: attempt 1
[2026-02-09T00:00:35.935+0000] {configuration.py:1046} WARNING - section/key [smtp/smtp_user] not found in config
[2026-02-09T00:00:35.936+0000] {email.py:270} INFO - Email alerting: attempt 1
[2026-02-09T00:00:35.936+0000] {taskinstance.py:826} ERROR - Failed to send email to: ['data-team@company.com']
Traceback (most recent call last):
  File "/home/airflow/.local/lib/python3.8/site-packages/airflow/models/taskinstance.py", line 2334, in _run_raw_task
    self._execute_task_with_callbacks(context, test_mode, session=session)
  File "/home/airflow/.local/lib/python3.8/site-packages/airflow/models/taskinstance.py", line 2499, in _execute_task_with_callbacks
    result = self._execute_task(context, task_orig)
  File "/home/airflow/.local/lib/python3.8/site-packages/airflow/models/taskinstance.py", line 2516, in _execute_task
    return _execute_task(self, context, task_orig)
  File "/home/airflow/.local/lib/python3.8/site-packages/airflow/models/taskinstance.py", line 433, in _execute_task
    result = execute_callable(context=context, **execute_callable_kwargs)
  File "/home/airflow/.local/lib/python3.8/site-packages/airflow/providers/google/cloud/operators/bigquery.py", line 2864, in execute
    job.result(timeout=self.result_timeout, retry=self.result_retry)
  File "/home/airflow/.local/lib/python3.8/site-packages/google/cloud/bigquery/job/query.py", line 1595, in result
    do_get_result()
  File "/home/airflow/.local/lib/python3.8/site-packages/google/cloud/bigquery/job/query.py", line 1584, in do_get_result
    super(QueryJob, self).result(retry=retry, timeout=timeout)
  File "/home/airflow/.local/lib/python3.8/site-packages/google/cloud/bigquery/job/base.py", line 971, in result
    return super(_AsyncJob, self).result(timeout=timeout, **kwargs)
  File "/home/airflow/.local/lib/python3.8/site-packages/google/api_core/future/polling.py", line 261, in result
    raise self._exception
google.api_core.exceptions.Conflict: 409 Already Exists: Table prism-486509:silver.order_items; reason: duplicate, message: Already Exists: Table prism-486509:silver.order_items

Location: europe-west1
Job ID: airflow_ecommerce_etl_v2_silver_layer_transform_order_items_2026_02_08T23_37_51_120161_00_00_3fb3f51d288f7bf56df2d230be209246


During handling of the above exception, another exception occurred:

Traceback (most recent call last):
  File "/home/airflow/.local/lib/python3.8/site-packages/airflow/models/taskinstance.py", line 1000, in _email_alert
    send_email(task.email, subject, html_content)
  File "/home/airflow/.local/lib/python3.8/site-packages/airflow/utils/email.py", line 80, in send_email
    return backend(
  File "/home/airflow/.local/lib/python3.8/site-packages/airflow/utils/email.py", line 154, in send_email_smtp
    send_mime_email(e_from=mail_from, e_to=recipients, mime_msg=msg, conn_id=conn_id, dryrun=dryrun)
  File "/home/airflow/.local/lib/python3.8/site-packages/airflow/utils/email.py", line 272, in send_mime_email
    smtp_conn = _get_smtp_connection(smtp_host, smtp_port, smtp_timeout, smtp_ssl)
  File "/home/airflow/.local/lib/python3.8/site-packages/airflow/utils/email.py", line 316, in _get_smtp_connection
    return smtplib.SMTP(host=host, port=port, timeout=timeout)
  File "/usr/local/lib/python3.8/smtplib.py", line 255, in __init__
    (code, msg) = self.connect(host, port)
  File "/usr/local/lib/python3.8/smtplib.py", line 339, in connect
    self.sock = self._get_socket(host, port, self.timeout)
  File "/usr/local/lib/python3.8/smtplib.py", line 310, in _get_socket
    return socket.create_connection((host, port), timeout,
  File "/usr/local/lib/python3.8/socket.py", line 808, in create_connection
    raise err
  File "/usr/local/lib/python3.8/socket.py", line 796, in create_connection
    sock.connect(sa)
ConnectionRefusedError: [Errno 111] Connection refused

During handling of the above exception, another exception occurred:

Traceback (most recent call last):
  File "/home/airflow/.local/lib/python3.8/site-packages/airflow/models/taskinstance.py", line 824, in _handle_failure
    task_instance.email_alert(error, failure_context["task"])
  File "/home/airflow/.local/lib/python3.8/site-packages/airflow/models/taskinstance.py", line 2946, in email_alert
    _email_alert(task_instance=self, exception=exception, task=task)
  File "/home/airflow/.local/lib/python3.8/site-packages/airflow/models/taskinstance.py", line 1002, in _email_alert
    send_email(task.email, subject, html_content_err)
  File "/home/airflow/.local/lib/python3.8/site-packages/airflow/utils/email.py", line 80, in send_email
    return backend(
  File "/home/airflow/.local/lib/python3.8/site-packages/airflow/utils/email.py", line 154, in send_email_smtp
    send_mime_email(e_from=mail_from, e_to=recipients, mime_msg=msg, conn_id=conn_id, dryrun=dryrun)
  File "/home/airflow/.local/lib/python3.8/site-packages/airflow/utils/email.py", line 272, in send_mime_email
    smtp_conn = _get_smtp_connection(smtp_host, smtp_port, smtp_timeout, smtp_ssl)
  File "/home/airflow/.local/lib/python3.8/site-packages/airflow/utils/email.py", line 316, in _get_smtp_connection
    return smtplib.SMTP(host=host, port=port, timeout=timeout)
  File "/usr/local/lib/python3.8/smtplib.py", line 255, in __init__
    (code, msg) = self.connect(host, port)
  File "/usr/local/lib/python3.8/smtplib.py", line 339, in connect
    self.sock = self._get_socket(host, port, self.timeout)
  File "/usr/local/lib/python3.8/smtplib.py", line 310, in _get_socket
    return socket.create_connection((host, port), timeout,
  File "/usr/local/lib/python3.8/socket.py", line 808, in create_connection
    raise err
  File "/usr/local/lib/python3.8/socket.py", line 796, in create_connection
    sock.connect(sa)
ConnectionRefusedError: [Errno 111] Connection refused
[2026-02-09T00:00:35.943+0000] {standard_task_runner.py:107} ERROR - Failed to execute job 1144 for task silver_layer.transform_order_items (409 Already Exists: Table prism-486509:silver.order_items; reason: duplicate, message: Already Exists: Table prism-486509:silver.order_items

Location: europe-west1
Job ID: airflow_ecommerce_etl_v2_silver_layer_transform_order_items_2026_02_08T23_37_51_120161_00_00_3fb3f51d288f7bf56df2d230be209246
; 32933)
[2026-02-09T00:00:35.978+0000] {local_task_job_runner.py:234} INFO - Task exited with return code 1
[2026-02-09T00:00:35.988+0000] {taskinstance.py:3280} INFO - 0 downstream tasks scheduled from follow-on schedule check
