[2026-02-09T23:34:23.471+0000] {taskinstance.py:1956} INFO - Dependencies all met for dep_context=non-requeueable deps ti=<TaskInstance: ecommerce_etl_v2.gold_layer.load_fact_order_items manual__2026-02-09T22:32:20.587070+00:00 [queued]>
[2026-02-09T23:34:23.476+0000] {taskinstance.py:1956} INFO - Dependencies all met for dep_context=requeueable deps ti=<TaskInstance: ecommerce_etl_v2.gold_layer.load_fact_order_items manual__2026-02-09T22:32:20.587070+00:00 [queued]>
[2026-02-09T23:34:23.477+0000] {taskinstance.py:2170} INFO - Starting attempt 10 of 12
[2026-02-09T23:34:23.482+0000] {taskinstance.py:2191} INFO - Executing <Task(BigQueryInsertJobOperator): gold_layer.load_fact_order_items> on 2026-02-09 22:32:20.587070+00:00
[2026-02-09T23:34:23.486+0000] {standard_task_runner.py:60} INFO - Started process 17354 to run task
[2026-02-09T23:34:23.488+0000] {standard_task_runner.py:87} INFO - Running: ['***', 'tasks', 'run', 'ecommerce_etl_v2', 'gold_layer.load_fact_order_items', 'manual__2026-02-09T22:32:20.587070+00:00', '--job-id', '689', '--raw', '--subdir', 'DAGS_FOLDER/etl_dag.py', '--cfg-path', '/tmp/tmp9i_mptq1']
[2026-02-09T23:34:23.489+0000] {standard_task_runner.py:88} INFO - Job 689: Subtask gold_layer.load_fact_order_items
[2026-02-09T23:34:23.510+0000] {task_command.py:423} INFO - Running <TaskInstance: ecommerce_etl_v2.gold_layer.load_fact_order_items manual__2026-02-09T22:32:20.587070+00:00 [running]> on host 8e292c18926b
[2026-02-09T23:34:23.543+0000] {taskinstance.py:2480} INFO - Exporting env vars: AIRFLOW_CTX_DAG_EMAIL='data-team@company.com' AIRFLOW_CTX_DAG_OWNER='data_engineering' AIRFLOW_CTX_DAG_ID='ecommerce_etl_v2' AIRFLOW_CTX_TASK_ID='gold_layer.load_fact_order_items' AIRFLOW_CTX_EXECUTION_DATE='2026-02-09T22:32:20.587070+00:00' AIRFLOW_CTX_TRY_NUMBER='10' AIRFLOW_CTX_DAG_RUN_ID='manual__2026-02-09T22:32:20.587070+00:00'
[2026-02-09T23:34:23.547+0000] {connection.py:234} WARNING - Connection schemes (type: google_cloud_platform) shall not contain '_' according to RFC3986.
[2026-02-09T23:34:23.547+0000] {base.py:83} INFO - Using connection ID 'google_cloud_default' for task execution.
[2026-02-09T23:34:23.547+0000] {credentials_provider.py:353} INFO - Getting connection using `google.auth.default()` since no explicit credentials are provided.
[2026-02-09T23:34:23.585+0000] {bigquery.py:2807} INFO - Executing: {'query': {'query': 'SELECT\n  -- Surrogate Primary Key for fact_order_items\n  GENERATE_UUID() AS order_item_key,\n\n  -- Foreign Keys from Dimension Tables\n  o.order_key,\n  u.user_key,\n  p.product_key,\n  os.order_status_key,\n  dd_created.date_key AS order_date_key,\n  dd_shipped.date_key AS shipped_date_key,\n  dd_delivered.date_key AS delivered_date_key,\n  dd_returned.date_key AS returned_date_key,\n\n  -- Fact Measures from silver.order_items\n  oi.quantity,\n  oi.product_cost,\n  oi.product_retail_price,\n  oi.revenue,\n  oi.margin,\n  oi.is_fully_completed,\n  oi.was_returned\n\nFROM\n  `prism-486509.silver.order_items` AS oi\n\n-- Join with dim_orders to get order_key\nLEFT JOIN\n  `prism-486509.gold.fact_orders` AS o\n  ON CAST(oi.order_id AS STRING) = CAST(o.order_id AS STRING)  -- natural key\n\n-- Join with dim_users to get user_key\nLEFT JOIN `prism-486509.gold.dim_users` AS u\n  ON CAST(oi.user_id AS STRING) = CAST(u.user_id AS STRING)\n\n-- Join with dim_products to get product_key\nLEFT JOIN `prism-486509.gold.dim_products` AS p\n  ON CAST(oi.product_id AS STRING) = p.product_id\n\n-- Join with dim_order_status to get order_status_key\nLEFT JOIN\n  `prism-486509.gold.dim_order_status` AS os\n  ON oi.status = os.order_status  -- corrected column\n\n-- Join with dim_date for order_date_key\nLEFT JOIN\n  `prism-486509.gold.dim_date` AS dd_created\n  ON DATE(oi.created_at) = dd_created.date\n\n-- Join with dim_date for shipped_date_key\nLEFT JOIN\n  `prism-486509.gold.dim_date` AS dd_shipped\n  ON DATE(oi.shipped_at) = dd_shipped.date\n\n-- Join with dim_date for delivered_date_key\nLEFT JOIN\n  `prism-486509.gold.dim_date` AS dd_delivered\n  ON DATE(oi.delivered_at) = dd_delivered.date\n\n-- Join with dim_date for returned_date_key\nLEFT JOIN\n  `prism-486509.gold.dim_date` AS dd_returned\n  ON DATE(oi.returned_at) = dd_returned.date;', 'useLegacySql': False, 'destinationTable': {'projectId': 'prism-486509', 'datasetId': 'gold', 'tableId': 'fact_order_items'}, 'writeDisposition': 'WRITE_TRUNCATE'}}'
[2026-02-09T23:34:23.586+0000] {bigquery.py:1596} INFO - Inserting job ***_ecommerce_etl_v2_gold_layer_load_fact_order_items_2026_02_09T22_32_20_587070_00_00_8f8b3982c249f8c571f537a12702a639
[2026-02-09T23:34:24.161+0000] {taskinstance.py:2698} ERROR - Task failed with exception
Traceback (most recent call last):
  File "/home/airflow/.local/lib/python3.8/site-packages/airflow/models/taskinstance.py", line 433, in _execute_task
    result = execute_callable(context=context, **execute_callable_kwargs)
  File "/home/airflow/.local/lib/python3.8/site-packages/airflow/providers/google/cloud/operators/bigquery.py", line 2864, in execute
    job.result(timeout=self.result_timeout, retry=self.result_retry)
  File "/home/airflow/.local/lib/python3.8/site-packages/google/cloud/bigquery/job/query.py", line 1595, in result
    do_get_result()
  File "/home/airflow/.local/lib/python3.8/site-packages/google/cloud/bigquery/job/query.py", line 1584, in do_get_result
    super(QueryJob, self).result(retry=retry, timeout=timeout)
  File "/home/airflow/.local/lib/python3.8/site-packages/google/cloud/bigquery/job/base.py", line 971, in result
    return super(_AsyncJob, self).result(timeout=timeout, **kwargs)
  File "/home/airflow/.local/lib/python3.8/site-packages/google/api_core/future/polling.py", line 261, in result
    raise self._exception
google.api_core.exceptions.BadRequest: 400 No matching signature for operator = for argument types: STRING, INT64
  Signature: T1 = T1
    Unable to find common supertype for templated argument <T1>
      Input types for <T1>: {INT64, STRING} at [38:6]; reason: invalidQuery, location: query, message: No matching signature for operator = for argument types: STRING, INT64
  Signature: T1 = T1
    Unable to find common supertype for templated argument <T1>
      Input types for <T1>: {INT64, STRING} at [38:6]

Location: europe-west1
Job ID: airflow_ecommerce_etl_v2_gold_layer_load_fact_order_items_2026_02_09T22_32_20_587070_00_00_8f8b3982c249f8c571f537a12702a639

[2026-02-09T23:34:24.174+0000] {taskinstance.py:1138} INFO - Marking task as UP_FOR_RETRY. dag_id=ecommerce_etl_v2, task_id=gold_layer.load_fact_order_items, execution_date=20260209T223220, start_date=20260209T233423, end_date=20260209T233424
[2026-02-09T23:34:24.186+0000] {standard_task_runner.py:107} ERROR - Failed to execute job 689 for task gold_layer.load_fact_order_items (400 No matching signature for operator = for argument types: STRING, INT64
  Signature: T1 = T1
    Unable to find common supertype for templated argument <T1>
      Input types for <T1>: {INT64, STRING} at [38:6]; reason: invalidQuery, location: query, message: No matching signature for operator = for argument types: STRING, INT64
  Signature: T1 = T1
    Unable to find common supertype for templated argument <T1>
      Input types for <T1>: {INT64, STRING} at [38:6]

Location: europe-west1
Job ID: airflow_ecommerce_etl_v2_gold_layer_load_fact_order_items_2026_02_09T22_32_20_587070_00_00_8f8b3982c249f8c571f537a12702a639
; 17354)
[2026-02-09T23:34:24.210+0000] {local_task_job_runner.py:234} INFO - Task exited with return code 1
[2026-02-09T23:34:24.230+0000] {taskinstance.py:3280} INFO - 0 downstream tasks scheduled from follow-on schedule check
