[2026-02-08T23:23:14.563+0000] {taskinstance.py:1956} INFO - Dependencies all met for dep_context=non-requeueable deps ti=<TaskInstance: ecommerce_etl_v2.bronze_layer.check_users_loaded manual__2026-02-08T21:48:44.938383+00:00 [queued]>
[2026-02-08T23:23:14.567+0000] {taskinstance.py:1956} INFO - Dependencies all met for dep_context=requeueable deps ti=<TaskInstance: ecommerce_etl_v2.bronze_layer.check_users_loaded manual__2026-02-08T21:48:44.938383+00:00 [queued]>
[2026-02-08T23:23:14.568+0000] {taskinstance.py:2170} INFO - Starting attempt 2 of 4
[2026-02-08T23:23:14.573+0000] {taskinstance.py:2191} INFO - Executing <Task(BigQueryCheckOperator): bronze_layer.check_users_loaded> on 2026-02-08 21:48:44.938383+00:00
[2026-02-08T23:23:14.576+0000] {standard_task_runner.py:60} INFO - Started process 27182 to run task
[2026-02-08T23:23:14.578+0000] {standard_task_runner.py:87} INFO - Running: ['***', 'tasks', 'run', 'ecommerce_etl_v2', 'bronze_layer.check_users_loaded', 'manual__2026-02-08T21:48:44.938383+00:00', '--job-id', '1030', '--raw', '--subdir', 'DAGS_FOLDER/etl_dag.py', '--cfg-path', '/tmp/tmpfq2iiw7s']
[2026-02-08T23:23:14.580+0000] {standard_task_runner.py:88} INFO - Job 1030: Subtask bronze_layer.check_users_loaded
[2026-02-08T23:23:14.602+0000] {task_command.py:423} INFO - Running <TaskInstance: ecommerce_etl_v2.bronze_layer.check_users_loaded manual__2026-02-08T21:48:44.938383+00:00 [running]> on host 52b3fbe2fc57
[2026-02-08T23:23:14.640+0000] {taskinstance.py:2480} INFO - Exporting env vars: AIRFLOW_CTX_DAG_EMAIL='data-team@company.com' AIRFLOW_CTX_DAG_OWNER='data_engineering' AIRFLOW_CTX_DAG_ID='ecommerce_etl_v2' AIRFLOW_CTX_TASK_ID='bronze_layer.check_users_loaded' AIRFLOW_CTX_EXECUTION_DATE='2026-02-08T21:48:44.938383+00:00' AIRFLOW_CTX_TRY_NUMBER='2' AIRFLOW_CTX_DAG_RUN_ID='manual__2026-02-08T21:48:44.938383+00:00'
[2026-02-08T23:23:14.641+0000] {sql.py:785} INFO - Executing SQL check: 
                    SELECT COUNT(*) > 0
                    FROM `prism-486509.bronze.users`
                
[2026-02-08T23:23:14.645+0000] {connection.py:234} WARNING - Connection schemes (type: google_cloud_platform) shall not contain '_' according to RFC3986.
[2026-02-08T23:23:14.645+0000] {base.py:83} INFO - Using connection ID 'google_cloud_default' for task execution.
[2026-02-08T23:23:14.645+0000] {credentials_provider.py:353} INFO - Getting connection using `google.auth.default()` since no explicit credentials are provided.
[2026-02-08T23:23:14.686+0000] {sql.py:450} INFO - Running statement: 
                    SELECT COUNT(*) > 0
                    FROM `prism-486509.bronze.users`
                , parameters: None
[2026-02-08T23:23:14.686+0000] {bigquery.py:1596} INFO - Inserting job ***_1770592994686570_a0648cca82d3d4d414dea190aa1507d5
[2026-02-08T23:23:15.732+0000] {sql.py:788} INFO - Record: [True]
[2026-02-08T23:23:15.733+0000] {sql.py:796} INFO - Success.
[2026-02-08T23:23:15.743+0000] {taskinstance.py:1138} INFO - Marking task as SUCCESS. dag_id=ecommerce_etl_v2, task_id=bronze_layer.check_users_loaded, execution_date=20260208T214844, start_date=20260208T232314, end_date=20260208T232315
[2026-02-08T23:23:15.799+0000] {local_task_job_runner.py:234} INFO - Task exited with return code 0
[2026-02-08T23:23:15.816+0000] {taskinstance.py:3280} INFO - 0 downstream tasks scheduled from follow-on schedule check
