[2026-02-09T12:33:17.714+0000] {taskinstance.py:1956} INFO - Dependencies all met for dep_context=non-requeueable deps ti=<TaskInstance: ecommerce_etl_v2.check_events_loaded manual__2026-02-09T12:26:31.675656+00:00 [queued]>
[2026-02-09T12:33:17.721+0000] {taskinstance.py:1956} INFO - Dependencies all met for dep_context=requeueable deps ti=<TaskInstance: ecommerce_etl_v2.check_events_loaded manual__2026-02-09T12:26:31.675656+00:00 [queued]>
[2026-02-09T12:33:17.721+0000] {taskinstance.py:2170} INFO - Starting attempt 1 of 3
[2026-02-09T12:33:17.728+0000] {taskinstance.py:2191} INFO - Executing <Task(BigQueryCheckOperator): check_events_loaded> on 2026-02-09 12:26:31.675656+00:00
[2026-02-09T12:33:17.731+0000] {standard_task_runner.py:60} INFO - Started process 48040 to run task
[2026-02-09T12:33:17.734+0000] {standard_task_runner.py:87} INFO - Running: ['***', 'tasks', 'run', 'ecommerce_etl_v2', 'check_events_loaded', 'manual__2026-02-09T12:26:31.675656+00:00', '--job-id', '2257', '--raw', '--subdir', 'DAGS_FOLDER/etl_dag.py', '--cfg-path', '/tmp/tmp7rzbfj4g']
[2026-02-09T12:33:17.735+0000] {standard_task_runner.py:88} INFO - Job 2257: Subtask check_events_loaded
[2026-02-09T12:33:17.763+0000] {task_command.py:423} INFO - Running <TaskInstance: ecommerce_etl_v2.check_events_loaded manual__2026-02-09T12:26:31.675656+00:00 [running]> on host 707cd2e8ef6b
[2026-02-09T12:33:17.806+0000] {taskinstance.py:2480} INFO - Exporting env vars: AIRFLOW_CTX_DAG_EMAIL='data-team@company.com' AIRFLOW_CTX_DAG_OWNER='data_engineering' AIRFLOW_CTX_DAG_ID='ecommerce_etl_v2' AIRFLOW_CTX_TASK_ID='check_events_loaded' AIRFLOW_CTX_EXECUTION_DATE='2026-02-09T12:26:31.675656+00:00' AIRFLOW_CTX_TRY_NUMBER='1' AIRFLOW_CTX_DAG_RUN_ID='manual__2026-02-09T12:26:31.675656+00:00'
[2026-02-09T12:33:17.806+0000] {sql.py:785} INFO - Executing SQL check: 
                SELECT COUNT(*) > 0
                FROM `prism-486509.bronze.events`
            
[2026-02-09T12:33:17.811+0000] {connection.py:234} WARNING - Connection schemes (type: google_cloud_platform) shall not contain '_' according to RFC3986.
[2026-02-09T12:33:17.811+0000] {base.py:83} INFO - Using connection ID 'google_cloud_default' for task execution.
[2026-02-09T12:33:17.812+0000] {credentials_provider.py:353} INFO - Getting connection using `google.auth.default()` since no explicit credentials are provided.
[2026-02-09T12:33:17.855+0000] {sql.py:450} INFO - Running statement: 
                SELECT COUNT(*) > 0
                FROM `prism-486509.bronze.events`
            , parameters: None
[2026-02-09T12:33:17.856+0000] {bigquery.py:1596} INFO - Inserting job ***_1770640397855734_6a95c6a9e87b5acbc9bb2ba6edc43483
[2026-02-09T12:33:18.805+0000] {sql.py:788} INFO - Record: [True]
[2026-02-09T12:33:18.806+0000] {sql.py:796} INFO - Success.
[2026-02-09T12:33:18.813+0000] {taskinstance.py:1138} INFO - Marking task as SUCCESS. dag_id=ecommerce_etl_v2, task_id=check_events_loaded, execution_date=20260209T122631, start_date=20260209T123317, end_date=20260209T123318
[2026-02-09T12:33:18.853+0000] {local_task_job_runner.py:234} INFO - Task exited with return code 0
[2026-02-09T12:33:18.878+0000] {taskinstance.py:3280} INFO - 1 downstream tasks scheduled from follow-on schedule check
