[2026-02-22T15:31:03.621+0000] {taskinstance.py:1956} INFO - Dependencies all met for dep_context=non-requeueable deps ti=<TaskInstance: ecommerce_etl_v2.extract.extract_from_kaggle scheduled__2026-02-21T13:00:00+00:00 [queued]>
[2026-02-22T15:31:03.625+0000] {taskinstance.py:1956} INFO - Dependencies all met for dep_context=requeueable deps ti=<TaskInstance: ecommerce_etl_v2.extract.extract_from_kaggle scheduled__2026-02-21T13:00:00+00:00 [queued]>
[2026-02-22T15:31:03.625+0000] {taskinstance.py:2170} INFO - Starting attempt 2 of 3
[2026-02-22T15:31:03.631+0000] {taskinstance.py:2191} INFO - Executing <Task(PythonOperator): extract.extract_from_kaggle> on 2026-02-21 13:00:00+00:00
[2026-02-22T15:31:03.634+0000] {standard_task_runner.py:60} INFO - Started process 82265 to run task
[2026-02-22T15:31:03.636+0000] {standard_task_runner.py:87} INFO - Running: ['***', 'tasks', 'run', 'ecommerce_etl_v2', 'extract.extract_from_kaggle', 'scheduled__2026-02-21T13:00:00+00:00', '--job-id', '2464', '--raw', '--subdir', 'DAGS_FOLDER/etl_dag.py', '--cfg-path', '/tmp/tmpvp0e96lz']
[2026-02-22T15:31:03.637+0000] {standard_task_runner.py:88} INFO - Job 2464: Subtask extract.extract_from_kaggle
[2026-02-22T15:31:03.661+0000] {task_command.py:423} INFO - Running <TaskInstance: ecommerce_etl_v2.extract.extract_from_kaggle scheduled__2026-02-21T13:00:00+00:00 [running]> on host 89ab86e4d295
[2026-02-22T15:31:03.699+0000] {taskinstance.py:2480} INFO - Exporting env vars: AIRFLOW_CTX_DAG_EMAIL='data-team@company.com' AIRFLOW_CTX_DAG_OWNER='data_engineering' AIRFLOW_CTX_DAG_ID='ecommerce_etl_v2' AIRFLOW_CTX_TASK_ID='extract.extract_from_kaggle' AIRFLOW_CTX_EXECUTION_DATE='2026-02-21T13:00:00+00:00' AIRFLOW_CTX_TRY_NUMBER='2' AIRFLOW_CTX_DAG_RUN_ID='scheduled__2026-02-21T13:00:00+00:00'
[2026-02-22T15:31:03.706+0000] {logging_mixin.py:188} INFO - Starting Kaggle dataset download...
[2026-02-22T15:31:03.708+0000] {logging_mixin.py:188} INFO - Warning: Your Kaggle API key is readable by other users on this system! To fix this, you can run 'chmod 600 /home/***/.kaggle/kaggle.json'
[2026-02-22T15:31:03.715+0000] {logging_mixin.py:188} INFO - Dataset URL: https://www.kaggle.com/datasets/mustafakeser4/looker-ecommerce-bigquery-dataset
[2026-02-22T15:31:04.294+0000] {logging_mixin.py:188} INFO - Downloading looker-ecommerce-bigquery-dataset.zip to /tmp/bronze_temp
[2026-02-22T15:31:04.297+0000] {logging_mixin.py:188} WARNING -   0%|          | 0.00/162M [00:00<?, ?B/s]
[2026-02-22T15:31:04.684+0000] {logging_mixin.py:188} WARNING -   1%|          | 1.00M/162M [00:00<01:02, 2.71MB/s]
[2026-02-22T15:31:04.789+0000] {logging_mixin.py:188} WARNING -   1%|1         | 2.00M/162M [00:00<00:35, 4.74MB/s]
[2026-02-22T15:31:04.960+0000] {logging_mixin.py:188} WARNING -   2%|2         | 4.00M/162M [00:00<00:21, 7.70MB/s]
[2026-02-22T15:31:05.125+0000] {logging_mixin.py:188} WARNING -   4%|3         | 6.00M/162M [00:00<00:17, 9.46MB/s]
[2026-02-22T15:31:05.289+0000] {logging_mixin.py:188} WARNING -   5%|4         | 8.00M/162M [00:00<00:15, 10.6MB/s]
[2026-02-22T15:31:05.455+0000] {logging_mixin.py:188} WARNING -   6%|6         | 10.0M/162M [00:01<00:14, 11.3MB/s]
[2026-02-22T15:31:05.622+0000] {logging_mixin.py:188} WARNING -   7%|7         | 12.0M/162M [00:01<00:13, 11.7MB/s]
[2026-02-22T15:31:05.782+0000] {logging_mixin.py:188} WARNING -   9%|8         | 14.0M/162M [00:01<00:12, 12.1MB/s]
[2026-02-22T15:31:05.954+0000] {logging_mixin.py:188} WARNING -  10%|9         | 16.0M/162M [00:01<00:12, 12.1MB/s]
[2026-02-22T15:31:06.123+0000] {logging_mixin.py:188} WARNING -  11%|#1        | 18.0M/162M [00:01<00:12, 12.2MB/s]
[2026-02-22T15:31:06.307+0000] {logging_mixin.py:188} WARNING -  12%|#2        | 20.0M/162M [00:02<00:12, 12.0MB/s]
[2026-02-22T15:31:06.476+0000] {logging_mixin.py:188} WARNING -  14%|#3        | 22.0M/162M [00:02<00:12, 12.1MB/s]
[2026-02-22T15:31:06.672+0000] {logging_mixin.py:188} WARNING -  15%|#4        | 24.0M/162M [00:02<00:12, 11.6MB/s]
[2026-02-22T15:31:06.842+0000] {logging_mixin.py:188} WARNING -  16%|#6        | 26.0M/162M [00:02<00:12, 11.8MB/s]
[2026-02-22T15:31:07.532+0000] {logging_mixin.py:188} WARNING -  17%|#6        | 27.2M/162M [00:03<00:25, 5.51MB/s]
[2026-02-22T15:31:07.534+0000] {logging_mixin.py:188} WARNING -  17%|#6        | 27.2M/162M [00:03<00:16, 8.80MB/s]
[2026-02-22T15:31:07.534+0000] {taskinstance.py:2698} ERROR - Task failed with exception
Traceback (most recent call last):
  File "/home/airflow/.local/lib/python3.8/site-packages/kaggle/api/kaggle_api_extended.py", line 1508, in dataset_download_files
    with zipfile.ZipFile(outfile) as z:
  File "/usr/local/lib/python3.8/zipfile.py", line 1269, in __init__
    self._RealGetContents()
  File "/usr/local/lib/python3.8/zipfile.py", line 1336, in _RealGetContents
    raise BadZipFile("File is not a zip file")
zipfile.BadZipFile: File is not a zip file

During handling of the above exception, another exception occurred:

Traceback (most recent call last):
  File "/home/airflow/.local/lib/python3.8/site-packages/airflow/models/taskinstance.py", line 433, in _execute_task
    result = execute_callable(context=context, **execute_callable_kwargs)
  File "/home/airflow/.local/lib/python3.8/site-packages/airflow/operators/python.py", line 199, in execute
    return_value = self.execute_callable()
  File "/home/airflow/.local/lib/python3.8/site-packages/airflow/operators/python.py", line 216, in execute_callable
    return self.python_callable(*self.op_args, **self.op_kwargs)
  File "/opt/airflow/src/extract.py", line 38, in extract_data
    api.dataset_download_files(
  File "/home/airflow/.local/lib/python3.8/site-packages/kaggle/api/kaggle_api_extended.py", line 1511, in dataset_download_files
    raise ValueError(
ValueError: ('Bad zip file, please report on www.github.com/kaggle/kaggle-api', BadZipFile('File is not a zip file'))
[2026-02-22T15:31:07.548+0000] {taskinstance.py:1138} INFO - Marking task as UP_FOR_RETRY. dag_id=ecommerce_etl_v2, task_id=extract.extract_from_kaggle, execution_date=20260221T130000, start_date=20260222T153103, end_date=20260222T153107
[2026-02-22T15:31:07.562+0000] {standard_task_runner.py:107} ERROR - Failed to execute job 2464 for task extract.extract_from_kaggle (('Bad zip file, please report on www.github.com/kaggle/kaggle-api', BadZipFile('File is not a zip file')); 82265)
[2026-02-22T15:31:07.607+0000] {local_task_job_runner.py:234} INFO - Task exited with return code 1
[2026-02-22T15:31:07.643+0000] {taskinstance.py:3280} INFO - 0 downstream tasks scheduled from follow-on schedule check
