[2026-02-09T23:21:22.627+0000] {taskinstance.py:1956} INFO - Dependencies all met for dep_context=non-requeueable deps ti=<TaskInstance: ecommerce_etl_v2.gold_layer.create_dim_browser manual__2026-02-09T22:32:20.587070+00:00 [queued]>
[2026-02-09T23:21:22.634+0000] {taskinstance.py:1956} INFO - Dependencies all met for dep_context=requeueable deps ti=<TaskInstance: ecommerce_etl_v2.gold_layer.create_dim_browser manual__2026-02-09T22:32:20.587070+00:00 [queued]>
[2026-02-09T23:21:22.634+0000] {taskinstance.py:2170} INFO - Starting attempt 3 of 5
[2026-02-09T23:21:22.641+0000] {taskinstance.py:2191} INFO - Executing <Task(BigQueryCreateEmptyTableOperator): gold_layer.create_dim_browser> on 2026-02-09 22:32:20.587070+00:00
[2026-02-09T23:21:22.646+0000] {standard_task_runner.py:60} INFO - Started process 14083 to run task
[2026-02-09T23:21:22.650+0000] {standard_task_runner.py:87} INFO - Running: ['***', 'tasks', 'run', 'ecommerce_etl_v2', 'gold_layer.create_dim_browser', 'manual__2026-02-09T22:32:20.587070+00:00', '--job-id', '604', '--raw', '--subdir', 'DAGS_FOLDER/etl_dag.py', '--cfg-path', '/tmp/tmp0ynhi_6d']
[2026-02-09T23:21:22.653+0000] {standard_task_runner.py:88} INFO - Job 604: Subtask gold_layer.create_dim_browser
[2026-02-09T23:21:22.691+0000] {task_command.py:423} INFO - Running <TaskInstance: ecommerce_etl_v2.gold_layer.create_dim_browser manual__2026-02-09T22:32:20.587070+00:00 [running]> on host 8e292c18926b
[2026-02-09T23:21:22.737+0000] {taskinstance.py:2480} INFO - Exporting env vars: AIRFLOW_CTX_DAG_EMAIL='data-team@company.com' AIRFLOW_CTX_DAG_OWNER='data_engineering' AIRFLOW_CTX_DAG_ID='ecommerce_etl_v2' AIRFLOW_CTX_TASK_ID='gold_layer.create_dim_browser' AIRFLOW_CTX_EXECUTION_DATE='2026-02-09T22:32:20.587070+00:00' AIRFLOW_CTX_TRY_NUMBER='3' AIRFLOW_CTX_DAG_RUN_ID='manual__2026-02-09T22:32:20.587070+00:00'
[2026-02-09T23:21:22.742+0000] {connection.py:234} WARNING - Connection schemes (type: google_cloud_platform) shall not contain '_' according to RFC3986.
[2026-02-09T23:21:22.743+0000] {base.py:83} INFO - Using connection ID 'google_cloud_default' for task execution.
[2026-02-09T23:21:22.743+0000] {bigquery.py:1514} INFO - Creating table
[2026-02-09T23:21:22.744+0000] {credentials_provider.py:353} INFO - Getting connection using `google.auth.default()` since no explicit credentials are provided.
[2026-02-09T23:21:23.496+0000] {taskinstance.py:2698} ERROR - Task failed with exception
Traceback (most recent call last):
  File "/home/airflow/.local/lib/python3.8/site-packages/airflow/models/taskinstance.py", line 433, in _execute_task
    result = execute_callable(context=context, **execute_callable_kwargs)
  File "/home/airflow/.local/lib/python3.8/site-packages/airflow/providers/google/cloud/operators/bigquery.py", line 1515, in execute
    table = bq_hook.create_empty_table(
  File "/home/airflow/.local/lib/python3.8/site-packages/airflow/providers/google/common/hooks/base_google.py", line 477, in inner_wrapper
    return func(self, *args, **kwargs)
  File "/home/airflow/.local/lib/python3.8/site-packages/airflow/providers/google/cloud/hooks/bigquery.py", line 421, in create_empty_table
    return self.get_client(project_id=project_id, location=location).create_table(
  File "/home/airflow/.local/lib/python3.8/site-packages/google/cloud/bigquery/client.py", line 784, in create_table
    api_response = self._call_api(
  File "/home/airflow/.local/lib/python3.8/site-packages/google/cloud/bigquery/client.py", line 818, in _call_api
    return call()
  File "/home/airflow/.local/lib/python3.8/site-packages/google/api_core/retry.py", line 372, in retry_wrapped_func
    return retry_target(
  File "/home/airflow/.local/lib/python3.8/site-packages/google/api_core/retry.py", line 207, in retry_target
    result = target()
  File "/home/airflow/.local/lib/python3.8/site-packages/google/cloud/_http/__init__.py", line 494, in api_request
    raise exceptions.from_http_response(response)
google.api_core.exceptions.NotFound: 404 POST https://bigquery.googleapis.com/bigquery/v2/projects/prism-486509/datasets/gold/tables?prettyPrint=false: Not found: Dataset prism-486509:gold
[2026-02-09T23:21:23.520+0000] {taskinstance.py:1138} INFO - Marking task as UP_FOR_RETRY. dag_id=ecommerce_etl_v2, task_id=gold_layer.create_dim_browser, execution_date=20260209T223220, start_date=20260209T232122, end_date=20260209T232123
[2026-02-09T23:21:23.532+0000] {standard_task_runner.py:107} ERROR - Failed to execute job 604 for task gold_layer.create_dim_browser (404 POST https://bigquery.googleapis.com/bigquery/v2/projects/prism-486509/datasets/gold/tables?prettyPrint=false: Not found: Dataset prism-486509:gold; 14083)
[2026-02-09T23:21:23.575+0000] {local_task_job_runner.py:234} INFO - Task exited with return code 1
[2026-02-09T23:21:23.599+0000] {taskinstance.py:3280} INFO - 0 downstream tasks scheduled from follow-on schedule check
