[2026-02-10T11:04:35.699+0000] {taskinstance.py:1956} INFO - Dependencies all met for dep_context=non-requeueable deps ti=<TaskInstance: ecommerce_etl_v2.check_events_loaded manual__2026-02-10T10:56:26.745143+00:00 [queued]>
[2026-02-10T11:04:35.704+0000] {taskinstance.py:1956} INFO - Dependencies all met for dep_context=requeueable deps ti=<TaskInstance: ecommerce_etl_v2.check_events_loaded manual__2026-02-10T10:56:26.745143+00:00 [queued]>
[2026-02-10T11:04:35.704+0000] {taskinstance.py:2170} INFO - Starting attempt 1 of 3
[2026-02-10T11:04:35.709+0000] {taskinstance.py:2191} INFO - Executing <Task(BigQueryCheckOperator): check_events_loaded> on 2026-02-10 10:56:26.745143+00:00
[2026-02-10T11:04:35.713+0000] {standard_task_runner.py:60} INFO - Started process 3423 to run task
[2026-02-10T11:04:35.715+0000] {standard_task_runner.py:87} INFO - Running: ['***', 'tasks', 'run', 'ecommerce_etl_v2', 'check_events_loaded', 'manual__2026-02-10T10:56:26.745143+00:00', '--job-id', '1094', '--raw', '--subdir', 'DAGS_FOLDER/etl_dag.py', '--cfg-path', '/tmp/tmpi3jfv8rx']
[2026-02-10T11:04:35.717+0000] {standard_task_runner.py:88} INFO - Job 1094: Subtask check_events_loaded
[2026-02-10T11:04:35.739+0000] {task_command.py:423} INFO - Running <TaskInstance: ecommerce_etl_v2.check_events_loaded manual__2026-02-10T10:56:26.745143+00:00 [running]> on host 89ab86e4d295
[2026-02-10T11:04:35.770+0000] {taskinstance.py:2480} INFO - Exporting env vars: AIRFLOW_CTX_DAG_EMAIL='data-team@company.com' AIRFLOW_CTX_DAG_OWNER='data_engineering' AIRFLOW_CTX_DAG_ID='ecommerce_etl_v2' AIRFLOW_CTX_TASK_ID='check_events_loaded' AIRFLOW_CTX_EXECUTION_DATE='2026-02-10T10:56:26.745143+00:00' AIRFLOW_CTX_TRY_NUMBER='1' AIRFLOW_CTX_DAG_RUN_ID='manual__2026-02-10T10:56:26.745143+00:00'
[2026-02-10T11:04:35.770+0000] {sql.py:785} INFO - Executing SQL check: 
            SELECT COUNT(*) > 0
            FROM prism-486509.bronze.events
            WHERE ingestion_date = DATE('2026-02-10')
            
[2026-02-10T11:04:35.775+0000] {connection.py:234} WARNING - Connection schemes (type: google_cloud_platform) shall not contain '_' according to RFC3986.
[2026-02-10T11:04:35.775+0000] {base.py:83} INFO - Using connection ID 'google_cloud_default' for task execution.
[2026-02-10T11:04:35.775+0000] {credentials_provider.py:353} INFO - Getting connection using `google.auth.default()` since no explicit credentials are provided.
[2026-02-10T11:04:35.816+0000] {sql.py:450} INFO - Running statement: 
            SELECT COUNT(*) > 0
            FROM prism-486509.bronze.events
            WHERE ingestion_date = DATE('2026-02-10')
            , parameters: None
[2026-02-10T11:04:35.817+0000] {bigquery.py:1596} INFO - Inserting job ***_1770721475817152_f39d82e943f15459aa831ab2f23d4a4a
[2026-02-10T11:04:36.853+0000] {sql.py:788} INFO - Record: [True]
[2026-02-10T11:04:36.854+0000] {sql.py:796} INFO - Success.
[2026-02-10T11:04:36.862+0000] {taskinstance.py:1138} INFO - Marking task as SUCCESS. dag_id=ecommerce_etl_v2, task_id=check_events_loaded, execution_date=20260210T105626, start_date=20260210T110435, end_date=20260210T110436
[2026-02-10T11:04:36.900+0000] {local_task_job_runner.py:234} INFO - Task exited with return code 0
[2026-02-10T11:04:36.928+0000] {taskinstance.py:3280} INFO - 1 downstream tasks scheduled from follow-on schedule check
