[2026-02-09T02:35:45.255+0000] {taskinstance.py:1956} INFO - Dependencies all met for dep_context=non-requeueable deps ti=<TaskInstance: ecommerce_etl_v2.silver_setup.create_silver_orders scheduled__2026-02-08T02:00:00+00:00 [queued]>
[2026-02-09T02:35:45.270+0000] {taskinstance.py:1956} INFO - Dependencies all met for dep_context=requeueable deps ti=<TaskInstance: ecommerce_etl_v2.silver_setup.create_silver_orders scheduled__2026-02-08T02:00:00+00:00 [queued]>
[2026-02-09T02:35:45.271+0000] {taskinstance.py:2170} INFO - Starting attempt 1 of 3
[2026-02-09T02:35:45.285+0000] {taskinstance.py:2191} INFO - Executing <Task(BigQueryCreateEmptyTableOperator): silver_setup.create_silver_orders> on 2026-02-08 02:00:00+00:00
[2026-02-09T02:35:45.289+0000] {standard_task_runner.py:60} INFO - Started process 8100 to run task
[2026-02-09T02:35:45.294+0000] {standard_task_runner.py:87} INFO - Running: ['***', 'tasks', 'run', 'ecommerce_etl_v2', 'silver_setup.create_silver_orders', 'scheduled__2026-02-08T02:00:00+00:00', '--job-id', '1406', '--raw', '--subdir', 'DAGS_FOLDER/etl_dag.py', '--cfg-path', '/tmp/tmpp6f4ctn9']
[2026-02-09T02:35:45.299+0000] {standard_task_runner.py:88} INFO - Job 1406: Subtask silver_setup.create_silver_orders
[2026-02-09T02:35:45.341+0000] {task_command.py:423} INFO - Running <TaskInstance: ecommerce_etl_v2.silver_setup.create_silver_orders scheduled__2026-02-08T02:00:00+00:00 [running]> on host 707cd2e8ef6b
[2026-02-09T02:35:45.434+0000] {taskinstance.py:2480} INFO - Exporting env vars: AIRFLOW_CTX_DAG_EMAIL='data-team@company.com' AIRFLOW_CTX_DAG_OWNER='data_engineering' AIRFLOW_CTX_DAG_ID='ecommerce_etl_v2' AIRFLOW_CTX_TASK_ID='silver_setup.create_silver_orders' AIRFLOW_CTX_EXECUTION_DATE='2026-02-08T02:00:00+00:00' AIRFLOW_CTX_TRY_NUMBER='1' AIRFLOW_CTX_DAG_RUN_ID='scheduled__2026-02-08T02:00:00+00:00'
[2026-02-09T02:35:45.451+0000] {connection.py:234} WARNING - Connection schemes (type: google_cloud_platform) shall not contain '_' according to RFC3986.
[2026-02-09T02:35:45.452+0000] {base.py:83} INFO - Using connection ID 'google_cloud_default' for task execution.
[2026-02-09T02:35:45.454+0000] {bigquery.py:1514} INFO - Creating table
[2026-02-09T02:35:45.456+0000] {credentials_provider.py:353} INFO - Getting connection using `google.auth.default()` since no explicit credentials are provided.
[2026-02-09T02:35:45.896+0000] {bigquery.py:1536} INFO - Table prism-486509.silver.orders created successfully
[2026-02-09T02:35:45.910+0000] {taskinstance.py:1138} INFO - Marking task as SUCCESS. dag_id=ecommerce_etl_v2, task_id=silver_setup.create_silver_orders, execution_date=20260208T020000, start_date=20260209T023545, end_date=20260209T023545
[2026-02-09T02:35:45.933+0000] {local_task_job_runner.py:234} INFO - Task exited with return code 0
[2026-02-09T02:35:45.943+0000] {taskinstance.py:3280} INFO - 0 downstream tasks scheduled from follow-on schedule check
[2026-02-09T09:42:40.904+0000] {taskinstance.py:1956} INFO - Dependencies all met for dep_context=non-requeueable deps ti=<TaskInstance: ecommerce_etl_v2.silver_setup.create_silver_orders scheduled__2026-02-08T02:00:00+00:00 [queued]>
[2026-02-09T09:42:40.915+0000] {taskinstance.py:1956} INFO - Dependencies all met for dep_context=requeueable deps ti=<TaskInstance: ecommerce_etl_v2.silver_setup.create_silver_orders scheduled__2026-02-08T02:00:00+00:00 [queued]>
[2026-02-09T09:42:40.921+0000] {taskinstance.py:2170} INFO - Starting attempt 1 of 3
[2026-02-09T09:42:40.944+0000] {taskinstance.py:2191} INFO - Executing <Task(BigQueryCreateEmptyTableOperator): silver_setup.create_silver_orders> on 2026-02-08 02:00:00+00:00
[2026-02-09T09:42:40.950+0000] {standard_task_runner.py:60} INFO - Started process 18752 to run task
[2026-02-09T09:42:40.959+0000] {standard_task_runner.py:87} INFO - Running: ['***', 'tasks', 'run', 'ecommerce_etl_v2', 'silver_setup.create_silver_orders', 'scheduled__2026-02-08T02:00:00+00:00', '--job-id', '1610', '--raw', '--subdir', 'DAGS_FOLDER/etl_dag.py', '--cfg-path', '/tmp/tmps0wtr8np']
[2026-02-09T09:42:40.967+0000] {standard_task_runner.py:88} INFO - Job 1610: Subtask silver_setup.create_silver_orders
[2026-02-09T09:42:41.032+0000] {task_command.py:423} INFO - Running <TaskInstance: ecommerce_etl_v2.silver_setup.create_silver_orders scheduled__2026-02-08T02:00:00+00:00 [running]> on host 707cd2e8ef6b
[2026-02-09T09:42:41.111+0000] {taskinstance.py:2480} INFO - Exporting env vars: AIRFLOW_CTX_DAG_EMAIL='data-team@company.com' AIRFLOW_CTX_DAG_OWNER='data_engineering' AIRFLOW_CTX_DAG_ID='ecommerce_etl_v2' AIRFLOW_CTX_TASK_ID='silver_setup.create_silver_orders' AIRFLOW_CTX_EXECUTION_DATE='2026-02-08T02:00:00+00:00' AIRFLOW_CTX_TRY_NUMBER='1' AIRFLOW_CTX_DAG_RUN_ID='scheduled__2026-02-08T02:00:00+00:00'
[2026-02-09T09:42:41.125+0000] {connection.py:234} WARNING - Connection schemes (type: google_cloud_platform) shall not contain '_' according to RFC3986.
[2026-02-09T09:42:41.125+0000] {base.py:83} INFO - Using connection ID 'google_cloud_default' for task execution.
[2026-02-09T09:42:41.126+0000] {bigquery.py:1514} INFO - Creating table
[2026-02-09T09:42:41.127+0000] {credentials_provider.py:353} INFO - Getting connection using `google.auth.default()` since no explicit credentials are provided.
[2026-02-09T09:42:41.538+0000] {bigquery.py:1536} INFO - Table prism-486509.silver.orders created successfully
[2026-02-09T09:42:41.551+0000] {taskinstance.py:1138} INFO - Marking task as SUCCESS. dag_id=ecommerce_etl_v2, task_id=silver_setup.create_silver_orders, execution_date=20260208T020000, start_date=20260209T094240, end_date=20260209T094241
[2026-02-09T09:42:41.593+0000] {local_task_job_runner.py:234} INFO - Task exited with return code 0
[2026-02-09T09:42:41.604+0000] {taskinstance.py:3280} INFO - 0 downstream tasks scheduled from follow-on schedule check
[2026-02-09T10:03:24.266+0000] {taskinstance.py:1956} INFO - Dependencies all met for dep_context=non-requeueable deps ti=<TaskInstance: ecommerce_etl_v2.silver_setup.create_silver_orders scheduled__2026-02-08T02:00:00+00:00 [queued]>
[2026-02-09T10:03:24.272+0000] {taskinstance.py:1956} INFO - Dependencies all met for dep_context=requeueable deps ti=<TaskInstance: ecommerce_etl_v2.silver_setup.create_silver_orders scheduled__2026-02-08T02:00:00+00:00 [queued]>
[2026-02-09T10:03:24.273+0000] {taskinstance.py:2170} INFO - Starting attempt 1 of 3
[2026-02-09T10:03:24.293+0000] {taskinstance.py:2191} INFO - Executing <Task(BigQueryCreateEmptyTableOperator): silver_setup.create_silver_orders> on 2026-02-08 02:00:00+00:00
[2026-02-09T10:03:24.297+0000] {standard_task_runner.py:60} INFO - Started process 23003 to run task
[2026-02-09T10:03:24.303+0000] {standard_task_runner.py:87} INFO - Running: ['***', 'tasks', 'run', 'ecommerce_etl_v2', 'silver_setup.create_silver_orders', 'scheduled__2026-02-08T02:00:00+00:00', '--job-id', '1710', '--raw', '--subdir', 'DAGS_FOLDER/etl_dag.py', '--cfg-path', '/tmp/tmp5c0kuk8q']
[2026-02-09T10:03:24.306+0000] {standard_task_runner.py:88} INFO - Job 1710: Subtask silver_setup.create_silver_orders
[2026-02-09T10:03:24.356+0000] {task_command.py:423} INFO - Running <TaskInstance: ecommerce_etl_v2.silver_setup.create_silver_orders scheduled__2026-02-08T02:00:00+00:00 [running]> on host 707cd2e8ef6b
[2026-02-09T10:03:24.402+0000] {taskinstance.py:2480} INFO - Exporting env vars: AIRFLOW_CTX_DAG_EMAIL='data-team@company.com' AIRFLOW_CTX_DAG_OWNER='data_engineering' AIRFLOW_CTX_DAG_ID='ecommerce_etl_v2' AIRFLOW_CTX_TASK_ID='silver_setup.create_silver_orders' AIRFLOW_CTX_EXECUTION_DATE='2026-02-08T02:00:00+00:00' AIRFLOW_CTX_TRY_NUMBER='1' AIRFLOW_CTX_DAG_RUN_ID='scheduled__2026-02-08T02:00:00+00:00'
[2026-02-09T10:03:24.410+0000] {connection.py:234} WARNING - Connection schemes (type: google_cloud_platform) shall not contain '_' according to RFC3986.
[2026-02-09T10:03:24.411+0000] {base.py:83} INFO - Using connection ID 'google_cloud_default' for task execution.
[2026-02-09T10:03:24.411+0000] {bigquery.py:1514} INFO - Creating table
[2026-02-09T10:03:24.412+0000] {credentials_provider.py:353} INFO - Getting connection using `google.auth.default()` since no explicit credentials are provided.
[2026-02-09T10:03:24.881+0000] {bigquery.py:1536} INFO - Table prism-486509.silver.orders created successfully
[2026-02-09T10:03:24.895+0000] {taskinstance.py:1138} INFO - Marking task as SUCCESS. dag_id=ecommerce_etl_v2, task_id=silver_setup.create_silver_orders, execution_date=20260208T020000, start_date=20260209T100324, end_date=20260209T100324
[2026-02-09T10:03:24.931+0000] {local_task_job_runner.py:234} INFO - Task exited with return code 0
[2026-02-09T10:03:24.943+0000] {taskinstance.py:3280} INFO - 0 downstream tasks scheduled from follow-on schedule check
[2026-02-09T17:04:15.217+0000] {taskinstance.py:1956} INFO - Dependencies all met for dep_context=non-requeueable deps ti=<TaskInstance: ecommerce_etl_v2.silver_setup.create_silver_orders scheduled__2026-02-08T02:00:00+00:00 [queued]>
[2026-02-09T17:04:15.225+0000] {taskinstance.py:1956} INFO - Dependencies all met for dep_context=requeueable deps ti=<TaskInstance: ecommerce_etl_v2.silver_setup.create_silver_orders scheduled__2026-02-08T02:00:00+00:00 [queued]>
[2026-02-09T17:04:15.226+0000] {taskinstance.py:2170} INFO - Starting attempt 1 of 3
[2026-02-09T17:04:15.250+0000] {taskinstance.py:2191} INFO - Executing <Task(BigQueryCreateEmptyTableOperator): silver_setup.create_silver_orders> on 2026-02-08 02:00:00+00:00
[2026-02-09T17:04:15.262+0000] {standard_task_runner.py:60} INFO - Started process 608 to run task
[2026-02-09T17:04:15.276+0000] {standard_task_runner.py:87} INFO - Running: ['***', 'tasks', 'run', 'ecommerce_etl_v2', 'silver_setup.create_silver_orders', 'scheduled__2026-02-08T02:00:00+00:00', '--job-id', '2', '--raw', '--subdir', 'DAGS_FOLDER/etl_dag.py', '--cfg-path', '/tmp/tmpkpykvnsg']
[2026-02-09T17:04:15.285+0000] {standard_task_runner.py:88} INFO - Job 2: Subtask silver_setup.create_silver_orders
[2026-02-09T17:04:15.340+0000] {task_command.py:423} INFO - Running <TaskInstance: ecommerce_etl_v2.silver_setup.create_silver_orders scheduled__2026-02-08T02:00:00+00:00 [running]> on host 5d242a8c4230
[2026-02-09T17:04:15.408+0000] {taskinstance.py:2480} INFO - Exporting env vars: AIRFLOW_CTX_DAG_EMAIL='data-team@company.com' AIRFLOW_CTX_DAG_OWNER='data_engineering' AIRFLOW_CTX_DAG_ID='ecommerce_etl_v2' AIRFLOW_CTX_TASK_ID='silver_setup.create_silver_orders' AIRFLOW_CTX_EXECUTION_DATE='2026-02-08T02:00:00+00:00' AIRFLOW_CTX_TRY_NUMBER='1' AIRFLOW_CTX_DAG_RUN_ID='scheduled__2026-02-08T02:00:00+00:00'
[2026-02-09T17:04:15.421+0000] {connection.py:234} WARNING - Connection schemes (type: google_cloud_platform) shall not contain '_' according to RFC3986.
[2026-02-09T17:04:15.422+0000] {base.py:83} INFO - Using connection ID 'google_cloud_default' for task execution.
[2026-02-09T17:04:15.423+0000] {bigquery.py:1514} INFO - Creating table
[2026-02-09T17:04:15.423+0000] {credentials_provider.py:353} INFO - Getting connection using `google.auth.default()` since no explicit credentials are provided.
[2026-02-09T17:04:15.813+0000] {bigquery.py:1536} INFO - Table prism-486509.silver.orders created successfully
[2026-02-09T17:04:15.832+0000] {taskinstance.py:1138} INFO - Marking task as SUCCESS. dag_id=ecommerce_etl_v2, task_id=silver_setup.create_silver_orders, execution_date=20260208T020000, start_date=20260209T170415, end_date=20260209T170415
[2026-02-09T17:04:15.860+0000] {local_task_job_runner.py:234} INFO - Task exited with return code 0
[2026-02-09T17:04:15.929+0000] {taskinstance.py:3280} INFO - 0 downstream tasks scheduled from follow-on schedule check
