[2026-02-09T02:37:32.307+0000] {taskinstance.py:1956} INFO - Dependencies all met for dep_context=non-requeueable deps ti=<TaskInstance: ecommerce_etl_v2.gold_layer.load_dim_page scheduled__2026-02-08T02:00:00+00:00 [queued]>
[2026-02-09T02:37:32.333+0000] {taskinstance.py:1956} INFO - Dependencies all met for dep_context=requeueable deps ti=<TaskInstance: ecommerce_etl_v2.gold_layer.load_dim_page scheduled__2026-02-08T02:00:00+00:00 [queued]>
[2026-02-09T02:37:32.363+0000] {taskinstance.py:2170} INFO - Starting attempt 2 of 4
[2026-02-09T02:37:32.392+0000] {taskinstance.py:2191} INFO - Executing <Task(BigQueryInsertJobOperator): gold_layer.load_dim_page> on 2026-02-08 02:00:00+00:00
[2026-02-09T02:37:32.402+0000] {standard_task_runner.py:60} INFO - Started process 8699 to run task
[2026-02-09T02:37:32.408+0000] {standard_task_runner.py:87} INFO - Running: ['***', 'tasks', 'run', 'ecommerce_etl_v2', 'gold_layer.load_dim_page', 'scheduled__2026-02-08T02:00:00+00:00', '--job-id', '1425', '--raw', '--subdir', 'DAGS_FOLDER/etl_dag.py', '--cfg-path', '/tmp/tmp13gr4eas']
[2026-02-09T02:37:32.411+0000] {standard_task_runner.py:88} INFO - Job 1425: Subtask gold_layer.load_dim_page
[2026-02-09T02:37:32.487+0000] {task_command.py:423} INFO - Running <TaskInstance: ecommerce_etl_v2.gold_layer.load_dim_page scheduled__2026-02-08T02:00:00+00:00 [running]> on host 707cd2e8ef6b
[2026-02-09T02:37:32.607+0000] {taskinstance.py:2480} INFO - Exporting env vars: AIRFLOW_CTX_DAG_EMAIL='data-team@company.com' AIRFLOW_CTX_DAG_OWNER='data_engineering' AIRFLOW_CTX_DAG_ID='ecommerce_etl_v2' AIRFLOW_CTX_TASK_ID='gold_layer.load_dim_page' AIRFLOW_CTX_EXECUTION_DATE='2026-02-08T02:00:00+00:00' AIRFLOW_CTX_TRY_NUMBER='2' AIRFLOW_CTX_DAG_RUN_ID='scheduled__2026-02-08T02:00:00+00:00'
[2026-02-09T02:37:32.614+0000] {connection.py:234} WARNING - Connection schemes (type: google_cloud_platform) shall not contain '_' according to RFC3986.
[2026-02-09T02:37:32.619+0000] {base.py:83} INFO - Using connection ID 'google_cloud_default' for task execution.
[2026-02-09T02:37:32.623+0000] {credentials_provider.py:353} INFO - Getting connection using `google.auth.default()` since no explicit credentials are provided.
[2026-02-09T02:37:32.683+0000] {bigquery.py:2807} INFO - Executing: {'query': {'query': 'SELECT\n    GENERATE_UUID() AS page_key,   -- surrogate key as UUID\n    uri AS page_uri,\n    CURRENT_TIMESTAMP() AS created_at\nFROM (\n    SELECT DISTINCT uri\n    FROM bronze.events\n);', 'useLegacySql': False, 'queryParameters': [{'name': 'run_date', 'parameterType': {'type': 'DATE'}, 'parameterValue': {'value': '2026-02-08'}}]}}'
[2026-02-09T02:37:32.687+0000] {bigquery.py:1596} INFO - Inserting job ***_ecommerce_etl_v2_gold_layer_load_dim_page_2026_02_08T02_00_00_00_00_85f0f12dc7b8c6f12277f606e8a061a0
[2026-02-09T02:37:33.125+0000] {taskinstance.py:2698} ERROR - Task failed with exception
Traceback (most recent call last):
  File "/home/airflow/.local/lib/python3.8/site-packages/airflow/models/taskinstance.py", line 433, in _execute_task
    result = execute_callable(context=context, **execute_callable_kwargs)
  File "/home/airflow/.local/lib/python3.8/site-packages/airflow/providers/google/cloud/operators/bigquery.py", line 2864, in execute
    job.result(timeout=self.result_timeout, retry=self.result_retry)
  File "/home/airflow/.local/lib/python3.8/site-packages/google/cloud/bigquery/job/query.py", line 1595, in result
    do_get_result()
  File "/home/airflow/.local/lib/python3.8/site-packages/google/cloud/bigquery/job/query.py", line 1584, in do_get_result
    super(QueryJob, self).result(retry=retry, timeout=timeout)
  File "/home/airflow/.local/lib/python3.8/site-packages/google/cloud/bigquery/job/base.py", line 971, in result
    return super(_AsyncJob, self).result(timeout=timeout, **kwargs)
  File "/home/airflow/.local/lib/python3.8/site-packages/google/api_core/future/polling.py", line 261, in result
    raise self._exception
google.api_core.exceptions.NotFound: 404 Not found: Table prism-486509:bronze.events was not found in location europe-west1; reason: notFound, message: Not found: Table prism-486509:bronze.events was not found in location europe-west1

Location: europe-west1
Job ID: airflow_ecommerce_etl_v2_gold_layer_load_dim_page_2026_02_08T02_00_00_00_00_85f0f12dc7b8c6f12277f606e8a061a0

[2026-02-09T02:37:33.130+0000] {taskinstance.py:1138} INFO - Marking task as UP_FOR_RETRY. dag_id=ecommerce_etl_v2, task_id=gold_layer.load_dim_page, execution_date=20260208T020000, start_date=20260209T023732, end_date=20260209T023733
[2026-02-09T02:37:33.147+0000] {standard_task_runner.py:107} ERROR - Failed to execute job 1425 for task gold_layer.load_dim_page (404 Not found: Table prism-486509:bronze.events was not found in location europe-west1; reason: notFound, message: Not found: Table prism-486509:bronze.events was not found in location europe-west1

Location: europe-west1
Job ID: airflow_ecommerce_etl_v2_gold_layer_load_dim_page_2026_02_08T02_00_00_00_00_85f0f12dc7b8c6f12277f606e8a061a0
; 8699)
[2026-02-09T02:37:33.171+0000] {local_task_job_runner.py:234} INFO - Task exited with return code 1
[2026-02-09T02:37:33.202+0000] {taskinstance.py:3280} INFO - 0 downstream tasks scheduled from follow-on schedule check
[2026-02-09T09:47:44.458+0000] {taskinstance.py:1956} INFO - Dependencies all met for dep_context=non-requeueable deps ti=<TaskInstance: ecommerce_etl_v2.gold_layer.load_dim_page scheduled__2026-02-08T02:00:00+00:00 [queued]>
[2026-02-09T09:47:44.464+0000] {taskinstance.py:1956} INFO - Dependencies all met for dep_context=requeueable deps ti=<TaskInstance: ecommerce_etl_v2.gold_layer.load_dim_page scheduled__2026-02-08T02:00:00+00:00 [queued]>
[2026-02-09T09:47:44.464+0000] {taskinstance.py:2170} INFO - Starting attempt 2 of 3
[2026-02-09T09:47:44.472+0000] {taskinstance.py:2191} INFO - Executing <Task(BigQueryInsertJobOperator): gold_layer.load_dim_page> on 2026-02-08 02:00:00+00:00
[2026-02-09T09:47:44.476+0000] {standard_task_runner.py:60} INFO - Started process 19941 to run task
[2026-02-09T09:47:44.480+0000] {standard_task_runner.py:87} INFO - Running: ['***', 'tasks', 'run', 'ecommerce_etl_v2', 'gold_layer.load_dim_page', 'scheduled__2026-02-08T02:00:00+00:00', '--job-id', '1640', '--raw', '--subdir', 'DAGS_FOLDER/etl_dag.py', '--cfg-path', '/tmp/tmphhkmw6jy']
[2026-02-09T09:47:44.484+0000] {standard_task_runner.py:88} INFO - Job 1640: Subtask gold_layer.load_dim_page
[2026-02-09T09:47:44.518+0000] {task_command.py:423} INFO - Running <TaskInstance: ecommerce_etl_v2.gold_layer.load_dim_page scheduled__2026-02-08T02:00:00+00:00 [running]> on host 707cd2e8ef6b
[2026-02-09T09:47:44.567+0000] {taskinstance.py:2480} INFO - Exporting env vars: AIRFLOW_CTX_DAG_EMAIL='data-team@company.com' AIRFLOW_CTX_DAG_OWNER='data_engineering' AIRFLOW_CTX_DAG_ID='ecommerce_etl_v2' AIRFLOW_CTX_TASK_ID='gold_layer.load_dim_page' AIRFLOW_CTX_EXECUTION_DATE='2026-02-08T02:00:00+00:00' AIRFLOW_CTX_TRY_NUMBER='2' AIRFLOW_CTX_DAG_RUN_ID='scheduled__2026-02-08T02:00:00+00:00'
[2026-02-09T09:47:44.574+0000] {connection.py:234} WARNING - Connection schemes (type: google_cloud_platform) shall not contain '_' according to RFC3986.
[2026-02-09T09:47:44.574+0000] {base.py:83} INFO - Using connection ID 'google_cloud_default' for task execution.
[2026-02-09T09:47:44.575+0000] {credentials_provider.py:353} INFO - Getting connection using `google.auth.default()` since no explicit credentials are provided.
[2026-02-09T09:47:44.617+0000] {bigquery.py:2807} INFO - Executing: {'query': {'query': 'SELECT\n    GENERATE_UUID() AS page_key,   -- surrogate key as UUID\n    uri AS page_uri,\n    CURRENT_TIMESTAMP() AS created_at\nFROM (\n    SELECT DISTINCT uri\n    FROM bronze.events\n);', 'useLegacySql': False, 'queryParameters': [{'name': 'run_date', 'parameterType': {'type': 'DATE'}, 'parameterValue': {'value': '2026-02-08'}}]}}'
[2026-02-09T09:47:44.617+0000] {bigquery.py:1596} INFO - Inserting job ***_ecommerce_etl_v2_gold_layer_load_dim_page_2026_02_08T02_00_00_00_00_6ab16c5c754eba7588a53be48f591096
[2026-02-09T09:47:45.004+0000] {taskinstance.py:2698} ERROR - Task failed with exception
Traceback (most recent call last):
  File "/home/airflow/.local/lib/python3.8/site-packages/airflow/models/taskinstance.py", line 433, in _execute_task
    result = execute_callable(context=context, **execute_callable_kwargs)
  File "/home/airflow/.local/lib/python3.8/site-packages/airflow/providers/google/cloud/operators/bigquery.py", line 2864, in execute
    job.result(timeout=self.result_timeout, retry=self.result_retry)
  File "/home/airflow/.local/lib/python3.8/site-packages/google/cloud/bigquery/job/query.py", line 1595, in result
    do_get_result()
  File "/home/airflow/.local/lib/python3.8/site-packages/google/cloud/bigquery/job/query.py", line 1584, in do_get_result
    super(QueryJob, self).result(retry=retry, timeout=timeout)
  File "/home/airflow/.local/lib/python3.8/site-packages/google/cloud/bigquery/job/base.py", line 971, in result
    return super(_AsyncJob, self).result(timeout=timeout, **kwargs)
  File "/home/airflow/.local/lib/python3.8/site-packages/google/api_core/future/polling.py", line 261, in result
    raise self._exception
google.api_core.exceptions.NotFound: 404 Not found: Dataset prism-486509:bronze was not found in location europe-west1; reason: notFound, message: Not found: Dataset prism-486509:bronze was not found in location europe-west1

Location: europe-west1
Job ID: airflow_ecommerce_etl_v2_gold_layer_load_dim_page_2026_02_08T02_00_00_00_00_6ab16c5c754eba7588a53be48f591096

[2026-02-09T09:47:45.009+0000] {taskinstance.py:1138} INFO - Marking task as UP_FOR_RETRY. dag_id=ecommerce_etl_v2, task_id=gold_layer.load_dim_page, execution_date=20260208T020000, start_date=20260209T094744, end_date=20260209T094745
[2026-02-09T09:47:45.029+0000] {standard_task_runner.py:107} ERROR - Failed to execute job 1640 for task gold_layer.load_dim_page (404 Not found: Dataset prism-486509:bronze was not found in location europe-west1; reason: notFound, message: Not found: Dataset prism-486509:bronze was not found in location europe-west1

Location: europe-west1
Job ID: airflow_ecommerce_etl_v2_gold_layer_load_dim_page_2026_02_08T02_00_00_00_00_6ab16c5c754eba7588a53be48f591096
; 19941)
[2026-02-09T09:47:45.075+0000] {local_task_job_runner.py:234} INFO - Task exited with return code 1
[2026-02-09T09:47:45.107+0000] {taskinstance.py:3280} INFO - 0 downstream tasks scheduled from follow-on schedule check
[2026-02-09T10:08:28.875+0000] {taskinstance.py:1956} INFO - Dependencies all met for dep_context=non-requeueable deps ti=<TaskInstance: ecommerce_etl_v2.gold_layer.load_dim_page scheduled__2026-02-08T02:00:00+00:00 [queued]>
[2026-02-09T10:08:28.882+0000] {taskinstance.py:1956} INFO - Dependencies all met for dep_context=requeueable deps ti=<TaskInstance: ecommerce_etl_v2.gold_layer.load_dim_page scheduled__2026-02-08T02:00:00+00:00 [queued]>
[2026-02-09T10:08:28.883+0000] {taskinstance.py:2170} INFO - Starting attempt 2 of 3
[2026-02-09T10:08:28.893+0000] {taskinstance.py:2191} INFO - Executing <Task(BigQueryInsertJobOperator): gold_layer.load_dim_page> on 2026-02-08 02:00:00+00:00
[2026-02-09T10:08:28.897+0000] {standard_task_runner.py:60} INFO - Started process 24450 to run task
[2026-02-09T10:08:28.900+0000] {standard_task_runner.py:87} INFO - Running: ['***', 'tasks', 'run', 'ecommerce_etl_v2', 'gold_layer.load_dim_page', 'scheduled__2026-02-08T02:00:00+00:00', '--job-id', '1749', '--raw', '--subdir', 'DAGS_FOLDER/etl_dag.py', '--cfg-path', '/tmp/tmpclyfrlix']
[2026-02-09T10:08:28.902+0000] {standard_task_runner.py:88} INFO - Job 1749: Subtask gold_layer.load_dim_page
[2026-02-09T10:08:28.943+0000] {task_command.py:423} INFO - Running <TaskInstance: ecommerce_etl_v2.gold_layer.load_dim_page scheduled__2026-02-08T02:00:00+00:00 [running]> on host 707cd2e8ef6b
[2026-02-09T10:08:28.998+0000] {taskinstance.py:2480} INFO - Exporting env vars: AIRFLOW_CTX_DAG_EMAIL='data-team@company.com' AIRFLOW_CTX_DAG_OWNER='data_engineering' AIRFLOW_CTX_DAG_ID='ecommerce_etl_v2' AIRFLOW_CTX_TASK_ID='gold_layer.load_dim_page' AIRFLOW_CTX_EXECUTION_DATE='2026-02-08T02:00:00+00:00' AIRFLOW_CTX_TRY_NUMBER='2' AIRFLOW_CTX_DAG_RUN_ID='scheduled__2026-02-08T02:00:00+00:00'
[2026-02-09T10:08:29.005+0000] {connection.py:234} WARNING - Connection schemes (type: google_cloud_platform) shall not contain '_' according to RFC3986.
[2026-02-09T10:08:29.006+0000] {base.py:83} INFO - Using connection ID 'google_cloud_default' for task execution.
[2026-02-09T10:08:29.007+0000] {credentials_provider.py:353} INFO - Getting connection using `google.auth.default()` since no explicit credentials are provided.
[2026-02-09T10:08:29.051+0000] {bigquery.py:2807} INFO - Executing: {'query': {'query': 'SELECT\n    GENERATE_UUID() AS page_key,   -- surrogate key as UUID\n    uri AS page_uri,\n    CURRENT_TIMESTAMP() AS created_at\nFROM (\n    SELECT DISTINCT uri\n    FROM bronze.events\n);', 'useLegacySql': False, 'queryParameters': [{'name': 'run_date', 'parameterType': {'type': 'DATE'}, 'parameterValue': {'value': '2026-02-08'}}]}}'
[2026-02-09T10:08:29.053+0000] {bigquery.py:1596} INFO - Inserting job ***_ecommerce_etl_v2_gold_layer_load_dim_page_2026_02_08T02_00_00_00_00_68a4e59a3f180f4a99c7b28dcf13723e
[2026-02-09T10:08:30.567+0000] {taskinstance.py:1138} INFO - Marking task as SUCCESS. dag_id=ecommerce_etl_v2, task_id=gold_layer.load_dim_page, execution_date=20260208T020000, start_date=20260209T100828, end_date=20260209T100830
[2026-02-09T10:08:30.615+0000] {local_task_job_runner.py:234} INFO - Task exited with return code 0
[2026-02-09T10:08:30.635+0000] {taskinstance.py:3280} INFO - 0 downstream tasks scheduled from follow-on schedule check
