[2026-02-09T02:44:35.962+0000] {taskinstance.py:1956} INFO - Dependencies all met for dep_context=non-requeueable deps ti=<TaskInstance: ecommerce_etl_v2.bronze_layer.check_users_loaded scheduled__2026-02-08T02:00:00+00:00 [queued]>
[2026-02-09T02:44:35.967+0000] {taskinstance.py:1956} INFO - Dependencies all met for dep_context=requeueable deps ti=<TaskInstance: ecommerce_etl_v2.bronze_layer.check_users_loaded scheduled__2026-02-08T02:00:00+00:00 [queued]>
[2026-02-09T02:44:35.967+0000] {taskinstance.py:2170} INFO - Starting attempt 1 of 3
[2026-02-09T02:44:35.974+0000] {taskinstance.py:2191} INFO - Executing <Task(BigQueryCheckOperator): bronze_layer.check_users_loaded> on 2026-02-08 02:00:00+00:00
[2026-02-09T02:44:35.978+0000] {standard_task_runner.py:60} INFO - Started process 10300 to run task
[2026-02-09T02:44:35.981+0000] {standard_task_runner.py:87} INFO - Running: ['***', 'tasks', 'run', 'ecommerce_etl_v2', 'bronze_layer.check_users_loaded', 'scheduled__2026-02-08T02:00:00+00:00', '--job-id', '1471', '--raw', '--subdir', 'DAGS_FOLDER/etl_dag.py', '--cfg-path', '/tmp/tmpxu9bqyoe']
[2026-02-09T02:44:35.982+0000] {standard_task_runner.py:88} INFO - Job 1471: Subtask bronze_layer.check_users_loaded
[2026-02-09T02:44:36.007+0000] {task_command.py:423} INFO - Running <TaskInstance: ecommerce_etl_v2.bronze_layer.check_users_loaded scheduled__2026-02-08T02:00:00+00:00 [running]> on host 707cd2e8ef6b
[2026-02-09T02:44:36.047+0000] {taskinstance.py:2480} INFO - Exporting env vars: AIRFLOW_CTX_DAG_EMAIL='data-team@company.com' AIRFLOW_CTX_DAG_OWNER='data_engineering' AIRFLOW_CTX_DAG_ID='ecommerce_etl_v2' AIRFLOW_CTX_TASK_ID='bronze_layer.check_users_loaded' AIRFLOW_CTX_EXECUTION_DATE='2026-02-08T02:00:00+00:00' AIRFLOW_CTX_TRY_NUMBER='1' AIRFLOW_CTX_DAG_RUN_ID='scheduled__2026-02-08T02:00:00+00:00'
[2026-02-09T02:44:36.048+0000] {sql.py:785} INFO - Executing SQL check: 
                    SELECT COUNT(*) > 0
                    FROM `prism-486509.bronze.users`
                
[2026-02-09T02:44:36.052+0000] {connection.py:234} WARNING - Connection schemes (type: google_cloud_platform) shall not contain '_' according to RFC3986.
[2026-02-09T02:44:36.052+0000] {base.py:83} INFO - Using connection ID 'google_cloud_default' for task execution.
[2026-02-09T02:44:36.053+0000] {credentials_provider.py:353} INFO - Getting connection using `google.auth.default()` since no explicit credentials are provided.
[2026-02-09T02:44:36.095+0000] {sql.py:450} INFO - Running statement: 
                    SELECT COUNT(*) > 0
                    FROM `prism-486509.bronze.users`
                , parameters: None
[2026-02-09T02:44:36.095+0000] {bigquery.py:1596} INFO - Inserting job ***_1770605076095525_a0648cca82d3d4d414dea190aa1507d5
[2026-02-09T02:44:37.003+0000] {sql.py:788} INFO - Record: [True]
[2026-02-09T02:44:37.004+0000] {sql.py:796} INFO - Success.
[2026-02-09T02:44:37.013+0000] {taskinstance.py:1138} INFO - Marking task as SUCCESS. dag_id=ecommerce_etl_v2, task_id=bronze_layer.check_users_loaded, execution_date=20260208T020000, start_date=20260209T024435, end_date=20260209T024437
[2026-02-09T02:44:37.033+0000] {local_task_job_runner.py:234} INFO - Task exited with return code 0
[2026-02-09T02:44:37.043+0000] {taskinstance.py:3280} INFO - 0 downstream tasks scheduled from follow-on schedule check
[2026-02-09T09:46:24.763+0000] {taskinstance.py:1956} INFO - Dependencies all met for dep_context=non-requeueable deps ti=<TaskInstance: ecommerce_etl_v2.bronze_layer.check_users_loaded scheduled__2026-02-08T02:00:00+00:00 [queued]>
[2026-02-09T09:46:24.769+0000] {taskinstance.py:1956} INFO - Dependencies all met for dep_context=requeueable deps ti=<TaskInstance: ecommerce_etl_v2.bronze_layer.check_users_loaded scheduled__2026-02-08T02:00:00+00:00 [queued]>
[2026-02-09T09:46:24.769+0000] {taskinstance.py:2170} INFO - Starting attempt 1 of 3
[2026-02-09T09:46:24.776+0000] {taskinstance.py:2191} INFO - Executing <Task(BigQueryCheckOperator): bronze_layer.check_users_loaded> on 2026-02-08 02:00:00+00:00
[2026-02-09T09:46:24.779+0000] {standard_task_runner.py:60} INFO - Started process 19532 to run task
[2026-02-09T09:46:24.781+0000] {standard_task_runner.py:87} INFO - Running: ['***', 'tasks', 'run', 'ecommerce_etl_v2', 'bronze_layer.check_users_loaded', 'scheduled__2026-02-08T02:00:00+00:00', '--job-id', '1631', '--raw', '--subdir', 'DAGS_FOLDER/etl_dag.py', '--cfg-path', '/tmp/tmpbiw7if04']
[2026-02-09T09:46:24.783+0000] {standard_task_runner.py:88} INFO - Job 1631: Subtask bronze_layer.check_users_loaded
[2026-02-09T09:46:24.807+0000] {task_command.py:423} INFO - Running <TaskInstance: ecommerce_etl_v2.bronze_layer.check_users_loaded scheduled__2026-02-08T02:00:00+00:00 [running]> on host 707cd2e8ef6b
[2026-02-09T09:46:24.850+0000] {taskinstance.py:2480} INFO - Exporting env vars: AIRFLOW_CTX_DAG_EMAIL='data-team@company.com' AIRFLOW_CTX_DAG_OWNER='data_engineering' AIRFLOW_CTX_DAG_ID='ecommerce_etl_v2' AIRFLOW_CTX_TASK_ID='bronze_layer.check_users_loaded' AIRFLOW_CTX_EXECUTION_DATE='2026-02-08T02:00:00+00:00' AIRFLOW_CTX_TRY_NUMBER='1' AIRFLOW_CTX_DAG_RUN_ID='scheduled__2026-02-08T02:00:00+00:00'
[2026-02-09T09:46:24.850+0000] {sql.py:785} INFO - Executing SQL check: 
                    SELECT COUNT(*) > 0
                    FROM `prism-486509.bronze.users`
                
[2026-02-09T09:46:24.855+0000] {connection.py:234} WARNING - Connection schemes (type: google_cloud_platform) shall not contain '_' according to RFC3986.
[2026-02-09T09:46:24.855+0000] {base.py:83} INFO - Using connection ID 'google_cloud_default' for task execution.
[2026-02-09T09:46:24.855+0000] {credentials_provider.py:353} INFO - Getting connection using `google.auth.default()` since no explicit credentials are provided.
[2026-02-09T09:46:24.897+0000] {sql.py:450} INFO - Running statement: 
                    SELECT COUNT(*) > 0
                    FROM `prism-486509.bronze.users`
                , parameters: None
[2026-02-09T09:46:24.897+0000] {bigquery.py:1596} INFO - Inserting job ***_1770630384897502_a0648cca82d3d4d414dea190aa1507d5
[2026-02-09T09:46:25.985+0000] {sql.py:788} INFO - Record: [True]
[2026-02-09T09:46:25.985+0000] {sql.py:796} INFO - Success.
[2026-02-09T09:46:25.991+0000] {taskinstance.py:1138} INFO - Marking task as SUCCESS. dag_id=ecommerce_etl_v2, task_id=bronze_layer.check_users_loaded, execution_date=20260208T020000, start_date=20260209T094624, end_date=20260209T094625
[2026-02-09T09:46:26.030+0000] {local_task_job_runner.py:234} INFO - Task exited with return code 0
[2026-02-09T09:46:26.041+0000] {taskinstance.py:3280} INFO - 0 downstream tasks scheduled from follow-on schedule check
[2026-02-09T10:07:01.248+0000] {taskinstance.py:1956} INFO - Dependencies all met for dep_context=non-requeueable deps ti=<TaskInstance: ecommerce_etl_v2.bronze_layer.check_users_loaded scheduled__2026-02-08T02:00:00+00:00 [queued]>
[2026-02-09T10:07:01.255+0000] {taskinstance.py:1956} INFO - Dependencies all met for dep_context=requeueable deps ti=<TaskInstance: ecommerce_etl_v2.bronze_layer.check_users_loaded scheduled__2026-02-08T02:00:00+00:00 [queued]>
[2026-02-09T10:07:01.256+0000] {taskinstance.py:2170} INFO - Starting attempt 1 of 3
[2026-02-09T10:07:01.262+0000] {taskinstance.py:2191} INFO - Executing <Task(BigQueryCheckOperator): bronze_layer.check_users_loaded> on 2026-02-08 02:00:00+00:00
[2026-02-09T10:07:01.265+0000] {standard_task_runner.py:60} INFO - Started process 23924 to run task
[2026-02-09T10:07:01.267+0000] {standard_task_runner.py:87} INFO - Running: ['***', 'tasks', 'run', 'ecommerce_etl_v2', 'bronze_layer.check_users_loaded', 'scheduled__2026-02-08T02:00:00+00:00', '--job-id', '1737', '--raw', '--subdir', 'DAGS_FOLDER/etl_dag.py', '--cfg-path', '/tmp/tmp80wkz0z2']
[2026-02-09T10:07:01.269+0000] {standard_task_runner.py:88} INFO - Job 1737: Subtask bronze_layer.check_users_loaded
[2026-02-09T10:07:01.294+0000] {task_command.py:423} INFO - Running <TaskInstance: ecommerce_etl_v2.bronze_layer.check_users_loaded scheduled__2026-02-08T02:00:00+00:00 [running]> on host 707cd2e8ef6b
[2026-02-09T10:07:01.330+0000] {taskinstance.py:2480} INFO - Exporting env vars: AIRFLOW_CTX_DAG_EMAIL='data-team@company.com' AIRFLOW_CTX_DAG_OWNER='data_engineering' AIRFLOW_CTX_DAG_ID='ecommerce_etl_v2' AIRFLOW_CTX_TASK_ID='bronze_layer.check_users_loaded' AIRFLOW_CTX_EXECUTION_DATE='2026-02-08T02:00:00+00:00' AIRFLOW_CTX_TRY_NUMBER='1' AIRFLOW_CTX_DAG_RUN_ID='scheduled__2026-02-08T02:00:00+00:00'
[2026-02-09T10:07:01.331+0000] {sql.py:785} INFO - Executing SQL check: 
                    SELECT COUNT(*) > 0
                    FROM `prism-486509.bronze.users`
                
[2026-02-09T10:07:01.335+0000] {connection.py:234} WARNING - Connection schemes (type: google_cloud_platform) shall not contain '_' according to RFC3986.
[2026-02-09T10:07:01.335+0000] {base.py:83} INFO - Using connection ID 'google_cloud_default' for task execution.
[2026-02-09T10:07:01.335+0000] {credentials_provider.py:353} INFO - Getting connection using `google.auth.default()` since no explicit credentials are provided.
[2026-02-09T10:07:01.378+0000] {sql.py:450} INFO - Running statement: 
                    SELECT COUNT(*) > 0
                    FROM `prism-486509.bronze.users`
                , parameters: None
[2026-02-09T10:07:01.378+0000] {bigquery.py:1596} INFO - Inserting job ***_1770631621378597_a0648cca82d3d4d414dea190aa1507d5
[2026-02-09T10:07:02.471+0000] {sql.py:788} INFO - Record: [True]
[2026-02-09T10:07:02.472+0000] {sql.py:796} INFO - Success.
[2026-02-09T10:07:02.487+0000] {taskinstance.py:1138} INFO - Marking task as SUCCESS. dag_id=ecommerce_etl_v2, task_id=bronze_layer.check_users_loaded, execution_date=20260208T020000, start_date=20260209T100701, end_date=20260209T100702
[2026-02-09T10:07:02.519+0000] {local_task_job_runner.py:234} INFO - Task exited with return code 0
[2026-02-09T10:07:02.532+0000] {taskinstance.py:3280} INFO - 0 downstream tasks scheduled from follow-on schedule check
