[2026-02-10T10:10:10.381+0000] {taskinstance.py:1956} INFO - Dependencies all met for dep_context=non-requeueable deps ti=<TaskInstance: ecommerce_etl_v2.load_orders manual__2026-02-10T10:00:49.771923+00:00 [queued]>
[2026-02-10T10:10:10.385+0000] {taskinstance.py:1956} INFO - Dependencies all met for dep_context=requeueable deps ti=<TaskInstance: ecommerce_etl_v2.load_orders manual__2026-02-10T10:00:49.771923+00:00 [queued]>
[2026-02-10T10:10:10.386+0000] {taskinstance.py:2170} INFO - Starting attempt 3 of 4
[2026-02-10T10:10:10.391+0000] {taskinstance.py:2191} INFO - Executing <Task(PythonOperator): load_orders> on 2026-02-10 10:00:49.771923+00:00
[2026-02-10T10:10:10.395+0000] {standard_task_runner.py:60} INFO - Started process 40994 to run task
[2026-02-10T10:10:10.397+0000] {standard_task_runner.py:87} INFO - Running: ['***', 'tasks', 'run', 'ecommerce_etl_v2', 'load_orders', 'manual__2026-02-10T10:00:49.771923+00:00', '--job-id', '1030', '--raw', '--subdir', 'DAGS_FOLDER/etl_dag.py', '--cfg-path', '/tmp/tmpfy6i4ark']
[2026-02-10T10:10:10.398+0000] {standard_task_runner.py:88} INFO - Job 1030: Subtask load_orders
[2026-02-10T10:10:10.419+0000] {task_command.py:423} INFO - Running <TaskInstance: ecommerce_etl_v2.load_orders manual__2026-02-10T10:00:49.771923+00:00 [running]> on host 8e292c18926b
[2026-02-10T10:10:10.449+0000] {taskinstance.py:2480} INFO - Exporting env vars: AIRFLOW_CTX_DAG_EMAIL='data-team@company.com' AIRFLOW_CTX_DAG_OWNER='data_engineering' AIRFLOW_CTX_DAG_ID='ecommerce_etl_v2' AIRFLOW_CTX_TASK_ID='load_orders' AIRFLOW_CTX_EXECUTION_DATE='2026-02-10T10:00:49.771923+00:00' AIRFLOW_CTX_TRY_NUMBER='3' AIRFLOW_CTX_DAG_RUN_ID='manual__2026-02-10T10:00:49.771923+00:00'
[2026-02-10T10:10:10.488+0000] {taskinstance.py:2698} ERROR - Task failed with exception
Traceback (most recent call last):
  File "/home/airflow/.local/lib/python3.8/site-packages/airflow/models/taskinstance.py", line 433, in _execute_task
    result = execute_callable(context=context, **execute_callable_kwargs)
  File "/home/airflow/.local/lib/python3.8/site-packages/airflow/operators/python.py", line 199, in execute
    return_value = self.execute_callable()
  File "/home/airflow/.local/lib/python3.8/site-packages/airflow/operators/python.py", line 216, in execute_callable
    return self.python_callable(*self.op_args, **self.op_kwargs)
  File "/opt/airflow/dags/etl_dag.py", line 79, in load_bronze_with_ingestion_date
    with open(yaml_path) as f:
FileNotFoundError: [Errno 2] No such file or directory: '/config/tables.yml'
[2026-02-10T10:10:10.492+0000] {taskinstance.py:1138} INFO - Marking task as UP_FOR_RETRY. dag_id=ecommerce_etl_v2, task_id=load_orders, execution_date=20260210T100049, start_date=20260210T101010, end_date=20260210T101010
[2026-02-10T10:10:10.498+0000] {standard_task_runner.py:107} ERROR - Failed to execute job 1030 for task load_orders ([Errno 2] No such file or directory: '/config/tables.yml'; 40994)
[2026-02-10T10:10:10.546+0000] {local_task_job_runner.py:234} INFO - Task exited with return code 1
[2026-02-10T10:10:10.570+0000] {taskinstance.py:3280} INFO - 0 downstream tasks scheduled from follow-on schedule check
