[2026-02-09T20:10:24.162+0000] {taskinstance.py:1956} INFO - Dependencies all met for dep_context=non-requeueable deps ti=<TaskInstance: ecommerce_etl_v2.gold_layer.load_fact_order_items manual__2026-02-09T17:45:55.901922+00:00 [queued]>
[2026-02-09T20:10:24.169+0000] {taskinstance.py:1956} INFO - Dependencies all met for dep_context=requeueable deps ti=<TaskInstance: ecommerce_etl_v2.gold_layer.load_fact_order_items manual__2026-02-09T17:45:55.901922+00:00 [queued]>
[2026-02-09T20:10:24.169+0000] {taskinstance.py:2170} INFO - Starting attempt 10 of 11
[2026-02-09T20:10:24.175+0000] {taskinstance.py:2191} INFO - Executing <Task(BigQueryInsertJobOperator): gold_layer.load_fact_order_items> on 2026-02-09 17:45:55.901922+00:00
[2026-02-09T20:10:24.179+0000] {standard_task_runner.py:60} INFO - Started process 23602 to run task
[2026-02-09T20:10:24.181+0000] {standard_task_runner.py:87} INFO - Running: ['***', 'tasks', 'run', 'ecommerce_etl_v2', 'gold_layer.load_fact_order_items', 'manual__2026-02-09T17:45:55.901922+00:00', '--job-id', '425', '--raw', '--subdir', 'DAGS_FOLDER/etl_dag.py', '--cfg-path', '/tmp/tmpzawavv_m']
[2026-02-09T20:10:24.182+0000] {standard_task_runner.py:88} INFO - Job 425: Subtask gold_layer.load_fact_order_items
[2026-02-09T20:10:24.208+0000] {task_command.py:423} INFO - Running <TaskInstance: ecommerce_etl_v2.gold_layer.load_fact_order_items manual__2026-02-09T17:45:55.901922+00:00 [running]> on host 5d242a8c4230
[2026-02-09T20:10:24.248+0000] {taskinstance.py:2480} INFO - Exporting env vars: AIRFLOW_CTX_DAG_EMAIL='data-team@company.com' AIRFLOW_CTX_DAG_OWNER='data_engineering' AIRFLOW_CTX_DAG_ID='ecommerce_etl_v2' AIRFLOW_CTX_TASK_ID='gold_layer.load_fact_order_items' AIRFLOW_CTX_EXECUTION_DATE='2026-02-09T17:45:55.901922+00:00' AIRFLOW_CTX_TRY_NUMBER='10' AIRFLOW_CTX_DAG_RUN_ID='manual__2026-02-09T17:45:55.901922+00:00'
[2026-02-09T20:10:24.253+0000] {connection.py:234} WARNING - Connection schemes (type: google_cloud_platform) shall not contain '_' according to RFC3986.
[2026-02-09T20:10:24.253+0000] {base.py:83} INFO - Using connection ID 'google_cloud_default' for task execution.
[2026-02-09T20:10:24.254+0000] {credentials_provider.py:353} INFO - Getting connection using `google.auth.default()` since no explicit credentials are provided.
[2026-02-09T20:10:24.293+0000] {bigquery.py:2807} INFO - Executing: {'query': {'query': 'SELECT\n  -- Surrogate Primary Key for fact_order_items\n  GENERATE_UUID() AS order_item_key,\n\n  -- Foreign Keys from Dimension Tables\n  o.order_key,\n  u.user_key,\n  p.product_key,\n  os.order_status_key,\n  dd_created.date_key AS created_at_key,\n  dd_shipped.date_key AS shipped_at_key,\n  dd_delivered.date_key AS delivered_at_key,\n  dd_returned.date_key AS returned_at_key,\n\n  -- Fact Measures from silver.order_items\n  oi.quantity,\n  oi.product_cost,\n  oi.product_retail_price,\n  oi.revenue,\n  oi.margin,\n  oi.is_fully_completed,\n  oi.was_returned\n\nFROM\n  `prism-486509.silver.order_items` AS oi\n\n-- Join with dim_orders to get order_key\nLEFT JOIN\n  `prism-486509.gold.fact_orders` AS o\n  ON oi.order_id = o.order_id  -- Assuming order_id is the natural key in silver\n-- ✅ FIX 1: CAST user_id\nLEFT JOIN `prism-486509.gold.dim_users` AS u\n  ON CAST(oi.user_id AS STRING) = u.user_id\n\n-- ✅ FIX 2: CAST product_id\nLEFT JOIN `prism-486509.gold.dim_products` AS p\n  ON CAST(oi.product_id AS STRING) = p.product_id\n\n-- Join with dim_order_status to get order_status_key\nLEFT JOIN\n  `prism-486509.gold.dim_order_status` AS os\n  ON oi.order_status = os.order_status  -- Assuming order_status is the natural key\n\n-- Join with dim_date for created_at_key\nLEFT JOIN\n  `prism-486509.gold.dim_date` AS dd_created\n  ON DATE(oi.created_at) = dd_created.full_date\n\n-- Join with dim_date for shipped_at_key\nLEFT JOIN\n  `prism-486509.gold.dim_date` AS dd_shipped\n  ON DATE(oi.shipped_date) = dd_shipped.full_date\n\n-- Join with dim_date for delivered_at_key\nLEFT JOIN\n  `prism-486509.gold.dim_date` AS dd_delivered\n  ON DATE(oi.delivered_date) = dd_delivered.full_date\n\n-- Join with dim_date for returned_at_key\nLEFT JOIN\n  `prism-486509.gold.dim_date` AS dd_returned\n  ON DATE(oi.returned_date) = dd_returned.full_date;', 'useLegacySql': False, 'destinationTable': {'projectId': 'prism-486509', 'datasetId': 'gold', 'tableId': 'fact_order_items'}, 'writeDisposition': 'WRITE_TRUNCATE'}}'
[2026-02-09T20:10:24.294+0000] {bigquery.py:1596} INFO - Inserting job ***_ecommerce_etl_v2_gold_layer_load_fact_order_items_2026_02_09T17_45_55_901922_00_00_6aa37a155be20b56f6c1dc2907787239
[2026-02-09T20:10:25.090+0000] {taskinstance.py:2698} ERROR - Task failed with exception
Traceback (most recent call last):
  File "/home/airflow/.local/lib/python3.8/site-packages/airflow/models/taskinstance.py", line 433, in _execute_task
    result = execute_callable(context=context, **execute_callable_kwargs)
  File "/home/airflow/.local/lib/python3.8/site-packages/airflow/providers/google/cloud/operators/bigquery.py", line 2864, in execute
    job.result(timeout=self.result_timeout, retry=self.result_retry)
  File "/home/airflow/.local/lib/python3.8/site-packages/google/cloud/bigquery/job/query.py", line 1595, in result
    do_get_result()
  File "/home/airflow/.local/lib/python3.8/site-packages/google/cloud/bigquery/job/query.py", line 1584, in do_get_result
    super(QueryJob, self).result(retry=retry, timeout=timeout)
  File "/home/airflow/.local/lib/python3.8/site-packages/google/cloud/bigquery/job/base.py", line 971, in result
    return super(_AsyncJob, self).result(timeout=timeout, **kwargs)
  File "/home/airflow/.local/lib/python3.8/site-packages/google/api_core/future/polling.py", line 261, in result
    raise self._exception
google.api_core.exceptions.BadRequest: 400 No matching signature for operator = for argument types: INT64, STRING
  Signature: T1 = T1
    Unable to find common supertype for templated argument <T1>
      Input types for <T1>: {INT64, STRING} at [30:6]; reason: invalidQuery, location: query, message: No matching signature for operator = for argument types: INT64, STRING
  Signature: T1 = T1
    Unable to find common supertype for templated argument <T1>
      Input types for <T1>: {INT64, STRING} at [30:6]

Location: europe-west1
Job ID: airflow_ecommerce_etl_v2_gold_layer_load_fact_order_items_2026_02_09T17_45_55_901922_00_00_6aa37a155be20b56f6c1dc2907787239

[2026-02-09T20:10:25.098+0000] {taskinstance.py:1138} INFO - Marking task as UP_FOR_RETRY. dag_id=ecommerce_etl_v2, task_id=gold_layer.load_fact_order_items, execution_date=20260209T174555, start_date=20260209T201024, end_date=20260209T201025
[2026-02-09T20:10:25.106+0000] {standard_task_runner.py:107} ERROR - Failed to execute job 425 for task gold_layer.load_fact_order_items (400 No matching signature for operator = for argument types: INT64, STRING
  Signature: T1 = T1
    Unable to find common supertype for templated argument <T1>
      Input types for <T1>: {INT64, STRING} at [30:6]; reason: invalidQuery, location: query, message: No matching signature for operator = for argument types: INT64, STRING
  Signature: T1 = T1
    Unable to find common supertype for templated argument <T1>
      Input types for <T1>: {INT64, STRING} at [30:6]

Location: europe-west1
Job ID: airflow_ecommerce_etl_v2_gold_layer_load_fact_order_items_2026_02_09T17_45_55_901922_00_00_6aa37a155be20b56f6c1dc2907787239
; 23602)
[2026-02-09T20:10:25.142+0000] {local_task_job_runner.py:234} INFO - Task exited with return code 1
[2026-02-09T20:10:25.159+0000] {taskinstance.py:3280} INFO - 0 downstream tasks scheduled from follow-on schedule check
