[2026-02-09T18:46:58.978+0000] {taskinstance.py:1956} INFO - Dependencies all met for dep_context=non-requeueable deps ti=<TaskInstance: ecommerce_etl_v2.gold_layer.load_fact_order_items manual__2026-02-09T17:45:55.901922+00:00 [queued]>
[2026-02-09T18:46:58.984+0000] {taskinstance.py:1956} INFO - Dependencies all met for dep_context=requeueable deps ti=<TaskInstance: ecommerce_etl_v2.gold_layer.load_fact_order_items manual__2026-02-09T17:45:55.901922+00:00 [queued]>
[2026-02-09T18:46:58.984+0000] {taskinstance.py:2170} INFO - Starting attempt 2 of 4
[2026-02-09T18:46:58.991+0000] {taskinstance.py:2191} INFO - Executing <Task(BigQueryInsertJobOperator): gold_layer.load_fact_order_items> on 2026-02-09 17:45:55.901922+00:00
[2026-02-09T18:46:58.994+0000] {standard_task_runner.py:60} INFO - Started process 16694 to run task
[2026-02-09T18:46:58.997+0000] {standard_task_runner.py:87} INFO - Running: ['***', 'tasks', 'run', 'ecommerce_etl_v2', 'gold_layer.load_fact_order_items', 'manual__2026-02-09T17:45:55.901922+00:00', '--job-id', '344', '--raw', '--subdir', 'DAGS_FOLDER/etl_dag.py', '--cfg-path', '/tmp/tmpeohma13f']
[2026-02-09T18:46:58.998+0000] {standard_task_runner.py:88} INFO - Job 344: Subtask gold_layer.load_fact_order_items
[2026-02-09T18:46:59.021+0000] {task_command.py:423} INFO - Running <TaskInstance: ecommerce_etl_v2.gold_layer.load_fact_order_items manual__2026-02-09T17:45:55.901922+00:00 [running]> on host 5d242a8c4230
[2026-02-09T18:46:59.052+0000] {taskinstance.py:2480} INFO - Exporting env vars: AIRFLOW_CTX_DAG_EMAIL='data-team@company.com' AIRFLOW_CTX_DAG_OWNER='data_engineering' AIRFLOW_CTX_DAG_ID='ecommerce_etl_v2' AIRFLOW_CTX_TASK_ID='gold_layer.load_fact_order_items' AIRFLOW_CTX_EXECUTION_DATE='2026-02-09T17:45:55.901922+00:00' AIRFLOW_CTX_TRY_NUMBER='2' AIRFLOW_CTX_DAG_RUN_ID='manual__2026-02-09T17:45:55.901922+00:00'
[2026-02-09T18:46:59.056+0000] {connection.py:234} WARNING - Connection schemes (type: google_cloud_platform) shall not contain '_' according to RFC3986.
[2026-02-09T18:46:59.057+0000] {base.py:83} INFO - Using connection ID 'google_cloud_default' for task execution.
[2026-02-09T18:46:59.057+0000] {credentials_provider.py:353} INFO - Getting connection using `google.auth.default()` since no explicit credentials are provided.
[2026-02-09T18:46:59.096+0000] {bigquery.py:2807} INFO - Executing: {'query': {'query': "\nSELECT\n  -- Surrogate Primary Key for fact_order_items\n  GENERATE_UUID() AS order_items_key,\n\n  -- Foreign Keys from Dimension Tables\n  -- Assuming silver.order_items has natural keys that link to dimensions\n  o.order_key,\n  u.user_key,\n  p.product_key,\n  os.order_status_key,\n  dd_order.date_key AS order_date_key,\n  dd_shipped.date_key AS shipped_date_key,\n  dd_delivered.date_key AS delivered_date_key,\n  dd_returned.date_key AS returned_date_key,\n\n  -- Measure Fields (Facts) from silver.order_items\n--   oi.quantity,\n--   oi.product_cost,\n--   oi.product_retail_price,\n--   oi.revenue,\n--   oi.margin\noi.is_fully_completed,\noi.was_returned\n\nFROM\n  `prism-486509.silver.order_items` AS oi\n\n-- Join with dim_orders to get order_key\n\n-- Join with dim_users to get user_key\nLEFT JOIN\n  `prism-486509.gold.dim_users` AS u\n  ON oi.user_id = u.user_id -- Assuming 'user_id' is the natural key in silver.order_items\n\n-- Join with dim_products to get product_key\nLEFT JOIN\n  `prism-486509.gold.dim_products` AS p\n  ON oi.product_id = p.product_id -- Assuming 'product_id' is the natural key in silver.order_items\n\n\n\n\n-- Join with dim_date for shipped_date_key\nLEFT JOIN\n  `prism-486509.gold.dim_date` AS dd_shipped\n  ON DATE(oi.shipped_date) = dd_shipped.full_date -- Assuming 'shipped_date' is a timestamp/datetime in silver\n\n-- Join with dim_date for delivered_date_key\nLEFT JOIN\n  `prism-486509.gold.dim_date` AS dd_delivered\n  ON DATE(oi.delivered_date) = dd_delivered.full_date -- Assuming 'delivered_date' is a timestamp/datetime in silver\n\n-- Join with dim_date for returned_date_key\nLEFT JOIN\n  `prism-486509.gold.dim_date` AS dd_returned\n  ON DATE(oi.returned_date) = dd_returned.full_date -- Assuming 'returned_date' is a timestamp/datetime in silver\n;", 'useLegacySql': False, 'destinationTable': {'projectId': 'prism-486509', 'datasetId': 'gold', 'tableId': 'fact_order_items'}, 'writeDisposition': 'WRITE_TRUNCATE'}}'
[2026-02-09T18:46:59.096+0000] {bigquery.py:1596} INFO - Inserting job ***_ecommerce_etl_v2_gold_layer_load_fact_order_items_2026_02_09T17_45_55_901922_00_00_e5318c4fd2c752ba2034dac1c6157783
[2026-02-09T18:46:59.756+0000] {taskinstance.py:2698} ERROR - Task failed with exception
Traceback (most recent call last):
  File "/home/airflow/.local/lib/python3.8/site-packages/airflow/models/taskinstance.py", line 433, in _execute_task
    result = execute_callable(context=context, **execute_callable_kwargs)
  File "/home/airflow/.local/lib/python3.8/site-packages/airflow/providers/google/cloud/operators/bigquery.py", line 2864, in execute
    job.result(timeout=self.result_timeout, retry=self.result_retry)
  File "/home/airflow/.local/lib/python3.8/site-packages/google/cloud/bigquery/job/query.py", line 1595, in result
    do_get_result()
  File "/home/airflow/.local/lib/python3.8/site-packages/google/cloud/bigquery/job/query.py", line 1584, in do_get_result
    super(QueryJob, self).result(retry=retry, timeout=timeout)
  File "/home/airflow/.local/lib/python3.8/site-packages/google/cloud/bigquery/job/base.py", line 971, in result
    return super(_AsyncJob, self).result(timeout=timeout, **kwargs)
  File "/home/airflow/.local/lib/python3.8/site-packages/google/api_core/future/polling.py", line 261, in result
    raise self._exception
google.api_core.exceptions.BadRequest: 400 Name shipped_date not found inside oi at [47:14]; reason: invalidQuery, location: query, message: Name shipped_date not found inside oi at [47:14]

Location: europe-west1
Job ID: airflow_ecommerce_etl_v2_gold_layer_load_fact_order_items_2026_02_09T17_45_55_901922_00_00_e5318c4fd2c752ba2034dac1c6157783

[2026-02-09T18:46:59.763+0000] {taskinstance.py:1138} INFO - Marking task as UP_FOR_RETRY. dag_id=ecommerce_etl_v2, task_id=gold_layer.load_fact_order_items, execution_date=20260209T174555, start_date=20260209T184658, end_date=20260209T184659
[2026-02-09T18:46:59.771+0000] {standard_task_runner.py:107} ERROR - Failed to execute job 344 for task gold_layer.load_fact_order_items (400 Name shipped_date not found inside oi at [47:14]; reason: invalidQuery, location: query, message: Name shipped_date not found inside oi at [47:14]

Location: europe-west1
Job ID: airflow_ecommerce_etl_v2_gold_layer_load_fact_order_items_2026_02_09T17_45_55_901922_00_00_e5318c4fd2c752ba2034dac1c6157783
; 16694)
[2026-02-09T18:46:59.796+0000] {local_task_job_runner.py:234} INFO - Task exited with return code 1
[2026-02-09T18:46:59.812+0000] {taskinstance.py:3280} INFO - 0 downstream tasks scheduled from follow-on schedule check
