[2026-02-09T18:43:55.375+0000] {taskinstance.py:1956} INFO - Dependencies all met for dep_context=non-requeueable deps ti=<TaskInstance: ecommerce_etl_v2.gold_layer.load_fact_order_items manual__2026-02-09T17:45:55.901922+00:00 [queued]>
[2026-02-09T18:43:55.381+0000] {taskinstance.py:1956} INFO - Dependencies all met for dep_context=requeueable deps ti=<TaskInstance: ecommerce_etl_v2.gold_layer.load_fact_order_items manual__2026-02-09T17:45:55.901922+00:00 [queued]>
[2026-02-09T18:43:55.381+0000] {taskinstance.py:2170} INFO - Starting attempt 1 of 3
[2026-02-09T18:43:55.387+0000] {taskinstance.py:2191} INFO - Executing <Task(BigQueryInsertJobOperator): gold_layer.load_fact_order_items> on 2026-02-09 17:45:55.901922+00:00
[2026-02-09T18:43:55.390+0000] {standard_task_runner.py:60} INFO - Started process 16189 to run task
[2026-02-09T18:43:55.392+0000] {standard_task_runner.py:87} INFO - Running: ['***', 'tasks', 'run', 'ecommerce_etl_v2', 'gold_layer.load_fact_order_items', 'manual__2026-02-09T17:45:55.901922+00:00', '--job-id', '333', '--raw', '--subdir', 'DAGS_FOLDER/etl_dag.py', '--cfg-path', '/tmp/tmp0gw4hoam']
[2026-02-09T18:43:55.394+0000] {standard_task_runner.py:88} INFO - Job 333: Subtask gold_layer.load_fact_order_items
[2026-02-09T18:43:55.418+0000] {task_command.py:423} INFO - Running <TaskInstance: ecommerce_etl_v2.gold_layer.load_fact_order_items manual__2026-02-09T17:45:55.901922+00:00 [running]> on host 5d242a8c4230
[2026-02-09T18:43:55.449+0000] {taskinstance.py:2480} INFO - Exporting env vars: AIRFLOW_CTX_DAG_EMAIL='data-team@company.com' AIRFLOW_CTX_DAG_OWNER='data_engineering' AIRFLOW_CTX_DAG_ID='ecommerce_etl_v2' AIRFLOW_CTX_TASK_ID='gold_layer.load_fact_order_items' AIRFLOW_CTX_EXECUTION_DATE='2026-02-09T17:45:55.901922+00:00' AIRFLOW_CTX_TRY_NUMBER='1' AIRFLOW_CTX_DAG_RUN_ID='manual__2026-02-09T17:45:55.901922+00:00'
[2026-02-09T18:43:55.453+0000] {connection.py:234} WARNING - Connection schemes (type: google_cloud_platform) shall not contain '_' according to RFC3986.
[2026-02-09T18:43:55.453+0000] {base.py:83} INFO - Using connection ID 'google_cloud_default' for task execution.
[2026-02-09T18:43:55.453+0000] {credentials_provider.py:353} INFO - Getting connection using `google.auth.default()` since no explicit credentials are provided.
[2026-02-09T18:43:55.492+0000] {bigquery.py:2807} INFO - Executing: {'query': {'query': 'SELECT\n    GENERATE_UUID() AS order_item_key,  -- UUID surrogate key\n    order_id,\n    user_key,\n    product_key,\n    order_status_key,\n    order_date_key,\n    shipped_date_key,\n    delivered_date_key,\n    returned_date_key,\n    quantity,\n    product_cost,\n    product_retail_price,\n    (quantity * product_retail_price) AS revenue,      -- revenue calculation\n    (quantity * (product_retail_price - product_cost)) AS margin  -- margin calculation\nFROM STG_ORDER_ITEMS;', 'useLegacySql': False, 'destinationTable': {'projectId': 'prism-486509', 'datasetId': 'gold', 'tableId': 'fact_order_items'}, 'writeDisposition': 'WRITE_TRUNCATE'}}'
[2026-02-09T18:43:55.492+0000] {bigquery.py:1596} INFO - Inserting job ***_ecommerce_etl_v2_gold_layer_load_fact_order_items_2026_02_09T17_45_55_901922_00_00_e94c5274f05f895263d6c4a28f93d682
[2026-02-09T18:43:55.799+0000] {taskinstance.py:2698} ERROR - Task failed with exception
Traceback (most recent call last):
  File "/home/airflow/.local/lib/python3.8/site-packages/airflow/models/taskinstance.py", line 433, in _execute_task
    result = execute_callable(context=context, **execute_callable_kwargs)
  File "/home/airflow/.local/lib/python3.8/site-packages/airflow/providers/google/cloud/operators/bigquery.py", line 2864, in execute
    job.result(timeout=self.result_timeout, retry=self.result_retry)
  File "/home/airflow/.local/lib/python3.8/site-packages/google/cloud/bigquery/job/query.py", line 1595, in result
    do_get_result()
  File "/home/airflow/.local/lib/python3.8/site-packages/google/cloud/bigquery/job/query.py", line 1584, in do_get_result
    super(QueryJob, self).result(retry=retry, timeout=timeout)
  File "/home/airflow/.local/lib/python3.8/site-packages/google/cloud/bigquery/job/base.py", line 971, in result
    return super(_AsyncJob, self).result(timeout=timeout, **kwargs)
  File "/home/airflow/.local/lib/python3.8/site-packages/google/api_core/future/polling.py", line 261, in result
    raise self._exception
google.api_core.exceptions.BadRequest: 400 Table "STG_ORDER_ITEMS" must be qualified with a dataset (e.g. dataset.table).; reason: invalid, location: STG_ORDER_ITEMS, message: Table "STG_ORDER_ITEMS" must be qualified with a dataset (e.g. dataset.table).

Location: europe-west1
Job ID: airflow_ecommerce_etl_v2_gold_layer_load_fact_order_items_2026_02_09T17_45_55_901922_00_00_e94c5274f05f895263d6c4a28f93d682

[2026-02-09T18:43:55.805+0000] {taskinstance.py:1138} INFO - Marking task as UP_FOR_RETRY. dag_id=ecommerce_etl_v2, task_id=gold_layer.load_fact_order_items, execution_date=20260209T174555, start_date=20260209T184355, end_date=20260209T184355
[2026-02-09T18:43:55.811+0000] {standard_task_runner.py:107} ERROR - Failed to execute job 333 for task gold_layer.load_fact_order_items (400 Table "STG_ORDER_ITEMS" must be qualified with a dataset (e.g. dataset.table).; reason: invalid, location: STG_ORDER_ITEMS, message: Table "STG_ORDER_ITEMS" must be qualified with a dataset (e.g. dataset.table).

Location: europe-west1
Job ID: airflow_ecommerce_etl_v2_gold_layer_load_fact_order_items_2026_02_09T17_45_55_901922_00_00_e94c5274f05f895263d6c4a28f93d682
; 16189)
[2026-02-09T18:43:55.828+0000] {local_task_job_runner.py:234} INFO - Task exited with return code 1
[2026-02-09T18:43:55.842+0000] {taskinstance.py:3280} INFO - 0 downstream tasks scheduled from follow-on schedule check
