[2026-02-09T18:57:03.202+0000] {taskinstance.py:1956} INFO - Dependencies all met for dep_context=non-requeueable deps ti=<TaskInstance: ecommerce_etl_v2.gold_layer.load_fact_order_items manual__2026-02-09T17:45:55.901922+00:00 [queued]>
[2026-02-09T18:57:03.208+0000] {taskinstance.py:1956} INFO - Dependencies all met for dep_context=requeueable deps ti=<TaskInstance: ecommerce_etl_v2.gold_layer.load_fact_order_items manual__2026-02-09T17:45:55.901922+00:00 [queued]>
[2026-02-09T18:57:03.208+0000] {taskinstance.py:2170} INFO - Starting attempt 4 of 4
[2026-02-09T18:57:03.214+0000] {taskinstance.py:2191} INFO - Executing <Task(BigQueryInsertJobOperator): gold_layer.load_fact_order_items> on 2026-02-09 17:45:55.901922+00:00
[2026-02-09T18:57:03.221+0000] {standard_task_runner.py:60} INFO - Started process 17372 to run task
[2026-02-09T18:57:03.223+0000] {standard_task_runner.py:87} INFO - Running: ['***', 'tasks', 'run', 'ecommerce_etl_v2', 'gold_layer.load_fact_order_items', 'manual__2026-02-09T17:45:55.901922+00:00', '--job-id', '346', '--raw', '--subdir', 'DAGS_FOLDER/etl_dag.py', '--cfg-path', '/tmp/tmp3b_4nzjc']
[2026-02-09T18:57:03.225+0000] {standard_task_runner.py:88} INFO - Job 346: Subtask gold_layer.load_fact_order_items
[2026-02-09T18:57:03.249+0000] {task_command.py:423} INFO - Running <TaskInstance: ecommerce_etl_v2.gold_layer.load_fact_order_items manual__2026-02-09T17:45:55.901922+00:00 [running]> on host 5d242a8c4230
[2026-02-09T18:57:03.282+0000] {taskinstance.py:2480} INFO - Exporting env vars: AIRFLOW_CTX_DAG_EMAIL='data-team@company.com' AIRFLOW_CTX_DAG_OWNER='data_engineering' AIRFLOW_CTX_DAG_ID='ecommerce_etl_v2' AIRFLOW_CTX_TASK_ID='gold_layer.load_fact_order_items' AIRFLOW_CTX_EXECUTION_DATE='2026-02-09T17:45:55.901922+00:00' AIRFLOW_CTX_TRY_NUMBER='4' AIRFLOW_CTX_DAG_RUN_ID='manual__2026-02-09T17:45:55.901922+00:00'
[2026-02-09T18:57:03.286+0000] {connection.py:234} WARNING - Connection schemes (type: google_cloud_platform) shall not contain '_' according to RFC3986.
[2026-02-09T18:57:03.287+0000] {base.py:83} INFO - Using connection ID 'google_cloud_default' for task execution.
[2026-02-09T18:57:03.287+0000] {credentials_provider.py:353} INFO - Getting connection using `google.auth.default()` since no explicit credentials are provided.
[2026-02-09T18:57:03.326+0000] {bigquery.py:2807} INFO - Executing: {'query': {'query': "\nSELECT\n  -- Surrogate Primary Key for fact_order_items\n  GENERATE_UUID() AS order_items_key,\n\n  -- Foreign Keys from Dimension Tables\n  -- Assuming silver.order_items has natural keys that link to dimensions\n  o.order_key,\n  u.user_key,\n  p.product_key,\n  os.order_status_key,\n  dd_order.date_key AS order_date_key,\n  dd_shipped.date_key AS shipped_date_key,\n  dd_delivered.date_key AS delivered_date_key,\n  dd_returned.date_key AS returned_date_key,\n\n  -- Measure Fields (Facts) from silver.order_items\n--   oi.quantity,\n--   oi.product_cost,\n--   oi.product_retail_price,\n--   oi.revenue,\n--   oi.margin\noi.is_fully_completed,\noi.was_returned\n\nFROM\n  `prism-486509.silver.order_items` AS oi\n\n-- Join with dim_orders to get order_key\n\n-- Join with dim_users to get user_key\nLEFT JOIN\n  `prism-486509.gold.dim_users` AS u\n  ON oi.user_id = u.user_id -- Assuming 'user_id' is the natural key in silver.order_items\n\n-- Join with dim_products to get product_key\nLEFT JOIN\n  `prism-486509.gold.dim_products` AS p\n  ON oi.product_id = p.product_id -- Assuming 'product_id' is the natural key in silver.order_items\n\n\n\n\n-- Join with dim_date for shipped_date_key\nLEFT JOIN\n  `prism-486509.gold.dim_date` AS dd_shipped\n  ON DATE(oi.shipped_date) = dd_shipped.full_date -- Assuming 'shipped_date' is a timestamp/datetime in silver\n\n-- Join with dim_date for delivered_date_key\nLEFT JOIN\n  `prism-486509.gold.dim_date` AS dd_delivered\n  ON DATE(oi.delivered_date) = dd_delivered.full_date -- Assuming 'delivered_date' is a timestamp/datetime in silver\n\n-- Join with dim_date for returned_date_key\nLEFT JOIN\n  `prism-486509.gold.dim_date` AS dd_returned\n  ON DATE(oi.returned_date) = dd_returned.full_date -- Assuming 'returned_date' is a timestamp/datetime in silver\n;", 'useLegacySql': False, 'destinationTable': {'projectId': 'prism-486509', 'datasetId': 'gold', 'tableId': 'fact_order_items'}, 'writeDisposition': 'WRITE_TRUNCATE'}}'
[2026-02-09T18:57:03.326+0000] {bigquery.py:1596} INFO - Inserting job ***_ecommerce_etl_v2_gold_layer_load_fact_order_items_2026_02_09T17_45_55_901922_00_00_476623a6829908c71d01be702318788b
[2026-02-09T18:57:04.185+0000] {taskinstance.py:2698} ERROR - Task failed with exception
Traceback (most recent call last):
  File "/home/airflow/.local/lib/python3.8/site-packages/airflow/models/taskinstance.py", line 433, in _execute_task
    result = execute_callable(context=context, **execute_callable_kwargs)
  File "/home/airflow/.local/lib/python3.8/site-packages/airflow/providers/google/cloud/operators/bigquery.py", line 2864, in execute
    job.result(timeout=self.result_timeout, retry=self.result_retry)
  File "/home/airflow/.local/lib/python3.8/site-packages/google/cloud/bigquery/job/query.py", line 1595, in result
    do_get_result()
  File "/home/airflow/.local/lib/python3.8/site-packages/google/cloud/bigquery/job/query.py", line 1584, in do_get_result
    super(QueryJob, self).result(retry=retry, timeout=timeout)
  File "/home/airflow/.local/lib/python3.8/site-packages/google/cloud/bigquery/job/base.py", line 971, in result
    return super(_AsyncJob, self).result(timeout=timeout, **kwargs)
  File "/home/airflow/.local/lib/python3.8/site-packages/google/api_core/future/polling.py", line 261, in result
    raise self._exception
google.api_core.exceptions.BadRequest: 400 Name shipped_date not found inside oi at [47:14]; reason: invalidQuery, location: query, message: Name shipped_date not found inside oi at [47:14]

Location: europe-west1
Job ID: airflow_ecommerce_etl_v2_gold_layer_load_fact_order_items_2026_02_09T17_45_55_901922_00_00_476623a6829908c71d01be702318788b

[2026-02-09T18:57:04.197+0000] {taskinstance.py:1138} INFO - Marking task as FAILED. dag_id=ecommerce_etl_v2, task_id=gold_layer.load_fact_order_items, execution_date=20260209T174555, start_date=20260209T185703, end_date=20260209T185704
[2026-02-09T18:57:04.207+0000] {logging_mixin.py:188} WARNING - /home/***/.local/lib/python3.8/site-packages/***/utils/email.py:154 RemovedInAirflow3Warning: Fetching SMTP credentials from configuration variables will be deprecated in a future release. Please set credentials using a connection instead.
[2026-02-09T18:57:04.207+0000] {configuration.py:1046} WARNING - section/key [smtp/smtp_user] not found in config
[2026-02-09T18:57:04.207+0000] {email.py:270} INFO - Email alerting: attempt 1
[2026-02-09T18:57:04.211+0000] {configuration.py:1046} WARNING - section/key [smtp/smtp_user] not found in config
[2026-02-09T18:57:04.212+0000] {email.py:270} INFO - Email alerting: attempt 1
[2026-02-09T18:57:04.212+0000] {taskinstance.py:826} ERROR - Failed to send email to: ['data-team@company.com']
Traceback (most recent call last):
  File "/home/airflow/.local/lib/python3.8/site-packages/airflow/models/taskinstance.py", line 2334, in _run_raw_task
    self._execute_task_with_callbacks(context, test_mode, session=session)
  File "/home/airflow/.local/lib/python3.8/site-packages/airflow/models/taskinstance.py", line 2499, in _execute_task_with_callbacks
    result = self._execute_task(context, task_orig)
  File "/home/airflow/.local/lib/python3.8/site-packages/airflow/models/taskinstance.py", line 2516, in _execute_task
    return _execute_task(self, context, task_orig)
  File "/home/airflow/.local/lib/python3.8/site-packages/airflow/models/taskinstance.py", line 433, in _execute_task
    result = execute_callable(context=context, **execute_callable_kwargs)
  File "/home/airflow/.local/lib/python3.8/site-packages/airflow/providers/google/cloud/operators/bigquery.py", line 2864, in execute
    job.result(timeout=self.result_timeout, retry=self.result_retry)
  File "/home/airflow/.local/lib/python3.8/site-packages/google/cloud/bigquery/job/query.py", line 1595, in result
    do_get_result()
  File "/home/airflow/.local/lib/python3.8/site-packages/google/cloud/bigquery/job/query.py", line 1584, in do_get_result
    super(QueryJob, self).result(retry=retry, timeout=timeout)
  File "/home/airflow/.local/lib/python3.8/site-packages/google/cloud/bigquery/job/base.py", line 971, in result
    return super(_AsyncJob, self).result(timeout=timeout, **kwargs)
  File "/home/airflow/.local/lib/python3.8/site-packages/google/api_core/future/polling.py", line 261, in result
    raise self._exception
google.api_core.exceptions.BadRequest: 400 Name shipped_date not found inside oi at [47:14]; reason: invalidQuery, location: query, message: Name shipped_date not found inside oi at [47:14]

Location: europe-west1
Job ID: airflow_ecommerce_etl_v2_gold_layer_load_fact_order_items_2026_02_09T17_45_55_901922_00_00_476623a6829908c71d01be702318788b


During handling of the above exception, another exception occurred:

Traceback (most recent call last):
  File "/home/airflow/.local/lib/python3.8/site-packages/airflow/models/taskinstance.py", line 1000, in _email_alert
    send_email(task.email, subject, html_content)
  File "/home/airflow/.local/lib/python3.8/site-packages/airflow/utils/email.py", line 80, in send_email
    return backend(
  File "/home/airflow/.local/lib/python3.8/site-packages/airflow/utils/email.py", line 154, in send_email_smtp
    send_mime_email(e_from=mail_from, e_to=recipients, mime_msg=msg, conn_id=conn_id, dryrun=dryrun)
  File "/home/airflow/.local/lib/python3.8/site-packages/airflow/utils/email.py", line 272, in send_mime_email
    smtp_conn = _get_smtp_connection(smtp_host, smtp_port, smtp_timeout, smtp_ssl)
  File "/home/airflow/.local/lib/python3.8/site-packages/airflow/utils/email.py", line 316, in _get_smtp_connection
    return smtplib.SMTP(host=host, port=port, timeout=timeout)
  File "/usr/local/lib/python3.8/smtplib.py", line 255, in __init__
    (code, msg) = self.connect(host, port)
  File "/usr/local/lib/python3.8/smtplib.py", line 339, in connect
    self.sock = self._get_socket(host, port, self.timeout)
  File "/usr/local/lib/python3.8/smtplib.py", line 310, in _get_socket
    return socket.create_connection((host, port), timeout,
  File "/usr/local/lib/python3.8/socket.py", line 808, in create_connection
    raise err
  File "/usr/local/lib/python3.8/socket.py", line 796, in create_connection
    sock.connect(sa)
ConnectionRefusedError: [Errno 111] Connection refused

During handling of the above exception, another exception occurred:

Traceback (most recent call last):
  File "/home/airflow/.local/lib/python3.8/site-packages/airflow/models/taskinstance.py", line 824, in _handle_failure
    task_instance.email_alert(error, failure_context["task"])
  File "/home/airflow/.local/lib/python3.8/site-packages/airflow/models/taskinstance.py", line 2946, in email_alert
    _email_alert(task_instance=self, exception=exception, task=task)
  File "/home/airflow/.local/lib/python3.8/site-packages/airflow/models/taskinstance.py", line 1002, in _email_alert
    send_email(task.email, subject, html_content_err)
  File "/home/airflow/.local/lib/python3.8/site-packages/airflow/utils/email.py", line 80, in send_email
    return backend(
  File "/home/airflow/.local/lib/python3.8/site-packages/airflow/utils/email.py", line 154, in send_email_smtp
    send_mime_email(e_from=mail_from, e_to=recipients, mime_msg=msg, conn_id=conn_id, dryrun=dryrun)
  File "/home/airflow/.local/lib/python3.8/site-packages/airflow/utils/email.py", line 272, in send_mime_email
    smtp_conn = _get_smtp_connection(smtp_host, smtp_port, smtp_timeout, smtp_ssl)
  File "/home/airflow/.local/lib/python3.8/site-packages/airflow/utils/email.py", line 316, in _get_smtp_connection
    return smtplib.SMTP(host=host, port=port, timeout=timeout)
  File "/usr/local/lib/python3.8/smtplib.py", line 255, in __init__
    (code, msg) = self.connect(host, port)
  File "/usr/local/lib/python3.8/smtplib.py", line 339, in connect
    self.sock = self._get_socket(host, port, self.timeout)
  File "/usr/local/lib/python3.8/smtplib.py", line 310, in _get_socket
    return socket.create_connection((host, port), timeout,
  File "/usr/local/lib/python3.8/socket.py", line 808, in create_connection
    raise err
  File "/usr/local/lib/python3.8/socket.py", line 796, in create_connection
    sock.connect(sa)
ConnectionRefusedError: [Errno 111] Connection refused
[2026-02-09T18:57:04.222+0000] {standard_task_runner.py:107} ERROR - Failed to execute job 346 for task gold_layer.load_fact_order_items (400 Name shipped_date not found inside oi at [47:14]; reason: invalidQuery, location: query, message: Name shipped_date not found inside oi at [47:14]

Location: europe-west1
Job ID: airflow_ecommerce_etl_v2_gold_layer_load_fact_order_items_2026_02_09T17_45_55_901922_00_00_476623a6829908c71d01be702318788b
; 17372)
[2026-02-09T18:57:04.240+0000] {local_task_job_runner.py:234} INFO - Task exited with return code 1
[2026-02-09T18:57:04.253+0000] {taskinstance.py:3280} INFO - 0 downstream tasks scheduled from follow-on schedule check
