[2026-02-08T22:37:24.694+0000] {taskinstance.py:1956} INFO - Dependencies all met for dep_context=non-requeueable deps ti=<TaskInstance: ecommerce_etl_v2.silver_layer.transform_orders manual__2026-02-08T21:48:44.938383+00:00 [queued]>
[2026-02-08T22:37:24.699+0000] {taskinstance.py:1956} INFO - Dependencies all met for dep_context=requeueable deps ti=<TaskInstance: ecommerce_etl_v2.silver_layer.transform_orders manual__2026-02-08T21:48:44.938383+00:00 [queued]>
[2026-02-08T22:37:24.699+0000] {taskinstance.py:2170} INFO - Starting attempt 4 of 4
[2026-02-08T22:37:24.704+0000] {taskinstance.py:2191} INFO - Executing <Task(BigQueryInsertJobOperator): silver_layer.transform_orders> on 2026-02-08 21:48:44.938383+00:00
[2026-02-08T22:37:24.708+0000] {standard_task_runner.py:60} INFO - Started process 23464 to run task
[2026-02-08T22:37:24.711+0000] {standard_task_runner.py:87} INFO - Running: ['***', 'tasks', 'run', 'ecommerce_etl_v2', 'silver_layer.transform_orders', 'manual__2026-02-08T21:48:44.938383+00:00', '--job-id', '1000', '--raw', '--subdir', 'DAGS_FOLDER/etl_dag.py', '--cfg-path', '/tmp/tmpjge8dql3']
[2026-02-08T22:37:24.714+0000] {standard_task_runner.py:88} INFO - Job 1000: Subtask silver_layer.transform_orders
[2026-02-08T22:37:24.748+0000] {task_command.py:423} INFO - Running <TaskInstance: ecommerce_etl_v2.silver_layer.transform_orders manual__2026-02-08T21:48:44.938383+00:00 [running]> on host 52b3fbe2fc57
[2026-02-08T22:37:24.790+0000] {taskinstance.py:2480} INFO - Exporting env vars: AIRFLOW_CTX_DAG_EMAIL='data-team@company.com' AIRFLOW_CTX_DAG_OWNER='data_engineering' AIRFLOW_CTX_DAG_ID='ecommerce_etl_v2' AIRFLOW_CTX_TASK_ID='silver_layer.transform_orders' AIRFLOW_CTX_EXECUTION_DATE='2026-02-08T21:48:44.938383+00:00' AIRFLOW_CTX_TRY_NUMBER='4' AIRFLOW_CTX_DAG_RUN_ID='manual__2026-02-08T21:48:44.938383+00:00'
[2026-02-08T22:37:24.794+0000] {connection.py:234} WARNING - Connection schemes (type: google_cloud_platform) shall not contain '_' according to RFC3986.
[2026-02-08T22:37:24.795+0000] {base.py:83} INFO - Using connection ID 'google_cloud_default' for task execution.
[2026-02-08T22:37:24.795+0000] {credentials_provider.py:353} INFO - Getting connection using `google.auth.default()` since no explicit credentials are provided.
[2026-02-08T22:37:24.836+0000] {bigquery.py:2807} INFO - Executing: {'query': {'query': "SELECT\n    order_id,\n    user_id,\n    status,\n    CAST(gender AS STRING) AS gender,\n    -- Convert created_at from STRING to TIMESTAMP and format\n    FORMAT_TIMESTAMP('%Y-%m-%d %H:%M:%S', TIMESTAMP(created_at)) AS created_at,\n    \n    -- Handle other timestamp columns, allow NULLs\n    CASE \n        WHEN returned_at IS NOT NULL THEN FORMAT_TIMESTAMP('%Y-%m-%d %H:%M:%S', TIMESTAMP(returned_at))\n        ELSE NULL\n    END AS returned_at,\n    \n    CASE \n        WHEN shipped_at IS NOT NULL THEN FORMAT_TIMESTAMP('%Y-%m-%d %H:%M:%S', TIMESTAMP(shipped_at))\n        ELSE NULL\n    END AS shipped_at,\n    \n    CASE \n        WHEN delivered_at IS NOT NULL THEN FORMAT_TIMESTAMP('%Y-%m-%d %H:%M:%S', TIMESTAMP(delivered_at))\n        ELSE NULL\n    END AS delivered_at,\n    \n    num_of_item\n\nFROM `bronze.orders`;", 'useLegacySql': False, 'destinationTable': {'projectId': 'prism-486509', 'datasetId': 'silver', 'tableId': 'orders', 'writeDisposition': 'WRITE_TRUNCATE', 'createDisposition': 'CREATE_IF_NEEDED'}, 'queryParameters': [{'name': 'run_date', 'parameterType': {'type': 'DATE'}, 'parameterValue': {'value': '2026-02-08'}}]}}'
[2026-02-08T22:37:24.837+0000] {bigquery.py:1596} INFO - Inserting job ***_ecommerce_etl_v2_silver_layer_transform_orders_2026_02_08T21_48_44_938383_00_00_bba00d11be11103b9fb14f5d1abe02ac
[2026-02-08T22:37:25.718+0000] {taskinstance.py:2698} ERROR - Task failed with exception
Traceback (most recent call last):
  File "/home/airflow/.local/lib/python3.8/site-packages/airflow/models/taskinstance.py", line 433, in _execute_task
    result = execute_callable(context=context, **execute_callable_kwargs)
  File "/home/airflow/.local/lib/python3.8/site-packages/airflow/providers/google/cloud/operators/bigquery.py", line 2864, in execute
    job.result(timeout=self.result_timeout, retry=self.result_retry)
  File "/home/airflow/.local/lib/python3.8/site-packages/google/cloud/bigquery/job/query.py", line 1595, in result
    do_get_result()
  File "/home/airflow/.local/lib/python3.8/site-packages/google/cloud/bigquery/job/query.py", line 1584, in do_get_result
    super(QueryJob, self).result(retry=retry, timeout=timeout)
  File "/home/airflow/.local/lib/python3.8/site-packages/google/cloud/bigquery/job/base.py", line 971, in result
    return super(_AsyncJob, self).result(timeout=timeout, **kwargs)
  File "/home/airflow/.local/lib/python3.8/site-packages/google/api_core/future/polling.py", line 261, in result
    raise self._exception
google.api_core.exceptions.BadRequest: 400 The field specified for DAY partitioning can only be of type TIMESTAMP, DATETIME or DATE. The type found is: STRING.; reason: invalidQuery, location: query, message: The field specified for DAY partitioning can only be of type TIMESTAMP, DATETIME or DATE. The type found is: STRING.

Location: europe-west1
Job ID: airflow_ecommerce_etl_v2_silver_layer_transform_orders_2026_02_08T21_48_44_938383_00_00_bba00d11be11103b9fb14f5d1abe02ac

[2026-02-08T22:37:25.734+0000] {taskinstance.py:1138} INFO - Marking task as FAILED. dag_id=ecommerce_etl_v2, task_id=silver_layer.transform_orders, execution_date=20260208T214844, start_date=20260208T223724, end_date=20260208T223725
[2026-02-08T22:37:25.755+0000] {logging_mixin.py:188} WARNING - /home/***/.local/lib/python3.8/site-packages/***/utils/email.py:154 RemovedInAirflow3Warning: Fetching SMTP credentials from configuration variables will be deprecated in a future release. Please set credentials using a connection instead.
[2026-02-08T22:37:25.756+0000] {configuration.py:1046} WARNING - section/key [smtp/smtp_user] not found in config
[2026-02-08T22:37:25.756+0000] {email.py:270} INFO - Email alerting: attempt 1
[2026-02-08T22:37:25.764+0000] {configuration.py:1046} WARNING - section/key [smtp/smtp_user] not found in config
[2026-02-08T22:37:25.765+0000] {email.py:270} INFO - Email alerting: attempt 1
[2026-02-08T22:37:25.766+0000] {taskinstance.py:826} ERROR - Failed to send email to: ['data-team@company.com']
Traceback (most recent call last):
  File "/home/airflow/.local/lib/python3.8/site-packages/airflow/models/taskinstance.py", line 2334, in _run_raw_task
    self._execute_task_with_callbacks(context, test_mode, session=session)
  File "/home/airflow/.local/lib/python3.8/site-packages/airflow/models/taskinstance.py", line 2499, in _execute_task_with_callbacks
    result = self._execute_task(context, task_orig)
  File "/home/airflow/.local/lib/python3.8/site-packages/airflow/models/taskinstance.py", line 2516, in _execute_task
    return _execute_task(self, context, task_orig)
  File "/home/airflow/.local/lib/python3.8/site-packages/airflow/models/taskinstance.py", line 433, in _execute_task
    result = execute_callable(context=context, **execute_callable_kwargs)
  File "/home/airflow/.local/lib/python3.8/site-packages/airflow/providers/google/cloud/operators/bigquery.py", line 2864, in execute
    job.result(timeout=self.result_timeout, retry=self.result_retry)
  File "/home/airflow/.local/lib/python3.8/site-packages/google/cloud/bigquery/job/query.py", line 1595, in result
    do_get_result()
  File "/home/airflow/.local/lib/python3.8/site-packages/google/cloud/bigquery/job/query.py", line 1584, in do_get_result
    super(QueryJob, self).result(retry=retry, timeout=timeout)
  File "/home/airflow/.local/lib/python3.8/site-packages/google/cloud/bigquery/job/base.py", line 971, in result
    return super(_AsyncJob, self).result(timeout=timeout, **kwargs)
  File "/home/airflow/.local/lib/python3.8/site-packages/google/api_core/future/polling.py", line 261, in result
    raise self._exception
google.api_core.exceptions.BadRequest: 400 The field specified for DAY partitioning can only be of type TIMESTAMP, DATETIME or DATE. The type found is: STRING.; reason: invalidQuery, location: query, message: The field specified for DAY partitioning can only be of type TIMESTAMP, DATETIME or DATE. The type found is: STRING.

Location: europe-west1
Job ID: airflow_ecommerce_etl_v2_silver_layer_transform_orders_2026_02_08T21_48_44_938383_00_00_bba00d11be11103b9fb14f5d1abe02ac


During handling of the above exception, another exception occurred:

Traceback (most recent call last):
  File "/home/airflow/.local/lib/python3.8/site-packages/airflow/models/taskinstance.py", line 1000, in _email_alert
    send_email(task.email, subject, html_content)
  File "/home/airflow/.local/lib/python3.8/site-packages/airflow/utils/email.py", line 80, in send_email
    return backend(
  File "/home/airflow/.local/lib/python3.8/site-packages/airflow/utils/email.py", line 154, in send_email_smtp
    send_mime_email(e_from=mail_from, e_to=recipients, mime_msg=msg, conn_id=conn_id, dryrun=dryrun)
  File "/home/airflow/.local/lib/python3.8/site-packages/airflow/utils/email.py", line 272, in send_mime_email
    smtp_conn = _get_smtp_connection(smtp_host, smtp_port, smtp_timeout, smtp_ssl)
  File "/home/airflow/.local/lib/python3.8/site-packages/airflow/utils/email.py", line 316, in _get_smtp_connection
    return smtplib.SMTP(host=host, port=port, timeout=timeout)
  File "/usr/local/lib/python3.8/smtplib.py", line 255, in __init__
    (code, msg) = self.connect(host, port)
  File "/usr/local/lib/python3.8/smtplib.py", line 339, in connect
    self.sock = self._get_socket(host, port, self.timeout)
  File "/usr/local/lib/python3.8/smtplib.py", line 310, in _get_socket
    return socket.create_connection((host, port), timeout,
  File "/usr/local/lib/python3.8/socket.py", line 808, in create_connection
    raise err
  File "/usr/local/lib/python3.8/socket.py", line 796, in create_connection
    sock.connect(sa)
ConnectionRefusedError: [Errno 111] Connection refused

During handling of the above exception, another exception occurred:

Traceback (most recent call last):
  File "/home/airflow/.local/lib/python3.8/site-packages/airflow/models/taskinstance.py", line 824, in _handle_failure
    task_instance.email_alert(error, failure_context["task"])
  File "/home/airflow/.local/lib/python3.8/site-packages/airflow/models/taskinstance.py", line 2946, in email_alert
    _email_alert(task_instance=self, exception=exception, task=task)
  File "/home/airflow/.local/lib/python3.8/site-packages/airflow/models/taskinstance.py", line 1002, in _email_alert
    send_email(task.email, subject, html_content_err)
  File "/home/airflow/.local/lib/python3.8/site-packages/airflow/utils/email.py", line 80, in send_email
    return backend(
  File "/home/airflow/.local/lib/python3.8/site-packages/airflow/utils/email.py", line 154, in send_email_smtp
    send_mime_email(e_from=mail_from, e_to=recipients, mime_msg=msg, conn_id=conn_id, dryrun=dryrun)
  File "/home/airflow/.local/lib/python3.8/site-packages/airflow/utils/email.py", line 272, in send_mime_email
    smtp_conn = _get_smtp_connection(smtp_host, smtp_port, smtp_timeout, smtp_ssl)
  File "/home/airflow/.local/lib/python3.8/site-packages/airflow/utils/email.py", line 316, in _get_smtp_connection
    return smtplib.SMTP(host=host, port=port, timeout=timeout)
  File "/usr/local/lib/python3.8/smtplib.py", line 255, in __init__
    (code, msg) = self.connect(host, port)
  File "/usr/local/lib/python3.8/smtplib.py", line 339, in connect
    self.sock = self._get_socket(host, port, self.timeout)
  File "/usr/local/lib/python3.8/smtplib.py", line 310, in _get_socket
    return socket.create_connection((host, port), timeout,
  File "/usr/local/lib/python3.8/socket.py", line 808, in create_connection
    raise err
  File "/usr/local/lib/python3.8/socket.py", line 796, in create_connection
    sock.connect(sa)
ConnectionRefusedError: [Errno 111] Connection refused
[2026-02-08T22:37:25.781+0000] {standard_task_runner.py:107} ERROR - Failed to execute job 1000 for task silver_layer.transform_orders (400 The field specified for DAY partitioning can only be of type TIMESTAMP, DATETIME or DATE. The type found is: STRING.; reason: invalidQuery, location: query, message: The field specified for DAY partitioning can only be of type TIMESTAMP, DATETIME or DATE. The type found is: STRING.

Location: europe-west1
Job ID: airflow_ecommerce_etl_v2_silver_layer_transform_orders_2026_02_08T21_48_44_938383_00_00_bba00d11be11103b9fb14f5d1abe02ac
; 23464)
[2026-02-08T22:37:25.792+0000] {local_task_job_runner.py:234} INFO - Task exited with return code 1
[2026-02-08T22:37:25.803+0000] {taskinstance.py:3280} INFO - 0 downstream tasks scheduled from follow-on schedule check
