[2026-02-09T02:35:46.794+0000] {taskinstance.py:1956} INFO - Dependencies all met for dep_context=non-requeueable deps ti=<TaskInstance: ecommerce_etl_v2.silver_setup.create_silver_users scheduled__2026-02-08T02:00:00+00:00 [queued]>
[2026-02-09T02:35:46.799+0000] {taskinstance.py:1956} INFO - Dependencies all met for dep_context=requeueable deps ti=<TaskInstance: ecommerce_etl_v2.silver_setup.create_silver_users scheduled__2026-02-08T02:00:00+00:00 [queued]>
[2026-02-09T02:35:46.800+0000] {taskinstance.py:2170} INFO - Starting attempt 1 of 3
[2026-02-09T02:35:46.807+0000] {taskinstance.py:2191} INFO - Executing <Task(BigQueryCreateEmptyTableOperator): silver_setup.create_silver_users> on 2026-02-08 02:00:00+00:00
[2026-02-09T02:35:46.811+0000] {standard_task_runner.py:60} INFO - Started process 8281 to run task
[2026-02-09T02:35:46.813+0000] {standard_task_runner.py:87} INFO - Running: ['***', 'tasks', 'run', 'ecommerce_etl_v2', 'silver_setup.create_silver_users', 'scheduled__2026-02-08T02:00:00+00:00', '--job-id', '1422', '--raw', '--subdir', 'DAGS_FOLDER/etl_dag.py', '--cfg-path', '/tmp/tmpxr2c25y1']
[2026-02-09T02:35:46.815+0000] {standard_task_runner.py:88} INFO - Job 1422: Subtask silver_setup.create_silver_users
[2026-02-09T02:35:46.843+0000] {task_command.py:423} INFO - Running <TaskInstance: ecommerce_etl_v2.silver_setup.create_silver_users scheduled__2026-02-08T02:00:00+00:00 [running]> on host 707cd2e8ef6b
[2026-02-09T02:35:46.885+0000] {taskinstance.py:2480} INFO - Exporting env vars: AIRFLOW_CTX_DAG_EMAIL='data-team@company.com' AIRFLOW_CTX_DAG_OWNER='data_engineering' AIRFLOW_CTX_DAG_ID='ecommerce_etl_v2' AIRFLOW_CTX_TASK_ID='silver_setup.create_silver_users' AIRFLOW_CTX_EXECUTION_DATE='2026-02-08T02:00:00+00:00' AIRFLOW_CTX_TRY_NUMBER='1' AIRFLOW_CTX_DAG_RUN_ID='scheduled__2026-02-08T02:00:00+00:00'
[2026-02-09T02:35:46.890+0000] {connection.py:234} WARNING - Connection schemes (type: google_cloud_platform) shall not contain '_' according to RFC3986.
[2026-02-09T02:35:46.891+0000] {base.py:83} INFO - Using connection ID 'google_cloud_default' for task execution.
[2026-02-09T02:35:46.891+0000] {bigquery.py:1514} INFO - Creating table
[2026-02-09T02:35:46.892+0000] {credentials_provider.py:353} INFO - Getting connection using `google.auth.default()` since no explicit credentials are provided.
[2026-02-09T02:35:47.351+0000] {bigquery.py:1536} INFO - Table prism-486509.silver.users created successfully
[2026-02-09T02:35:47.362+0000] {taskinstance.py:1138} INFO - Marking task as SUCCESS. dag_id=ecommerce_etl_v2, task_id=silver_setup.create_silver_users, execution_date=20260208T020000, start_date=20260209T023546, end_date=20260209T023547
[2026-02-09T02:35:47.406+0000] {local_task_job_runner.py:234} INFO - Task exited with return code 0
[2026-02-09T02:35:47.416+0000] {taskinstance.py:3280} INFO - 0 downstream tasks scheduled from follow-on schedule check
[2026-02-09T09:42:40.832+0000] {taskinstance.py:1956} INFO - Dependencies all met for dep_context=non-requeueable deps ti=<TaskInstance: ecommerce_etl_v2.silver_setup.create_silver_users scheduled__2026-02-08T02:00:00+00:00 [queued]>
[2026-02-09T09:42:40.845+0000] {taskinstance.py:1956} INFO - Dependencies all met for dep_context=requeueable deps ti=<TaskInstance: ecommerce_etl_v2.silver_setup.create_silver_users scheduled__2026-02-08T02:00:00+00:00 [queued]>
[2026-02-09T09:42:40.846+0000] {taskinstance.py:2170} INFO - Starting attempt 1 of 3
[2026-02-09T09:42:40.874+0000] {taskinstance.py:2191} INFO - Executing <Task(BigQueryCreateEmptyTableOperator): silver_setup.create_silver_users> on 2026-02-08 02:00:00+00:00
[2026-02-09T09:42:40.878+0000] {standard_task_runner.py:60} INFO - Started process 18738 to run task
[2026-02-09T09:42:40.887+0000] {standard_task_runner.py:87} INFO - Running: ['***', 'tasks', 'run', 'ecommerce_etl_v2', 'silver_setup.create_silver_users', 'scheduled__2026-02-08T02:00:00+00:00', '--job-id', '1608', '--raw', '--subdir', 'DAGS_FOLDER/etl_dag.py', '--cfg-path', '/tmp/tmpk2ag86kz']
[2026-02-09T09:42:40.897+0000] {standard_task_runner.py:88} INFO - Job 1608: Subtask silver_setup.create_silver_users
[2026-02-09T09:42:40.988+0000] {task_command.py:423} INFO - Running <TaskInstance: ecommerce_etl_v2.silver_setup.create_silver_users scheduled__2026-02-08T02:00:00+00:00 [running]> on host 707cd2e8ef6b
[2026-02-09T09:42:41.082+0000] {taskinstance.py:2480} INFO - Exporting env vars: AIRFLOW_CTX_DAG_EMAIL='data-team@company.com' AIRFLOW_CTX_DAG_OWNER='data_engineering' AIRFLOW_CTX_DAG_ID='ecommerce_etl_v2' AIRFLOW_CTX_TASK_ID='silver_setup.create_silver_users' AIRFLOW_CTX_EXECUTION_DATE='2026-02-08T02:00:00+00:00' AIRFLOW_CTX_TRY_NUMBER='1' AIRFLOW_CTX_DAG_RUN_ID='scheduled__2026-02-08T02:00:00+00:00'
[2026-02-09T09:42:41.089+0000] {connection.py:234} WARNING - Connection schemes (type: google_cloud_platform) shall not contain '_' according to RFC3986.
[2026-02-09T09:42:41.092+0000] {base.py:83} INFO - Using connection ID 'google_cloud_default' for task execution.
[2026-02-09T09:42:41.092+0000] {bigquery.py:1514} INFO - Creating table
[2026-02-09T09:42:41.095+0000] {credentials_provider.py:353} INFO - Getting connection using `google.auth.default()` since no explicit credentials are provided.
[2026-02-09T09:42:41.577+0000] {bigquery.py:1536} INFO - Table prism-486509.silver.users created successfully
[2026-02-09T09:42:41.590+0000] {taskinstance.py:1138} INFO - Marking task as SUCCESS. dag_id=ecommerce_etl_v2, task_id=silver_setup.create_silver_users, execution_date=20260208T020000, start_date=20260209T094240, end_date=20260209T094241
[2026-02-09T09:42:41.602+0000] {local_task_job_runner.py:234} INFO - Task exited with return code 0
[2026-02-09T09:42:41.622+0000] {taskinstance.py:3280} INFO - 0 downstream tasks scheduled from follow-on schedule check
[2026-02-09T10:03:23.961+0000] {taskinstance.py:1956} INFO - Dependencies all met for dep_context=non-requeueable deps ti=<TaskInstance: ecommerce_etl_v2.silver_setup.create_silver_users scheduled__2026-02-08T02:00:00+00:00 [queued]>
[2026-02-09T10:03:23.978+0000] {taskinstance.py:1956} INFO - Dependencies all met for dep_context=requeueable deps ti=<TaskInstance: ecommerce_etl_v2.silver_setup.create_silver_users scheduled__2026-02-08T02:00:00+00:00 [queued]>
[2026-02-09T10:03:23.979+0000] {taskinstance.py:2170} INFO - Starting attempt 1 of 3
[2026-02-09T10:03:23.987+0000] {taskinstance.py:2191} INFO - Executing <Task(BigQueryCreateEmptyTableOperator): silver_setup.create_silver_users> on 2026-02-08 02:00:00+00:00
[2026-02-09T10:03:23.991+0000] {standard_task_runner.py:60} INFO - Started process 22921 to run task
[2026-02-09T10:03:23.996+0000] {standard_task_runner.py:87} INFO - Running: ['***', 'tasks', 'run', 'ecommerce_etl_v2', 'silver_setup.create_silver_users', 'scheduled__2026-02-08T02:00:00+00:00', '--job-id', '1702', '--raw', '--subdir', 'DAGS_FOLDER/etl_dag.py', '--cfg-path', '/tmp/tmpd2d93spt']
[2026-02-09T10:03:23.998+0000] {standard_task_runner.py:88} INFO - Job 1702: Subtask silver_setup.create_silver_users
[2026-02-09T10:03:24.055+0000] {task_command.py:423} INFO - Running <TaskInstance: ecommerce_etl_v2.silver_setup.create_silver_users scheduled__2026-02-08T02:00:00+00:00 [running]> on host 707cd2e8ef6b
[2026-02-09T10:03:24.140+0000] {taskinstance.py:2480} INFO - Exporting env vars: AIRFLOW_CTX_DAG_EMAIL='data-team@company.com' AIRFLOW_CTX_DAG_OWNER='data_engineering' AIRFLOW_CTX_DAG_ID='ecommerce_etl_v2' AIRFLOW_CTX_TASK_ID='silver_setup.create_silver_users' AIRFLOW_CTX_EXECUTION_DATE='2026-02-08T02:00:00+00:00' AIRFLOW_CTX_TRY_NUMBER='1' AIRFLOW_CTX_DAG_RUN_ID='scheduled__2026-02-08T02:00:00+00:00'
[2026-02-09T10:03:24.156+0000] {connection.py:234} WARNING - Connection schemes (type: google_cloud_platform) shall not contain '_' according to RFC3986.
[2026-02-09T10:03:24.159+0000] {base.py:83} INFO - Using connection ID 'google_cloud_default' for task execution.
[2026-02-09T10:03:24.162+0000] {bigquery.py:1514} INFO - Creating table
[2026-02-09T10:03:24.164+0000] {credentials_provider.py:353} INFO - Getting connection using `google.auth.default()` since no explicit credentials are provided.
[2026-02-09T10:03:24.770+0000] {bigquery.py:1536} INFO - Table prism-486509.silver.users created successfully
[2026-02-09T10:03:24.781+0000] {taskinstance.py:1138} INFO - Marking task as SUCCESS. dag_id=ecommerce_etl_v2, task_id=silver_setup.create_silver_users, execution_date=20260208T020000, start_date=20260209T100323, end_date=20260209T100324
[2026-02-09T10:03:24.793+0000] {local_task_job_runner.py:234} INFO - Task exited with return code 0
[2026-02-09T10:03:24.816+0000] {taskinstance.py:3280} INFO - 0 downstream tasks scheduled from follow-on schedule check
[2026-02-09T17:04:15.206+0000] {taskinstance.py:1956} INFO - Dependencies all met for dep_context=non-requeueable deps ti=<TaskInstance: ecommerce_etl_v2.silver_setup.create_silver_users scheduled__2026-02-08T02:00:00+00:00 [queued]>
[2026-02-09T17:04:15.216+0000] {taskinstance.py:1956} INFO - Dependencies all met for dep_context=requeueable deps ti=<TaskInstance: ecommerce_etl_v2.silver_setup.create_silver_users scheduled__2026-02-08T02:00:00+00:00 [queued]>
[2026-02-09T17:04:15.217+0000] {taskinstance.py:2170} INFO - Starting attempt 1 of 3
[2026-02-09T17:04:15.232+0000] {taskinstance.py:2191} INFO - Executing <Task(BigQueryCreateEmptyTableOperator): silver_setup.create_silver_users> on 2026-02-08 02:00:00+00:00
[2026-02-09T17:04:15.244+0000] {standard_task_runner.py:60} INFO - Started process 605 to run task
[2026-02-09T17:04:15.253+0000] {standard_task_runner.py:87} INFO - Running: ['***', 'tasks', 'run', 'ecommerce_etl_v2', 'silver_setup.create_silver_users', 'scheduled__2026-02-08T02:00:00+00:00', '--job-id', '6', '--raw', '--subdir', 'DAGS_FOLDER/etl_dag.py', '--cfg-path', '/tmp/tmp99d51jr2']
[2026-02-09T17:04:15.256+0000] {standard_task_runner.py:88} INFO - Job 6: Subtask silver_setup.create_silver_users
[2026-02-09T17:04:15.334+0000] {task_command.py:423} INFO - Running <TaskInstance: ecommerce_etl_v2.silver_setup.create_silver_users scheduled__2026-02-08T02:00:00+00:00 [running]> on host 5d242a8c4230
[2026-02-09T17:04:15.399+0000] {taskinstance.py:2480} INFO - Exporting env vars: AIRFLOW_CTX_DAG_EMAIL='data-team@company.com' AIRFLOW_CTX_DAG_OWNER='data_engineering' AIRFLOW_CTX_DAG_ID='ecommerce_etl_v2' AIRFLOW_CTX_TASK_ID='silver_setup.create_silver_users' AIRFLOW_CTX_EXECUTION_DATE='2026-02-08T02:00:00+00:00' AIRFLOW_CTX_TRY_NUMBER='1' AIRFLOW_CTX_DAG_RUN_ID='scheduled__2026-02-08T02:00:00+00:00'
[2026-02-09T17:04:15.410+0000] {connection.py:234} WARNING - Connection schemes (type: google_cloud_platform) shall not contain '_' according to RFC3986.
[2026-02-09T17:04:15.412+0000] {base.py:83} INFO - Using connection ID 'google_cloud_default' for task execution.
[2026-02-09T17:04:15.412+0000] {bigquery.py:1514} INFO - Creating table
[2026-02-09T17:04:15.413+0000] {credentials_provider.py:353} INFO - Getting connection using `google.auth.default()` since no explicit credentials are provided.
[2026-02-09T17:04:15.842+0000] {bigquery.py:1536} INFO - Table prism-486509.silver.users created successfully
[2026-02-09T17:04:15.855+0000] {taskinstance.py:1138} INFO - Marking task as SUCCESS. dag_id=ecommerce_etl_v2, task_id=silver_setup.create_silver_users, execution_date=20260208T020000, start_date=20260209T170415, end_date=20260209T170415
[2026-02-09T17:04:15.891+0000] {local_task_job_runner.py:234} INFO - Task exited with return code 0
[2026-02-09T17:04:15.950+0000] {taskinstance.py:3280} INFO - 0 downstream tasks scheduled from follow-on schedule check
