[2026-02-09T02:58:16.820+0000] {taskinstance.py:1956} INFO - Dependencies all met for dep_context=non-requeueable deps ti=<TaskInstance: ecommerce_etl_v2.gold_layer.load_dim_products scheduled__2026-02-08T02:00:00+00:00 [queued]>
[2026-02-09T02:58:16.825+0000] {taskinstance.py:1956} INFO - Dependencies all met for dep_context=requeueable deps ti=<TaskInstance: ecommerce_etl_v2.gold_layer.load_dim_products scheduled__2026-02-08T02:00:00+00:00 [queued]>
[2026-02-09T02:58:16.826+0000] {taskinstance.py:2170} INFO - Starting attempt 8 of 10
[2026-02-09T02:58:16.832+0000] {taskinstance.py:2191} INFO - Executing <Task(BigQueryInsertJobOperator): gold_layer.load_dim_products> on 2026-02-08 02:00:00+00:00
[2026-02-09T02:58:16.837+0000] {standard_task_runner.py:60} INFO - Started process 12270 to run task
[2026-02-09T02:58:16.839+0000] {standard_task_runner.py:87} INFO - Running: ['***', 'tasks', 'run', 'ecommerce_etl_v2', 'gold_layer.load_dim_products', 'scheduled__2026-02-08T02:00:00+00:00', '--job-id', '1510', '--raw', '--subdir', 'DAGS_FOLDER/etl_dag.py', '--cfg-path', '/tmp/tmpe2mp8y0k']
[2026-02-09T02:58:16.840+0000] {standard_task_runner.py:88} INFO - Job 1510: Subtask gold_layer.load_dim_products
[2026-02-09T02:58:16.866+0000] {task_command.py:423} INFO - Running <TaskInstance: ecommerce_etl_v2.gold_layer.load_dim_products scheduled__2026-02-08T02:00:00+00:00 [running]> on host 707cd2e8ef6b
[2026-02-09T02:58:16.910+0000] {taskinstance.py:2480} INFO - Exporting env vars: AIRFLOW_CTX_DAG_EMAIL='data-team@company.com' AIRFLOW_CTX_DAG_OWNER='data_engineering' AIRFLOW_CTX_DAG_ID='ecommerce_etl_v2' AIRFLOW_CTX_TASK_ID='gold_layer.load_dim_products' AIRFLOW_CTX_EXECUTION_DATE='2026-02-08T02:00:00+00:00' AIRFLOW_CTX_TRY_NUMBER='8' AIRFLOW_CTX_DAG_RUN_ID='scheduled__2026-02-08T02:00:00+00:00'
[2026-02-09T02:58:16.915+0000] {connection.py:234} WARNING - Connection schemes (type: google_cloud_platform) shall not contain '_' according to RFC3986.
[2026-02-09T02:58:16.916+0000] {base.py:83} INFO - Using connection ID 'google_cloud_default' for task execution.
[2026-02-09T02:58:16.916+0000] {credentials_provider.py:353} INFO - Getting connection using `google.auth.default()` since no explicit credentials are provided.
[2026-02-09T02:58:16.956+0000] {bigquery.py:2807} INFO - Executing: {'query': {'query': "MERGE `prism-486509.gold.dim_products` AS target\nUSING (\n  SELECT \n    product_id,\n    product_name,\n    brand,\n    category,\n    department,\n    sku,\n    retail_price,\n    distribution_center_key\n  FROM `prism-486509.bronze.products`\n) AS source\nON target.product_id = source.product_id \n   AND target.is_current = TRUE\n\n-- Expire changed records\nWHEN MATCHED AND (\n  target.product_name <> source.product_name OR\n  target.brand <> source.brand OR\n  target.category <> source.category OR\n  target.department <> source.department OR\n  target.sku <> source.sku OR\n  target.retail_price <> source.retail_price OR\n  IFNULL(target.distribution_center_key, 0) <> IFNULL(source.distribution_center_key, 0)\n) THEN\n  UPDATE SET \n    effective_to = CURRENT_DATE(),\n    is_current = FALSE\n\n-- Insert new products\nWHEN NOT MATCHED BY TARGET THEN\n  INSERT (\n    product_key,\n    product_id,\n    product_name,\n    brand,\n    category,\n    department,\n    sku,\n    retail_price,\n    distribution_center_key,\n    effective_from,\n    effective_to,\n    is_current\n  )\n  VALUES (\n    GENERATE_UUID(),\n    source.product_id,\n    source.product_name,\n    source.brand,\n    source.category,\n    source.department,\n    source.sku,\n    source.retail_price,\n    source.distribution_center_key,\n    CURRENT_DATE(),\n    DATE('9999-12-31'),\n    TRUE\n  );\n\n-- Then insert new versions of changed records\nINSERT INTO `prism-486509.gold.dim_products` (\n  product_key,\n  product_id,\n  product_name,\n  brand,\n  category,\n  department,\n  sku,\n  retail_price,\n  distribution_center_key,\n  effective_from,\n  effective_to,\n  is_current\n)\nSELECT\n  GENERATE_UUID(),\n  source.product_id,\n  source.product_name,\n  source.brand,\n  source.category,\n  source.department,\n  source.sku,\n  source.retail_price,\n  source.distribution_center_key,\n  CURRENT_DATE(),\n  DATE('9999-12-31'),\n  TRUE\nFROM `prism-486509.bronze.products` AS source\nINNER JOIN `prism-486509.gold.dim_products` AS target\n  ON target.product_id = source.product_id\nWHERE target.effective_to = CURRENT_DATE()\n  AND target.is_current = FALSE;", 'useLegacySql': False, 'queryParameters': [{'name': 'run_date', 'parameterType': {'type': 'DATE'}, 'parameterValue': {'value': '2026-02-08'}}]}}'
[2026-02-09T02:58:16.957+0000] {bigquery.py:1596} INFO - Inserting job ***_ecommerce_etl_v2_gold_layer_load_dim_products_2026_02_08T02_00_00_00_00_40cf2c4d552c3f620762e4e3358533cc
[2026-02-09T02:58:17.939+0000] {taskinstance.py:2698} ERROR - Task failed with exception
Traceback (most recent call last):
  File "/home/airflow/.local/lib/python3.8/site-packages/airflow/models/taskinstance.py", line 433, in _execute_task
    result = execute_callable(context=context, **execute_callable_kwargs)
  File "/home/airflow/.local/lib/python3.8/site-packages/airflow/providers/google/cloud/operators/bigquery.py", line 2864, in execute
    job.result(timeout=self.result_timeout, retry=self.result_retry)
  File "/home/airflow/.local/lib/python3.8/site-packages/google/cloud/bigquery/job/query.py", line 1595, in result
    do_get_result()
  File "/home/airflow/.local/lib/python3.8/site-packages/google/cloud/bigquery/job/query.py", line 1584, in do_get_result
    super(QueryJob, self).result(retry=retry, timeout=timeout)
  File "/home/airflow/.local/lib/python3.8/site-packages/google/cloud/bigquery/job/base.py", line 971, in result
    return super(_AsyncJob, self).result(timeout=timeout, **kwargs)
  File "/home/airflow/.local/lib/python3.8/site-packages/google/api_core/future/polling.py", line 261, in result
    raise self._exception
google.api_core.exceptions.BadRequest: 400 Query error: Unrecognized name: product_id at [4:5]

Location: europe-west1
Job ID: airflow_ecommerce_etl_v2_gold_layer_load_dim_products_2026_02_08T02_00_00_00_00_40cf2c4d552c3f620762e4e3358533cc

[2026-02-09T02:58:17.948+0000] {taskinstance.py:1138} INFO - Marking task as UP_FOR_RETRY. dag_id=ecommerce_etl_v2, task_id=gold_layer.load_dim_products, execution_date=20260208T020000, start_date=20260209T025816, end_date=20260209T025817
[2026-02-09T02:58:17.961+0000] {standard_task_runner.py:107} ERROR - Failed to execute job 1510 for task gold_layer.load_dim_products (400 Query error: Unrecognized name: product_id at [4:5]

Location: europe-west1
Job ID: airflow_ecommerce_etl_v2_gold_layer_load_dim_products_2026_02_08T02_00_00_00_00_40cf2c4d552c3f620762e4e3358533cc
; 12270)
[2026-02-09T02:58:17.999+0000] {local_task_job_runner.py:234} INFO - Task exited with return code 1
[2026-02-09T02:58:18.024+0000] {taskinstance.py:3280} INFO - 0 downstream tasks scheduled from follow-on schedule check
