[2026-02-09T02:35:45.748+0000] {taskinstance.py:1956} INFO - Dependencies all met for dep_context=non-requeueable deps ti=<TaskInstance: ecommerce_etl_v2.gold_layer.load_dim_products scheduled__2026-02-08T02:00:00+00:00 [queued]>
[2026-02-09T02:35:45.755+0000] {taskinstance.py:1956} INFO - Dependencies all met for dep_context=requeueable deps ti=<TaskInstance: ecommerce_etl_v2.gold_layer.load_dim_products scheduled__2026-02-08T02:00:00+00:00 [queued]>
[2026-02-09T02:35:45.756+0000] {taskinstance.py:2170} INFO - Starting attempt 1 of 3
[2026-02-09T02:35:45.764+0000] {taskinstance.py:2191} INFO - Executing <Task(BigQueryInsertJobOperator): gold_layer.load_dim_products> on 2026-02-08 02:00:00+00:00
[2026-02-09T02:35:45.770+0000] {standard_task_runner.py:60} INFO - Started process 8162 to run task
[2026-02-09T02:35:45.773+0000] {standard_task_runner.py:87} INFO - Running: ['***', 'tasks', 'run', 'ecommerce_etl_v2', 'gold_layer.load_dim_products', 'scheduled__2026-02-08T02:00:00+00:00', '--job-id', '1417', '--raw', '--subdir', 'DAGS_FOLDER/etl_dag.py', '--cfg-path', '/tmp/tmpdzg_bp34']
[2026-02-09T02:35:45.775+0000] {standard_task_runner.py:88} INFO - Job 1417: Subtask gold_layer.load_dim_products
[2026-02-09T02:35:45.808+0000] {task_command.py:423} INFO - Running <TaskInstance: ecommerce_etl_v2.gold_layer.load_dim_products scheduled__2026-02-08T02:00:00+00:00 [running]> on host 707cd2e8ef6b
[2026-02-09T02:35:45.864+0000] {taskinstance.py:2480} INFO - Exporting env vars: AIRFLOW_CTX_DAG_EMAIL='data-team@company.com' AIRFLOW_CTX_DAG_OWNER='data_engineering' AIRFLOW_CTX_DAG_ID='ecommerce_etl_v2' AIRFLOW_CTX_TASK_ID='gold_layer.load_dim_products' AIRFLOW_CTX_EXECUTION_DATE='2026-02-08T02:00:00+00:00' AIRFLOW_CTX_TRY_NUMBER='1' AIRFLOW_CTX_DAG_RUN_ID='scheduled__2026-02-08T02:00:00+00:00'
[2026-02-09T02:35:45.873+0000] {connection.py:234} WARNING - Connection schemes (type: google_cloud_platform) shall not contain '_' according to RFC3986.
[2026-02-09T02:35:45.873+0000] {base.py:83} INFO - Using connection ID 'google_cloud_default' for task execution.
[2026-02-09T02:35:45.874+0000] {credentials_provider.py:353} INFO - Getting connection using `google.auth.default()` since no explicit credentials are provided.
[2026-02-09T02:35:45.920+0000] {bigquery.py:2807} INFO - Executing: {'query': {'query': "MERGE `prism-486509.gold.dim_products` AS target\nUSING (\n  SELECT \n    product_id,\n    product_name,\n    brand,\n    category,\n    department,\n    sku,\n    retail_price,\n    distribution_center_key\n  FROM `prism-486509.bronze.products`\n) AS source\nON target.product_id = source.product_id \n   AND target.is_current = TRUE\n\n-- Expire changed records\nWHEN MATCHED AND (\n  target.product_name <> source.product_name OR\n  target.brand <> source.brand OR\n  target.category <> source.category OR\n  target.department <> source.department OR\n  target.sku <> source.sku OR\n  target.retail_price <> source.retail_price OR\n  IFNULL(target.distribution_center_key, 0) <> IFNULL(source.distribution_center_key, 0)\n) THEN\n  UPDATE SET \n    effective_to = CURRENT_DATE(),\n    is_current = FALSE\n\n-- Insert new products\nWHEN NOT MATCHED BY TARGET THEN\n  INSERT (\n    product_key,\n    product_id,\n    product_name,\n    brand,\n    category,\n    department,\n    sku,\n    retail_price,\n    distribution_center_key,\n    effective_from,\n    effective_to,\n    is_current\n  )\n  VALUES (\n    GENERATE_UUID(),\n    source.product_id,\n    source.product_name,\n    source.brand,\n    source.category,\n    source.department,\n    source.sku,\n    source.retail_price,\n    source.distribution_center_key,\n    CURRENT_DATE(),\n    DATE('9999-12-31'),\n    TRUE\n  );\n\n-- Then insert new versions of changed records\nINSERT INTO `prism-486509.gold.dim_products` (\n  product_key,\n  product_id,\n  product_name,\n  brand,\n  category,\n  department,\n  sku,\n  retail_price,\n  distribution_center_key,\n  effective_from,\n  effective_to,\n  is_current\n)\nSELECT\n  GENERATE_UUID(),\n  source.product_id,\n  source.product_name,\n  source.brand,\n  source.category,\n  source.department,\n  source.sku,\n  source.retail_price,\n  source.distribution_center_key,\n  CURRENT_DATE(),\n  DATE('9999-12-31'),\n  TRUE\nFROM `prism-486509.bronze.products` AS source\nINNER JOIN `prism-486509.gold.dim_products` AS target\n  ON target.product_id = source.product_id\nWHERE target.effective_to = CURRENT_DATE()\n  AND target.is_current = FALSE;", 'useLegacySql': False, 'queryParameters': [{'name': 'run_date', 'parameterType': {'type': 'DATE'}, 'parameterValue': {'value': '2026-02-08'}}]}}'
[2026-02-09T02:35:45.920+0000] {bigquery.py:1596} INFO - Inserting job ***_ecommerce_etl_v2_gold_layer_load_dim_products_2026_02_08T02_00_00_00_00_d7ec95085e8324d04d328c46e7d3d566
[2026-02-09T02:35:46.886+0000] {taskinstance.py:2698} ERROR - Task failed with exception
Traceback (most recent call last):
  File "/home/airflow/.local/lib/python3.8/site-packages/airflow/models/taskinstance.py", line 433, in _execute_task
    result = execute_callable(context=context, **execute_callable_kwargs)
  File "/home/airflow/.local/lib/python3.8/site-packages/airflow/providers/google/cloud/operators/bigquery.py", line 2864, in execute
    job.result(timeout=self.result_timeout, retry=self.result_retry)
  File "/home/airflow/.local/lib/python3.8/site-packages/google/cloud/bigquery/job/query.py", line 1595, in result
    do_get_result()
  File "/home/airflow/.local/lib/python3.8/site-packages/google/cloud/bigquery/job/query.py", line 1584, in do_get_result
    super(QueryJob, self).result(retry=retry, timeout=timeout)
  File "/home/airflow/.local/lib/python3.8/site-packages/google/cloud/bigquery/job/base.py", line 971, in result
    return super(_AsyncJob, self).result(timeout=timeout, **kwargs)
  File "/home/airflow/.local/lib/python3.8/site-packages/google/api_core/future/polling.py", line 261, in result
    raise self._exception
google.api_core.exceptions.BadRequest: 400 Invalid value: Table prism-486509.gold.dim_products does not have a schema. at [1:1]

Location: europe-west1
Job ID: airflow_ecommerce_etl_v2_gold_layer_load_dim_products_2026_02_08T02_00_00_00_00_d7ec95085e8324d04d328c46e7d3d566

[2026-02-09T02:35:46.891+0000] {taskinstance.py:1138} INFO - Marking task as UP_FOR_RETRY. dag_id=ecommerce_etl_v2, task_id=gold_layer.load_dim_products, execution_date=20260208T020000, start_date=20260209T023545, end_date=20260209T023546
[2026-02-09T02:35:46.897+0000] {standard_task_runner.py:107} ERROR - Failed to execute job 1417 for task gold_layer.load_dim_products (400 Invalid value: Table prism-486509.gold.dim_products does not have a schema. at [1:1]

Location: europe-west1
Job ID: airflow_ecommerce_etl_v2_gold_layer_load_dim_products_2026_02_08T02_00_00_00_00_d7ec95085e8324d04d328c46e7d3d566
; 8162)
[2026-02-09T02:35:46.936+0000] {local_task_job_runner.py:234} INFO - Task exited with return code 1
[2026-02-09T02:35:46.953+0000] {taskinstance.py:3280} INFO - 0 downstream tasks scheduled from follow-on schedule check
[2026-02-09T09:42:42.593+0000] {taskinstance.py:1956} INFO - Dependencies all met for dep_context=non-requeueable deps ti=<TaskInstance: ecommerce_etl_v2.gold_layer.load_dim_products scheduled__2026-02-08T02:00:00+00:00 [queued]>
[2026-02-09T09:42:42.598+0000] {taskinstance.py:1956} INFO - Dependencies all met for dep_context=requeueable deps ti=<TaskInstance: ecommerce_etl_v2.gold_layer.load_dim_products scheduled__2026-02-08T02:00:00+00:00 [queued]>
[2026-02-09T09:42:42.600+0000] {taskinstance.py:2170} INFO - Starting attempt 1 of 3
[2026-02-09T09:42:42.611+0000] {taskinstance.py:2191} INFO - Executing <Task(BigQueryInsertJobOperator): gold_layer.load_dim_products> on 2026-02-08 02:00:00+00:00
[2026-02-09T09:42:42.616+0000] {standard_task_runner.py:60} INFO - Started process 19034 to run task
[2026-02-09T09:42:42.618+0000] {standard_task_runner.py:87} INFO - Running: ['***', 'tasks', 'run', 'ecommerce_etl_v2', 'gold_layer.load_dim_products', 'scheduled__2026-02-08T02:00:00+00:00', '--job-id', '1614', '--raw', '--subdir', 'DAGS_FOLDER/etl_dag.py', '--cfg-path', '/tmp/tmprcwrqhe1']
[2026-02-09T09:42:42.620+0000] {standard_task_runner.py:88} INFO - Job 1614: Subtask gold_layer.load_dim_products
[2026-02-09T09:42:42.659+0000] {task_command.py:423} INFO - Running <TaskInstance: ecommerce_etl_v2.gold_layer.load_dim_products scheduled__2026-02-08T02:00:00+00:00 [running]> on host 707cd2e8ef6b
[2026-02-09T09:42:42.720+0000] {taskinstance.py:2480} INFO - Exporting env vars: AIRFLOW_CTX_DAG_EMAIL='data-team@company.com' AIRFLOW_CTX_DAG_OWNER='data_engineering' AIRFLOW_CTX_DAG_ID='ecommerce_etl_v2' AIRFLOW_CTX_TASK_ID='gold_layer.load_dim_products' AIRFLOW_CTX_EXECUTION_DATE='2026-02-08T02:00:00+00:00' AIRFLOW_CTX_TRY_NUMBER='1' AIRFLOW_CTX_DAG_RUN_ID='scheduled__2026-02-08T02:00:00+00:00'
[2026-02-09T09:42:42.727+0000] {connection.py:234} WARNING - Connection schemes (type: google_cloud_platform) shall not contain '_' according to RFC3986.
[2026-02-09T09:42:42.728+0000] {base.py:83} INFO - Using connection ID 'google_cloud_default' for task execution.
[2026-02-09T09:42:42.729+0000] {credentials_provider.py:353} INFO - Getting connection using `google.auth.default()` since no explicit credentials are provided.
[2026-02-09T09:42:42.771+0000] {bigquery.py:2807} INFO - Executing: {'query': {'query': "MERGE `prism-486509.gold.dim_products` AS target\nUSING (\n  SELECT \n    id,\n    product_name,\n    brand,\n    category,\n    department,\n    sku,\n    retail_price,\n    distribution_center_key\n  FROM `prism-486509.bronze.products`\n) AS source\nON target.id = source.id \n   AND target.is_current = TRUE\n\n-- Expire changed records\nWHEN MATCHED AND (\n  target.product_name <> source.product_name OR\n  target.brand <> source.brand OR\n  target.category <> source.category OR\n  target.department <> source.department OR\n  target.sku <> source.sku OR\n  target.retail_price <> source.retail_price OR\n  IFNULL(target.distribution_center_key, 0) <> IFNULL(source.distribution_center_key, 0)\n) THEN\n  UPDATE SET \n    effective_to = CURRENT_DATE(),\n    is_current = FALSE\n\n-- Insert new products\nWHEN NOT MATCHED BY TARGET THEN\n  INSERT (\n    product_key,\n    id,\n    product_name,\n    brand,\n    category,\n    department,\n    sku,\n    retail_price,\n    distribution_center_key,\n    effective_from,\n    effective_to,\n    is_current\n  )\n  VALUES (\n    GENERATE_UUID(),\n    source.id,\n    source.product_name,\n    source.brand,\n    source.category,\n    source.department,\n    source.sku,\n    source.retail_price,\n    source.distribution_center_key,\n    CURRENT_DATE(),\n    DATE('9999-12-31'),\n    TRUE\n  );\n\n-- Then insert new versions of changed records\nINSERT INTO `prism-486509.gold.dim_products` (\n  product_key,\n  id,\n  product_name,\n  brand,\n  category,\n  department,\n  sku,\n  retail_price,\n  distribution_center_key,\n  effective_from,\n  effective_to,\n  is_current\n)\nSELECT\n  GENERATE_UUID(),\n  source.id,\n  source.product_name,\n  source.brand,\n  source.category,\n  source.department,\n  source.sku,\n  source.retail_price,\n  source.distribution_center_key,\n  CURRENT_DATE(),\n  DATE('9999-12-31'),\n  TRUE\nFROM `prism-486509.bronze.products` AS source\nINNER JOIN `prism-486509.gold.dim_products` AS target\n  ON target.id = source.id\nWHERE target.effective_to = CURRENT_DATE()\n  AND target.is_current = FALSE;", 'useLegacySql': False, 'queryParameters': [{'name': 'run_date', 'parameterType': {'type': 'DATE'}, 'parameterValue': {'value': '2026-02-08'}}]}}'
[2026-02-09T09:42:42.772+0000] {bigquery.py:1596} INFO - Inserting job ***_ecommerce_etl_v2_gold_layer_load_dim_products_2026_02_08T02_00_00_00_00_f14bf073d299785f3c3fd55acd6dad55
[2026-02-09T09:42:43.951+0000] {taskinstance.py:2698} ERROR - Task failed with exception
Traceback (most recent call last):
  File "/home/airflow/.local/lib/python3.8/site-packages/airflow/models/taskinstance.py", line 433, in _execute_task
    result = execute_callable(context=context, **execute_callable_kwargs)
  File "/home/airflow/.local/lib/python3.8/site-packages/airflow/providers/google/cloud/operators/bigquery.py", line 2864, in execute
    job.result(timeout=self.result_timeout, retry=self.result_retry)
  File "/home/airflow/.local/lib/python3.8/site-packages/google/cloud/bigquery/job/query.py", line 1595, in result
    do_get_result()
  File "/home/airflow/.local/lib/python3.8/site-packages/google/cloud/bigquery/job/query.py", line 1584, in do_get_result
    super(QueryJob, self).result(retry=retry, timeout=timeout)
  File "/home/airflow/.local/lib/python3.8/site-packages/google/cloud/bigquery/job/base.py", line 971, in result
    return super(_AsyncJob, self).result(timeout=timeout, **kwargs)
  File "/home/airflow/.local/lib/python3.8/site-packages/google/api_core/future/polling.py", line 261, in result
    raise self._exception
google.api_core.exceptions.BadRequest: 400 Query error: Unrecognized name: product_name at [5:5]

Location: europe-west1
Job ID: airflow_ecommerce_etl_v2_gold_layer_load_dim_products_2026_02_08T02_00_00_00_00_f14bf073d299785f3c3fd55acd6dad55

[2026-02-09T09:42:43.959+0000] {taskinstance.py:1138} INFO - Marking task as UP_FOR_RETRY. dag_id=ecommerce_etl_v2, task_id=gold_layer.load_dim_products, execution_date=20260208T020000, start_date=20260209T094242, end_date=20260209T094243
[2026-02-09T09:42:43.967+0000] {standard_task_runner.py:107} ERROR - Failed to execute job 1614 for task gold_layer.load_dim_products (400 Query error: Unrecognized name: product_name at [5:5]

Location: europe-west1
Job ID: airflow_ecommerce_etl_v2_gold_layer_load_dim_products_2026_02_08T02_00_00_00_00_f14bf073d299785f3c3fd55acd6dad55
; 19034)
[2026-02-09T09:42:43.993+0000] {local_task_job_runner.py:234} INFO - Task exited with return code 1
[2026-02-09T09:42:44.013+0000] {taskinstance.py:3280} INFO - 0 downstream tasks scheduled from follow-on schedule check
[2026-02-09T10:03:27.740+0000] {taskinstance.py:1946} INFO - Dependencies not met for <TaskInstance: ecommerce_etl_v2.gold_layer.load_dim_products scheduled__2026-02-08T02:00:00+00:00 [queued]>, dependency 'Trigger Rule' FAILED: Task's trigger rule 'all_success' requires all upstream tasks to have succeeded, but found 1 non-success(es). upstream_states=_UpstreamTIStates(success=6, skipped=0, failed=0, upstream_failed=0, removed=0, done=6, success_setup=0, skipped_setup=0), upstream_task_ids={'gold_setup.create_dim_date', 'gold_setup.create_dim_traffic_source', 'gold_setup.create_dim_browser', 'gold_setup.create_dim_page', 'gold_setup.create_dim_order_status', 'gold_setup.create_dim_products', 'gold_setup.create_dim_event_type'}
[2026-02-09T10:03:27.741+0000] {local_task_job_runner.py:160} INFO - Task is not able to be run
