[2026-02-11T00:57:43.275+0000] {taskinstance.py:1956} INFO - Dependencies all met for dep_context=non-requeueable deps ti=<TaskInstance: ecommerce_etl_v2.check_products_loaded manual__2026-02-11T00:53:54.155494+00:00 [queued]>
[2026-02-11T00:57:43.281+0000] {taskinstance.py:1956} INFO - Dependencies all met for dep_context=requeueable deps ti=<TaskInstance: ecommerce_etl_v2.check_products_loaded manual__2026-02-11T00:53:54.155494+00:00 [queued]>
[2026-02-11T00:57:43.282+0000] {taskinstance.py:2170} INFO - Starting attempt 1 of 3
[2026-02-11T00:57:43.290+0000] {taskinstance.py:2191} INFO - Executing <Task(BigQueryCheckOperator): check_products_loaded> on 2026-02-11 00:53:54.155494+00:00
[2026-02-11T00:57:43.297+0000] {standard_task_runner.py:60} INFO - Started process 78035 to run task
[2026-02-11T00:57:43.301+0000] {standard_task_runner.py:87} INFO - Running: ['***', 'tasks', 'run', 'ecommerce_etl_v2', 'check_products_loaded', 'manual__2026-02-11T00:53:54.155494+00:00', '--job-id', '2052', '--raw', '--subdir', 'DAGS_FOLDER/etl_dag.py', '--cfg-path', '/tmp/tmpr76qgd4l']
[2026-02-11T00:57:43.306+0000] {standard_task_runner.py:88} INFO - Job 2052: Subtask check_products_loaded
[2026-02-11T00:57:43.363+0000] {task_command.py:423} INFO - Running <TaskInstance: ecommerce_etl_v2.check_products_loaded manual__2026-02-11T00:53:54.155494+00:00 [running]> on host 89ab86e4d295
[2026-02-11T00:57:43.440+0000] {taskinstance.py:2480} INFO - Exporting env vars: AIRFLOW_CTX_DAG_EMAIL='data-team@company.com' AIRFLOW_CTX_DAG_OWNER='data_engineering' AIRFLOW_CTX_DAG_ID='ecommerce_etl_v2' AIRFLOW_CTX_TASK_ID='check_products_loaded' AIRFLOW_CTX_EXECUTION_DATE='2026-02-11T00:53:54.155494+00:00' AIRFLOW_CTX_TRY_NUMBER='1' AIRFLOW_CTX_DAG_RUN_ID='manual__2026-02-11T00:53:54.155494+00:00'
[2026-02-11T00:57:43.441+0000] {sql.py:785} INFO - Executing SQL check: 
                SELECT COUNT(*) > 0
                FROM prism-486509.bronze.products
                WHERE ingestion_date = DATE('2026-02-11')
            
[2026-02-11T00:57:43.446+0000] {connection.py:234} WARNING - Connection schemes (type: google_cloud_platform) shall not contain '_' according to RFC3986.
[2026-02-11T00:57:43.446+0000] {base.py:83} INFO - Using connection ID 'google_cloud_default' for task execution.
[2026-02-11T00:57:43.447+0000] {credentials_provider.py:353} INFO - Getting connection using `google.auth.default()` since no explicit credentials are provided.
[2026-02-11T00:57:43.566+0000] {sql.py:450} INFO - Running statement: 
                SELECT COUNT(*) > 0
                FROM prism-486509.bronze.products
                WHERE ingestion_date = DATE('2026-02-11')
            , parameters: None
[2026-02-11T00:57:43.567+0000] {bigquery.py:1596} INFO - Inserting job ***_1770771463566746_18ce650c527d05f07b9c63b5bbb2c390
[2026-02-11T00:57:44.705+0000] {sql.py:788} INFO - Record: [True]
[2026-02-11T00:57:44.705+0000] {sql.py:796} INFO - Success.
[2026-02-11T00:57:44.710+0000] {taskinstance.py:1138} INFO - Marking task as SUCCESS. dag_id=ecommerce_etl_v2, task_id=check_products_loaded, execution_date=20260211T005354, start_date=20260211T005743, end_date=20260211T005744
[2026-02-11T00:57:44.759+0000] {local_task_job_runner.py:234} INFO - Task exited with return code 0
[2026-02-11T00:57:44.770+0000] {taskinstance.py:3280} INFO - 0 downstream tasks scheduled from follow-on schedule check
