[2026-02-08T23:48:45.410+0000] {taskinstance.py:1956} INFO - Dependencies all met for dep_context=non-requeueable deps ti=<TaskInstance: ecommerce_etl_v2.bronze_layer.load_events manual__2026-02-08T23:37:51.120161+00:00 [queued]>
[2026-02-08T23:48:45.415+0000] {taskinstance.py:1956} INFO - Dependencies all met for dep_context=requeueable deps ti=<TaskInstance: ecommerce_etl_v2.bronze_layer.load_events manual__2026-02-08T23:37:51.120161+00:00 [queued]>
[2026-02-08T23:48:45.416+0000] {taskinstance.py:2170} INFO - Starting attempt 3 of 5
[2026-02-08T23:48:45.422+0000] {taskinstance.py:2191} INFO - Executing <Task(PythonOperator): bronze_layer.load_events> on 2026-02-08 23:37:51.120161+00:00
[2026-02-08T23:48:45.425+0000] {standard_task_runner.py:60} INFO - Started process 30843 to run task
[2026-02-08T23:48:45.427+0000] {standard_task_runner.py:87} INFO - Running: ['***', 'tasks', 'run', 'ecommerce_etl_v2', 'bronze_layer.load_events', 'manual__2026-02-08T23:37:51.120161+00:00', '--job-id', '1099', '--raw', '--subdir', 'DAGS_FOLDER/etl_dag.py', '--cfg-path', '/tmp/tmp77ihwab9']
[2026-02-08T23:48:45.429+0000] {standard_task_runner.py:88} INFO - Job 1099: Subtask bronze_layer.load_events
[2026-02-08T23:48:45.452+0000] {task_command.py:423} INFO - Running <TaskInstance: ecommerce_etl_v2.bronze_layer.load_events manual__2026-02-08T23:37:51.120161+00:00 [running]> on host 52b3fbe2fc57
[2026-02-08T23:48:45.476+0000] {logging_mixin.py:188} WARNING - /home/***/.local/lib/python3.8/site-packages/***/utils/context.py:207 AirflowContextDeprecationWarning: Accessing 'execution_date' from the template is deprecated and will be removed in a future version. Please use 'data_interval_start' or 'logical_date' instead.
[2026-02-08T23:48:45.492+0000] {taskinstance.py:2480} INFO - Exporting env vars: AIRFLOW_CTX_DAG_EMAIL='data-team@company.com' AIRFLOW_CTX_DAG_OWNER='data_engineering' AIRFLOW_CTX_DAG_ID='ecommerce_etl_v2' AIRFLOW_CTX_TASK_ID='bronze_layer.load_events' AIRFLOW_CTX_EXECUTION_DATE='2026-02-08T23:37:51.120161+00:00' AIRFLOW_CTX_TRY_NUMBER='3' AIRFLOW_CTX_DAG_RUN_ID='manual__2026-02-08T23:37:51.120161+00:00'
[2026-02-08T23:50:36.427+0000] {local_task_job_runner.py:302} WARNING - State of this instance has been externally set to restarting. Terminating instance.
[2026-02-08T23:50:36.432+0000] {process_utils.py:131} INFO - Sending 15 to group 30843. PIDs of all processes in the group: [30843]
[2026-02-08T23:50:36.432+0000] {process_utils.py:86} INFO - Sending the signal 15 to group 30843
[2026-02-08T23:50:46.040+0000] {taskinstance.py:2450} ERROR - Received SIGTERM. Terminating subprocesses.
[2026-02-08T23:50:46.071+0000] {taskinstance.py:2698} ERROR - Task failed with exception
Traceback (most recent call last):
  File "/home/airflow/.local/lib/python3.8/site-packages/airflow/models/taskinstance.py", line 433, in _execute_task
    result = execute_callable(context=context, **execute_callable_kwargs)
  File "/home/airflow/.local/lib/python3.8/site-packages/airflow/operators/python.py", line 199, in execute
    return_value = self.execute_callable()
  File "/home/airflow/.local/lib/python3.8/site-packages/airflow/operators/python.py", line 216, in execute_callable
    return self.python_callable(*self.op_args, **self.op_kwargs)
  File "/opt/airflow/dags/etl_dag.py", line 98, in load_bronze_with_ingestion_metadata
    df.to_gbq(
  File "/home/airflow/.local/lib/python3.8/site-packages/pandas/core/frame.py", line 2088, in to_gbq
    gbq.to_gbq(
  File "/home/airflow/.local/lib/python3.8/site-packages/pandas/io/gbq.py", line 215, in to_gbq
    pandas_gbq.to_gbq(
  File "/home/airflow/.local/lib/python3.8/site-packages/pandas_gbq/gbq.py", line 1238, in to_gbq
    connector.load_data(
  File "/home/airflow/.local/lib/python3.8/site-packages/pandas_gbq/gbq.py", line 604, in load_data
    chunks = load.load_chunks(
  File "/home/airflow/.local/lib/python3.8/site-packages/pandas_gbq/load.py", line 243, in load_chunks
    load_parquet(
  File "/home/airflow/.local/lib/python3.8/site-packages/pandas_gbq/load.py", line 131, in load_parquet
    client.load_table_from_dataframe(
  File "/home/airflow/.local/lib/python3.8/site-packages/google/cloud/bigquery/client.py", line 2727, in load_table_from_dataframe
    return self.load_table_from_file(
  File "/home/airflow/.local/lib/python3.8/site-packages/google/cloud/bigquery/client.py", line 2487, in load_table_from_file
    response = self._do_resumable_upload(
  File "/home/airflow/.local/lib/python3.8/site-packages/google/cloud/bigquery/client.py", line 2894, in _do_resumable_upload
    response = upload.transmit_next_chunk(transport, timeout=timeout)
  File "/home/airflow/.local/lib/python3.8/site-packages/google/resumable_media/requests/upload.py", line 515, in transmit_next_chunk
    return _request_helpers.wait_and_retry(
  File "/home/airflow/.local/lib/python3.8/site-packages/google/resumable_media/requests/_request_helpers.py", line 155, in wait_and_retry
    response = func()
  File "/home/airflow/.local/lib/python3.8/site-packages/google/resumable_media/requests/upload.py", line 507, in retriable_request
    result = transport.request(
  File "/home/airflow/.local/lib/python3.8/site-packages/google/auth/transport/requests.py", line 541, in request
    response = super(AuthorizedSession, self).request(
  File "/home/airflow/.local/lib/python3.8/site-packages/requests/sessions.py", line 589, in request
    resp = self.send(prep, **send_kwargs)
  File "/home/airflow/.local/lib/python3.8/site-packages/requests/sessions.py", line 703, in send
    r = adapter.send(request, **kwargs)
  File "/home/airflow/.local/lib/python3.8/site-packages/requests/adapters.py", line 486, in send
    resp = conn.urlopen(
  File "/home/airflow/.local/lib/python3.8/site-packages/urllib3/connectionpool.py", line 715, in urlopen
    httplib_response = self._make_request(
  File "/home/airflow/.local/lib/python3.8/site-packages/urllib3/connectionpool.py", line 416, in _make_request
    conn.request(method, url, **httplib_request_kw)
  File "/home/airflow/.local/lib/python3.8/site-packages/urllib3/connection.py", line 244, in request
    super(HTTPConnection, self).request(method, url, body=body, headers=headers)
  File "/usr/local/lib/python3.8/http/client.py", line 1256, in request
    self._send_request(method, url, body, headers, encode_chunked)
  File "/usr/local/lib/python3.8/http/client.py", line 1302, in _send_request
    self.endheaders(body, encode_chunked=encode_chunked)
  File "/usr/local/lib/python3.8/http/client.py", line 1251, in endheaders
    self._send_output(message_body, encode_chunked=encode_chunked)
  File "/usr/local/lib/python3.8/http/client.py", line 1050, in _send_output
    self.send(chunk)
  File "/usr/local/lib/python3.8/http/client.py", line 972, in send
    self.sock.sendall(data)
  File "/usr/local/lib/python3.8/ssl.py", line 1237, in sendall
    v = self.send(byte_view[count:])
  File "/usr/local/lib/python3.8/ssl.py", line 1206, in send
    return self._sslobj.write(data)
  File "/home/airflow/.local/lib/python3.8/site-packages/airflow/models/taskinstance.py", line 2452, in signal_handler
    raise AirflowException("Task received SIGTERM signal")
airflow.exceptions.AirflowException: Task received SIGTERM signal
[2026-02-08T23:50:46.086+0000] {taskinstance.py:1138} INFO - Marking task as UP_FOR_RETRY. dag_id=ecommerce_etl_v2, task_id=bronze_layer.load_events, execution_date=20260208T233751, start_date=20260208T234845, end_date=20260208T235046
[2026-02-08T23:50:46.096+0000] {standard_task_runner.py:107} ERROR - Failed to execute job 1099 for task bronze_layer.load_events (Task received SIGTERM signal; 30843)
[2026-02-08T23:50:46.181+0000] {process_utils.py:79} INFO - Process psutil.Process(pid=30843, status='terminated', exitcode=1, started='23:48:45') (30843) terminated with exit code 1
