[2026-02-09T02:21:43.358+0000] {taskinstance.py:1956} INFO - Dependencies all met for dep_context=non-requeueable deps ti=<TaskInstance: ecommerce_etl_v2.bronze_layer.check_users_loaded manual__2026-02-09T01:10:13.959737+00:00 [queued]>
[2026-02-09T02:21:43.367+0000] {taskinstance.py:1956} INFO - Dependencies all met for dep_context=requeueable deps ti=<TaskInstance: ecommerce_etl_v2.bronze_layer.check_users_loaded manual__2026-02-09T01:10:13.959737+00:00 [queued]>
[2026-02-09T02:21:43.367+0000] {taskinstance.py:2170} INFO - Starting attempt 3 of 5
[2026-02-09T02:21:43.379+0000] {taskinstance.py:2191} INFO - Executing <Task(BigQueryCheckOperator): bronze_layer.check_users_loaded> on 2026-02-09 01:10:13.959737+00:00
[2026-02-09T02:21:43.382+0000] {standard_task_runner.py:60} INFO - Started process 6339 to run task
[2026-02-09T02:21:43.385+0000] {standard_task_runner.py:87} INFO - Running: ['***', 'tasks', 'run', 'ecommerce_etl_v2', 'bronze_layer.check_users_loaded', 'manual__2026-02-09T01:10:13.959737+00:00', '--job-id', '1386', '--raw', '--subdir', 'DAGS_FOLDER/etl_dag.py', '--cfg-path', '/tmp/tmpxvs5hg8j']
[2026-02-09T02:21:43.387+0000] {standard_task_runner.py:88} INFO - Job 1386: Subtask bronze_layer.check_users_loaded
[2026-02-09T02:21:43.409+0000] {task_command.py:423} INFO - Running <TaskInstance: ecommerce_etl_v2.bronze_layer.check_users_loaded manual__2026-02-09T01:10:13.959737+00:00 [running]> on host 707cd2e8ef6b
[2026-02-09T02:21:43.444+0000] {taskinstance.py:2480} INFO - Exporting env vars: AIRFLOW_CTX_DAG_EMAIL='data-team@company.com' AIRFLOW_CTX_DAG_OWNER='data_engineering' AIRFLOW_CTX_DAG_ID='ecommerce_etl_v2' AIRFLOW_CTX_TASK_ID='bronze_layer.check_users_loaded' AIRFLOW_CTX_EXECUTION_DATE='2026-02-09T01:10:13.959737+00:00' AIRFLOW_CTX_TRY_NUMBER='3' AIRFLOW_CTX_DAG_RUN_ID='manual__2026-02-09T01:10:13.959737+00:00'
[2026-02-09T02:21:43.445+0000] {sql.py:785} INFO - Executing SQL check: 
                    SELECT COUNT(*) > 0
                    FROM `prism-486509.bronze.users`
                
[2026-02-09T02:21:43.454+0000] {connection.py:234} WARNING - Connection schemes (type: google_cloud_platform) shall not contain '_' according to RFC3986.
[2026-02-09T02:21:43.454+0000] {base.py:83} INFO - Using connection ID 'google_cloud_default' for task execution.
[2026-02-09T02:21:43.454+0000] {credentials_provider.py:353} INFO - Getting connection using `google.auth.default()` since no explicit credentials are provided.
[2026-02-09T02:21:43.498+0000] {sql.py:450} INFO - Running statement: 
                    SELECT COUNT(*) > 0
                    FROM `prism-486509.bronze.users`
                , parameters: None
[2026-02-09T02:21:43.498+0000] {bigquery.py:1596} INFO - Inserting job ***_1770603703498713_a0648cca82d3d4d414dea190aa1507d5
[2026-02-09T02:21:44.310+0000] {sql.py:788} INFO - Record: [True]
[2026-02-09T02:21:44.310+0000] {sql.py:796} INFO - Success.
[2026-02-09T02:21:44.318+0000] {taskinstance.py:1138} INFO - Marking task as SUCCESS. dag_id=ecommerce_etl_v2, task_id=bronze_layer.check_users_loaded, execution_date=20260209T011013, start_date=20260209T022143, end_date=20260209T022144
[2026-02-09T02:21:44.331+0000] {local_task_job_runner.py:234} INFO - Task exited with return code 0
[2026-02-09T02:21:44.343+0000] {taskinstance.py:3280} INFO - 0 downstream tasks scheduled from follow-on schedule check
