[2026-02-09T12:31:45.679+0000] {taskinstance.py:1956} INFO - Dependencies all met for dep_context=non-requeueable deps ti=<TaskInstance: ecommerce_etl_v2.check_products_loaded manual__2026-02-09T12:26:31.675656+00:00 [queued]>
[2026-02-09T12:31:45.684+0000] {taskinstance.py:1956} INFO - Dependencies all met for dep_context=requeueable deps ti=<TaskInstance: ecommerce_etl_v2.check_products_loaded manual__2026-02-09T12:26:31.675656+00:00 [queued]>
[2026-02-09T12:31:45.684+0000] {taskinstance.py:2170} INFO - Starting attempt 1 of 3
[2026-02-09T12:31:45.689+0000] {taskinstance.py:2191} INFO - Executing <Task(BigQueryCheckOperator): check_products_loaded> on 2026-02-09 12:26:31.675656+00:00
[2026-02-09T12:31:45.693+0000] {standard_task_runner.py:60} INFO - Started process 47712 to run task
[2026-02-09T12:31:45.695+0000] {standard_task_runner.py:87} INFO - Running: ['***', 'tasks', 'run', 'ecommerce_etl_v2', 'check_products_loaded', 'manual__2026-02-09T12:26:31.675656+00:00', '--job-id', '2249', '--raw', '--subdir', 'DAGS_FOLDER/etl_dag.py', '--cfg-path', '/tmp/tmp47msklkw']
[2026-02-09T12:31:45.697+0000] {standard_task_runner.py:88} INFO - Job 2249: Subtask check_products_loaded
[2026-02-09T12:31:45.720+0000] {task_command.py:423} INFO - Running <TaskInstance: ecommerce_etl_v2.check_products_loaded manual__2026-02-09T12:26:31.675656+00:00 [running]> on host 707cd2e8ef6b
[2026-02-09T12:31:45.754+0000] {taskinstance.py:2480} INFO - Exporting env vars: AIRFLOW_CTX_DAG_EMAIL='data-team@company.com' AIRFLOW_CTX_DAG_OWNER='data_engineering' AIRFLOW_CTX_DAG_ID='ecommerce_etl_v2' AIRFLOW_CTX_TASK_ID='check_products_loaded' AIRFLOW_CTX_EXECUTION_DATE='2026-02-09T12:26:31.675656+00:00' AIRFLOW_CTX_TRY_NUMBER='1' AIRFLOW_CTX_DAG_RUN_ID='manual__2026-02-09T12:26:31.675656+00:00'
[2026-02-09T12:31:45.755+0000] {sql.py:785} INFO - Executing SQL check: 
                SELECT COUNT(*) > 0
                FROM `prism-486509.bronze.products`
            
[2026-02-09T12:31:45.759+0000] {connection.py:234} WARNING - Connection schemes (type: google_cloud_platform) shall not contain '_' according to RFC3986.
[2026-02-09T12:31:45.759+0000] {base.py:83} INFO - Using connection ID 'google_cloud_default' for task execution.
[2026-02-09T12:31:45.759+0000] {credentials_provider.py:353} INFO - Getting connection using `google.auth.default()` since no explicit credentials are provided.
[2026-02-09T12:31:45.802+0000] {sql.py:450} INFO - Running statement: 
                SELECT COUNT(*) > 0
                FROM `prism-486509.bronze.products`
            , parameters: None
[2026-02-09T12:31:45.803+0000] {bigquery.py:1596} INFO - Inserting job ***_1770640305802728_627372c49bfff5c7f28b0c4e47f1310f
[2026-02-09T12:31:46.829+0000] {sql.py:788} INFO - Record: [True]
[2026-02-09T12:31:46.830+0000] {sql.py:796} INFO - Success.
[2026-02-09T12:31:46.834+0000] {taskinstance.py:1138} INFO - Marking task as SUCCESS. dag_id=ecommerce_etl_v2, task_id=check_products_loaded, execution_date=20260209T122631, start_date=20260209T123145, end_date=20260209T123146
[2026-02-09T12:31:46.868+0000] {local_task_job_runner.py:234} INFO - Task exited with return code 0
[2026-02-09T12:31:46.892+0000] {taskinstance.py:3280} INFO - 1 downstream tasks scheduled from follow-on schedule check
