[2026-02-08T21:39:46.433+0000] {taskinstance.py:1956} INFO - Dependencies all met for dep_context=non-requeueable deps ti=<TaskInstance: ecommerce_etl_v2.gold_layer.load_dim_users manual__2026-02-08T21:39:44.580516+00:00 [queued]>
[2026-02-08T21:39:46.444+0000] {taskinstance.py:1956} INFO - Dependencies all met for dep_context=requeueable deps ti=<TaskInstance: ecommerce_etl_v2.gold_layer.load_dim_users manual__2026-02-08T21:39:44.580516+00:00 [queued]>
[2026-02-08T21:39:46.445+0000] {taskinstance.py:2170} INFO - Starting attempt 1 of 3
[2026-02-08T21:39:46.460+0000] {taskinstance.py:2191} INFO - Executing <Task(BigQueryInsertJobOperator): gold_layer.load_dim_users> on 2026-02-08 21:39:44.580516+00:00
[2026-02-08T21:39:46.470+0000] {standard_task_runner.py:60} INFO - Started process 17304 to run task
[2026-02-08T21:39:46.472+0000] {standard_task_runner.py:87} INFO - Running: ['***', 'tasks', 'run', 'ecommerce_etl_v2', 'gold_layer.load_dim_users', 'manual__2026-02-08T21:39:44.580516+00:00', '--job-id', '913', '--raw', '--subdir', 'DAGS_FOLDER/etl_dag.py', '--cfg-path', '/tmp/tmpo3f_9mga']
[2026-02-08T21:39:46.475+0000] {standard_task_runner.py:88} INFO - Job 913: Subtask gold_layer.load_dim_users
[2026-02-08T21:39:46.519+0000] {task_command.py:423} INFO - Running <TaskInstance: ecommerce_etl_v2.gold_layer.load_dim_users manual__2026-02-08T21:39:44.580516+00:00 [running]> on host 52b3fbe2fc57
[2026-02-08T21:39:46.587+0000] {taskinstance.py:2480} INFO - Exporting env vars: AIRFLOW_CTX_DAG_EMAIL='data-team@company.com' AIRFLOW_CTX_DAG_OWNER='data_engineering' AIRFLOW_CTX_DAG_ID='ecommerce_etl_v2' AIRFLOW_CTX_TASK_ID='gold_layer.load_dim_users' AIRFLOW_CTX_EXECUTION_DATE='2026-02-08T21:39:44.580516+00:00' AIRFLOW_CTX_TRY_NUMBER='1' AIRFLOW_CTX_DAG_RUN_ID='manual__2026-02-08T21:39:44.580516+00:00'
[2026-02-08T21:39:46.594+0000] {connection.py:234} WARNING - Connection schemes (type: google_cloud_platform) shall not contain '_' according to RFC3986.
[2026-02-08T21:39:46.595+0000] {base.py:83} INFO - Using connection ID 'google_cloud_default' for task execution.
[2026-02-08T21:39:46.595+0000] {credentials_provider.py:353} INFO - Getting connection using `google.auth.default()` since no explicit credentials are provided.
[2026-02-08T21:39:46.653+0000] {bigquery.py:2807} INFO - Executing: {'query': {'query': 'CREATE TABLE `your_dataset.DIM_USER` (\n  user_key STRING NOT NULL DEFAULT GENERATE_UUID(),   -- surrogate key (UUID)\n  user_id INT64,                                      -- natural/business key\n  gender STRING,\n  age INT64,\n  city STRING,\n  state STRING,\n  country STRING,\n  traffic_source STRING,\n  effective_from DATE,\n  effective_to DATE,\n  is_current BOOL,\n  CONSTRAINT pk_user_key PRIMARY KEY (user_key) NOT ENFORCED\n);', 'useLegacySql': False, 'queryParameters': [{'name': 'run_date', 'parameterType': {'type': 'DATE'}, 'parameterValue': {'value': '2026-02-08'}}]}}'
[2026-02-08T21:39:46.660+0000] {bigquery.py:1596} INFO - Inserting job ***_ecommerce_etl_v2_gold_layer_load_dim_users_2026_02_08T21_39_44_580516_00_00_6a72419d710ce7e3ab0ec6b57a3eda1a
[2026-02-08T21:39:47.012+0000] {taskinstance.py:2698} ERROR - Task failed with exception
Traceback (most recent call last):
  File "/home/airflow/.local/lib/python3.8/site-packages/airflow/models/taskinstance.py", line 433, in _execute_task
    result = execute_callable(context=context, **execute_callable_kwargs)
  File "/home/airflow/.local/lib/python3.8/site-packages/airflow/providers/google/cloud/operators/bigquery.py", line 2864, in execute
    job.result(timeout=self.result_timeout, retry=self.result_retry)
  File "/home/airflow/.local/lib/python3.8/site-packages/google/cloud/bigquery/job/query.py", line 1595, in result
    do_get_result()
  File "/home/airflow/.local/lib/python3.8/site-packages/google/cloud/bigquery/job/query.py", line 1584, in do_get_result
    super(QueryJob, self).result(retry=retry, timeout=timeout)
  File "/home/airflow/.local/lib/python3.8/site-packages/google/cloud/bigquery/job/base.py", line 971, in result
    return super(_AsyncJob, self).result(timeout=timeout, **kwargs)
  File "/home/airflow/.local/lib/python3.8/site-packages/google/api_core/future/polling.py", line 261, in result
    raise self._exception
google.api_core.exceptions.BadRequest: 400 Syntax error: Expected ")" or "," but got keyword DEFAULT at [2:28]; reason: invalidQuery, location: query, message: Syntax error: Expected ")" or "," but got keyword DEFAULT at [2:28]

Location: europe-west1
Job ID: airflow_ecommerce_etl_v2_gold_layer_load_dim_users_2026_02_08T21_39_44_580516_00_00_6a72419d710ce7e3ab0ec6b57a3eda1a

[2026-02-08T21:39:47.016+0000] {taskinstance.py:1138} INFO - Marking task as UP_FOR_RETRY. dag_id=ecommerce_etl_v2, task_id=gold_layer.load_dim_users, execution_date=20260208T213944, start_date=20260208T213946, end_date=20260208T213947
[2026-02-08T21:39:47.021+0000] {standard_task_runner.py:107} ERROR - Failed to execute job 913 for task gold_layer.load_dim_users (400 Syntax error: Expected ")" or "," but got keyword DEFAULT at [2:28]; reason: invalidQuery, location: query, message: Syntax error: Expected ")" or "," but got keyword DEFAULT at [2:28]

Location: europe-west1
Job ID: airflow_ecommerce_etl_v2_gold_layer_load_dim_users_2026_02_08T21_39_44_580516_00_00_6a72419d710ce7e3ab0ec6b57a3eda1a
; 17304)
[2026-02-08T21:39:47.063+0000] {local_task_job_runner.py:234} INFO - Task exited with return code 1
[2026-02-08T21:39:47.077+0000] {taskinstance.py:3280} INFO - 0 downstream tasks scheduled from follow-on schedule check
