[2026-02-09T13:33:40.152+0000] {taskinstance.py:1956} INFO - Dependencies all met for dep_context=non-requeueable deps ti=<TaskInstance: ecommerce_etl_v2.data_quality.check_dim_users_duplicates manual__2026-02-09T13:24:52.935352+00:00 [queued]>
[2026-02-09T13:33:40.163+0000] {taskinstance.py:1956} INFO - Dependencies all met for dep_context=requeueable deps ti=<TaskInstance: ecommerce_etl_v2.data_quality.check_dim_users_duplicates manual__2026-02-09T13:24:52.935352+00:00 [queued]>
[2026-02-09T13:33:40.163+0000] {taskinstance.py:2170} INFO - Starting attempt 1 of 3
[2026-02-09T13:33:40.170+0000] {taskinstance.py:2191} INFO - Executing <Task(BigQueryCheckOperator): data_quality.check_dim_users_duplicates> on 2026-02-09 13:24:52.935352+00:00
[2026-02-09T13:33:40.173+0000] {standard_task_runner.py:60} INFO - Started process 59045 to run task
[2026-02-09T13:33:40.176+0000] {standard_task_runner.py:87} INFO - Running: ['***', 'tasks', 'run', 'ecommerce_etl_v2', 'data_quality.check_dim_users_duplicates', 'manual__2026-02-09T13:24:52.935352+00:00', '--job-id', '2492', '--raw', '--subdir', 'DAGS_FOLDER/etl_dag.py', '--cfg-path', '/tmp/tmpmlm5ffpn']
[2026-02-09T13:33:40.177+0000] {standard_task_runner.py:88} INFO - Job 2492: Subtask data_quality.check_dim_users_duplicates
[2026-02-09T13:33:40.201+0000] {task_command.py:423} INFO - Running <TaskInstance: ecommerce_etl_v2.data_quality.check_dim_users_duplicates manual__2026-02-09T13:24:52.935352+00:00 [running]> on host 707cd2e8ef6b
[2026-02-09T13:33:40.237+0000] {taskinstance.py:2480} INFO - Exporting env vars: AIRFLOW_CTX_DAG_EMAIL='data-team@company.com' AIRFLOW_CTX_DAG_OWNER='data_engineering' AIRFLOW_CTX_DAG_ID='ecommerce_etl_v2' AIRFLOW_CTX_TASK_ID='data_quality.check_dim_users_duplicates' AIRFLOW_CTX_EXECUTION_DATE='2026-02-09T13:24:52.935352+00:00' AIRFLOW_CTX_TRY_NUMBER='1' AIRFLOW_CTX_DAG_RUN_ID='manual__2026-02-09T13:24:52.935352+00:00'
[2026-02-09T13:33:40.237+0000] {sql.py:785} INFO - Executing SQL check: 
                SELECT COUNT(*) = 0
                FROM (
                    SELECT user_key, COUNT(*) AS cnt
                    FROM `prism-486509.gold.dim_users`
                    GROUP BY user_key
                    HAVING cnt > 1
                )
            
[2026-02-09T13:33:40.244+0000] {connection.py:234} WARNING - Connection schemes (type: google_cloud_platform) shall not contain '_' according to RFC3986.
[2026-02-09T13:33:40.245+0000] {base.py:83} INFO - Using connection ID 'google_cloud_default' for task execution.
[2026-02-09T13:33:40.246+0000] {credentials_provider.py:353} INFO - Getting connection using `google.auth.default()` since no explicit credentials are provided.
[2026-02-09T13:33:40.299+0000] {sql.py:450} INFO - Running statement: 
                SELECT COUNT(*) = 0
                FROM (
                    SELECT user_key, COUNT(*) AS cnt
                    FROM `prism-486509.gold.dim_users`
                    GROUP BY user_key
                    HAVING cnt > 1
                )
            , parameters: None
[2026-02-09T13:33:40.300+0000] {bigquery.py:1596} INFO - Inserting job ***_1770644020299809_009b1af0dbe2dbe08f640f9d8f72d047
[2026-02-09T13:33:41.216+0000] {sql.py:788} INFO - Record: [True]
[2026-02-09T13:33:41.217+0000] {sql.py:796} INFO - Success.
[2026-02-09T13:33:41.230+0000] {taskinstance.py:1138} INFO - Marking task as SUCCESS. dag_id=ecommerce_etl_v2, task_id=data_quality.check_dim_users_duplicates, execution_date=20260209T132452, start_date=20260209T133340, end_date=20260209T133341
[2026-02-09T13:33:41.294+0000] {local_task_job_runner.py:234} INFO - Task exited with return code 0
[2026-02-09T13:33:41.311+0000] {taskinstance.py:3280} INFO - 0 downstream tasks scheduled from follow-on schedule check
