[2026-02-09T10:11:36.272+0000] {taskinstance.py:1956} INFO - Dependencies all met for dep_context=non-requeueable deps ti=<TaskInstance: ecommerce_etl_v2.load_events scheduled__2026-02-08T02:00:00+00:00 [queued]>
[2026-02-09T10:11:36.286+0000] {taskinstance.py:1956} INFO - Dependencies all met for dep_context=requeueable deps ti=<TaskInstance: ecommerce_etl_v2.load_events scheduled__2026-02-08T02:00:00+00:00 [queued]>
[2026-02-09T10:11:36.288+0000] {taskinstance.py:2170} INFO - Starting attempt 1 of 3
[2026-02-09T10:11:36.305+0000] {taskinstance.py:2191} INFO - Executing <Task(PythonOperator): load_events> on 2026-02-08 02:00:00+00:00
[2026-02-09T10:11:36.310+0000] {standard_task_runner.py:60} INFO - Started process 25076 to run task
[2026-02-09T10:11:36.313+0000] {standard_task_runner.py:87} INFO - Running: ['***', 'tasks', 'run', 'ecommerce_etl_v2', 'load_events', 'scheduled__2026-02-08T02:00:00+00:00', '--job-id', '1764', '--raw', '--subdir', 'DAGS_FOLDER/etl_dag.py', '--cfg-path', '/tmp/tmplw6htsq7']
[2026-02-09T10:11:36.318+0000] {standard_task_runner.py:88} INFO - Job 1764: Subtask load_events
[2026-02-09T10:11:36.376+0000] {task_command.py:423} INFO - Running <TaskInstance: ecommerce_etl_v2.load_events scheduled__2026-02-08T02:00:00+00:00 [running]> on host 707cd2e8ef6b
[2026-02-09T10:11:36.453+0000] {taskinstance.py:2480} INFO - Exporting env vars: AIRFLOW_CTX_DAG_EMAIL='data-team@company.com' AIRFLOW_CTX_DAG_OWNER='data_engineering' AIRFLOW_CTX_DAG_ID='ecommerce_etl_v2' AIRFLOW_CTX_TASK_ID='load_events' AIRFLOW_CTX_EXECUTION_DATE='2026-02-08T02:00:00+00:00' AIRFLOW_CTX_TRY_NUMBER='1' AIRFLOW_CTX_DAG_RUN_ID='scheduled__2026-02-08T02:00:00+00:00'
[2026-02-09T10:11:51.386+0000] {local_task_job_runner.py:302} WARNING - State of this instance has been externally set to None. Terminating instance.
[2026-02-09T10:11:51.387+0000] {process_utils.py:131} INFO - Sending 15 to group 25076. PIDs of all processes in the group: [25076]
[2026-02-09T10:11:51.387+0000] {process_utils.py:86} INFO - Sending the signal 15 to group 25076
[2026-02-09T10:11:51.388+0000] {taskinstance.py:2450} ERROR - Received SIGTERM. Terminating subprocesses.
[2026-02-09T10:11:51.418+0000] {taskinstance.py:2698} ERROR - Task failed with exception
Traceback (most recent call last):
  File "/home/airflow/.local/lib/python3.8/site-packages/airflow/models/taskinstance.py", line 433, in _execute_task
    result = execute_callable(context=context, **execute_callable_kwargs)
  File "/home/airflow/.local/lib/python3.8/site-packages/airflow/operators/python.py", line 199, in execute
    return_value = self.execute_callable()
  File "/home/airflow/.local/lib/python3.8/site-packages/airflow/operators/python.py", line 216, in execute_callable
    return self.python_callable(*self.op_args, **self.op_kwargs)
  File "/opt/airflow/dags/etl_dag.py", line 76, in load_bronze_with_ingestion_date
    df = pd.read_csv(
  File "/home/airflow/.local/lib/python3.8/site-packages/pandas/io/parsers/readers.py", line 912, in read_csv
    return _read(filepath_or_buffer, kwds)
  File "/home/airflow/.local/lib/python3.8/site-packages/pandas/io/parsers/readers.py", line 583, in _read
    return parser.read(nrows)
  File "/home/airflow/.local/lib/python3.8/site-packages/pandas/io/parsers/readers.py", line 1704, in read
    ) = self._engine.read(  # type: ignore[attr-defined]
  File "/home/airflow/.local/lib/python3.8/site-packages/pandas/io/parsers/c_parser_wrapper.py", line 234, in read
    chunks = self._reader.read_low_memory(nrows)
  File "pandas/_libs/parsers.pyx", line 814, in pandas._libs.parsers.TextReader.read_low_memory
  File "pandas/_libs/parsers.pyx", line 875, in pandas._libs.parsers.TextReader._read_rows
  File "pandas/_libs/parsers.pyx", line 850, in pandas._libs.parsers.TextReader._tokenize_rows
  File "pandas/_libs/parsers.pyx", line 861, in pandas._libs.parsers.TextReader._check_tokenize_status
  File "pandas/_libs/parsers.pyx", line 2021, in pandas._libs.parsers.raise_parser_error
  File "/home/airflow/.local/lib/python3.8/site-packages/gcsfs/core.py", line 1850, in _fetch_range
    return self.gcsfs.cat_file(self.path, start=start, end=end)
  File "/home/airflow/.local/lib/python3.8/site-packages/fsspec/asyn.py", line 118, in wrapper
    return sync(self.loop, func, *args, **kwargs)
  File "/home/airflow/.local/lib/python3.8/site-packages/fsspec/asyn.py", line 91, in sync
    if event.wait(1):
  File "/usr/local/lib/python3.8/threading.py", line 558, in wait
    signaled = self._cond.wait(timeout)
  File "/usr/local/lib/python3.8/threading.py", line 306, in wait
    gotit = waiter.acquire(True, timeout)
  File "/home/airflow/.local/lib/python3.8/site-packages/airflow/models/taskinstance.py", line 2452, in signal_handler
    raise AirflowException("Task received SIGTERM signal")
airflow.exceptions.AirflowException: Task received SIGTERM signal
[2026-02-09T10:11:51.424+0000] {taskinstance.py:1138} INFO - Marking task as UP_FOR_RETRY. dag_id=ecommerce_etl_v2, task_id=load_events, execution_date=20260208T020000, start_date=20260209T101136, end_date=20260209T101151
[2026-02-09T10:11:51.431+0000] {standard_task_runner.py:107} ERROR - Failed to execute job 1764 for task load_events ((psycopg2.errors.ForeignKeyViolation) insert or update on table "task_fail" violates foreign key constraint "task_fail_ti_fkey"
DETAIL:  Key (dag_id, task_id, run_id, map_index)=(ecommerce_etl_v2, load_events, scheduled__2026-02-08T02:00:00+00:00, -1) is not present in table "task_instance".

[SQL: INSERT INTO task_fail (task_id, dag_id, run_id, map_index, start_date, end_date, duration) VALUES (%(task_id)s, %(dag_id)s, %(run_id)s, %(map_index)s, %(start_date)s, %(end_date)s, %(duration)s) RETURNING task_fail.id]
[parameters: {'task_id': 'load_events', 'dag_id': 'ecommerce_etl_v2', 'run_id': 'scheduled__2026-02-08T02:00:00+00:00', 'map_index': -1, 'start_date': datetime.datetime(2026, 2, 9, 10, 11, 36, 275134, tzinfo=Timezone('UTC')), 'end_date': datetime.datetime(2026, 2, 9, 10, 11, 51, 424269, tzinfo=Timezone('UTC')), 'duration': 15}]
(Background on this error at: https://sqlalche.me/e/14/gkpj); 25076)
[2026-02-09T10:11:51.443+0000] {process_utils.py:79} INFO - Process psutil.Process(pid=25076, status='terminated', exitcode=1, started='10:11:36') (25076) terminated with exit code 1
[2026-02-09T17:04:15.217+0000] {taskinstance.py:1956} INFO - Dependencies all met for dep_context=non-requeueable deps ti=<TaskInstance: ecommerce_etl_v2.load_events scheduled__2026-02-08T02:00:00+00:00 [queued]>
[2026-02-09T17:04:15.225+0000] {taskinstance.py:1956} INFO - Dependencies all met for dep_context=requeueable deps ti=<TaskInstance: ecommerce_etl_v2.load_events scheduled__2026-02-08T02:00:00+00:00 [queued]>
[2026-02-09T17:04:15.226+0000] {taskinstance.py:2170} INFO - Starting attempt 1 of 3
[2026-02-09T17:04:15.258+0000] {taskinstance.py:2191} INFO - Executing <Task(PythonOperator): load_events> on 2026-02-08 02:00:00+00:00
[2026-02-09T17:04:15.267+0000] {standard_task_runner.py:60} INFO - Started process 609 to run task
[2026-02-09T17:04:15.281+0000] {standard_task_runner.py:87} INFO - Running: ['***', 'tasks', 'run', 'ecommerce_etl_v2', 'load_events', 'scheduled__2026-02-08T02:00:00+00:00', '--job-id', '9', '--raw', '--subdir', 'DAGS_FOLDER/etl_dag.py', '--cfg-path', '/tmp/tmpimr20fe6']
[2026-02-09T17:04:15.290+0000] {standard_task_runner.py:88} INFO - Job 9: Subtask load_events
[2026-02-09T17:04:15.351+0000] {task_command.py:423} INFO - Running <TaskInstance: ecommerce_etl_v2.load_events scheduled__2026-02-08T02:00:00+00:00 [running]> on host 5d242a8c4230
[2026-02-09T17:04:15.413+0000] {taskinstance.py:2480} INFO - Exporting env vars: AIRFLOW_CTX_DAG_EMAIL='data-team@company.com' AIRFLOW_CTX_DAG_OWNER='data_engineering' AIRFLOW_CTX_DAG_ID='ecommerce_etl_v2' AIRFLOW_CTX_TASK_ID='load_events' AIRFLOW_CTX_EXECUTION_DATE='2026-02-08T02:00:00+00:00' AIRFLOW_CTX_TRY_NUMBER='1' AIRFLOW_CTX_DAG_RUN_ID='scheduled__2026-02-08T02:00:00+00:00'
[2026-02-09T17:07:03.262+0000] {logging_mixin.py:188} WARNING -   0%|          | 0/1 [00:00<?, ?it/s]
[2026-02-09T17:07:03.263+0000] {gbq.py:618} INFO - 2431963 out of 2431963 rows loaded.
[2026-02-09T17:07:03.263+0000] {logging_mixin.py:188} WARNING - 100%|##########| 1/1 [00:00<00:00, 4072.14it/s]
[2026-02-09T17:07:03.368+0000] {python.py:201} INFO - Done. Returned value was: None
[2026-02-09T17:07:03.373+0000] {taskinstance.py:1138} INFO - Marking task as SUCCESS. dag_id=ecommerce_etl_v2, task_id=load_events, execution_date=20260208T020000, start_date=20260209T170415, end_date=20260209T170703
[2026-02-09T17:07:03.425+0000] {local_task_job_runner.py:234} INFO - Task exited with return code 0
[2026-02-09T17:07:03.444+0000] {taskinstance.py:3280} INFO - 0 downstream tasks scheduled from follow-on schedule check
