[2026-02-09T13:38:41.484+0000] {taskinstance.py:1956} INFO - Dependencies all met for dep_context=non-requeueable deps ti=<TaskInstance: ecommerce_etl_v2.data_quality.check_fact_events_data manual__2026-02-09T13:24:52.935352+00:00 [queued]>
[2026-02-09T13:38:41.495+0000] {taskinstance.py:1956} INFO - Dependencies all met for dep_context=requeueable deps ti=<TaskInstance: ecommerce_etl_v2.data_quality.check_fact_events_data manual__2026-02-09T13:24:52.935352+00:00 [queued]>
[2026-02-09T13:38:41.496+0000] {taskinstance.py:2170} INFO - Starting attempt 2 of 3
[2026-02-09T13:38:41.505+0000] {taskinstance.py:2191} INFO - Executing <Task(BigQueryCheckOperator): data_quality.check_fact_events_data> on 2026-02-09 13:24:52.935352+00:00
[2026-02-09T13:38:41.510+0000] {standard_task_runner.py:60} INFO - Started process 59414 to run task
[2026-02-09T13:38:41.513+0000] {standard_task_runner.py:87} INFO - Running: ['***', 'tasks', 'run', 'ecommerce_etl_v2', 'data_quality.check_fact_events_data', 'manual__2026-02-09T13:24:52.935352+00:00', '--job-id', '2494', '--raw', '--subdir', 'DAGS_FOLDER/etl_dag.py', '--cfg-path', '/tmp/tmp_kx48owm']
[2026-02-09T13:38:41.515+0000] {standard_task_runner.py:88} INFO - Job 2494: Subtask data_quality.check_fact_events_data
[2026-02-09T13:38:41.541+0000] {task_command.py:423} INFO - Running <TaskInstance: ecommerce_etl_v2.data_quality.check_fact_events_data manual__2026-02-09T13:24:52.935352+00:00 [running]> on host 707cd2e8ef6b
[2026-02-09T13:38:41.581+0000] {taskinstance.py:2480} INFO - Exporting env vars: AIRFLOW_CTX_DAG_EMAIL='data-team@company.com' AIRFLOW_CTX_DAG_OWNER='data_engineering' AIRFLOW_CTX_DAG_ID='ecommerce_etl_v2' AIRFLOW_CTX_TASK_ID='data_quality.check_fact_events_data' AIRFLOW_CTX_EXECUTION_DATE='2026-02-09T13:24:52.935352+00:00' AIRFLOW_CTX_TRY_NUMBER='2' AIRFLOW_CTX_DAG_RUN_ID='manual__2026-02-09T13:24:52.935352+00:00'
[2026-02-09T13:38:41.582+0000] {sql.py:785} INFO - Executing SQL check: 
                SELECT COUNT(*) > 0
                FROM `prism-486509.gold.fact_events`
                WHERE run_date = DATE('2026-02-09')
            
[2026-02-09T13:38:41.586+0000] {connection.py:234} WARNING - Connection schemes (type: google_cloud_platform) shall not contain '_' according to RFC3986.
[2026-02-09T13:38:41.586+0000] {base.py:83} INFO - Using connection ID 'google_cloud_default' for task execution.
[2026-02-09T13:38:41.587+0000] {credentials_provider.py:353} INFO - Getting connection using `google.auth.default()` since no explicit credentials are provided.
[2026-02-09T13:38:41.631+0000] {sql.py:450} INFO - Running statement: 
                SELECT COUNT(*) > 0
                FROM `prism-486509.gold.fact_events`
                WHERE run_date = DATE('2026-02-09')
            , parameters: None
[2026-02-09T13:38:41.632+0000] {bigquery.py:1596} INFO - Inserting job ***_1770644321632288_35cc5fcda3ba7273ca332c470e375abc
[2026-02-09T13:38:42.094+0000] {taskinstance.py:2698} ERROR - Task failed with exception
Traceback (most recent call last):
  File "/home/airflow/.local/lib/python3.8/site-packages/airflow/models/taskinstance.py", line 433, in _execute_task
    result = execute_callable(context=context, **execute_callable_kwargs)
  File "/home/airflow/.local/lib/python3.8/site-packages/airflow/providers/google/cloud/operators/bigquery.py", line 300, in execute
    super().execute(context=context)
  File "/home/airflow/.local/lib/python3.8/site-packages/airflow/providers/common/sql/operators/sql.py", line 786, in execute
    records = self.get_db_hook().get_first(self.sql, self.parameters)
  File "/home/airflow/.local/lib/python3.8/site-packages/airflow/providers/common/sql/hooks/sql.py", line 270, in get_first
    return self.run(sql=sql, parameters=parameters, handler=fetch_one_handler)
  File "/home/airflow/.local/lib/python3.8/site-packages/airflow/providers/common/sql/hooks/sql.py", line 398, in run
    self._run_command(cur, sql_statement, parameters)
  File "/home/airflow/.local/lib/python3.8/site-packages/airflow/providers/common/sql/hooks/sql.py", line 455, in _run_command
    cur.execute(sql_statement)
  File "/home/airflow/.local/lib/python3.8/site-packages/airflow/providers/google/cloud/hooks/bigquery.py", line 2779, in execute
    self.job_id = self._run_query(sql)
  File "/home/airflow/.local/lib/python3.8/site-packages/airflow/providers/google/cloud/hooks/bigquery.py", line 2927, in _run_query
    job = self.hook.insert_job(configuration=configuration, project_id=self.project_id, location=location)
  File "/home/airflow/.local/lib/python3.8/site-packages/airflow/providers/google/common/hooks/base_google.py", line 477, in inner_wrapper
    return func(self, *args, **kwargs)
  File "/home/airflow/.local/lib/python3.8/site-packages/airflow/providers/google/cloud/hooks/bigquery.py", line 1602, in insert_job
    job_api_repr.result(timeout=timeout, retry=retry)
  File "/home/airflow/.local/lib/python3.8/site-packages/google/cloud/bigquery/job/query.py", line 1595, in result
    do_get_result()
  File "/home/airflow/.local/lib/python3.8/site-packages/google/cloud/bigquery/job/query.py", line 1584, in do_get_result
    super(QueryJob, self).result(retry=retry, timeout=timeout)
  File "/home/airflow/.local/lib/python3.8/site-packages/google/cloud/bigquery/job/base.py", line 971, in result
    return super(_AsyncJob, self).result(timeout=timeout, **kwargs)
  File "/home/airflow/.local/lib/python3.8/site-packages/google/api_core/future/polling.py", line 261, in result
    raise self._exception
google.api_core.exceptions.BadRequest: 400 Unrecognized name: run_date at [4:23]; reason: invalidQuery, location: query, message: Unrecognized name: run_date at [4:23]

Location: europe-west1
Job ID: airflow_1770644321632288_35cc5fcda3ba7273ca332c470e375abc

[2026-02-09T13:38:42.105+0000] {taskinstance.py:1138} INFO - Marking task as UP_FOR_RETRY. dag_id=ecommerce_etl_v2, task_id=data_quality.check_fact_events_data, execution_date=20260209T132452, start_date=20260209T133841, end_date=20260209T133842
[2026-02-09T13:38:42.115+0000] {standard_task_runner.py:107} ERROR - Failed to execute job 2494 for task data_quality.check_fact_events_data (400 Unrecognized name: run_date at [4:23]; reason: invalidQuery, location: query, message: Unrecognized name: run_date at [4:23]

Location: europe-west1
Job ID: airflow_1770644321632288_35cc5fcda3ba7273ca332c470e375abc
; 59414)
[2026-02-09T13:38:42.154+0000] {local_task_job_runner.py:234} INFO - Task exited with return code 1
[2026-02-09T13:38:42.165+0000] {taskinstance.py:3280} INFO - 0 downstream tasks scheduled from follow-on schedule check
