[2026-02-09T13:07:14.567+0000] {taskinstance.py:1956} INFO - Dependencies all met for dep_context=non-requeueable deps ti=<TaskInstance: ecommerce_etl_v2.gold_layer.load_dim_products manual__2026-02-09T12:40:19.465033+00:00 [queued]>
[2026-02-09T13:07:14.580+0000] {taskinstance.py:1956} INFO - Dependencies all met for dep_context=requeueable deps ti=<TaskInstance: ecommerce_etl_v2.gold_layer.load_dim_products manual__2026-02-09T12:40:19.465033+00:00 [queued]>
[2026-02-09T13:07:14.580+0000] {taskinstance.py:2170} INFO - Starting attempt 5 of 7
[2026-02-09T13:07:14.591+0000] {taskinstance.py:2191} INFO - Executing <Task(BigQueryInsertJobOperator): gold_layer.load_dim_products> on 2026-02-09 12:40:19.465033+00:00
[2026-02-09T13:07:14.595+0000] {standard_task_runner.py:60} INFO - Started process 55106 to run task
[2026-02-09T13:07:14.599+0000] {standard_task_runner.py:87} INFO - Running: ['***', 'tasks', 'run', 'ecommerce_etl_v2', 'gold_layer.load_dim_products', 'manual__2026-02-09T12:40:19.465033+00:00', '--job-id', '2419', '--raw', '--subdir', 'DAGS_FOLDER/etl_dag.py', '--cfg-path', '/tmp/tmpvdh4rv2g']
[2026-02-09T13:07:14.606+0000] {standard_task_runner.py:88} INFO - Job 2419: Subtask gold_layer.load_dim_products
[2026-02-09T13:07:14.643+0000] {task_command.py:423} INFO - Running <TaskInstance: ecommerce_etl_v2.gold_layer.load_dim_products manual__2026-02-09T12:40:19.465033+00:00 [running]> on host 707cd2e8ef6b
[2026-02-09T13:07:14.698+0000] {taskinstance.py:2480} INFO - Exporting env vars: AIRFLOW_CTX_DAG_EMAIL='data-team@company.com' AIRFLOW_CTX_DAG_OWNER='data_engineering' AIRFLOW_CTX_DAG_ID='ecommerce_etl_v2' AIRFLOW_CTX_TASK_ID='gold_layer.load_dim_products' AIRFLOW_CTX_EXECUTION_DATE='2026-02-09T12:40:19.465033+00:00' AIRFLOW_CTX_TRY_NUMBER='5' AIRFLOW_CTX_DAG_RUN_ID='manual__2026-02-09T12:40:19.465033+00:00'
[2026-02-09T13:07:14.705+0000] {connection.py:234} WARNING - Connection schemes (type: google_cloud_platform) shall not contain '_' according to RFC3986.
[2026-02-09T13:07:14.706+0000] {base.py:83} INFO - Using connection ID 'google_cloud_default' for task execution.
[2026-02-09T13:07:14.706+0000] {credentials_provider.py:353} INFO - Getting connection using `google.auth.default()` since no explicit credentials are provided.
[2026-02-09T13:07:14.752+0000] {bigquery.py:2807} INFO - Executing: {'query': {'query': "MERGE `prism-486509.gold.dim_products` AS target\nUSING (\n  SELECT \n    product_id,\n    product_name,\n    brand_name,\n    product_category,\n    department,\n    sku,\n    retail_price,\n    dist_center_id\n  FROM `prism-486509.silver.products`\n) AS source\nON target.product_id = source.product_id  -- ✅ Use product_id everywhere\n   AND target.is_current = TRUE\n\nWHEN MATCHED AND (\n  target.product_name <> source.product_name OR\n  target.brand_name <> source.brand_name OR\n  target.product_category <> source.product_category OR\n  target.department <> source.department OR\n  target.sku <> source.sku OR\n  target.retail_price <> source.retail_price OR\n  COALESCE(target.dist_center_id, 0) <> COALESCE(source.dist_center_id, 0)\n) THEN\n  UPDATE SET \n    effective_to = CURRENT_DATE(),\n    is_current = FALSE\n\nWHEN NOT MATCHED BY TARGET THEN\n  INSERT (\n    product_key,\n    product_id,  -- ✅ Match target table column\n    product_name,\n    brand_name,\n    product_category,\n    department,\n    sku,\n    retail_price,\n    dist_center_id,\n    effective_from,\n    effective_to,\n    is_current\n  )\n  VALUES (\n    GENERATE_UUID(),\n    source.product_id,\n    source.product_name,\n    source.brand_name,\n    source.product_category,\n    source.department,\n    source.sku,\n    source.retail_price,\n    source.dist_center_id,\n    CURRENT_DATE(),\n    DATE('9999-12-31'),\n    TRUE\n  );", 'useLegacySql': False, 'destinationTable': {'projectId': 'prism-486509', 'datasetId': 'gold', 'tableId': 'dim_products'}, 'writeDisposition': 'WRITE_TRUNCATE'}}'
[2026-02-09T13:07:14.753+0000] {bigquery.py:1596} INFO - Inserting job ***_ecommerce_etl_v2_gold_layer_load_dim_products_2026_02_09T12_40_19_465033_00_00_e4c8790da3d163a57afee8168ea7a7c9
[2026-02-09T13:07:15.077+0000] {taskinstance.py:2698} ERROR - Task failed with exception
Traceback (most recent call last):
  File "/home/airflow/.local/lib/python3.8/site-packages/airflow/models/taskinstance.py", line 433, in _execute_task
    result = execute_callable(context=context, **execute_callable_kwargs)
  File "/home/airflow/.local/lib/python3.8/site-packages/airflow/providers/google/cloud/operators/bigquery.py", line 2864, in execute
    job.result(timeout=self.result_timeout, retry=self.result_retry)
  File "/home/airflow/.local/lib/python3.8/site-packages/google/cloud/bigquery/job/query.py", line 1595, in result
    do_get_result()
  File "/home/airflow/.local/lib/python3.8/site-packages/google/cloud/bigquery/job/query.py", line 1584, in do_get_result
    super(QueryJob, self).result(retry=retry, timeout=timeout)
  File "/home/airflow/.local/lib/python3.8/site-packages/google/cloud/bigquery/job/base.py", line 971, in result
    return super(_AsyncJob, self).result(timeout=timeout, **kwargs)
  File "/home/airflow/.local/lib/python3.8/site-packages/google/api_core/future/polling.py", line 261, in result
    raise self._exception
google.api_core.exceptions.BadRequest: 400 Cannot set destination table in jobs with DML statements; reason: invalidQuery, message: Cannot set destination table in jobs with DML statements

Location: europe-west1
Job ID: airflow_ecommerce_etl_v2_gold_layer_load_dim_products_2026_02_09T12_40_19_465033_00_00_e4c8790da3d163a57afee8168ea7a7c9

[2026-02-09T13:07:15.082+0000] {taskinstance.py:1138} INFO - Marking task as UP_FOR_RETRY. dag_id=ecommerce_etl_v2, task_id=gold_layer.load_dim_products, execution_date=20260209T124019, start_date=20260209T130714, end_date=20260209T130715
[2026-02-09T13:07:15.089+0000] {standard_task_runner.py:107} ERROR - Failed to execute job 2419 for task gold_layer.load_dim_products (400 Cannot set destination table in jobs with DML statements; reason: invalidQuery, message: Cannot set destination table in jobs with DML statements

Location: europe-west1
Job ID: airflow_ecommerce_etl_v2_gold_layer_load_dim_products_2026_02_09T12_40_19_465033_00_00_e4c8790da3d163a57afee8168ea7a7c9
; 55106)
[2026-02-09T13:07:15.120+0000] {local_task_job_runner.py:234} INFO - Task exited with return code 1
[2026-02-09T13:07:15.136+0000] {taskinstance.py:3280} INFO - 0 downstream tasks scheduled from follow-on schedule check
