[2026-02-12T14:39:11.995+0000] {taskinstance.py:1956} INFO - Dependencies all met for dep_context=non-requeueable deps ti=<TaskInstance: ecommerce_etl_v2.extract.extract_from_kaggle scheduled__2026-02-11T13:00:00+00:00 [queued]>
[2026-02-12T14:39:11.999+0000] {taskinstance.py:1956} INFO - Dependencies all met for dep_context=requeueable deps ti=<TaskInstance: ecommerce_etl_v2.extract.extract_from_kaggle scheduled__2026-02-11T13:00:00+00:00 [queued]>
[2026-02-12T14:39:11.999+0000] {taskinstance.py:2170} INFO - Starting attempt 2 of 3
[2026-02-12T14:39:12.004+0000] {taskinstance.py:2191} INFO - Executing <Task(PythonOperator): extract.extract_from_kaggle> on 2026-02-11 13:00:00+00:00
[2026-02-12T14:39:12.007+0000] {standard_task_runner.py:60} INFO - Started process 8857 to run task
[2026-02-12T14:39:12.009+0000] {standard_task_runner.py:87} INFO - Running: ['***', 'tasks', 'run', 'ecommerce_etl_v2', 'extract.extract_from_kaggle', 'scheduled__2026-02-11T13:00:00+00:00', '--job-id', '2268', '--raw', '--subdir', 'DAGS_FOLDER/etl_dag.py', '--cfg-path', '/tmp/tmpcl111b_8']
[2026-02-12T14:39:12.010+0000] {standard_task_runner.py:88} INFO - Job 2268: Subtask extract.extract_from_kaggle
[2026-02-12T14:39:12.032+0000] {task_command.py:423} INFO - Running <TaskInstance: ecommerce_etl_v2.extract.extract_from_kaggle scheduled__2026-02-11T13:00:00+00:00 [running]> on host 89ab86e4d295
[2026-02-12T14:39:12.069+0000] {taskinstance.py:2480} INFO - Exporting env vars: AIRFLOW_CTX_DAG_EMAIL='data-team@company.com' AIRFLOW_CTX_DAG_OWNER='data_engineering' AIRFLOW_CTX_DAG_ID='ecommerce_etl_v2' AIRFLOW_CTX_TASK_ID='extract.extract_from_kaggle' AIRFLOW_CTX_EXECUTION_DATE='2026-02-11T13:00:00+00:00' AIRFLOW_CTX_TRY_NUMBER='2' AIRFLOW_CTX_DAG_RUN_ID='scheduled__2026-02-11T13:00:00+00:00'
[2026-02-12T14:39:12.076+0000] {logging_mixin.py:188} INFO - Starting Kaggle dataset download...
[2026-02-12T14:39:12.078+0000] {logging_mixin.py:188} INFO - Warning: Your Kaggle API key is readable by other users on this system! To fix this, you can run 'chmod 600 /home/***/.kaggle/kaggle.json'
[2026-02-12T14:39:12.082+0000] {logging_mixin.py:188} INFO - Dataset URL: https://www.kaggle.com/datasets/mustafakeser4/looker-ecommerce-bigquery-dataset
[2026-02-12T14:39:12.669+0000] {logging_mixin.py:188} INFO - Downloading looker-ecommerce-bigquery-dataset.zip to /tmp/bronze_temp
[2026-02-12T14:39:12.672+0000] {logging_mixin.py:188} WARNING -   0%|          | 0.00/162M [00:00<?, ?B/s]
[2026-02-12T14:39:12.937+0000] {logging_mixin.py:188} WARNING -   1%|          | 1.00M/162M [00:00<00:42, 3.97MB/s]
[2026-02-12T14:39:13.099+0000] {logging_mixin.py:188} WARNING -   2%|1         | 3.00M/162M [00:00<00:20, 8.13MB/s]
[2026-02-12T14:39:13.265+0000] {logging_mixin.py:188} WARNING -   3%|3         | 5.00M/162M [00:00<00:16, 9.97MB/s]
[2026-02-12T14:39:13.435+0000] {logging_mixin.py:188} WARNING -   4%|4         | 7.00M/162M [00:00<00:14, 10.9MB/s]
[2026-02-12T14:39:13.597+0000] {logging_mixin.py:188} WARNING -   6%|5         | 9.00M/162M [00:00<00:13, 11.6MB/s]
[2026-02-12T14:39:13.764+0000] {logging_mixin.py:188} WARNING -   7%|6         | 11.0M/162M [00:01<00:13, 11.9MB/s]
[2026-02-12T14:39:13.931+0000] {logging_mixin.py:188} WARNING -   8%|8         | 13.0M/162M [00:01<00:12, 12.1MB/s]
[2026-02-12T14:39:14.095+0000] {logging_mixin.py:188} WARNING -   9%|9         | 15.0M/162M [00:01<00:12, 12.3MB/s]
[2026-02-12T14:39:14.260+0000] {logging_mixin.py:188} WARNING -  10%|#         | 17.0M/162M [00:01<00:12, 12.4MB/s]
[2026-02-12T14:39:14.427+0000] {logging_mixin.py:188} WARNING -  12%|#1        | 19.0M/162M [00:01<00:12, 12.5MB/s]
[2026-02-12T14:39:14.606+0000] {logging_mixin.py:188} WARNING -  13%|#2        | 21.0M/162M [00:01<00:12, 12.2MB/s]
[2026-02-12T14:39:14.769+0000] {logging_mixin.py:188} WARNING -  14%|#4        | 23.0M/162M [00:02<00:11, 12.4MB/s]
[2026-02-12T14:39:14.935+0000] {logging_mixin.py:188} WARNING -  15%|#5        | 25.0M/162M [00:02<00:11, 12.5MB/s]
[2026-02-12T14:39:15.110+0000] {logging_mixin.py:188} WARNING -  17%|#6        | 27.0M/162M [00:02<00:11, 12.3MB/s]
[2026-02-12T14:39:15.271+0000] {logging_mixin.py:188} WARNING -  18%|#7        | 29.0M/162M [00:02<00:11, 12.5MB/s]
[2026-02-12T14:39:15.947+0000] {logging_mixin.py:188} WARNING -  19%|#8        | 30.3M/162M [00:03<00:23, 5.86MB/s]
[2026-02-12T14:39:15.948+0000] {logging_mixin.py:188} WARNING -  19%|#8        | 30.3M/162M [00:03<00:14, 9.70MB/s]
[2026-02-12T14:39:15.949+0000] {taskinstance.py:2698} ERROR - Task failed with exception
Traceback (most recent call last):
  File "/home/airflow/.local/lib/python3.8/site-packages/kaggle/api/kaggle_api_extended.py", line 1508, in dataset_download_files
    with zipfile.ZipFile(outfile) as z:
  File "/usr/local/lib/python3.8/zipfile.py", line 1269, in __init__
    self._RealGetContents()
  File "/usr/local/lib/python3.8/zipfile.py", line 1336, in _RealGetContents
    raise BadZipFile("File is not a zip file")
zipfile.BadZipFile: File is not a zip file

During handling of the above exception, another exception occurred:

Traceback (most recent call last):
  File "/home/airflow/.local/lib/python3.8/site-packages/airflow/models/taskinstance.py", line 433, in _execute_task
    result = execute_callable(context=context, **execute_callable_kwargs)
  File "/home/airflow/.local/lib/python3.8/site-packages/airflow/operators/python.py", line 199, in execute
    return_value = self.execute_callable()
  File "/home/airflow/.local/lib/python3.8/site-packages/airflow/operators/python.py", line 216, in execute_callable
    return self.python_callable(*self.op_args, **self.op_kwargs)
  File "/opt/airflow/src/extract.py", line 38, in extract_data
    api.dataset_download_files(
  File "/home/airflow/.local/lib/python3.8/site-packages/kaggle/api/kaggle_api_extended.py", line 1511, in dataset_download_files
    raise ValueError(
ValueError: ('Bad zip file, please report on www.github.com/kaggle/kaggle-api', BadZipFile('File is not a zip file'))
[2026-02-12T14:39:15.958+0000] {taskinstance.py:1138} INFO - Marking task as UP_FOR_RETRY. dag_id=ecommerce_etl_v2, task_id=extract.extract_from_kaggle, execution_date=20260211T130000, start_date=20260212T143911, end_date=20260212T143915
[2026-02-12T14:39:15.969+0000] {standard_task_runner.py:107} ERROR - Failed to execute job 2268 for task extract.extract_from_kaggle (('Bad zip file, please report on www.github.com/kaggle/kaggle-api', BadZipFile('File is not a zip file')); 8857)
[2026-02-12T14:39:16.009+0000] {local_task_job_runner.py:234} INFO - Task exited with return code 1
[2026-02-12T14:39:16.042+0000] {taskinstance.py:3280} INFO - 0 downstream tasks scheduled from follow-on schedule check
