[2026-02-12T13:39:13.605+0000] {taskinstance.py:1956} INFO - Dependencies all met for dep_context=non-requeueable deps ti=<TaskInstance: ecommerce_etl_v2.extract.extract_from_kaggle scheduled__2026-02-11T13:00:00+00:00 [queued]>
[2026-02-12T13:39:13.611+0000] {taskinstance.py:1956} INFO - Dependencies all met for dep_context=requeueable deps ti=<TaskInstance: ecommerce_etl_v2.extract.extract_from_kaggle scheduled__2026-02-11T13:00:00+00:00 [queued]>
[2026-02-12T13:39:13.612+0000] {taskinstance.py:2170} INFO - Starting attempt 1 of 3
[2026-02-12T13:39:13.622+0000] {taskinstance.py:2191} INFO - Executing <Task(PythonOperator): extract.extract_from_kaggle> on 2026-02-11 13:00:00+00:00
[2026-02-12T13:39:13.628+0000] {standard_task_runner.py:60} INFO - Started process 8770 to run task
[2026-02-12T13:39:13.635+0000] {standard_task_runner.py:87} INFO - Running: ['***', 'tasks', 'run', 'ecommerce_etl_v2', 'extract.extract_from_kaggle', 'scheduled__2026-02-11T13:00:00+00:00', '--job-id', '2267', '--raw', '--subdir', 'DAGS_FOLDER/etl_dag.py', '--cfg-path', '/tmp/tmpc0hjzl9q']
[2026-02-12T13:39:13.637+0000] {standard_task_runner.py:88} INFO - Job 2267: Subtask extract.extract_from_kaggle
[2026-02-12T13:39:13.685+0000] {task_command.py:423} INFO - Running <TaskInstance: ecommerce_etl_v2.extract.extract_from_kaggle scheduled__2026-02-11T13:00:00+00:00 [running]> on host 89ab86e4d295
[2026-02-12T13:39:13.751+0000] {taskinstance.py:2480} INFO - Exporting env vars: AIRFLOW_CTX_DAG_EMAIL='data-team@company.com' AIRFLOW_CTX_DAG_OWNER='data_engineering' AIRFLOW_CTX_DAG_ID='ecommerce_etl_v2' AIRFLOW_CTX_TASK_ID='extract.extract_from_kaggle' AIRFLOW_CTX_EXECUTION_DATE='2026-02-11T13:00:00+00:00' AIRFLOW_CTX_TRY_NUMBER='1' AIRFLOW_CTX_DAG_RUN_ID='scheduled__2026-02-11T13:00:00+00:00'
[2026-02-12T13:39:13.772+0000] {logging_mixin.py:188} INFO - Starting Kaggle dataset download...
[2026-02-12T13:39:13.781+0000] {logging_mixin.py:188} INFO - Warning: Your Kaggle API key is readable by other users on this system! To fix this, you can run 'chmod 600 /home/***/.kaggle/kaggle.json'
[2026-02-12T13:39:13.827+0000] {logging_mixin.py:188} INFO - Dataset URL: https://www.kaggle.com/datasets/mustafakeser4/looker-ecommerce-bigquery-dataset
[2026-02-12T13:39:14.468+0000] {logging_mixin.py:188} INFO - Downloading looker-ecommerce-bigquery-dataset.zip to /tmp/bronze_temp
[2026-02-12T13:39:14.469+0000] {logging_mixin.py:188} WARNING -   0%|          | 0.00/162M [00:00<?, ?B/s]
[2026-02-12T13:39:15.373+0000] {logging_mixin.py:188} WARNING -   1%|          | 1.00M/162M [00:00<02:25, 1.16MB/s]
[2026-02-12T13:39:15.589+0000] {logging_mixin.py:188} WARNING -   1%|1         | 2.00M/162M [00:01<01:19, 2.10MB/s]
[2026-02-12T13:39:15.750+0000] {logging_mixin.py:188} WARNING -   2%|2         | 4.00M/162M [00:01<00:37, 4.43MB/s]
[2026-02-12T13:39:15.917+0000] {logging_mixin.py:188} WARNING -   4%|3         | 6.00M/162M [00:01<00:25, 6.38MB/s]
[2026-02-12T13:39:16.086+0000] {logging_mixin.py:188} WARNING -   5%|4         | 8.00M/162M [00:01<00:20, 7.94MB/s]
[2026-02-12T13:39:16.250+0000] {logging_mixin.py:188} WARNING -   6%|6         | 10.0M/162M [00:01<00:17, 9.21MB/s]
[2026-02-12T13:39:16.437+0000] {logging_mixin.py:188} WARNING -   7%|7         | 12.0M/162M [00:01<00:16, 9.82MB/s]
[2026-02-12T13:39:17.077+0000] {logging_mixin.py:188} WARNING -   8%|7         | 12.3M/162M [00:02<00:31, 4.94MB/s]
[2026-02-12T13:39:17.078+0000] {taskinstance.py:2698} ERROR - Task failed with exception
Traceback (most recent call last):
  File "/home/airflow/.local/lib/python3.8/site-packages/kaggle/api/kaggle_api_extended.py", line 1508, in dataset_download_files
    with zipfile.ZipFile(outfile) as z:
  File "/usr/local/lib/python3.8/zipfile.py", line 1269, in __init__
    self._RealGetContents()
  File "/usr/local/lib/python3.8/zipfile.py", line 1336, in _RealGetContents
    raise BadZipFile("File is not a zip file")
zipfile.BadZipFile: File is not a zip file

During handling of the above exception, another exception occurred:

Traceback (most recent call last):
  File "/home/airflow/.local/lib/python3.8/site-packages/airflow/models/taskinstance.py", line 433, in _execute_task
    result = execute_callable(context=context, **execute_callable_kwargs)
  File "/home/airflow/.local/lib/python3.8/site-packages/airflow/operators/python.py", line 199, in execute
    return_value = self.execute_callable()
  File "/home/airflow/.local/lib/python3.8/site-packages/airflow/operators/python.py", line 216, in execute_callable
    return self.python_callable(*self.op_args, **self.op_kwargs)
  File "/opt/airflow/src/extract.py", line 38, in extract_data
    api.dataset_download_files(
  File "/home/airflow/.local/lib/python3.8/site-packages/kaggle/api/kaggle_api_extended.py", line 1511, in dataset_download_files
    raise ValueError(
ValueError: ('Bad zip file, please report on www.github.com/kaggle/kaggle-api', BadZipFile('File is not a zip file'))
[2026-02-12T13:39:17.091+0000] {taskinstance.py:1138} INFO - Marking task as UP_FOR_RETRY. dag_id=ecommerce_etl_v2, task_id=extract.extract_from_kaggle, execution_date=20260211T130000, start_date=20260212T133913, end_date=20260212T133917
[2026-02-12T13:39:17.100+0000] {standard_task_runner.py:107} ERROR - Failed to execute job 2267 for task extract.extract_from_kaggle (('Bad zip file, please report on www.github.com/kaggle/kaggle-api', BadZipFile('File is not a zip file')); 8770)
[2026-02-12T13:39:17.125+0000] {local_task_job_runner.py:234} INFO - Task exited with return code 1
[2026-02-12T13:39:17.161+0000] {taskinstance.py:3280} INFO - 0 downstream tasks scheduled from follow-on schedule check
