[2026-02-10T21:18:13.907+0000] {taskinstance.py:1956} INFO - Dependencies all met for dep_context=non-requeueable deps ti=<TaskInstance: ecommerce_etl_v2.gold_layer.load_fact_events manual__2026-02-10T14:58:15.423598+00:00 [queued]>
[2026-02-10T21:18:13.912+0000] {taskinstance.py:1956} INFO - Dependencies all met for dep_context=requeueable deps ti=<TaskInstance: ecommerce_etl_v2.gold_layer.load_fact_events manual__2026-02-10T14:58:15.423598+00:00 [queued]>
[2026-02-10T21:18:13.912+0000] {taskinstance.py:2170} INFO - Starting attempt 14 of 14
[2026-02-10T21:18:13.918+0000] {taskinstance.py:2191} INFO - Executing <Task(BigQueryInsertJobOperator): gold_layer.load_fact_events> on 2026-02-10 14:58:15.423598+00:00
[2026-02-10T21:18:13.922+0000] {standard_task_runner.py:60} INFO - Started process 56537 to run task
[2026-02-10T21:18:13.925+0000] {standard_task_runner.py:87} INFO - Running: ['***', 'tasks', 'run', 'ecommerce_etl_v2', 'gold_layer.load_fact_events', 'manual__2026-02-10T14:58:15.423598+00:00', '--job-id', '1784', '--raw', '--subdir', 'DAGS_FOLDER/etl_dag.py', '--cfg-path', '/tmp/tmpo2d81lmo']
[2026-02-10T21:18:13.926+0000] {standard_task_runner.py:88} INFO - Job 1784: Subtask gold_layer.load_fact_events
[2026-02-10T21:18:13.951+0000] {task_command.py:423} INFO - Running <TaskInstance: ecommerce_etl_v2.gold_layer.load_fact_events manual__2026-02-10T14:58:15.423598+00:00 [running]> on host 89ab86e4d295
[2026-02-10T21:18:13.984+0000] {taskinstance.py:2480} INFO - Exporting env vars: AIRFLOW_CTX_DAG_EMAIL='data-team@company.com' AIRFLOW_CTX_DAG_OWNER='data_engineering' AIRFLOW_CTX_DAG_ID='ecommerce_etl_v2' AIRFLOW_CTX_TASK_ID='gold_layer.load_fact_events' AIRFLOW_CTX_EXECUTION_DATE='2026-02-10T14:58:15.423598+00:00' AIRFLOW_CTX_TRY_NUMBER='14' AIRFLOW_CTX_DAG_RUN_ID='manual__2026-02-10T14:58:15.423598+00:00'
[2026-02-10T21:18:13.988+0000] {connection.py:234} WARNING - Connection schemes (type: google_cloud_platform) shall not contain '_' according to RFC3986.
[2026-02-10T21:18:13.989+0000] {base.py:83} INFO - Using connection ID 'google_cloud_default' for task execution.
[2026-02-10T21:18:13.989+0000] {credentials_provider.py:353} INFO - Getting connection using `google.auth.default()` since no explicit credentials are provided.
[2026-02-10T21:18:14.031+0000] {bigquery.py:2807} INFO - Executing: {'query': {'query': '-- SELECT\n--   -- Surrogate key\n--   GENERATE_UUID() AS event_key,\n  \n--   -- FKs from dimensions\n--   id as event_id,\n--   b.browser_key,\n--   ts.traffic_source_key,\n--   u.user_key,           -- ✅ Keep user_key\n--   d.date_key,           -- ✅ Keep date_key\n--   et.event_type_key,    -- ✅ Keep event_type_key\n  \n--   -- Measures\n--   e.event_order_in_session,\n--   e.session_id,         -- ✅ Add session_id\n--   e.created_at AS event_timestamp\n\n-- FROM `prism-486509.silver.events` e\n\n-- -- User dimension ✅ Exists\n-- LEFT JOIN `prism-486509.gold.dim_users` u\n--   ON CAST(e.user_id AS STRING) = CAST(u.user_id AS STRING)\n\n-- -- Browser dimension ✅ Exists  \n-- LEFT JOIN `prism-486509.gold.dim_browser` b\n--   ON e.browser = b.browser_name\n\n-- -- Traffic source dimension ✅ Exists\n-- LEFT JOIN `prism-486509.gold.dim_traffic_source` ts\n--   ON e.traffic_source = ts.traffic_source\n\n-- -- Event type dimension ✅ Exists\n-- LEFT JOIN `prism-486509.gold.dim_event_type` et\n--   ON e.event_type = et.event_type\n\n-- -- Date dimension ✅ Exists\n-- LEFT JOIN `prism-486509.gold.dim_date` d\n--   ON DATE(e.created_at) = d.date\n\n-- WHERE e.is_valid_id = TRUE \n--   AND e.is_valid_created_at = TRUE;\n\nSELECT\n  -- Deterministic surrogate key for fact row\n  TO_HEX(SHA256(CAST(e.id AS STRING))) AS event_key,\n  \n  -- FKs from dimensions\n  e.id AS event_id,\n  b.browser_key,\n  ts.traffic_source_key,\n  u.user_key,\n  d.date_key,\n  et.event_type_key,\n  l.location_key,\n  \n  -- Measures\n  e.event_order_in_session,\n  e.session_id,\n  e.created_at AS event_timestamp\n\nFROM `prism-486509.silver.events` e\n\nLEFT JOIN `prism-486509.gold.dim_users` u\n  ON CAST(e.user_id AS STRING) = CAST(u.user_id AS STRING)\n\nLEFT JOIN `prism-486509.gold.dim_location` l\n  ON e.city = l.city\n  AND e.state = l.state\n  AND e.postal_code = l.postal_code\n\nLEFT JOIN `prism-486509.gold.dim_browser` b\n  ON e.browser = b.browser_name\n\nLEFT JOIN `prism-486509.gold.dim_traffic_source` ts\n  ON e.traffic_source = ts.traffic_source\n\nLEFT JOIN `prism-486509.gold.dim_event_type` et\n  ON e.event_type_cleaned = et.event_type\n\nLEFT JOIN `prism-486509.gold.dim_date` d\n  ON DATE(e.created_at) = d.date\n', 'useLegacySql': False, 'destinationTable': {'projectId': 'prism-486509', 'datasetId': 'gold', 'tableId': 'fact_events'}, 'writeDisposition': 'WRITE_TRUNCATE'}}'
[2026-02-10T21:18:14.032+0000] {bigquery.py:1596} INFO - Inserting job ***_ecommerce_etl_v2_gold_layer_load_fact_events_2026_02_10T14_58_15_423598_00_00_757532e27bedb63a10e28eb315f77d15
[2026-02-10T21:18:14.941+0000] {taskinstance.py:2698} ERROR - Task failed with exception
Traceback (most recent call last):
  File "/home/airflow/.local/lib/python3.8/site-packages/airflow/models/taskinstance.py", line 433, in _execute_task
    result = execute_callable(context=context, **execute_callable_kwargs)
  File "/home/airflow/.local/lib/python3.8/site-packages/airflow/providers/google/cloud/operators/bigquery.py", line 2864, in execute
    job.result(timeout=self.result_timeout, retry=self.result_retry)
  File "/home/airflow/.local/lib/python3.8/site-packages/google/cloud/bigquery/job/query.py", line 1595, in result
    do_get_result()
  File "/home/airflow/.local/lib/python3.8/site-packages/google/cloud/bigquery/job/query.py", line 1584, in do_get_result
    super(QueryJob, self).result(retry=retry, timeout=timeout)
  File "/home/airflow/.local/lib/python3.8/site-packages/google/cloud/bigquery/job/base.py", line 971, in result
    return super(_AsyncJob, self).result(timeout=timeout, **kwargs)
  File "/home/airflow/.local/lib/python3.8/site-packages/google/api_core/future/polling.py", line 261, in result
    raise self._exception
google.api_core.exceptions.BadRequest: 400 No matching signature for operator = for argument types: STRING, INT64
  Signature: T1 = T1
    Unable to find common supertype for templated argument <T1>
      Input types for <T1>: {INT64, STRING} at [69:7]; reason: invalidQuery, location: query, message: No matching signature for operator = for argument types: STRING, INT64
  Signature: T1 = T1
    Unable to find common supertype for templated argument <T1>
      Input types for <T1>: {INT64, STRING} at [69:7]

Location: europe-west1
Job ID: airflow_ecommerce_etl_v2_gold_layer_load_fact_events_2026_02_10T14_58_15_423598_00_00_757532e27bedb63a10e28eb315f77d15

[2026-02-10T21:18:14.953+0000] {taskinstance.py:1138} INFO - Marking task as FAILED. dag_id=ecommerce_etl_v2, task_id=gold_layer.load_fact_events, execution_date=20260210T145815, start_date=20260210T211813, end_date=20260210T211814
[2026-02-10T21:18:14.964+0000] {logging_mixin.py:188} WARNING - /home/***/.local/lib/python3.8/site-packages/***/utils/email.py:154 RemovedInAirflow3Warning: Fetching SMTP credentials from configuration variables will be deprecated in a future release. Please set credentials using a connection instead.
[2026-02-10T21:18:14.964+0000] {configuration.py:1046} WARNING - section/key [smtp/smtp_user] not found in config
[2026-02-10T21:18:14.965+0000] {email.py:270} INFO - Email alerting: attempt 1
[2026-02-10T21:18:14.969+0000] {configuration.py:1046} WARNING - section/key [smtp/smtp_user] not found in config
[2026-02-10T21:18:14.970+0000] {email.py:270} INFO - Email alerting: attempt 1
[2026-02-10T21:18:14.970+0000] {taskinstance.py:826} ERROR - Failed to send email to: ['data-team@company.com']
Traceback (most recent call last):
  File "/home/airflow/.local/lib/python3.8/site-packages/airflow/models/taskinstance.py", line 2334, in _run_raw_task
    self._execute_task_with_callbacks(context, test_mode, session=session)
  File "/home/airflow/.local/lib/python3.8/site-packages/airflow/models/taskinstance.py", line 2499, in _execute_task_with_callbacks
    result = self._execute_task(context, task_orig)
  File "/home/airflow/.local/lib/python3.8/site-packages/airflow/models/taskinstance.py", line 2516, in _execute_task
    return _execute_task(self, context, task_orig)
  File "/home/airflow/.local/lib/python3.8/site-packages/airflow/models/taskinstance.py", line 433, in _execute_task
    result = execute_callable(context=context, **execute_callable_kwargs)
  File "/home/airflow/.local/lib/python3.8/site-packages/airflow/providers/google/cloud/operators/bigquery.py", line 2864, in execute
    job.result(timeout=self.result_timeout, retry=self.result_retry)
  File "/home/airflow/.local/lib/python3.8/site-packages/google/cloud/bigquery/job/query.py", line 1595, in result
    do_get_result()
  File "/home/airflow/.local/lib/python3.8/site-packages/google/cloud/bigquery/job/query.py", line 1584, in do_get_result
    super(QueryJob, self).result(retry=retry, timeout=timeout)
  File "/home/airflow/.local/lib/python3.8/site-packages/google/cloud/bigquery/job/base.py", line 971, in result
    return super(_AsyncJob, self).result(timeout=timeout, **kwargs)
  File "/home/airflow/.local/lib/python3.8/site-packages/google/api_core/future/polling.py", line 261, in result
    raise self._exception
google.api_core.exceptions.BadRequest: 400 No matching signature for operator = for argument types: STRING, INT64
  Signature: T1 = T1
    Unable to find common supertype for templated argument <T1>
      Input types for <T1>: {INT64, STRING} at [69:7]; reason: invalidQuery, location: query, message: No matching signature for operator = for argument types: STRING, INT64
  Signature: T1 = T1
    Unable to find common supertype for templated argument <T1>
      Input types for <T1>: {INT64, STRING} at [69:7]

Location: europe-west1
Job ID: airflow_ecommerce_etl_v2_gold_layer_load_fact_events_2026_02_10T14_58_15_423598_00_00_757532e27bedb63a10e28eb315f77d15


During handling of the above exception, another exception occurred:

Traceback (most recent call last):
  File "/home/airflow/.local/lib/python3.8/site-packages/airflow/models/taskinstance.py", line 1000, in _email_alert
    send_email(task.email, subject, html_content)
  File "/home/airflow/.local/lib/python3.8/site-packages/airflow/utils/email.py", line 80, in send_email
    return backend(
  File "/home/airflow/.local/lib/python3.8/site-packages/airflow/utils/email.py", line 154, in send_email_smtp
    send_mime_email(e_from=mail_from, e_to=recipients, mime_msg=msg, conn_id=conn_id, dryrun=dryrun)
  File "/home/airflow/.local/lib/python3.8/site-packages/airflow/utils/email.py", line 272, in send_mime_email
    smtp_conn = _get_smtp_connection(smtp_host, smtp_port, smtp_timeout, smtp_ssl)
  File "/home/airflow/.local/lib/python3.8/site-packages/airflow/utils/email.py", line 316, in _get_smtp_connection
    return smtplib.SMTP(host=host, port=port, timeout=timeout)
  File "/usr/local/lib/python3.8/smtplib.py", line 255, in __init__
    (code, msg) = self.connect(host, port)
  File "/usr/local/lib/python3.8/smtplib.py", line 339, in connect
    self.sock = self._get_socket(host, port, self.timeout)
  File "/usr/local/lib/python3.8/smtplib.py", line 310, in _get_socket
    return socket.create_connection((host, port), timeout,
  File "/usr/local/lib/python3.8/socket.py", line 808, in create_connection
    raise err
  File "/usr/local/lib/python3.8/socket.py", line 796, in create_connection
    sock.connect(sa)
ConnectionRefusedError: [Errno 111] Connection refused

During handling of the above exception, another exception occurred:

Traceback (most recent call last):
  File "/home/airflow/.local/lib/python3.8/site-packages/airflow/models/taskinstance.py", line 824, in _handle_failure
    task_instance.email_alert(error, failure_context["task"])
  File "/home/airflow/.local/lib/python3.8/site-packages/airflow/models/taskinstance.py", line 2946, in email_alert
    _email_alert(task_instance=self, exception=exception, task=task)
  File "/home/airflow/.local/lib/python3.8/site-packages/airflow/models/taskinstance.py", line 1002, in _email_alert
    send_email(task.email, subject, html_content_err)
  File "/home/airflow/.local/lib/python3.8/site-packages/airflow/utils/email.py", line 80, in send_email
    return backend(
  File "/home/airflow/.local/lib/python3.8/site-packages/airflow/utils/email.py", line 154, in send_email_smtp
    send_mime_email(e_from=mail_from, e_to=recipients, mime_msg=msg, conn_id=conn_id, dryrun=dryrun)
  File "/home/airflow/.local/lib/python3.8/site-packages/airflow/utils/email.py", line 272, in send_mime_email
    smtp_conn = _get_smtp_connection(smtp_host, smtp_port, smtp_timeout, smtp_ssl)
  File "/home/airflow/.local/lib/python3.8/site-packages/airflow/utils/email.py", line 316, in _get_smtp_connection
    return smtplib.SMTP(host=host, port=port, timeout=timeout)
  File "/usr/local/lib/python3.8/smtplib.py", line 255, in __init__
    (code, msg) = self.connect(host, port)
  File "/usr/local/lib/python3.8/smtplib.py", line 339, in connect
    self.sock = self._get_socket(host, port, self.timeout)
  File "/usr/local/lib/python3.8/smtplib.py", line 310, in _get_socket
    return socket.create_connection((host, port), timeout,
  File "/usr/local/lib/python3.8/socket.py", line 808, in create_connection
    raise err
  File "/usr/local/lib/python3.8/socket.py", line 796, in create_connection
    sock.connect(sa)
ConnectionRefusedError: [Errno 111] Connection refused
[2026-02-10T21:18:14.980+0000] {standard_task_runner.py:107} ERROR - Failed to execute job 1784 for task gold_layer.load_fact_events (400 No matching signature for operator = for argument types: STRING, INT64
  Signature: T1 = T1
    Unable to find common supertype for templated argument <T1>
      Input types for <T1>: {INT64, STRING} at [69:7]; reason: invalidQuery, location: query, message: No matching signature for operator = for argument types: STRING, INT64
  Signature: T1 = T1
    Unable to find common supertype for templated argument <T1>
      Input types for <T1>: {INT64, STRING} at [69:7]

Location: europe-west1
Job ID: airflow_ecommerce_etl_v2_gold_layer_load_fact_events_2026_02_10T14_58_15_423598_00_00_757532e27bedb63a10e28eb315f77d15
; 56537)
[2026-02-10T21:18:15.011+0000] {local_task_job_runner.py:234} INFO - Task exited with return code 1
[2026-02-10T21:18:15.027+0000] {taskinstance.py:3280} INFO - 0 downstream tasks scheduled from follow-on schedule check
