[2026-02-10T20:02:11.036+0000] {taskinstance.py:1956} INFO - Dependencies all met for dep_context=non-requeueable deps ti=<TaskInstance: ecommerce_etl_v2.gold_layer.load_fact_events manual__2026-02-10T14:58:15.423598+00:00 [queued]>
[2026-02-10T20:02:11.043+0000] {taskinstance.py:1956} INFO - Dependencies all met for dep_context=requeueable deps ti=<TaskInstance: ecommerce_etl_v2.gold_layer.load_fact_events manual__2026-02-10T14:58:15.423598+00:00 [queued]>
[2026-02-10T20:02:11.043+0000] {taskinstance.py:2170} INFO - Starting attempt 5 of 6
[2026-02-10T20:02:11.050+0000] {taskinstance.py:2191} INFO - Executing <Task(BigQueryInsertJobOperator): gold_layer.load_fact_events> on 2026-02-10 14:58:15.423598+00:00
[2026-02-10T20:02:11.054+0000] {standard_task_runner.py:60} INFO - Started process 49164 to run task
[2026-02-10T20:02:11.059+0000] {standard_task_runner.py:87} INFO - Running: ['***', 'tasks', 'run', 'ecommerce_etl_v2', 'gold_layer.load_fact_events', 'manual__2026-02-10T14:58:15.423598+00:00', '--job-id', '1657', '--raw', '--subdir', 'DAGS_FOLDER/etl_dag.py', '--cfg-path', '/tmp/tmpagbkxnd3']
[2026-02-10T20:02:11.061+0000] {standard_task_runner.py:88} INFO - Job 1657: Subtask gold_layer.load_fact_events
[2026-02-10T20:02:11.096+0000] {task_command.py:423} INFO - Running <TaskInstance: ecommerce_etl_v2.gold_layer.load_fact_events manual__2026-02-10T14:58:15.423598+00:00 [running]> on host 89ab86e4d295
[2026-02-10T20:02:11.140+0000] {taskinstance.py:2480} INFO - Exporting env vars: AIRFLOW_CTX_DAG_EMAIL='data-team@company.com' AIRFLOW_CTX_DAG_OWNER='data_engineering' AIRFLOW_CTX_DAG_ID='ecommerce_etl_v2' AIRFLOW_CTX_TASK_ID='gold_layer.load_fact_events' AIRFLOW_CTX_EXECUTION_DATE='2026-02-10T14:58:15.423598+00:00' AIRFLOW_CTX_TRY_NUMBER='5' AIRFLOW_CTX_DAG_RUN_ID='manual__2026-02-10T14:58:15.423598+00:00'
[2026-02-10T20:02:11.145+0000] {connection.py:234} WARNING - Connection schemes (type: google_cloud_platform) shall not contain '_' according to RFC3986.
[2026-02-10T20:02:11.146+0000] {base.py:83} INFO - Using connection ID 'google_cloud_default' for task execution.
[2026-02-10T20:02:11.146+0000] {credentials_provider.py:353} INFO - Getting connection using `google.auth.default()` since no explicit credentials are provided.
[2026-02-10T20:02:11.190+0000] {bigquery.py:2807} INFO - Executing: {'query': {'query': '-- SELECT\n--   -- Surrogate key\n--   GENERATE_UUID() AS event_key,\n  \n--   -- FKs from dimensions\n--   id as event_id,\n--   b.browser_key,\n--   ts.traffic_source_key,\n--   u.user_key,           -- ✅ Keep user_key\n--   d.date_key,           -- ✅ Keep date_key\n--   et.event_type_key,    -- ✅ Keep event_type_key\n  \n--   -- Measures\n--   e.event_order_in_session,\n--   e.session_id,         -- ✅ Add session_id\n--   e.created_at AS event_timestamp\n\n-- FROM `prism-486509.silver.events` e\n\n-- -- User dimension ✅ Exists\n-- LEFT JOIN `prism-486509.gold.dim_users` u\n--   ON CAST(e.user_id AS STRING) = CAST(u.user_id AS STRING)\n\n-- -- Browser dimension ✅ Exists  \n-- LEFT JOIN `prism-486509.gold.dim_browser` b\n--   ON e.browser = b.browser_name\n\n-- -- Traffic source dimension ✅ Exists\n-- LEFT JOIN `prism-486509.gold.dim_traffic_source` ts\n--   ON e.traffic_source = ts.traffic_source\n\n-- -- Event type dimension ✅ Exists\n-- LEFT JOIN `prism-486509.gold.dim_event_type` et\n--   ON e.event_type = et.event_type\n\n-- -- Date dimension ✅ Exists\n-- LEFT JOIN `prism-486509.gold.dim_date` d\n--   ON DATE(e.created_at) = d.date\n\n-- WHERE e.is_valid_id = TRUE \n--   AND e.is_valid_created_at = TRUE;\n\nSELECT\n  -- Deterministic surrogate key for fact row\n  TO_HEX(SHA256(CAST(e.id AS STRING))) AS event_key,\n  \n  -- FKs from dimensions\n  e.id AS event_id,\n  b.browser_key,\n  ts.traffic_source_key,\n  u.user_key,\n  d.date_key,\n  et.event_type_key,\n  l.location_key,\n  \n  -- Measures\n  e.event_order_in_session,\n  e.session_id,\n  e.created_at AS event_timestamp\n\nFROM `prism-486509.silver.events` e\n\nLEFT JOIN `prism-486509.gold.dim_users` u\n  ON CAST(e.user_id AS STRING) = CAST(u.user_id AS STRING)\n\nLEFT JOIN `prism-486509.gold.dim_location` l\n  ON e.city = l.city\n  AND e.state = l.state\n  AND e.postal_code = l.postal_code\n\nLEFT JOIN `prism-486509.gold.dim_browser` b\n  ON e.browser = b.browser_name\n\nLEFT JOIN `prism-486509.gold.dim_traffic_source` ts\n  ON e.traffic_source = ts.traffic_source\n\nLEFT JOIN `prism-486509.gold.dim_event_type` et\n  ON e.event_type_cleaned = et.event_type\n\nLEFT JOIN `prism-486509.gold.dim_date` d\n  ON DATE(e.created_at) = d.date\n\nWHERE e.is_valid_id = TRUE \n  AND e.is_valid_created_at = TRUE;', 'useLegacySql': False, 'destinationTable': {'projectId': 'prism-486509', 'datasetId': 'gold', 'tableId': 'fact_events'}, 'writeDisposition': 'WRITE_TRUNCATE'}}'
[2026-02-10T20:02:11.191+0000] {bigquery.py:1596} INFO - Inserting job ***_ecommerce_etl_v2_gold_layer_load_fact_events_2026_02_10T14_58_15_423598_00_00_6f0fa607c225db4fb5d7e1fe04cbb03c
[2026-02-10T20:02:12.007+0000] {taskinstance.py:2698} ERROR - Task failed with exception
Traceback (most recent call last):
  File "/home/airflow/.local/lib/python3.8/site-packages/airflow/models/taskinstance.py", line 433, in _execute_task
    result = execute_callable(context=context, **execute_callable_kwargs)
  File "/home/airflow/.local/lib/python3.8/site-packages/airflow/providers/google/cloud/operators/bigquery.py", line 2864, in execute
    job.result(timeout=self.result_timeout, retry=self.result_retry)
  File "/home/airflow/.local/lib/python3.8/site-packages/google/cloud/bigquery/job/query.py", line 1595, in result
    do_get_result()
  File "/home/airflow/.local/lib/python3.8/site-packages/google/cloud/bigquery/job/query.py", line 1584, in do_get_result
    super(QueryJob, self).result(retry=retry, timeout=timeout)
  File "/home/airflow/.local/lib/python3.8/site-packages/google/cloud/bigquery/job/base.py", line 971, in result
    return super(_AsyncJob, self).result(timeout=timeout, **kwargs)
  File "/home/airflow/.local/lib/python3.8/site-packages/google/api_core/future/polling.py", line 261, in result
    raise self._exception
google.api_core.exceptions.BadRequest: 400 Name is_valid_id not found inside e at [83:9]; reason: invalidQuery, location: query, message: Name is_valid_id not found inside e at [83:9]

Location: europe-west1
Job ID: airflow_ecommerce_etl_v2_gold_layer_load_fact_events_2026_02_10T14_58_15_423598_00_00_6f0fa607c225db4fb5d7e1fe04cbb03c

[2026-02-10T20:02:12.017+0000] {taskinstance.py:1138} INFO - Marking task as UP_FOR_RETRY. dag_id=ecommerce_etl_v2, task_id=gold_layer.load_fact_events, execution_date=20260210T145815, start_date=20260210T200211, end_date=20260210T200212
[2026-02-10T20:02:12.028+0000] {standard_task_runner.py:107} ERROR - Failed to execute job 1657 for task gold_layer.load_fact_events (400 Name is_valid_id not found inside e at [83:9]; reason: invalidQuery, location: query, message: Name is_valid_id not found inside e at [83:9]

Location: europe-west1
Job ID: airflow_ecommerce_etl_v2_gold_layer_load_fact_events_2026_02_10T14_58_15_423598_00_00_6f0fa607c225db4fb5d7e1fe04cbb03c
; 49164)
[2026-02-10T20:02:12.073+0000] {local_task_job_runner.py:234} INFO - Task exited with return code 1
[2026-02-10T20:02:12.092+0000] {taskinstance.py:3280} INFO - 0 downstream tasks scheduled from follow-on schedule check
