[2026-02-11T03:06:29.830+0000] {taskinstance.py:1956} INFO - Dependencies all met for dep_context=non-requeueable deps ti=<TaskInstance: ecommerce_etl_v2.silver_setup.create_silver_products scheduled__2026-02-10T02:00:00+00:00 [queued]>
[2026-02-11T03:06:29.835+0000] {taskinstance.py:1956} INFO - Dependencies all met for dep_context=requeueable deps ti=<TaskInstance: ecommerce_etl_v2.silver_setup.create_silver_products scheduled__2026-02-10T02:00:00+00:00 [queued]>
[2026-02-11T03:06:29.835+0000] {taskinstance.py:2170} INFO - Starting attempt 1 of 3
[2026-02-11T03:06:29.842+0000] {taskinstance.py:2191} INFO - Executing <Task(BigQueryCreateEmptyTableOperator): silver_setup.create_silver_products> on 2026-02-10 02:00:00+00:00
[2026-02-11T03:06:29.846+0000] {standard_task_runner.py:60} INFO - Started process 81247 to run task
[2026-02-11T03:06:29.849+0000] {standard_task_runner.py:87} INFO - Running: ['***', 'tasks', 'run', 'ecommerce_etl_v2', 'silver_setup.create_silver_products', 'scheduled__2026-02-10T02:00:00+00:00', '--job-id', '2114', '--raw', '--subdir', 'DAGS_FOLDER/etl_dag.py', '--cfg-path', '/tmp/tmpv72m42_d']
[2026-02-11T03:06:29.851+0000] {standard_task_runner.py:88} INFO - Job 2114: Subtask silver_setup.create_silver_products
[2026-02-11T03:06:29.887+0000] {task_command.py:423} INFO - Running <TaskInstance: ecommerce_etl_v2.silver_setup.create_silver_products scheduled__2026-02-10T02:00:00+00:00 [running]> on host 89ab86e4d295
[2026-02-11T03:06:29.936+0000] {taskinstance.py:2480} INFO - Exporting env vars: AIRFLOW_CTX_DAG_EMAIL='data-team@company.com' AIRFLOW_CTX_DAG_OWNER='data_engineering' AIRFLOW_CTX_DAG_ID='ecommerce_etl_v2' AIRFLOW_CTX_TASK_ID='silver_setup.create_silver_products' AIRFLOW_CTX_EXECUTION_DATE='2026-02-10T02:00:00+00:00' AIRFLOW_CTX_TRY_NUMBER='1' AIRFLOW_CTX_DAG_RUN_ID='scheduled__2026-02-10T02:00:00+00:00'
[2026-02-11T03:06:29.942+0000] {connection.py:234} WARNING - Connection schemes (type: google_cloud_platform) shall not contain '_' according to RFC3986.
[2026-02-11T03:06:29.943+0000] {base.py:83} INFO - Using connection ID 'google_cloud_default' for task execution.
[2026-02-11T03:06:29.943+0000] {bigquery.py:1514} INFO - Creating table
[2026-02-11T03:06:29.943+0000] {credentials_provider.py:353} INFO - Getting connection using `google.auth.default()` since no explicit credentials are provided.
[2026-02-11T03:06:30.435+0000] {bigquery.py:1536} INFO - Table prism-486509.silver.products created successfully
[2026-02-11T03:06:30.451+0000] {taskinstance.py:1138} INFO - Marking task as SUCCESS. dag_id=ecommerce_etl_v2, task_id=silver_setup.create_silver_products, execution_date=20260210T020000, start_date=20260211T030629, end_date=20260211T030630
[2026-02-11T03:06:30.485+0000] {local_task_job_runner.py:234} INFO - Task exited with return code 0
[2026-02-11T03:06:30.512+0000] {taskinstance.py:3280} INFO - 0 downstream tasks scheduled from follow-on schedule check
[2026-02-11T09:46:23.447+0000] {taskinstance.py:1956} INFO - Dependencies all met for dep_context=non-requeueable deps ti=<TaskInstance: ecommerce_etl_v2.silver_setup.create_silver_products scheduled__2026-02-10T02:00:00+00:00 [queued]>
[2026-02-11T09:46:23.453+0000] {taskinstance.py:1956} INFO - Dependencies all met for dep_context=requeueable deps ti=<TaskInstance: ecommerce_etl_v2.silver_setup.create_silver_products scheduled__2026-02-10T02:00:00+00:00 [queued]>
[2026-02-11T09:46:23.454+0000] {taskinstance.py:2170} INFO - Starting attempt 1 of 3
[2026-02-11T09:46:23.469+0000] {taskinstance.py:2191} INFO - Executing <Task(BigQueryCreateEmptyTableOperator): silver_setup.create_silver_products> on 2026-02-10 02:00:00+00:00
[2026-02-11T09:46:23.480+0000] {standard_task_runner.py:60} INFO - Started process 91919 to run task
[2026-02-11T09:46:23.484+0000] {standard_task_runner.py:87} INFO - Running: ['***', 'tasks', 'run', 'ecommerce_etl_v2', 'silver_setup.create_silver_products', 'scheduled__2026-02-10T02:00:00+00:00', '--job-id', '2123', '--raw', '--subdir', 'DAGS_FOLDER/etl_dag.py', '--cfg-path', '/tmp/tmp3vx7e4fb']
[2026-02-11T09:46:23.491+0000] {standard_task_runner.py:88} INFO - Job 2123: Subtask silver_setup.create_silver_products
[2026-02-11T09:46:23.540+0000] {task_command.py:423} INFO - Running <TaskInstance: ecommerce_etl_v2.silver_setup.create_silver_products scheduled__2026-02-10T02:00:00+00:00 [running]> on host 89ab86e4d295
[2026-02-11T09:46:23.597+0000] {taskinstance.py:2480} INFO - Exporting env vars: AIRFLOW_CTX_DAG_EMAIL='data-team@company.com' AIRFLOW_CTX_DAG_OWNER='data_engineering' AIRFLOW_CTX_DAG_ID='ecommerce_etl_v2' AIRFLOW_CTX_TASK_ID='silver_setup.create_silver_products' AIRFLOW_CTX_EXECUTION_DATE='2026-02-10T02:00:00+00:00' AIRFLOW_CTX_TRY_NUMBER='1' AIRFLOW_CTX_DAG_RUN_ID='scheduled__2026-02-10T02:00:00+00:00'
[2026-02-11T09:46:23.604+0000] {connection.py:234} WARNING - Connection schemes (type: google_cloud_platform) shall not contain '_' according to RFC3986.
[2026-02-11T09:46:23.605+0000] {base.py:83} INFO - Using connection ID 'google_cloud_default' for task execution.
[2026-02-11T09:46:23.605+0000] {bigquery.py:1514} INFO - Creating table
[2026-02-11T09:46:23.606+0000] {credentials_provider.py:353} INFO - Getting connection using `google.auth.default()` since no explicit credentials are provided.
[2026-02-11T09:46:24.090+0000] {bigquery.py:1536} INFO - Table prism-486509.silver.products created successfully
[2026-02-11T09:46:24.105+0000] {taskinstance.py:1138} INFO - Marking task as SUCCESS. dag_id=ecommerce_etl_v2, task_id=silver_setup.create_silver_products, execution_date=20260210T020000, start_date=20260211T094623, end_date=20260211T094624
[2026-02-11T09:46:24.125+0000] {local_task_job_runner.py:234} INFO - Task exited with return code 0
[2026-02-11T09:46:24.178+0000] {taskinstance.py:3280} INFO - 0 downstream tasks scheduled from follow-on schedule check
