[2026-02-09T23:46:24.718+0000] {taskinstance.py:1956} INFO - Dependencies all met for dep_context=non-requeueable deps ti=<TaskInstance: ecommerce_etl_v2.gold_layer.load_fact_orders manual__2026-02-09T22:32:20.587070+00:00 [queued]>
[2026-02-09T23:46:24.723+0000] {taskinstance.py:1956} INFO - Dependencies all met for dep_context=requeueable deps ti=<TaskInstance: ecommerce_etl_v2.gold_layer.load_fact_orders manual__2026-02-09T22:32:20.587070+00:00 [queued]>
[2026-02-09T23:46:24.723+0000] {taskinstance.py:2170} INFO - Starting attempt 2 of 4
[2026-02-09T23:46:24.728+0000] {taskinstance.py:2191} INFO - Executing <Task(BigQueryInsertJobOperator): gold_layer.load_fact_orders> on 2026-02-09 22:32:20.587070+00:00
[2026-02-09T23:46:24.732+0000] {standard_task_runner.py:60} INFO - Started process 20271 to run task
[2026-02-09T23:46:24.734+0000] {standard_task_runner.py:87} INFO - Running: ['***', 'tasks', 'run', 'ecommerce_etl_v2', 'gold_layer.load_fact_orders', 'manual__2026-02-09T22:32:20.587070+00:00', '--job-id', '765', '--raw', '--subdir', 'DAGS_FOLDER/etl_dag.py', '--cfg-path', '/tmp/tmpton0ozvz']
[2026-02-09T23:46:24.735+0000] {standard_task_runner.py:88} INFO - Job 765: Subtask gold_layer.load_fact_orders
[2026-02-09T23:46:24.756+0000] {task_command.py:423} INFO - Running <TaskInstance: ecommerce_etl_v2.gold_layer.load_fact_orders manual__2026-02-09T22:32:20.587070+00:00 [running]> on host 8e292c18926b
[2026-02-09T23:46:24.790+0000] {taskinstance.py:2480} INFO - Exporting env vars: AIRFLOW_CTX_DAG_EMAIL='data-team@company.com' AIRFLOW_CTX_DAG_OWNER='data_engineering' AIRFLOW_CTX_DAG_ID='ecommerce_etl_v2' AIRFLOW_CTX_TASK_ID='gold_layer.load_fact_orders' AIRFLOW_CTX_EXECUTION_DATE='2026-02-09T22:32:20.587070+00:00' AIRFLOW_CTX_TRY_NUMBER='2' AIRFLOW_CTX_DAG_RUN_ID='manual__2026-02-09T22:32:20.587070+00:00'
[2026-02-09T23:46:24.794+0000] {connection.py:234} WARNING - Connection schemes (type: google_cloud_platform) shall not contain '_' according to RFC3986.
[2026-02-09T23:46:24.794+0000] {base.py:83} INFO - Using connection ID 'google_cloud_default' for task execution.
[2026-02-09T23:46:24.794+0000] {credentials_provider.py:353} INFO - Getting connection using `google.auth.default()` since no explicit credentials are provided.
[2026-02-09T23:46:24.832+0000] {bigquery.py:2807} INFO - Executing: {'query': {'query': 'SELECT\n    -- Surrogate Key for fact_orders\n    GENERATE_UUID() AS order_key,\n\n    -- Natural key from silver.orders\n    o.order_id,\n\n    -- Foreign Key to dim_users\n    u.user_key,\n\n    -- Foreign Key to dim_order_status\n    os.order_status_key,\n\n    -- Foreign Keys to dim_date for each milestone (convert TIMESTAMP -> DATE)\n    dd_created.date_key AS created_at_key,\n    dd_shipped.date_key AS shipped_at_key,\n    dd_delivered.date_key AS delivered_at_key,\n    dd_returned.date_key AS returned_at_key,\n\n    -- Aggregated / Fact Measures\n    o.num_of_item,\n\n    -- Flags for accumulating snapshot\n    CASE WHEN o.delivered_at IS NOT NULL THEN TRUE ELSE FALSE END AS is_fully_completed,\n    CASE WHEN o.returned_at IS NOT NULL THEN TRUE ELSE FALSE END AS was_returned\n\nFROM `prism-486509.silver.orders` AS o\n\n-- Join to dim_users to get user_key\nLEFT JOIN `prism-486509.gold.dim_users` AS u\n    ON CAST(o.user_id AS INTEGER) = CAST(u.user_id AS INTEGER)  \n\n-- Join to dim_order_status to get order_status_key\nLEFT JOIN `prism-486509.gold.dim_order_status` AS os\n    ON o.order_status = os.order_status\n\n-- Join to dim_date for created_at\nLEFT JOIN `prism-486509.gold.dim_date` AS dd_created\n    ON DATE(o.created_at) = dd_created.date\n\n-- Join to dim_date for shipped_at\nLEFT JOIN `prism-486509.gold.dim_date` AS dd_shipped\n    ON DATE(o.shipped_at) = dd_shipped.date\n\n-- Join to dim_date for delivered_at\nLEFT JOIN `prism-486509.gold.dim_date` AS dd_delivered\n    ON DATE(o.delivered_at) = dd_delivered.date\n\n-- Join to dim_date for returned_at\nLEFT JOIN `prism-486509.gold.dim_date` AS dd_returned\n    ON DATE(o.returned_at) = dd_returned.date;', 'useLegacySql': False, 'destinationTable': {'projectId': 'prism-486509', 'datasetId': 'gold', 'tableId': 'fact_orders'}, 'writeDisposition': 'WRITE_TRUNCATE'}}'
[2026-02-09T23:46:24.833+0000] {bigquery.py:1596} INFO - Inserting job ***_ecommerce_etl_v2_gold_layer_load_fact_orders_2026_02_09T22_32_20_587070_00_00_6446f6f1413b5b184d47bf19c4691aef
[2026-02-09T23:46:25.393+0000] {taskinstance.py:2698} ERROR - Task failed with exception
Traceback (most recent call last):
  File "/home/airflow/.local/lib/python3.8/site-packages/airflow/models/taskinstance.py", line 433, in _execute_task
    result = execute_callable(context=context, **execute_callable_kwargs)
  File "/home/airflow/.local/lib/python3.8/site-packages/airflow/providers/google/cloud/operators/bigquery.py", line 2864, in execute
    job.result(timeout=self.result_timeout, retry=self.result_retry)
  File "/home/airflow/.local/lib/python3.8/site-packages/google/cloud/bigquery/job/query.py", line 1595, in result
    do_get_result()
  File "/home/airflow/.local/lib/python3.8/site-packages/google/cloud/bigquery/job/query.py", line 1584, in do_get_result
    super(QueryJob, self).result(retry=retry, timeout=timeout)
  File "/home/airflow/.local/lib/python3.8/site-packages/google/cloud/bigquery/job/base.py", line 971, in result
    return super(_AsyncJob, self).result(timeout=timeout, **kwargs)
  File "/home/airflow/.local/lib/python3.8/site-packages/google/api_core/future/polling.py", line 261, in result
    raise self._exception
google.api_core.exceptions.BadRequest: 400 Name order_status not found inside o at [35:10]; reason: invalidQuery, location: query, message: Name order_status not found inside o at [35:10]

Location: europe-west1
Job ID: airflow_ecommerce_etl_v2_gold_layer_load_fact_orders_2026_02_09T22_32_20_587070_00_00_6446f6f1413b5b184d47bf19c4691aef

[2026-02-09T23:46:25.401+0000] {taskinstance.py:1138} INFO - Marking task as UP_FOR_RETRY. dag_id=ecommerce_etl_v2, task_id=gold_layer.load_fact_orders, execution_date=20260209T223220, start_date=20260209T234624, end_date=20260209T234625
[2026-02-09T23:46:25.409+0000] {standard_task_runner.py:107} ERROR - Failed to execute job 765 for task gold_layer.load_fact_orders (400 Name order_status not found inside o at [35:10]; reason: invalidQuery, location: query, message: Name order_status not found inside o at [35:10]

Location: europe-west1
Job ID: airflow_ecommerce_etl_v2_gold_layer_load_fact_orders_2026_02_09T22_32_20_587070_00_00_6446f6f1413b5b184d47bf19c4691aef
; 20271)
[2026-02-09T23:46:25.431+0000] {local_task_job_runner.py:234} INFO - Task exited with return code 1
[2026-02-09T23:46:25.445+0000] {taskinstance.py:3280} INFO - 0 downstream tasks scheduled from follow-on schedule check
