[2026-02-08T16:50:40.695+0000] {taskinstance.py:1956} INFO - Dependencies all met for dep_context=non-requeueable deps ti=<TaskInstance: ecommerce_etl.gold_dim_date manual__2026-02-08T15:37:02.081199+00:00 [queued]>
[2026-02-08T16:50:40.702+0000] {taskinstance.py:1956} INFO - Dependencies all met for dep_context=requeueable deps ti=<TaskInstance: ecommerce_etl.gold_dim_date manual__2026-02-08T15:37:02.081199+00:00 [queued]>
[2026-02-08T16:50:40.703+0000] {taskinstance.py:2170} INFO - Starting attempt 4 of 4
[2026-02-08T16:50:40.720+0000] {taskinstance.py:2191} INFO - Executing <Task(BigQueryInsertJobOperator): gold_dim_date> on 2026-02-08 15:37:02.081199+00:00
[2026-02-08T16:50:40.731+0000] {standard_task_runner.py:60} INFO - Started process 3582 to run task
[2026-02-08T16:50:40.737+0000] {standard_task_runner.py:87} INFO - Running: ['***', 'tasks', 'run', 'ecommerce_etl', 'gold_dim_date', 'manual__2026-02-08T15:37:02.081199+00:00', '--job-id', '476', '--raw', '--subdir', 'DAGS_FOLDER/etl_dag.py', '--cfg-path', '/tmp/tmp4frdwrdv']
[2026-02-08T16:50:40.739+0000] {standard_task_runner.py:88} INFO - Job 476: Subtask gold_dim_date
[2026-02-08T16:50:40.783+0000] {task_command.py:423} INFO - Running <TaskInstance: ecommerce_etl.gold_dim_date manual__2026-02-08T15:37:02.081199+00:00 [running]> on host 052c3b514c1c
[2026-02-08T16:50:40.852+0000] {taskinstance.py:2480} INFO - Exporting env vars: AIRFLOW_CTX_DAG_OWNER='***' AIRFLOW_CTX_DAG_ID='ecommerce_etl' AIRFLOW_CTX_TASK_ID='gold_dim_date' AIRFLOW_CTX_EXECUTION_DATE='2026-02-08T15:37:02.081199+00:00' AIRFLOW_CTX_TRY_NUMBER='4' AIRFLOW_CTX_DAG_RUN_ID='manual__2026-02-08T15:37:02.081199+00:00'
[2026-02-08T16:50:40.864+0000] {connection.py:234} WARNING - Connection schemes (type: google_cloud_platform) shall not contain '_' according to RFC3986.
[2026-02-08T16:50:40.867+0000] {base.py:83} INFO - Using connection ID 'google_cloud_default' for task execution.
[2026-02-08T16:50:40.867+0000] {credentials_provider.py:353} INFO - Getting connection using `google.auth.default()` since no explicit credentials are provided.
[2026-02-08T16:50:40.936+0000] {bigquery.py:2807} INFO - Executing: {'query': {'query': '-- Dim_Date\nCREATE TABLE IF NOT EXISTS prism-486509.gold.Dim_Date (\n  date_sk INT64 NOT NULL OPTIONS(description="Surrogate Key for Date Dimension (YYYYMMDD)"),\n  full_date DATE NOT NULL OPTIONS(description="Full Date (YYYY-MM-DD)"),\n  year INT64 NOT NULL,\n  month INT64 NOT NULL,\n  month_name STRING NOT NULL,\n  day_of_month INT64 NOT NULL,\n  day_of_week INT64 NOT NULL,\n  day_name STRING NOT NULL,\n  quarter INT64 NOT NULL,\n  week_of_year INT64 NOT NULL,\n  is_weekend BOOLEAN NOT NULL,\n  holiday_name STRING OPTIONS(description="Name of holiday, if applicable")\n);', 'useLegacySql': False, 'destinationTable': {'projectId': 'prism-486509', 'datasetId': 'gold', 'tableId': 'dim_date'}, 'writeDisposition': 'WRITE_APPEND', 'queryParameters': [{'name': 'run_date', 'parameterType': {'type': 'DATE'}, 'parameterValue': {'value': '2026-02-08'}}]}}'
[2026-02-08T16:50:40.937+0000] {bigquery.py:1596} INFO - Inserting job ***_ecommerce_etl_gold_dim_date_2026_02_08T15_37_02_081199_00_00_6d98b5f71956f8e94d63df44b831ab1a
[2026-02-08T16:50:41.853+0000] {taskinstance.py:2698} ERROR - Task failed with exception
Traceback (most recent call last):
  File "/home/airflow/.local/lib/python3.8/site-packages/airflow/models/taskinstance.py", line 433, in _execute_task
    result = execute_callable(context=context, **execute_callable_kwargs)
  File "/home/airflow/.local/lib/python3.8/site-packages/airflow/providers/google/cloud/operators/bigquery.py", line 2864, in execute
    job.result(timeout=self.result_timeout, retry=self.result_retry)
  File "/home/airflow/.local/lib/python3.8/site-packages/google/cloud/bigquery/job/query.py", line 1595, in result
    do_get_result()
  File "/home/airflow/.local/lib/python3.8/site-packages/google/cloud/bigquery/job/query.py", line 1584, in do_get_result
    super(QueryJob, self).result(retry=retry, timeout=timeout)
  File "/home/airflow/.local/lib/python3.8/site-packages/google/cloud/bigquery/job/base.py", line 971, in result
    return super(_AsyncJob, self).result(timeout=timeout, **kwargs)
  File "/home/airflow/.local/lib/python3.8/site-packages/google/api_core/future/polling.py", line 261, in result
    raise self._exception
google.api_core.exceptions.BadRequest: 400 Cannot set destination table in jobs with DDL statements; reason: invalidQuery, message: Cannot set destination table in jobs with DDL statements

Location: US
Job ID: airflow_ecommerce_etl_gold_dim_date_2026_02_08T15_37_02_081199_00_00_6d98b5f71956f8e94d63df44b831ab1a

[2026-02-08T16:50:41.857+0000] {taskinstance.py:1138} INFO - Marking task as FAILED. dag_id=ecommerce_etl, task_id=gold_dim_date, execution_date=20260208T153702, start_date=20260208T165040, end_date=20260208T165041
[2026-02-08T16:50:41.863+0000] {standard_task_runner.py:107} ERROR - Failed to execute job 476 for task gold_dim_date (400 Cannot set destination table in jobs with DDL statements; reason: invalidQuery, message: Cannot set destination table in jobs with DDL statements

Location: US
Job ID: airflow_ecommerce_etl_gold_dim_date_2026_02_08T15_37_02_081199_00_00_6d98b5f71956f8e94d63df44b831ab1a
; 3582)
[2026-02-08T16:50:41.887+0000] {local_task_job_runner.py:234} INFO - Task exited with return code 1
[2026-02-08T16:50:41.898+0000] {taskinstance.py:3280} INFO - 0 downstream tasks scheduled from follow-on schedule check
