[2026-02-09T02:37:34.683+0000] {taskinstance.py:1956} INFO - Dependencies all met for dep_context=non-requeueable deps ti=<TaskInstance: ecommerce_etl_v2.silver_layer.transform_products scheduled__2026-02-08T02:00:00+00:00 [queued]>
[2026-02-09T02:37:34.689+0000] {taskinstance.py:1956} INFO - Dependencies all met for dep_context=requeueable deps ti=<TaskInstance: ecommerce_etl_v2.silver_layer.transform_products scheduled__2026-02-08T02:00:00+00:00 [queued]>
[2026-02-09T02:37:34.690+0000] {taskinstance.py:2170} INFO - Starting attempt 2 of 4
[2026-02-09T02:37:34.697+0000] {taskinstance.py:2191} INFO - Executing <Task(BigQueryInsertJobOperator): silver_layer.transform_products> on 2026-02-08 02:00:00+00:00
[2026-02-09T02:37:34.700+0000] {standard_task_runner.py:60} INFO - Started process 8956 to run task
[2026-02-09T02:37:34.703+0000] {standard_task_runner.py:87} INFO - Running: ['***', 'tasks', 'run', 'ecommerce_etl_v2', 'silver_layer.transform_products', 'scheduled__2026-02-08T02:00:00+00:00', '--job-id', '1441', '--raw', '--subdir', 'DAGS_FOLDER/etl_dag.py', '--cfg-path', '/tmp/tmpugttcst5']
[2026-02-09T02:37:34.704+0000] {standard_task_runner.py:88} INFO - Job 1441: Subtask silver_layer.transform_products
[2026-02-09T02:37:34.730+0000] {task_command.py:423} INFO - Running <TaskInstance: ecommerce_etl_v2.silver_layer.transform_products scheduled__2026-02-08T02:00:00+00:00 [running]> on host 707cd2e8ef6b
[2026-02-09T02:37:34.774+0000] {taskinstance.py:2480} INFO - Exporting env vars: AIRFLOW_CTX_DAG_EMAIL='data-team@company.com' AIRFLOW_CTX_DAG_OWNER='data_engineering' AIRFLOW_CTX_DAG_ID='ecommerce_etl_v2' AIRFLOW_CTX_TASK_ID='silver_layer.transform_products' AIRFLOW_CTX_EXECUTION_DATE='2026-02-08T02:00:00+00:00' AIRFLOW_CTX_TRY_NUMBER='2' AIRFLOW_CTX_DAG_RUN_ID='scheduled__2026-02-08T02:00:00+00:00'
[2026-02-09T02:37:34.779+0000] {connection.py:234} WARNING - Connection schemes (type: google_cloud_platform) shall not contain '_' according to RFC3986.
[2026-02-09T02:37:34.779+0000] {base.py:83} INFO - Using connection ID 'google_cloud_default' for task execution.
[2026-02-09T02:37:34.780+0000] {credentials_provider.py:353} INFO - Getting connection using `google.auth.default()` since no explicit credentials are provided.
[2026-02-09T02:37:34.821+0000] {bigquery.py:2807} INFO - Executing: {'query': {'query': "\nWITH deduplicated_products AS (\n  SELECT\n    *,\n    ROW_NUMBER() OVER (\n      PARTITION BY id\n    ) AS row_num\n  FROM bronze.products\n  WHERE id IS NOT NULL and  WHERE ingestion_date = @run_date  -- keep idempotent by batch\n)\n\nSELECT\n  -- Identifiers\n  SAFE_CAST(id AS INT64) AS product_id,\n  sku,\n\n  -- Descriptive attributes\n  COALESCE(name, 'Unnamed Product') AS product_name,\n  COALESCE(brand, 'Unknown Brand') AS brand_name,\n  COALESCE(category, 'General') AS product_category,\n  department,\n\n  -- Pricing & Cost (using NUMERIC for financial precision)\n  SAFE_CAST(cost AS NUMERIC) AS unit_cost,\n  SAFE_CAST(retail_price AS NUMERIC) AS retail_price,\n\n  -- Distribution\n  SAFE_CAST(distribution_center_id AS INT64) AS dist_center_id,\n\n  -- Business checks\n  SAFE_CAST(retail_price AS NUMERIC) > SAFE_CAST(cost AS NUMERIC)\n    AS is_profitable,\n\n  ROUND(\n    SAFE_CAST(retail_price AS NUMERIC) - SAFE_CAST(cost AS NUMERIC),\n    2\n  ) AS absolute_markup,\n\n  CURRENT_TIMESTAMP() AS ingestion_ts\n\nFROM deduplicated_products\nWHERE row_num = 1;", 'useLegacySql': False, 'destinationTable': {'projectId': 'prism-486509', 'datasetId': 'silver', 'tableId': 'products', 'writeDisposition': 'WRITE_TRUNCATE', 'createDisposition': 'CREATE_IF_NEEDED'}, 'queryParameters': [{'name': 'run_date', 'parameterType': {'type': 'DATE'}, 'parameterValue': {'value': '2026-02-08'}}]}}'
[2026-02-09T02:37:34.822+0000] {bigquery.py:1596} INFO - Inserting job ***_ecommerce_etl_v2_silver_layer_transform_products_2026_02_08T02_00_00_00_00_8996aadd13dce6bf5432be5878c51fe6
[2026-02-09T02:37:35.134+0000] {taskinstance.py:2698} ERROR - Task failed with exception
Traceback (most recent call last):
  File "/home/airflow/.local/lib/python3.8/site-packages/airflow/models/taskinstance.py", line 433, in _execute_task
    result = execute_callable(context=context, **execute_callable_kwargs)
  File "/home/airflow/.local/lib/python3.8/site-packages/airflow/providers/google/cloud/operators/bigquery.py", line 2864, in execute
    job.result(timeout=self.result_timeout, retry=self.result_retry)
  File "/home/airflow/.local/lib/python3.8/site-packages/google/cloud/bigquery/job/query.py", line 1595, in result
    do_get_result()
  File "/home/airflow/.local/lib/python3.8/site-packages/google/cloud/bigquery/job/query.py", line 1584, in do_get_result
    super(QueryJob, self).result(retry=retry, timeout=timeout)
  File "/home/airflow/.local/lib/python3.8/site-packages/google/cloud/bigquery/job/base.py", line 971, in result
    return super(_AsyncJob, self).result(timeout=timeout, **kwargs)
  File "/home/airflow/.local/lib/python3.8/site-packages/google/api_core/future/polling.py", line 261, in result
    raise self._exception
google.api_core.exceptions.BadRequest: 400 Syntax error: Unexpected keyword WHERE at [9:29]; reason: invalidQuery, location: query, message: Syntax error: Unexpected keyword WHERE at [9:29]

Location: europe-west1
Job ID: airflow_ecommerce_etl_v2_silver_layer_transform_products_2026_02_08T02_00_00_00_00_8996aadd13dce6bf5432be5878c51fe6

[2026-02-09T02:37:35.138+0000] {taskinstance.py:1138} INFO - Marking task as UP_FOR_RETRY. dag_id=ecommerce_etl_v2, task_id=silver_layer.transform_products, execution_date=20260208T020000, start_date=20260209T023734, end_date=20260209T023735
[2026-02-09T02:37:35.143+0000] {standard_task_runner.py:107} ERROR - Failed to execute job 1441 for task silver_layer.transform_products (400 Syntax error: Unexpected keyword WHERE at [9:29]; reason: invalidQuery, location: query, message: Syntax error: Unexpected keyword WHERE at [9:29]

Location: europe-west1
Job ID: airflow_ecommerce_etl_v2_silver_layer_transform_products_2026_02_08T02_00_00_00_00_8996aadd13dce6bf5432be5878c51fe6
; 8956)
[2026-02-09T02:37:35.171+0000] {local_task_job_runner.py:234} INFO - Task exited with return code 1
[2026-02-09T02:37:35.181+0000] {taskinstance.py:3280} INFO - 0 downstream tasks scheduled from follow-on schedule check
[2026-02-09T09:47:42.338+0000] {taskinstance.py:1956} INFO - Dependencies all met for dep_context=non-requeueable deps ti=<TaskInstance: ecommerce_etl_v2.silver_layer.transform_products scheduled__2026-02-08T02:00:00+00:00 [queued]>
[2026-02-09T09:47:42.348+0000] {taskinstance.py:1956} INFO - Dependencies all met for dep_context=requeueable deps ti=<TaskInstance: ecommerce_etl_v2.silver_layer.transform_products scheduled__2026-02-08T02:00:00+00:00 [queued]>
[2026-02-09T09:47:42.349+0000] {taskinstance.py:2170} INFO - Starting attempt 2 of 3
[2026-02-09T09:47:42.357+0000] {taskinstance.py:2191} INFO - Executing <Task(BigQueryInsertJobOperator): silver_layer.transform_products> on 2026-02-08 02:00:00+00:00
[2026-02-09T09:47:42.361+0000] {standard_task_runner.py:60} INFO - Started process 19797 to run task
[2026-02-09T09:47:42.364+0000] {standard_task_runner.py:87} INFO - Running: ['***', 'tasks', 'run', 'ecommerce_etl_v2', 'silver_layer.transform_products', 'scheduled__2026-02-08T02:00:00+00:00', '--job-id', '1633', '--raw', '--subdir', 'DAGS_FOLDER/etl_dag.py', '--cfg-path', '/tmp/tmpcpej3taf']
[2026-02-09T09:47:42.366+0000] {standard_task_runner.py:88} INFO - Job 1633: Subtask silver_layer.transform_products
[2026-02-09T09:47:42.400+0000] {task_command.py:423} INFO - Running <TaskInstance: ecommerce_etl_v2.silver_layer.transform_products scheduled__2026-02-08T02:00:00+00:00 [running]> on host 707cd2e8ef6b
[2026-02-09T09:47:42.445+0000] {taskinstance.py:2480} INFO - Exporting env vars: AIRFLOW_CTX_DAG_EMAIL='data-team@company.com' AIRFLOW_CTX_DAG_OWNER='data_engineering' AIRFLOW_CTX_DAG_ID='ecommerce_etl_v2' AIRFLOW_CTX_TASK_ID='silver_layer.transform_products' AIRFLOW_CTX_EXECUTION_DATE='2026-02-08T02:00:00+00:00' AIRFLOW_CTX_TRY_NUMBER='2' AIRFLOW_CTX_DAG_RUN_ID='scheduled__2026-02-08T02:00:00+00:00'
[2026-02-09T09:47:42.450+0000] {connection.py:234} WARNING - Connection schemes (type: google_cloud_platform) shall not contain '_' according to RFC3986.
[2026-02-09T09:47:42.450+0000] {base.py:83} INFO - Using connection ID 'google_cloud_default' for task execution.
[2026-02-09T09:47:42.451+0000] {credentials_provider.py:353} INFO - Getting connection using `google.auth.default()` since no explicit credentials are provided.
[2026-02-09T09:47:42.493+0000] {bigquery.py:2807} INFO - Executing: {'query': {'query': "\nWITH deduplicated_products AS (\n  SELECT\n    *,\n    ROW_NUMBER() OVER (\n      PARTITION BY id\n    ) AS row_num\n  FROM bronze.products\n  WHERE ingestion_date = @run_date and id IS NOT NULL  -- keep idempotent by batch\n)\n\nSELECT\n  -- Identifiers\n  SAFE_CAST(id AS INT64) AS product_id,\n  sku,\n\n  -- Descriptive attributes\n  COALESCE(name, 'Unnamed Product') AS product_name,\n  COALESCE(brand, 'Unknown Brand') AS brand_name,\n  COALESCE(category, 'General') AS product_category,\n  department,\n\n  -- Pricing & Cost (using NUMERIC for financial precision)\n  SAFE_CAST(cost AS NUMERIC) AS unit_cost,\n  SAFE_CAST(retail_price AS NUMERIC) AS retail_price,\n\n  -- Distribution\n  SAFE_CAST(distribution_center_id AS INT64) AS dist_center_id,\n\n  -- Business checks\n  SAFE_CAST(retail_price AS NUMERIC) > SAFE_CAST(cost AS NUMERIC)\n    AS is_profitable,\n\n  ROUND(\n    SAFE_CAST(retail_price AS NUMERIC) - SAFE_CAST(cost AS NUMERIC),\n    2\n  ) AS absolute_markup,\n\n  CURRENT_TIMESTAMP() AS ingestion_ts\n\nFROM deduplicated_products\nWHERE row_num = 1;", 'useLegacySql': False, 'destinationTable': {'projectId': 'prism-486509', 'datasetId': 'silver', 'tableId': 'products', 'writeDisposition': 'WRITE_TRUNCATE', 'createDisposition': 'CREATE_IF_NEEDED'}, 'queryParameters': [{'name': 'run_date', 'parameterType': {'type': 'DATE'}, 'parameterValue': {'value': '2026-02-08'}}]}}'
[2026-02-09T09:47:42.494+0000] {bigquery.py:1596} INFO - Inserting job ***_ecommerce_etl_v2_silver_layer_transform_products_2026_02_08T02_00_00_00_00_3522798af625bdc33a86fd06c56a2d05
[2026-02-09T09:47:42.854+0000] {taskinstance.py:2698} ERROR - Task failed with exception
Traceback (most recent call last):
  File "/home/airflow/.local/lib/python3.8/site-packages/airflow/models/taskinstance.py", line 433, in _execute_task
    result = execute_callable(context=context, **execute_callable_kwargs)
  File "/home/airflow/.local/lib/python3.8/site-packages/airflow/providers/google/cloud/operators/bigquery.py", line 2864, in execute
    job.result(timeout=self.result_timeout, retry=self.result_retry)
  File "/home/airflow/.local/lib/python3.8/site-packages/google/cloud/bigquery/job/query.py", line 1595, in result
    do_get_result()
  File "/home/airflow/.local/lib/python3.8/site-packages/google/cloud/bigquery/job/query.py", line 1584, in do_get_result
    super(QueryJob, self).result(retry=retry, timeout=timeout)
  File "/home/airflow/.local/lib/python3.8/site-packages/google/cloud/bigquery/job/base.py", line 971, in result
    return super(_AsyncJob, self).result(timeout=timeout, **kwargs)
  File "/home/airflow/.local/lib/python3.8/site-packages/google/api_core/future/polling.py", line 261, in result
    raise self._exception
google.api_core.exceptions.NotFound: 404 Not found: Dataset prism-486509:silver was not found in location europe-west1; reason: notFound, message: Not found: Dataset prism-486509:silver was not found in location europe-west1

Location: europe-west1
Job ID: airflow_ecommerce_etl_v2_silver_layer_transform_products_2026_02_08T02_00_00_00_00_3522798af625bdc33a86fd06c56a2d05

[2026-02-09T09:47:42.860+0000] {taskinstance.py:1138} INFO - Marking task as UP_FOR_RETRY. dag_id=ecommerce_etl_v2, task_id=silver_layer.transform_products, execution_date=20260208T020000, start_date=20260209T094742, end_date=20260209T094742
[2026-02-09T09:47:42.869+0000] {standard_task_runner.py:107} ERROR - Failed to execute job 1633 for task silver_layer.transform_products (404 Not found: Dataset prism-486509:silver was not found in location europe-west1; reason: notFound, message: Not found: Dataset prism-486509:silver was not found in location europe-west1

Location: europe-west1
Job ID: airflow_ecommerce_etl_v2_silver_layer_transform_products_2026_02_08T02_00_00_00_00_3522798af625bdc33a86fd06c56a2d05
; 19797)
[2026-02-09T09:47:42.910+0000] {local_task_job_runner.py:234} INFO - Task exited with return code 1
[2026-02-09T09:47:42.927+0000] {taskinstance.py:3280} INFO - 0 downstream tasks scheduled from follow-on schedule check
[2026-02-09T10:08:26.557+0000] {taskinstance.py:1956} INFO - Dependencies all met for dep_context=non-requeueable deps ti=<TaskInstance: ecommerce_etl_v2.silver_layer.transform_products scheduled__2026-02-08T02:00:00+00:00 [queued]>
[2026-02-09T10:08:26.561+0000] {taskinstance.py:1956} INFO - Dependencies all met for dep_context=requeueable deps ti=<TaskInstance: ecommerce_etl_v2.silver_layer.transform_products scheduled__2026-02-08T02:00:00+00:00 [queued]>
[2026-02-09T10:08:26.561+0000] {taskinstance.py:2170} INFO - Starting attempt 2 of 3
[2026-02-09T10:08:26.567+0000] {taskinstance.py:2191} INFO - Executing <Task(BigQueryInsertJobOperator): silver_layer.transform_products> on 2026-02-08 02:00:00+00:00
[2026-02-09T10:08:26.570+0000] {standard_task_runner.py:60} INFO - Started process 24192 to run task
[2026-02-09T10:08:26.572+0000] {standard_task_runner.py:87} INFO - Running: ['***', 'tasks', 'run', 'ecommerce_etl_v2', 'silver_layer.transform_products', 'scheduled__2026-02-08T02:00:00+00:00', '--job-id', '1743', '--raw', '--subdir', 'DAGS_FOLDER/etl_dag.py', '--cfg-path', '/tmp/tmpytzr7eu2']
[2026-02-09T10:08:26.573+0000] {standard_task_runner.py:88} INFO - Job 1743: Subtask silver_layer.transform_products
[2026-02-09T10:08:26.595+0000] {task_command.py:423} INFO - Running <TaskInstance: ecommerce_etl_v2.silver_layer.transform_products scheduled__2026-02-08T02:00:00+00:00 [running]> on host 707cd2e8ef6b
[2026-02-09T10:08:26.629+0000] {taskinstance.py:2480} INFO - Exporting env vars: AIRFLOW_CTX_DAG_EMAIL='data-team@company.com' AIRFLOW_CTX_DAG_OWNER='data_engineering' AIRFLOW_CTX_DAG_ID='ecommerce_etl_v2' AIRFLOW_CTX_TASK_ID='silver_layer.transform_products' AIRFLOW_CTX_EXECUTION_DATE='2026-02-08T02:00:00+00:00' AIRFLOW_CTX_TRY_NUMBER='2' AIRFLOW_CTX_DAG_RUN_ID='scheduled__2026-02-08T02:00:00+00:00'
[2026-02-09T10:08:26.633+0000] {connection.py:234} WARNING - Connection schemes (type: google_cloud_platform) shall not contain '_' according to RFC3986.
[2026-02-09T10:08:26.633+0000] {base.py:83} INFO - Using connection ID 'google_cloud_default' for task execution.
[2026-02-09T10:08:26.633+0000] {credentials_provider.py:353} INFO - Getting connection using `google.auth.default()` since no explicit credentials are provided.
[2026-02-09T10:08:26.672+0000] {bigquery.py:2807} INFO - Executing: {'query': {'query': "\nWITH deduplicated_products AS (\n  SELECT\n    *,\n    ROW_NUMBER() OVER (\n      PARTITION BY id\n    ) AS row_num\n  FROM bronze.products\n  WHERE ingestion_date = @run_date and id IS NOT NULL  -- keep idempotent by batch\n)\n\nSELECT\n  -- Identifiers\n  SAFE_CAST(id AS INT64) AS product_id,\n  sku,\n\n  -- Descriptive attributes\n  COALESCE(name, 'Unnamed Product') AS product_name,\n  COALESCE(brand, 'Unknown Brand') AS brand_name,\n  COALESCE(category, 'General') AS product_category,\n  department,\n\n  -- Pricing & Cost (using NUMERIC for financial precision)\n  SAFE_CAST(cost AS NUMERIC) AS unit_cost,\n  SAFE_CAST(retail_price AS NUMERIC) AS retail_price,\n\n  -- Distribution\n  SAFE_CAST(distribution_center_id AS INT64) AS dist_center_id,\n\n  -- Business checks\n  SAFE_CAST(retail_price AS NUMERIC) > SAFE_CAST(cost AS NUMERIC)\n    AS is_profitable,\n\n  ROUND(\n    SAFE_CAST(retail_price AS NUMERIC) - SAFE_CAST(cost AS NUMERIC),\n    2\n  ) AS absolute_markup,\n\n  CURRENT_TIMESTAMP() AS ingestion_ts\n\nFROM deduplicated_products\nWHERE row_num = 1;", 'useLegacySql': False, 'destinationTable': {'projectId': 'prism-486509', 'datasetId': 'silver', 'tableId': 'products', 'writeDisposition': 'WRITE_TRUNCATE', 'createDisposition': 'CREATE_IF_NEEDED'}, 'queryParameters': [{'name': 'run_date', 'parameterType': {'type': 'DATE'}, 'parameterValue': {'value': '2026-02-08'}}]}}'
[2026-02-09T10:08:26.672+0000] {bigquery.py:1596} INFO - Inserting job ***_ecommerce_etl_v2_silver_layer_transform_products_2026_02_08T02_00_00_00_00_75775fdb23b25362e06d8b7d94af3457
[2026-02-09T10:08:27.139+0000] {taskinstance.py:2698} ERROR - Task failed with exception
Traceback (most recent call last):
  File "/home/airflow/.local/lib/python3.8/site-packages/airflow/models/taskinstance.py", line 433, in _execute_task
    result = execute_callable(context=context, **execute_callable_kwargs)
  File "/home/airflow/.local/lib/python3.8/site-packages/airflow/providers/google/cloud/operators/bigquery.py", line 2864, in execute
    job.result(timeout=self.result_timeout, retry=self.result_retry)
  File "/home/airflow/.local/lib/python3.8/site-packages/google/cloud/bigquery/job/query.py", line 1595, in result
    do_get_result()
  File "/home/airflow/.local/lib/python3.8/site-packages/google/cloud/bigquery/job/query.py", line 1584, in do_get_result
    super(QueryJob, self).result(retry=retry, timeout=timeout)
  File "/home/airflow/.local/lib/python3.8/site-packages/google/cloud/bigquery/job/base.py", line 971, in result
    return super(_AsyncJob, self).result(timeout=timeout, **kwargs)
  File "/home/airflow/.local/lib/python3.8/site-packages/google/api_core/future/polling.py", line 261, in result
    raise self._exception
google.api_core.exceptions.Conflict: 409 Already Exists: Table prism-486509:silver.products; reason: duplicate, message: Already Exists: Table prism-486509:silver.products

Location: europe-west1
Job ID: airflow_ecommerce_etl_v2_silver_layer_transform_products_2026_02_08T02_00_00_00_00_75775fdb23b25362e06d8b7d94af3457

[2026-02-09T10:08:27.145+0000] {taskinstance.py:1138} INFO - Marking task as UP_FOR_RETRY. dag_id=ecommerce_etl_v2, task_id=silver_layer.transform_products, execution_date=20260208T020000, start_date=20260209T100826, end_date=20260209T100827
[2026-02-09T10:08:27.152+0000] {standard_task_runner.py:107} ERROR - Failed to execute job 1743 for task silver_layer.transform_products (409 Already Exists: Table prism-486509:silver.products; reason: duplicate, message: Already Exists: Table prism-486509:silver.products

Location: europe-west1
Job ID: airflow_ecommerce_etl_v2_silver_layer_transform_products_2026_02_08T02_00_00_00_00_75775fdb23b25362e06d8b7d94af3457
; 24192)
[2026-02-09T10:08:27.180+0000] {local_task_job_runner.py:234} INFO - Task exited with return code 1
[2026-02-09T10:08:27.191+0000] {taskinstance.py:3280} INFO - 0 downstream tasks scheduled from follow-on schedule check
