[2026-02-09T02:41:09.027+0000] {taskinstance.py:1956} INFO - Dependencies all met for dep_context=non-requeueable deps ti=<TaskInstance: ecommerce_etl_v2.silver_layer.transform_products scheduled__2026-02-08T02:00:00+00:00 [queued]>
[2026-02-09T02:41:09.033+0000] {taskinstance.py:1956} INFO - Dependencies all met for dep_context=requeueable deps ti=<TaskInstance: ecommerce_etl_v2.silver_layer.transform_products scheduled__2026-02-08T02:00:00+00:00 [queued]>
[2026-02-09T02:41:09.033+0000] {taskinstance.py:2170} INFO - Starting attempt 3 of 5
[2026-02-09T02:41:09.041+0000] {taskinstance.py:2191} INFO - Executing <Task(BigQueryInsertJobOperator): silver_layer.transform_products> on 2026-02-08 02:00:00+00:00
[2026-02-09T02:41:09.045+0000] {standard_task_runner.py:60} INFO - Started process 9632 to run task
[2026-02-09T02:41:09.048+0000] {standard_task_runner.py:87} INFO - Running: ['***', 'tasks', 'run', 'ecommerce_etl_v2', 'silver_layer.transform_products', 'scheduled__2026-02-08T02:00:00+00:00', '--job-id', '1452', '--raw', '--subdir', 'DAGS_FOLDER/etl_dag.py', '--cfg-path', '/tmp/tmp0gmlq4uw']
[2026-02-09T02:41:09.050+0000] {standard_task_runner.py:88} INFO - Job 1452: Subtask silver_layer.transform_products
[2026-02-09T02:41:09.106+0000] {task_command.py:423} INFO - Running <TaskInstance: ecommerce_etl_v2.silver_layer.transform_products scheduled__2026-02-08T02:00:00+00:00 [running]> on host 707cd2e8ef6b
[2026-02-09T02:41:09.194+0000] {taskinstance.py:2480} INFO - Exporting env vars: AIRFLOW_CTX_DAG_EMAIL='data-team@company.com' AIRFLOW_CTX_DAG_OWNER='data_engineering' AIRFLOW_CTX_DAG_ID='ecommerce_etl_v2' AIRFLOW_CTX_TASK_ID='silver_layer.transform_products' AIRFLOW_CTX_EXECUTION_DATE='2026-02-08T02:00:00+00:00' AIRFLOW_CTX_TRY_NUMBER='3' AIRFLOW_CTX_DAG_RUN_ID='scheduled__2026-02-08T02:00:00+00:00'
[2026-02-09T02:41:09.204+0000] {connection.py:234} WARNING - Connection schemes (type: google_cloud_platform) shall not contain '_' according to RFC3986.
[2026-02-09T02:41:09.204+0000] {base.py:83} INFO - Using connection ID 'google_cloud_default' for task execution.
[2026-02-09T02:41:09.206+0000] {credentials_provider.py:353} INFO - Getting connection using `google.auth.default()` since no explicit credentials are provided.
[2026-02-09T02:41:09.251+0000] {bigquery.py:2807} INFO - Executing: {'query': {'query': "\nWITH deduplicated_products AS (\n  SELECT\n    *,\n    ROW_NUMBER() OVER (\n      PARTITION BY id\n    ) AS row_num\n  FROM bronze.products\n  WHERE id IS NOT NULL and  WHERE ingestion_date = @run_date  -- keep idempotent by batch\n)\n\nSELECT\n  -- Identifiers\n  SAFE_CAST(id AS INT64) AS product_id,\n  sku,\n\n  -- Descriptive attributes\n  COALESCE(name, 'Unnamed Product') AS product_name,\n  COALESCE(brand, 'Unknown Brand') AS brand_name,\n  COALESCE(category, 'General') AS product_category,\n  department,\n\n  -- Pricing & Cost (using NUMERIC for financial precision)\n  SAFE_CAST(cost AS NUMERIC) AS unit_cost,\n  SAFE_CAST(retail_price AS NUMERIC) AS retail_price,\n\n  -- Distribution\n  SAFE_CAST(distribution_center_id AS INT64) AS dist_center_id,\n\n  -- Business checks\n  SAFE_CAST(retail_price AS NUMERIC) > SAFE_CAST(cost AS NUMERIC)\n    AS is_profitable,\n\n  ROUND(\n    SAFE_CAST(retail_price AS NUMERIC) - SAFE_CAST(cost AS NUMERIC),\n    2\n  ) AS absolute_markup,\n\n  CURRENT_TIMESTAMP() AS ingestion_ts\n\nFROM deduplicated_products\nWHERE row_num = 1;", 'useLegacySql': False, 'destinationTable': {'projectId': 'prism-486509', 'datasetId': 'silver', 'tableId': 'products', 'writeDisposition': 'WRITE_TRUNCATE', 'createDisposition': 'CREATE_IF_NEEDED'}, 'queryParameters': [{'name': 'run_date', 'parameterType': {'type': 'DATE'}, 'parameterValue': {'value': '2026-02-08'}}]}}'
[2026-02-09T02:41:09.252+0000] {bigquery.py:1596} INFO - Inserting job ***_ecommerce_etl_v2_silver_layer_transform_products_2026_02_08T02_00_00_00_00_cc235f9d388e785747247bc50cb3b59c
[2026-02-09T02:41:09.513+0000] {taskinstance.py:2698} ERROR - Task failed with exception
Traceback (most recent call last):
  File "/home/airflow/.local/lib/python3.8/site-packages/airflow/models/taskinstance.py", line 433, in _execute_task
    result = execute_callable(context=context, **execute_callable_kwargs)
  File "/home/airflow/.local/lib/python3.8/site-packages/airflow/providers/google/cloud/operators/bigquery.py", line 2864, in execute
    job.result(timeout=self.result_timeout, retry=self.result_retry)
  File "/home/airflow/.local/lib/python3.8/site-packages/google/cloud/bigquery/job/query.py", line 1595, in result
    do_get_result()
  File "/home/airflow/.local/lib/python3.8/site-packages/google/cloud/bigquery/job/query.py", line 1584, in do_get_result
    super(QueryJob, self).result(retry=retry, timeout=timeout)
  File "/home/airflow/.local/lib/python3.8/site-packages/google/cloud/bigquery/job/base.py", line 971, in result
    return super(_AsyncJob, self).result(timeout=timeout, **kwargs)
  File "/home/airflow/.local/lib/python3.8/site-packages/google/api_core/future/polling.py", line 261, in result
    raise self._exception
google.api_core.exceptions.BadRequest: 400 Syntax error: Unexpected keyword WHERE at [9:29]; reason: invalidQuery, location: query, message: Syntax error: Unexpected keyword WHERE at [9:29]

Location: europe-west1
Job ID: airflow_ecommerce_etl_v2_silver_layer_transform_products_2026_02_08T02_00_00_00_00_cc235f9d388e785747247bc50cb3b59c

[2026-02-09T02:41:09.518+0000] {taskinstance.py:1138} INFO - Marking task as UP_FOR_RETRY. dag_id=ecommerce_etl_v2, task_id=silver_layer.transform_products, execution_date=20260208T020000, start_date=20260209T024109, end_date=20260209T024109
[2026-02-09T02:41:09.524+0000] {standard_task_runner.py:107} ERROR - Failed to execute job 1452 for task silver_layer.transform_products (400 Syntax error: Unexpected keyword WHERE at [9:29]; reason: invalidQuery, location: query, message: Syntax error: Unexpected keyword WHERE at [9:29]

Location: europe-west1
Job ID: airflow_ecommerce_etl_v2_silver_layer_transform_products_2026_02_08T02_00_00_00_00_cc235f9d388e785747247bc50cb3b59c
; 9632)
[2026-02-09T02:41:09.555+0000] {local_task_job_runner.py:234} INFO - Task exited with return code 1
[2026-02-09T02:41:09.587+0000] {taskinstance.py:3280} INFO - 0 downstream tasks scheduled from follow-on schedule check
