[2026-02-10T10:12:04.466+0000] {taskinstance.py:1956} INFO - Dependencies all met for dep_context=non-requeueable deps ti=<TaskInstance: ecommerce_etl_v2.load_events manual__2026-02-10T10:00:49.771923+00:00 [queued]>
[2026-02-10T10:12:04.471+0000] {taskinstance.py:1956} INFO - Dependencies all met for dep_context=requeueable deps ti=<TaskInstance: ecommerce_etl_v2.load_events manual__2026-02-10T10:00:49.771923+00:00 [queued]>
[2026-02-10T10:12:04.471+0000] {taskinstance.py:2170} INFO - Starting attempt 5 of 6
[2026-02-10T10:12:04.477+0000] {taskinstance.py:2191} INFO - Executing <Task(PythonOperator): load_events> on 2026-02-10 10:00:49.771923+00:00
[2026-02-10T10:12:04.481+0000] {standard_task_runner.py:60} INFO - Started process 41205 to run task
[2026-02-10T10:12:04.484+0000] {standard_task_runner.py:87} INFO - Running: ['***', 'tasks', 'run', 'ecommerce_etl_v2', 'load_events', 'manual__2026-02-10T10:00:49.771923+00:00', '--job-id', '1033', '--raw', '--subdir', 'DAGS_FOLDER/etl_dag.py', '--cfg-path', '/tmp/tmpteokxwwg']
[2026-02-10T10:12:04.486+0000] {standard_task_runner.py:88} INFO - Job 1033: Subtask load_events
[2026-02-10T10:12:04.519+0000] {task_command.py:423} INFO - Running <TaskInstance: ecommerce_etl_v2.load_events manual__2026-02-10T10:00:49.771923+00:00 [running]> on host 8e292c18926b
[2026-02-10T10:12:04.556+0000] {taskinstance.py:2480} INFO - Exporting env vars: AIRFLOW_CTX_DAG_EMAIL='data-team@company.com' AIRFLOW_CTX_DAG_OWNER='data_engineering' AIRFLOW_CTX_DAG_ID='ecommerce_etl_v2' AIRFLOW_CTX_TASK_ID='load_events' AIRFLOW_CTX_EXECUTION_DATE='2026-02-10T10:00:49.771923+00:00' AIRFLOW_CTX_TRY_NUMBER='5' AIRFLOW_CTX_DAG_RUN_ID='manual__2026-02-10T10:00:49.771923+00:00'
[2026-02-10T10:12:04.597+0000] {taskinstance.py:2698} ERROR - Task failed with exception
Traceback (most recent call last):
  File "/home/airflow/.local/lib/python3.8/site-packages/airflow/models/taskinstance.py", line 433, in _execute_task
    result = execute_callable(context=context, **execute_callable_kwargs)
  File "/home/airflow/.local/lib/python3.8/site-packages/airflow/operators/python.py", line 199, in execute
    return_value = self.execute_callable()
  File "/home/airflow/.local/lib/python3.8/site-packages/airflow/operators/python.py", line 216, in execute_callable
    return self.python_callable(*self.op_args, **self.op_kwargs)
  File "/opt/airflow/dags/etl_dag.py", line 79, in load_bronze_with_ingestion_date
    with open(yaml_path) as f:
FileNotFoundError: [Errno 2] No such file or directory: '/config/tables.yml'
[2026-02-10T10:12:04.601+0000] {taskinstance.py:1138} INFO - Marking task as UP_FOR_RETRY. dag_id=ecommerce_etl_v2, task_id=load_events, execution_date=20260210T100049, start_date=20260210T101204, end_date=20260210T101204
[2026-02-10T10:12:04.608+0000] {standard_task_runner.py:107} ERROR - Failed to execute job 1033 for task load_events ([Errno 2] No such file or directory: '/config/tables.yml'; 41205)
[2026-02-10T10:12:04.627+0000] {local_task_job_runner.py:234} INFO - Task exited with return code 1
[2026-02-10T10:12:04.648+0000] {taskinstance.py:3280} INFO - 0 downstream tasks scheduled from follow-on schedule check
