[2026-02-10T10:42:33.127+0000] {taskinstance.py:1956} INFO - Dependencies all met for dep_context=non-requeueable deps ti=<TaskInstance: ecommerce_etl_v2.load_events manual__2026-02-10T10:00:49.771923+00:00 [queued]>
[2026-02-10T10:42:33.133+0000] {taskinstance.py:1956} INFO - Dependencies all met for dep_context=requeueable deps ti=<TaskInstance: ecommerce_etl_v2.load_events manual__2026-02-10T10:00:49.771923+00:00 [queued]>
[2026-02-10T10:42:33.134+0000] {taskinstance.py:2170} INFO - Starting attempt 15 of 17
[2026-02-10T10:42:33.140+0000] {taskinstance.py:2191} INFO - Executing <Task(PythonOperator): load_events> on 2026-02-10 10:00:49.771923+00:00
[2026-02-10T10:42:33.143+0000] {standard_task_runner.py:60} INFO - Started process 1249 to run task
[2026-02-10T10:42:33.146+0000] {standard_task_runner.py:87} INFO - Running: ['***', 'tasks', 'run', 'ecommerce_etl_v2', 'load_events', 'manual__2026-02-10T10:00:49.771923+00:00', '--job-id', '1067', '--raw', '--subdir', 'DAGS_FOLDER/etl_dag.py', '--cfg-path', '/tmp/tmpe6pdmanz']
[2026-02-10T10:42:33.147+0000] {standard_task_runner.py:88} INFO - Job 1067: Subtask load_events
[2026-02-10T10:42:33.171+0000] {task_command.py:423} INFO - Running <TaskInstance: ecommerce_etl_v2.load_events manual__2026-02-10T10:00:49.771923+00:00 [running]> on host 89ab86e4d295
[2026-02-10T10:42:33.210+0000] {taskinstance.py:2480} INFO - Exporting env vars: AIRFLOW_CTX_DAG_EMAIL='data-team@company.com' AIRFLOW_CTX_DAG_OWNER='data_engineering' AIRFLOW_CTX_DAG_ID='ecommerce_etl_v2' AIRFLOW_CTX_TASK_ID='load_events' AIRFLOW_CTX_EXECUTION_DATE='2026-02-10T10:00:49.771923+00:00' AIRFLOW_CTX_TRY_NUMBER='15' AIRFLOW_CTX_DAG_RUN_ID='manual__2026-02-10T10:00:49.771923+00:00'
[2026-02-10T10:42:33.413+0000] {etl_dag.py:100} INFO - Creating table if not exists: bronze.events
[2026-02-10T10:42:34.042+0000] {taskinstance.py:2698} ERROR - Task failed with exception
Traceback (most recent call last):
  File "/home/airflow/.local/lib/python3.8/site-packages/airflow/models/taskinstance.py", line 433, in _execute_task
    result = execute_callable(context=context, **execute_callable_kwargs)
  File "/home/airflow/.local/lib/python3.8/site-packages/airflow/operators/python.py", line 199, in execute
    return_value = self.execute_callable()
  File "/home/airflow/.local/lib/python3.8/site-packages/airflow/operators/python.py", line 216, in execute_callable
    return self.python_callable(*self.op_args, **self.op_kwargs)
  File "/opt/airflow/dags/etl_dag.py", line 101, in load_bronze_with_ingestion_date
    client.query(create_sql).result()
  File "/home/airflow/.local/lib/python3.8/site-packages/google/cloud/bigquery/job/query.py", line 1595, in result
    do_get_result()
  File "/home/airflow/.local/lib/python3.8/site-packages/google/api_core/retry.py", line 372, in retry_wrapped_func
    return retry_target(
  File "/home/airflow/.local/lib/python3.8/site-packages/google/api_core/retry.py", line 207, in retry_target
    result = target()
  File "/home/airflow/.local/lib/python3.8/site-packages/google/cloud/bigquery/job/query.py", line 1584, in do_get_result
    super(QueryJob, self).result(retry=retry, timeout=timeout)
  File "/home/airflow/.local/lib/python3.8/site-packages/google/cloud/bigquery/job/base.py", line 971, in result
    return super(_AsyncJob, self).result(timeout=timeout, **kwargs)
  File "/home/airflow/.local/lib/python3.8/site-packages/google/api_core/future/polling.py", line 261, in result
    raise self._exception
google.api_core.exceptions.BadRequest: 400 Unrecognized name: ingestion_date at [1:287]; reason: invalidQuery, location: query, message: Unrecognized name: ingestion_date at [1:287]

Location: europe-west1
Job ID: 657fe2bf-9006-4c8a-b2ba-2802411ee1a8

[2026-02-10T10:42:34.057+0000] {taskinstance.py:1138} INFO - Marking task as UP_FOR_RETRY. dag_id=ecommerce_etl_v2, task_id=load_events, execution_date=20260210T100049, start_date=20260210T104233, end_date=20260210T104234
[2026-02-10T10:42:34.071+0000] {standard_task_runner.py:107} ERROR - Failed to execute job 1067 for task load_events (400 Unrecognized name: ingestion_date at [1:287]; reason: invalidQuery, location: query, message: Unrecognized name: ingestion_date at [1:287]

Location: europe-west1
Job ID: 657fe2bf-9006-4c8a-b2ba-2802411ee1a8
; 1249)
[2026-02-10T10:42:34.099+0000] {local_task_job_runner.py:234} INFO - Task exited with return code 1
[2026-02-10T10:42:34.125+0000] {taskinstance.py:3280} INFO - 0 downstream tasks scheduled from follow-on schedule check
