[2026-02-10T10:16:05.169+0000] {taskinstance.py:1956} INFO - Dependencies all met for dep_context=non-requeueable deps ti=<TaskInstance: ecommerce_etl_v2.load_events manual__2026-02-10T10:00:49.771923+00:00 [queued]>
[2026-02-10T10:16:05.176+0000] {taskinstance.py:1956} INFO - Dependencies all met for dep_context=requeueable deps ti=<TaskInstance: ecommerce_etl_v2.load_events manual__2026-02-10T10:00:49.771923+00:00 [queued]>
[2026-02-10T10:16:05.176+0000] {taskinstance.py:2170} INFO - Starting attempt 7 of 9
[2026-02-10T10:16:05.183+0000] {taskinstance.py:2191} INFO - Executing <Task(PythonOperator): load_events> on 2026-02-10 10:00:49.771923+00:00
[2026-02-10T10:16:05.187+0000] {standard_task_runner.py:60} INFO - Started process 41569 to run task
[2026-02-10T10:16:05.190+0000] {standard_task_runner.py:87} INFO - Running: ['***', 'tasks', 'run', 'ecommerce_etl_v2', 'load_events', 'manual__2026-02-10T10:00:49.771923+00:00', '--job-id', '1037', '--raw', '--subdir', 'DAGS_FOLDER/etl_dag.py', '--cfg-path', '/tmp/tmpn5gik0zl']
[2026-02-10T10:16:05.192+0000] {standard_task_runner.py:88} INFO - Job 1037: Subtask load_events
[2026-02-10T10:16:05.218+0000] {task_command.py:423} INFO - Running <TaskInstance: ecommerce_etl_v2.load_events manual__2026-02-10T10:00:49.771923+00:00 [running]> on host 8e292c18926b
[2026-02-10T10:16:05.252+0000] {taskinstance.py:2480} INFO - Exporting env vars: AIRFLOW_CTX_DAG_EMAIL='data-team@company.com' AIRFLOW_CTX_DAG_OWNER='data_engineering' AIRFLOW_CTX_DAG_ID='ecommerce_etl_v2' AIRFLOW_CTX_TASK_ID='load_events' AIRFLOW_CTX_EXECUTION_DATE='2026-02-10T10:00:49.771923+00:00' AIRFLOW_CTX_TRY_NUMBER='7' AIRFLOW_CTX_DAG_RUN_ID='manual__2026-02-10T10:00:49.771923+00:00'
[2026-02-10T10:16:05.472+0000] {etl_dag.py:100} INFO - Creating table if not exists: bronze.events
[2026-02-10T10:16:06.081+0000] {etl_dag.py:106} INFO - Deleting partition 2026-02-10 from table bronze.events
[2026-02-10T10:16:10.042+0000] {etl_dag.py:114} INFO - Loading data from gs://bronze-data-ecom/events/ingestion_date=2026-02-10/*.csv into bronze.events
[2026-02-10T10:16:10.043+0000] {taskinstance.py:2698} ERROR - Task failed with exception
Traceback (most recent call last):
  File "/home/airflow/.local/lib/python3.8/site-packages/airflow/models/taskinstance.py", line 433, in _execute_task
    result = execute_callable(context=context, **execute_callable_kwargs)
  File "/home/airflow/.local/lib/python3.8/site-packages/airflow/operators/python.py", line 199, in execute
    return_value = self.execute_callable()
  File "/home/airflow/.local/lib/python3.8/site-packages/airflow/operators/python.py", line 216, in execute_callable
    return self.python_callable(*self.op_args, **self.op_kwargs)
  File "/opt/airflow/dags/etl_dag.py", line 116, in load_bronze_with_ingestion_date
    load_job_config = bigquery.LoadJobConfig(
  File "/home/airflow/.local/lib/python3.8/site-packages/google/cloud/bigquery/job/load.py", line 56, in __init__
    super(LoadJobConfig, self).__init__("load", **kwargs)
  File "/home/airflow/.local/lib/python3.8/site-packages/google/cloud/bigquery/job/base.py", line 180, in __init__
    setattr(self, prop, val)
  File "/home/airflow/.local/lib/python3.8/site-packages/google/cloud/bigquery/job/base.py", line 185, in __setattr__
    raise AttributeError(
AttributeError: Property location is unknown for <class 'google.cloud.bigquery.job.load.LoadJobConfig'>.
[2026-02-10T10:16:10.047+0000] {taskinstance.py:1138} INFO - Marking task as UP_FOR_RETRY. dag_id=ecommerce_etl_v2, task_id=load_events, execution_date=20260210T100049, start_date=20260210T101605, end_date=20260210T101610
[2026-02-10T10:16:10.053+0000] {standard_task_runner.py:107} ERROR - Failed to execute job 1037 for task load_events (Property location is unknown for <class 'google.cloud.bigquery.job.load.LoadJobConfig'>.; 41569)
[2026-02-10T10:16:10.084+0000] {local_task_job_runner.py:234} INFO - Task exited with return code 1
[2026-02-10T10:16:10.107+0000] {taskinstance.py:3280} INFO - 0 downstream tasks scheduled from follow-on schedule check
