[2026-02-10T09:22:18.147+0000] {taskinstance.py:1956} INFO - Dependencies all met for dep_context=non-requeueable deps ti=<TaskInstance: ecommerce_etl_v2.check_events_loaded manual__2026-02-10T09:15:54.717141+00:00 [queued]>
[2026-02-10T09:22:18.152+0000] {taskinstance.py:1956} INFO - Dependencies all met for dep_context=requeueable deps ti=<TaskInstance: ecommerce_etl_v2.check_events_loaded manual__2026-02-10T09:15:54.717141+00:00 [queued]>
[2026-02-10T09:22:18.153+0000] {taskinstance.py:2170} INFO - Starting attempt 1 of 3
[2026-02-10T09:22:18.158+0000] {taskinstance.py:2191} INFO - Executing <Task(BigQueryCheckOperator): check_events_loaded> on 2026-02-10 09:15:54.717141+00:00
[2026-02-10T09:22:18.162+0000] {standard_task_runner.py:60} INFO - Started process 35223 to run task
[2026-02-10T09:22:18.164+0000] {standard_task_runner.py:87} INFO - Running: ['***', 'tasks', 'run', 'ecommerce_etl_v2', 'check_events_loaded', 'manual__2026-02-10T09:15:54.717141+00:00', '--job-id', '938', '--raw', '--subdir', 'DAGS_FOLDER/etl_dag.py', '--cfg-path', '/tmp/tmpgwldgxt2']
[2026-02-10T09:22:18.165+0000] {standard_task_runner.py:88} INFO - Job 938: Subtask check_events_loaded
[2026-02-10T09:22:18.189+0000] {task_command.py:423} INFO - Running <TaskInstance: ecommerce_etl_v2.check_events_loaded manual__2026-02-10T09:15:54.717141+00:00 [running]> on host 8e292c18926b
[2026-02-10T09:22:18.221+0000] {taskinstance.py:2480} INFO - Exporting env vars: AIRFLOW_CTX_DAG_EMAIL='data-team@company.com' AIRFLOW_CTX_DAG_OWNER='data_engineering' AIRFLOW_CTX_DAG_ID='ecommerce_etl_v2' AIRFLOW_CTX_TASK_ID='check_events_loaded' AIRFLOW_CTX_EXECUTION_DATE='2026-02-10T09:15:54.717141+00:00' AIRFLOW_CTX_TRY_NUMBER='1' AIRFLOW_CTX_DAG_RUN_ID='manual__2026-02-10T09:15:54.717141+00:00'
[2026-02-10T09:22:18.222+0000] {sql.py:785} INFO - Executing SQL check: SELECT COUNT(*) > 0 FROM prism-486509.bronze.events
[2026-02-10T09:22:18.225+0000] {connection.py:234} WARNING - Connection schemes (type: google_cloud_platform) shall not contain '_' according to RFC3986.
[2026-02-10T09:22:18.226+0000] {base.py:83} INFO - Using connection ID 'google_cloud_default' for task execution.
[2026-02-10T09:22:18.226+0000] {credentials_provider.py:353} INFO - Getting connection using `google.auth.default()` since no explicit credentials are provided.
[2026-02-10T09:22:18.268+0000] {sql.py:450} INFO - Running statement: SELECT COUNT(*) > 0 FROM prism-486509.bronze.events, parameters: None
[2026-02-10T09:22:18.269+0000] {bigquery.py:1596} INFO - Inserting job ***_1770715338269065_a3973d4112a64c64c14a42a68988b450
[2026-02-10T09:22:19.319+0000] {sql.py:788} INFO - Record: [True]
[2026-02-10T09:22:19.321+0000] {sql.py:796} INFO - Success.
[2026-02-10T09:22:19.334+0000] {taskinstance.py:1138} INFO - Marking task as SUCCESS. dag_id=ecommerce_etl_v2, task_id=check_events_loaded, execution_date=20260210T091554, start_date=20260210T092218, end_date=20260210T092219
[2026-02-10T09:22:19.386+0000] {local_task_job_runner.py:234} INFO - Task exited with return code 0
[2026-02-10T09:22:19.418+0000] {taskinstance.py:3280} INFO - 1 downstream tasks scheduled from follow-on schedule check
