[2026-02-09T01:18:49.834+0000] {taskinstance.py:1956} INFO - Dependencies all met for dep_context=non-requeueable deps ti=<TaskInstance: ecommerce_etl_v2.bronze_layer.check_orders_loaded manual__2026-02-09T01:10:13.959737+00:00 [queued]>
[2026-02-09T01:18:49.838+0000] {taskinstance.py:1956} INFO - Dependencies all met for dep_context=requeueable deps ti=<TaskInstance: ecommerce_etl_v2.bronze_layer.check_orders_loaded manual__2026-02-09T01:10:13.959737+00:00 [queued]>
[2026-02-09T01:18:49.839+0000] {taskinstance.py:2170} INFO - Starting attempt 1 of 3
[2026-02-09T01:18:49.846+0000] {taskinstance.py:2191} INFO - Executing <Task(BigQueryCheckOperator): bronze_layer.check_orders_loaded> on 2026-02-09 01:10:13.959737+00:00
[2026-02-09T01:18:49.849+0000] {standard_task_runner.py:60} INFO - Started process 39066 to run task
[2026-02-09T01:18:49.852+0000] {standard_task_runner.py:87} INFO - Running: ['***', 'tasks', 'run', 'ecommerce_etl_v2', 'bronze_layer.check_orders_loaded', 'manual__2026-02-09T01:10:13.959737+00:00', '--job-id', '1189', '--raw', '--subdir', 'DAGS_FOLDER/etl_dag.py', '--cfg-path', '/tmp/tmpj4bq80aq']
[2026-02-09T01:18:49.853+0000] {standard_task_runner.py:88} INFO - Job 1189: Subtask bronze_layer.check_orders_loaded
[2026-02-09T01:18:49.878+0000] {task_command.py:423} INFO - Running <TaskInstance: ecommerce_etl_v2.bronze_layer.check_orders_loaded manual__2026-02-09T01:10:13.959737+00:00 [running]> on host 52b3fbe2fc57
[2026-02-09T01:18:49.917+0000] {taskinstance.py:2480} INFO - Exporting env vars: AIRFLOW_CTX_DAG_EMAIL='data-team@company.com' AIRFLOW_CTX_DAG_OWNER='data_engineering' AIRFLOW_CTX_DAG_ID='ecommerce_etl_v2' AIRFLOW_CTX_TASK_ID='bronze_layer.check_orders_loaded' AIRFLOW_CTX_EXECUTION_DATE='2026-02-09T01:10:13.959737+00:00' AIRFLOW_CTX_TRY_NUMBER='1' AIRFLOW_CTX_DAG_RUN_ID='manual__2026-02-09T01:10:13.959737+00:00'
[2026-02-09T01:18:49.918+0000] {sql.py:785} INFO - Executing SQL check: 
                    SELECT COUNT(*) > 0
                    FROM `prism-486509.bronze.orders`
                
[2026-02-09T01:18:49.922+0000] {connection.py:234} WARNING - Connection schemes (type: google_cloud_platform) shall not contain '_' according to RFC3986.
[2026-02-09T01:18:49.922+0000] {base.py:83} INFO - Using connection ID 'google_cloud_default' for task execution.
[2026-02-09T01:18:49.922+0000] {credentials_provider.py:353} INFO - Getting connection using `google.auth.default()` since no explicit credentials are provided.
[2026-02-09T01:18:49.965+0000] {sql.py:450} INFO - Running statement: 
                    SELECT COUNT(*) > 0
                    FROM `prism-486509.bronze.orders`
                , parameters: None
[2026-02-09T01:18:49.965+0000] {bigquery.py:1596} INFO - Inserting job ***_1770599929965637_43e3af77a94784a697f190aca075874d
[2026-02-09T01:18:50.836+0000] {sql.py:788} INFO - Record: [True]
[2026-02-09T01:18:50.837+0000] {sql.py:796} INFO - Success.
[2026-02-09T01:18:50.847+0000] {taskinstance.py:1138} INFO - Marking task as SUCCESS. dag_id=ecommerce_etl_v2, task_id=bronze_layer.check_orders_loaded, execution_date=20260209T011013, start_date=20260209T011849, end_date=20260209T011850
[2026-02-09T01:18:50.902+0000] {local_task_job_runner.py:234} INFO - Task exited with return code 0
[2026-02-09T01:18:50.914+0000] {taskinstance.py:3280} INFO - 0 downstream tasks scheduled from follow-on schedule check
