[2026-02-10T11:00:20.745+0000] {taskinstance.py:1956} INFO - Dependencies all met for dep_context=non-requeueable deps ti=<TaskInstance: ecommerce_etl_v2.load_order_items manual__2026-02-10T10:56:26.745143+00:00 [queued]>
[2026-02-10T11:00:20.750+0000] {taskinstance.py:1956} INFO - Dependencies all met for dep_context=requeueable deps ti=<TaskInstance: ecommerce_etl_v2.load_order_items manual__2026-02-10T10:56:26.745143+00:00 [queued]>
[2026-02-10T11:00:20.750+0000] {taskinstance.py:2170} INFO - Starting attempt 2 of 4
[2026-02-10T11:00:20.756+0000] {taskinstance.py:2191} INFO - Executing <Task(PythonOperator): load_order_items> on 2026-02-10 10:56:26.745143+00:00
[2026-02-10T11:00:20.760+0000] {standard_task_runner.py:60} INFO - Started process 2941 to run task
[2026-02-10T11:00:20.762+0000] {standard_task_runner.py:87} INFO - Running: ['***', 'tasks', 'run', 'ecommerce_etl_v2', 'load_order_items', 'manual__2026-02-10T10:56:26.745143+00:00', '--job-id', '1087', '--raw', '--subdir', 'DAGS_FOLDER/etl_dag.py', '--cfg-path', '/tmp/tmpb59bm7pg']
[2026-02-10T11:00:20.764+0000] {standard_task_runner.py:88} INFO - Job 1087: Subtask load_order_items
[2026-02-10T11:00:20.787+0000] {task_command.py:423} INFO - Running <TaskInstance: ecommerce_etl_v2.load_order_items manual__2026-02-10T10:56:26.745143+00:00 [running]> on host 89ab86e4d295
[2026-02-10T11:00:20.821+0000] {taskinstance.py:2480} INFO - Exporting env vars: AIRFLOW_CTX_DAG_EMAIL='data-team@company.com' AIRFLOW_CTX_DAG_OWNER='data_engineering' AIRFLOW_CTX_DAG_ID='ecommerce_etl_v2' AIRFLOW_CTX_TASK_ID='load_order_items' AIRFLOW_CTX_EXECUTION_DATE='2026-02-10T10:56:26.745143+00:00' AIRFLOW_CTX_TRY_NUMBER='2' AIRFLOW_CTX_DAG_RUN_ID='manual__2026-02-10T10:56:26.745143+00:00'
[2026-02-10T11:00:21.027+0000] {etl_dag.py:100} INFO - Creating table if not exists: bronze.order_items
[2026-02-10T11:00:21.565+0000] {taskinstance.py:2698} ERROR - Task failed with exception
Traceback (most recent call last):
  File "/home/airflow/.local/lib/python3.8/site-packages/airflow/models/taskinstance.py", line 433, in _execute_task
    result = execute_callable(context=context, **execute_callable_kwargs)
  File "/home/airflow/.local/lib/python3.8/site-packages/airflow/operators/python.py", line 199, in execute
    return_value = self.execute_callable()
  File "/home/airflow/.local/lib/python3.8/site-packages/airflow/operators/python.py", line 216, in execute_callable
    return self.python_callable(*self.op_args, **self.op_kwargs)
  File "/opt/airflow/dags/etl_dag.py", line 101, in load_bronze_with_ingestion_date
    client.query(create_sql).result()
  File "/home/airflow/.local/lib/python3.8/site-packages/google/cloud/bigquery/job/query.py", line 1595, in result
    do_get_result()
  File "/home/airflow/.local/lib/python3.8/site-packages/google/api_core/retry.py", line 372, in retry_wrapped_func
    return retry_target(
  File "/home/airflow/.local/lib/python3.8/site-packages/google/api_core/retry.py", line 207, in retry_target
    result = target()
  File "/home/airflow/.local/lib/python3.8/site-packages/google/cloud/bigquery/job/query.py", line 1584, in do_get_result
    super(QueryJob, self).result(retry=retry, timeout=timeout)
  File "/home/airflow/.local/lib/python3.8/site-packages/google/cloud/bigquery/job/base.py", line 971, in result
    return super(_AsyncJob, self).result(timeout=timeout, **kwargs)
  File "/home/airflow/.local/lib/python3.8/site-packages/google/api_core/future/polling.py", line 261, in result
    raise self._exception
google.api_core.exceptions.BadRequest: 400 Type not found: FLOAT at [1:259]; reason: invalidQuery, location: query, message: Type not found: FLOAT at [1:259]

Location: europe-west1
Job ID: 7174273e-bb0b-47c2-86a8-9f062ba78d57

[2026-02-10T11:00:21.574+0000] {taskinstance.py:1138} INFO - Marking task as UP_FOR_RETRY. dag_id=ecommerce_etl_v2, task_id=load_order_items, execution_date=20260210T105626, start_date=20260210T110020, end_date=20260210T110021
[2026-02-10T11:00:21.586+0000] {standard_task_runner.py:107} ERROR - Failed to execute job 1087 for task load_order_items (400 Type not found: FLOAT at [1:259]; reason: invalidQuery, location: query, message: Type not found: FLOAT at [1:259]

Location: europe-west1
Job ID: 7174273e-bb0b-47c2-86a8-9f062ba78d57
; 2941)
[2026-02-10T11:00:21.598+0000] {local_task_job_runner.py:234} INFO - Task exited with return code 1
[2026-02-10T11:00:21.628+0000] {taskinstance.py:3280} INFO - 0 downstream tasks scheduled from follow-on schedule check
