[2026-02-11T03:06:29.833+0000] {taskinstance.py:1956} INFO - Dependencies all met for dep_context=non-requeueable deps ti=<TaskInstance: ecommerce_etl_v2.silver_setup.create_silver_users scheduled__2026-02-10T02:00:00+00:00 [queued]>
[2026-02-11T03:06:29.839+0000] {taskinstance.py:1956} INFO - Dependencies all met for dep_context=requeueable deps ti=<TaskInstance: ecommerce_etl_v2.silver_setup.create_silver_users scheduled__2026-02-10T02:00:00+00:00 [queued]>
[2026-02-11T03:06:29.839+0000] {taskinstance.py:2170} INFO - Starting attempt 1 of 3
[2026-02-11T03:06:29.847+0000] {taskinstance.py:2191} INFO - Executing <Task(BigQueryCreateEmptyTableOperator): silver_setup.create_silver_users> on 2026-02-10 02:00:00+00:00
[2026-02-11T03:06:29.851+0000] {standard_task_runner.py:60} INFO - Started process 81248 to run task
[2026-02-11T03:06:29.854+0000] {standard_task_runner.py:87} INFO - Running: ['***', 'tasks', 'run', 'ecommerce_etl_v2', 'silver_setup.create_silver_users', 'scheduled__2026-02-10T02:00:00+00:00', '--job-id', '2116', '--raw', '--subdir', 'DAGS_FOLDER/etl_dag.py', '--cfg-path', '/tmp/tmp3f4vp104']
[2026-02-11T03:06:29.857+0000] {standard_task_runner.py:88} INFO - Job 2116: Subtask silver_setup.create_silver_users
[2026-02-11T03:06:29.889+0000] {task_command.py:423} INFO - Running <TaskInstance: ecommerce_etl_v2.silver_setup.create_silver_users scheduled__2026-02-10T02:00:00+00:00 [running]> on host 89ab86e4d295
[2026-02-11T03:06:29.939+0000] {taskinstance.py:2480} INFO - Exporting env vars: AIRFLOW_CTX_DAG_EMAIL='data-team@company.com' AIRFLOW_CTX_DAG_OWNER='data_engineering' AIRFLOW_CTX_DAG_ID='ecommerce_etl_v2' AIRFLOW_CTX_TASK_ID='silver_setup.create_silver_users' AIRFLOW_CTX_EXECUTION_DATE='2026-02-10T02:00:00+00:00' AIRFLOW_CTX_TRY_NUMBER='1' AIRFLOW_CTX_DAG_RUN_ID='scheduled__2026-02-10T02:00:00+00:00'
[2026-02-11T03:06:29.946+0000] {connection.py:234} WARNING - Connection schemes (type: google_cloud_platform) shall not contain '_' according to RFC3986.
[2026-02-11T03:06:29.946+0000] {base.py:83} INFO - Using connection ID 'google_cloud_default' for task execution.
[2026-02-11T03:06:29.946+0000] {bigquery.py:1514} INFO - Creating table
[2026-02-11T03:06:29.947+0000] {credentials_provider.py:353} INFO - Getting connection using `google.auth.default()` since no explicit credentials are provided.
[2026-02-11T03:06:30.437+0000] {bigquery.py:1536} INFO - Table prism-486509.silver.users created successfully
[2026-02-11T03:06:30.452+0000] {taskinstance.py:1138} INFO - Marking task as SUCCESS. dag_id=ecommerce_etl_v2, task_id=silver_setup.create_silver_users, execution_date=20260210T020000, start_date=20260211T030629, end_date=20260211T030630
[2026-02-11T03:06:30.486+0000] {local_task_job_runner.py:234} INFO - Task exited with return code 0
[2026-02-11T03:06:30.528+0000] {taskinstance.py:3280} INFO - 0 downstream tasks scheduled from follow-on schedule check
[2026-02-11T09:46:23.451+0000] {taskinstance.py:1956} INFO - Dependencies all met for dep_context=non-requeueable deps ti=<TaskInstance: ecommerce_etl_v2.silver_setup.create_silver_users scheduled__2026-02-10T02:00:00+00:00 [queued]>
[2026-02-11T09:46:23.457+0000] {taskinstance.py:1956} INFO - Dependencies all met for dep_context=requeueable deps ti=<TaskInstance: ecommerce_etl_v2.silver_setup.create_silver_users scheduled__2026-02-10T02:00:00+00:00 [queued]>
[2026-02-11T09:46:23.458+0000] {taskinstance.py:2170} INFO - Starting attempt 1 of 3
[2026-02-11T09:46:23.467+0000] {taskinstance.py:2191} INFO - Executing <Task(BigQueryCreateEmptyTableOperator): silver_setup.create_silver_users> on 2026-02-10 02:00:00+00:00
[2026-02-11T09:46:23.473+0000] {standard_task_runner.py:60} INFO - Started process 91918 to run task
[2026-02-11T09:46:23.478+0000] {standard_task_runner.py:87} INFO - Running: ['***', 'tasks', 'run', 'ecommerce_etl_v2', 'silver_setup.create_silver_users', 'scheduled__2026-02-10T02:00:00+00:00', '--job-id', '2125', '--raw', '--subdir', 'DAGS_FOLDER/etl_dag.py', '--cfg-path', '/tmp/tmpau4dybw0']
[2026-02-11T09:46:23.486+0000] {standard_task_runner.py:88} INFO - Job 2125: Subtask silver_setup.create_silver_users
[2026-02-11T09:46:23.536+0000] {task_command.py:423} INFO - Running <TaskInstance: ecommerce_etl_v2.silver_setup.create_silver_users scheduled__2026-02-10T02:00:00+00:00 [running]> on host 89ab86e4d295
[2026-02-11T09:46:23.592+0000] {taskinstance.py:2480} INFO - Exporting env vars: AIRFLOW_CTX_DAG_EMAIL='data-team@company.com' AIRFLOW_CTX_DAG_OWNER='data_engineering' AIRFLOW_CTX_DAG_ID='ecommerce_etl_v2' AIRFLOW_CTX_TASK_ID='silver_setup.create_silver_users' AIRFLOW_CTX_EXECUTION_DATE='2026-02-10T02:00:00+00:00' AIRFLOW_CTX_TRY_NUMBER='1' AIRFLOW_CTX_DAG_RUN_ID='scheduled__2026-02-10T02:00:00+00:00'
[2026-02-11T09:46:23.598+0000] {connection.py:234} WARNING - Connection schemes (type: google_cloud_platform) shall not contain '_' according to RFC3986.
[2026-02-11T09:46:23.599+0000] {base.py:83} INFO - Using connection ID 'google_cloud_default' for task execution.
[2026-02-11T09:46:23.599+0000] {bigquery.py:1514} INFO - Creating table
[2026-02-11T09:46:23.600+0000] {credentials_provider.py:353} INFO - Getting connection using `google.auth.default()` since no explicit credentials are provided.
[2026-02-11T09:46:24.072+0000] {bigquery.py:1536} INFO - Table prism-486509.silver.users created successfully
[2026-02-11T09:46:24.088+0000] {taskinstance.py:1138} INFO - Marking task as SUCCESS. dag_id=ecommerce_etl_v2, task_id=silver_setup.create_silver_users, execution_date=20260210T020000, start_date=20260211T094623, end_date=20260211T094624
[2026-02-11T09:46:24.112+0000] {local_task_job_runner.py:234} INFO - Task exited with return code 0
[2026-02-11T09:46:24.133+0000] {taskinstance.py:3280} INFO - 0 downstream tasks scheduled from follow-on schedule check
