[2026-02-09T02:44:20.319+0000] {taskinstance.py:1956} INFO - Dependencies all met for dep_context=non-requeueable deps ti=<TaskInstance: ecommerce_etl_v2.bronze_layer.load_products scheduled__2026-02-08T02:00:00+00:00 [queued]>
[2026-02-09T02:44:20.324+0000] {taskinstance.py:1956} INFO - Dependencies all met for dep_context=requeueable deps ti=<TaskInstance: ecommerce_etl_v2.bronze_layer.load_products scheduled__2026-02-08T02:00:00+00:00 [queued]>
[2026-02-09T02:44:20.326+0000] {taskinstance.py:2170} INFO - Starting attempt 1 of 3
[2026-02-09T02:44:20.334+0000] {taskinstance.py:2191} INFO - Executing <Task(PythonOperator): bronze_layer.load_products> on 2026-02-08 02:00:00+00:00
[2026-02-09T02:44:20.339+0000] {standard_task_runner.py:60} INFO - Started process 10167 to run task
[2026-02-09T02:44:20.340+0000] {standard_task_runner.py:87} INFO - Running: ['***', 'tasks', 'run', 'ecommerce_etl_v2', 'bronze_layer.load_products', 'scheduled__2026-02-08T02:00:00+00:00', '--job-id', '1465', '--raw', '--subdir', 'DAGS_FOLDER/etl_dag.py', '--cfg-path', '/tmp/tmp2rqjoqfs']
[2026-02-09T02:44:20.342+0000] {standard_task_runner.py:88} INFO - Job 1465: Subtask bronze_layer.load_products
[2026-02-09T02:44:20.370+0000] {task_command.py:423} INFO - Running <TaskInstance: ecommerce_etl_v2.bronze_layer.load_products scheduled__2026-02-08T02:00:00+00:00 [running]> on host 707cd2e8ef6b
[2026-02-09T02:44:20.398+0000] {logging_mixin.py:188} WARNING - /home/***/.local/lib/python3.8/site-packages/***/utils/context.py:207 AirflowContextDeprecationWarning: Accessing 'execution_date' from the template is deprecated and will be removed in a future version. Please use 'data_interval_start' or 'logical_date' instead.
[2026-02-09T02:44:20.416+0000] {taskinstance.py:2480} INFO - Exporting env vars: AIRFLOW_CTX_DAG_EMAIL='data-team@company.com' AIRFLOW_CTX_DAG_OWNER='data_engineering' AIRFLOW_CTX_DAG_ID='ecommerce_etl_v2' AIRFLOW_CTX_TASK_ID='bronze_layer.load_products' AIRFLOW_CTX_EXECUTION_DATE='2026-02-08T02:00:00+00:00' AIRFLOW_CTX_TRY_NUMBER='1' AIRFLOW_CTX_DAG_RUN_ID='scheduled__2026-02-08T02:00:00+00:00'
[2026-02-09T02:44:27.098+0000] {logging_mixin.py:188} WARNING -   0%|          | 0/1 [00:00<?, ?it/s]
[2026-02-09T02:44:27.098+0000] {gbq.py:618} INFO - 29120 out of 29120 rows loaded.
[2026-02-09T02:44:27.098+0000] {logging_mixin.py:188} WARNING - 100%|##########| 1/1 [00:00<00:00, 8097.11it/s]
[2026-02-09T02:44:27.098+0000] {python.py:201} INFO - Done. Returned value was: None
[2026-02-09T02:44:27.106+0000] {taskinstance.py:1138} INFO - Marking task as SUCCESS. dag_id=ecommerce_etl_v2, task_id=bronze_layer.load_products, execution_date=20260208T020000, start_date=20260209T024420, end_date=20260209T024427
[2026-02-09T02:44:27.119+0000] {local_task_job_runner.py:234} INFO - Task exited with return code 0
[2026-02-09T02:44:27.133+0000] {taskinstance.py:3280} INFO - 1 downstream tasks scheduled from follow-on schedule check
[2026-02-09T09:46:06.231+0000] {taskinstance.py:1956} INFO - Dependencies all met for dep_context=non-requeueable deps ti=<TaskInstance: ecommerce_etl_v2.bronze_layer.load_products scheduled__2026-02-08T02:00:00+00:00 [queued]>
[2026-02-09T09:46:06.237+0000] {taskinstance.py:1956} INFO - Dependencies all met for dep_context=requeueable deps ti=<TaskInstance: ecommerce_etl_v2.bronze_layer.load_products scheduled__2026-02-08T02:00:00+00:00 [queued]>
[2026-02-09T09:46:06.237+0000] {taskinstance.py:2170} INFO - Starting attempt 1 of 3
[2026-02-09T09:46:06.244+0000] {taskinstance.py:2191} INFO - Executing <Task(PythonOperator): bronze_layer.load_products> on 2026-02-08 02:00:00+00:00
[2026-02-09T09:46:06.248+0000] {standard_task_runner.py:60} INFO - Started process 19430 to run task
[2026-02-09T09:46:06.250+0000] {standard_task_runner.py:87} INFO - Running: ['***', 'tasks', 'run', 'ecommerce_etl_v2', 'bronze_layer.load_products', 'scheduled__2026-02-08T02:00:00+00:00', '--job-id', '1628', '--raw', '--subdir', 'DAGS_FOLDER/etl_dag.py', '--cfg-path', '/tmp/tmpdn28_3e7']
[2026-02-09T09:46:06.252+0000] {standard_task_runner.py:88} INFO - Job 1628: Subtask bronze_layer.load_products
[2026-02-09T09:46:06.278+0000] {task_command.py:423} INFO - Running <TaskInstance: ecommerce_etl_v2.bronze_layer.load_products scheduled__2026-02-08T02:00:00+00:00 [running]> on host 707cd2e8ef6b
[2026-02-09T09:46:06.305+0000] {logging_mixin.py:188} WARNING - /home/***/.local/lib/python3.8/site-packages/***/utils/context.py:207 AirflowContextDeprecationWarning: Accessing 'execution_date' from the template is deprecated and will be removed in a future version. Please use 'data_interval_start' or 'logical_date' instead.
[2026-02-09T09:46:06.321+0000] {taskinstance.py:2480} INFO - Exporting env vars: AIRFLOW_CTX_DAG_EMAIL='data-team@company.com' AIRFLOW_CTX_DAG_OWNER='data_engineering' AIRFLOW_CTX_DAG_ID='ecommerce_etl_v2' AIRFLOW_CTX_TASK_ID='bronze_layer.load_products' AIRFLOW_CTX_EXECUTION_DATE='2026-02-08T02:00:00+00:00' AIRFLOW_CTX_TRY_NUMBER='1' AIRFLOW_CTX_DAG_RUN_ID='scheduled__2026-02-08T02:00:00+00:00'
[2026-02-09T09:46:15.433+0000] {logging_mixin.py:188} WARNING -   0%|          | 0/1 [00:00<?, ?it/s]
[2026-02-09T09:46:15.433+0000] {gbq.py:618} INFO - 29120 out of 29120 rows loaded.
[2026-02-09T09:46:15.434+0000] {logging_mixin.py:188} WARNING - 100%|##########| 1/1 [00:00<00:00, 3524.63it/s]
[2026-02-09T09:46:15.434+0000] {python.py:201} INFO - Done. Returned value was: None
[2026-02-09T09:46:15.443+0000] {taskinstance.py:1138} INFO - Marking task as SUCCESS. dag_id=ecommerce_etl_v2, task_id=bronze_layer.load_products, execution_date=20260208T020000, start_date=20260209T094606, end_date=20260209T094615
[2026-02-09T09:46:15.483+0000] {local_task_job_runner.py:234} INFO - Task exited with return code 0
[2026-02-09T09:46:15.496+0000] {taskinstance.py:3280} INFO - 1 downstream tasks scheduled from follow-on schedule check
[2026-02-09T10:06:44.370+0000] {taskinstance.py:1956} INFO - Dependencies all met for dep_context=non-requeueable deps ti=<TaskInstance: ecommerce_etl_v2.bronze_layer.load_products scheduled__2026-02-08T02:00:00+00:00 [queued]>
[2026-02-09T10:06:44.376+0000] {taskinstance.py:1956} INFO - Dependencies all met for dep_context=requeueable deps ti=<TaskInstance: ecommerce_etl_v2.bronze_layer.load_products scheduled__2026-02-08T02:00:00+00:00 [queued]>
[2026-02-09T10:06:44.377+0000] {taskinstance.py:2170} INFO - Starting attempt 1 of 3
[2026-02-09T10:06:44.385+0000] {taskinstance.py:2191} INFO - Executing <Task(PythonOperator): bronze_layer.load_products> on 2026-02-08 02:00:00+00:00
[2026-02-09T10:06:44.389+0000] {standard_task_runner.py:60} INFO - Started process 23789 to run task
[2026-02-09T10:06:44.392+0000] {standard_task_runner.py:87} INFO - Running: ['***', 'tasks', 'run', 'ecommerce_etl_v2', 'bronze_layer.load_products', 'scheduled__2026-02-08T02:00:00+00:00', '--job-id', '1731', '--raw', '--subdir', 'DAGS_FOLDER/etl_dag.py', '--cfg-path', '/tmp/tmpu7v4nmm6']
[2026-02-09T10:06:44.394+0000] {standard_task_runner.py:88} INFO - Job 1731: Subtask bronze_layer.load_products
[2026-02-09T10:06:44.424+0000] {task_command.py:423} INFO - Running <TaskInstance: ecommerce_etl_v2.bronze_layer.load_products scheduled__2026-02-08T02:00:00+00:00 [running]> on host 707cd2e8ef6b
[2026-02-09T10:06:44.450+0000] {logging_mixin.py:188} WARNING - /home/***/.local/lib/python3.8/site-packages/***/utils/context.py:207 AirflowContextDeprecationWarning: Accessing 'execution_date' from the template is deprecated and will be removed in a future version. Please use 'data_interval_start' or 'logical_date' instead.
[2026-02-09T10:06:44.467+0000] {taskinstance.py:2480} INFO - Exporting env vars: AIRFLOW_CTX_DAG_EMAIL='data-team@company.com' AIRFLOW_CTX_DAG_OWNER='data_engineering' AIRFLOW_CTX_DAG_ID='ecommerce_etl_v2' AIRFLOW_CTX_TASK_ID='bronze_layer.load_products' AIRFLOW_CTX_EXECUTION_DATE='2026-02-08T02:00:00+00:00' AIRFLOW_CTX_TRY_NUMBER='1' AIRFLOW_CTX_DAG_RUN_ID='scheduled__2026-02-08T02:00:00+00:00'
[2026-02-09T10:06:50.537+0000] {logging_mixin.py:188} WARNING -   0%|          | 0/1 [00:00<?, ?it/s]
[2026-02-09T10:06:50.537+0000] {gbq.py:618} INFO - 29120 out of 29120 rows loaded.
[2026-02-09T10:06:50.537+0000] {logging_mixin.py:188} WARNING - 100%|##########| 1/1 [00:00<00:00, 2614.90it/s]
[2026-02-09T10:06:50.537+0000] {python.py:201} INFO - Done. Returned value was: None
[2026-02-09T10:06:50.544+0000] {taskinstance.py:1138} INFO - Marking task as SUCCESS. dag_id=ecommerce_etl_v2, task_id=bronze_layer.load_products, execution_date=20260208T020000, start_date=20260209T100644, end_date=20260209T100650
[2026-02-09T10:06:50.570+0000] {local_task_job_runner.py:234} INFO - Task exited with return code 0
[2026-02-09T10:06:50.581+0000] {taskinstance.py:3280} INFO - 1 downstream tasks scheduled from follow-on schedule check
