[2026-02-09T23:13:38.532+0000] {taskinstance.py:1956} INFO - Dependencies all met for dep_context=non-requeueable deps ti=<TaskInstance: ecommerce_etl_v2.check_order_items_loaded manual__2026-02-09T22:32:20.587070+00:00 [queued]>
[2026-02-09T23:13:38.537+0000] {taskinstance.py:1956} INFO - Dependencies all met for dep_context=requeueable deps ti=<TaskInstance: ecommerce_etl_v2.check_order_items_loaded manual__2026-02-09T22:32:20.587070+00:00 [queued]>
[2026-02-09T23:13:38.537+0000] {taskinstance.py:2170} INFO - Starting attempt 2 of 4
[2026-02-09T23:13:38.543+0000] {taskinstance.py:2191} INFO - Executing <Task(BigQueryCheckOperator): check_order_items_loaded> on 2026-02-09 22:32:20.587070+00:00
[2026-02-09T23:13:38.548+0000] {standard_task_runner.py:60} INFO - Started process 12863 to run task
[2026-02-09T23:13:38.550+0000] {standard_task_runner.py:87} INFO - Running: ['***', 'tasks', 'run', 'ecommerce_etl_v2', 'check_order_items_loaded', 'manual__2026-02-09T22:32:20.587070+00:00', '--job-id', '578', '--raw', '--subdir', 'DAGS_FOLDER/etl_dag.py', '--cfg-path', '/tmp/tmpohyaztea']
[2026-02-09T23:13:38.551+0000] {standard_task_runner.py:88} INFO - Job 578: Subtask check_order_items_loaded
[2026-02-09T23:13:38.590+0000] {task_command.py:423} INFO - Running <TaskInstance: ecommerce_etl_v2.check_order_items_loaded manual__2026-02-09T22:32:20.587070+00:00 [running]> on host 8e292c18926b
[2026-02-09T23:13:38.643+0000] {taskinstance.py:2480} INFO - Exporting env vars: AIRFLOW_CTX_DAG_EMAIL='data-team@company.com' AIRFLOW_CTX_DAG_OWNER='data_engineering' AIRFLOW_CTX_DAG_ID='ecommerce_etl_v2' AIRFLOW_CTX_TASK_ID='check_order_items_loaded' AIRFLOW_CTX_EXECUTION_DATE='2026-02-09T22:32:20.587070+00:00' AIRFLOW_CTX_TRY_NUMBER='2' AIRFLOW_CTX_DAG_RUN_ID='manual__2026-02-09T22:32:20.587070+00:00'
[2026-02-09T23:13:38.643+0000] {sql.py:785} INFO - Executing SQL check: SELECT COUNT(*) > 0 FROM `prism-486509.bronze.order_items`
[2026-02-09T23:13:38.648+0000] {connection.py:234} WARNING - Connection schemes (type: google_cloud_platform) shall not contain '_' according to RFC3986.
[2026-02-09T23:13:38.648+0000] {base.py:83} INFO - Using connection ID 'google_cloud_default' for task execution.
[2026-02-09T23:13:38.649+0000] {credentials_provider.py:353} INFO - Getting connection using `google.auth.default()` since no explicit credentials are provided.
[2026-02-09T23:13:38.691+0000] {sql.py:450} INFO - Running statement: SELECT COUNT(*) > 0 FROM `prism-486509.bronze.order_items`, parameters: None
[2026-02-09T23:13:38.692+0000] {bigquery.py:1596} INFO - Inserting job ***_1770678818692265_8b5643e5eae3400001f84021eab2ab85
[2026-02-09T23:13:39.714+0000] {sql.py:788} INFO - Record: [True]
[2026-02-09T23:13:39.715+0000] {sql.py:796} INFO - Success.
[2026-02-09T23:13:39.722+0000] {taskinstance.py:1138} INFO - Marking task as SUCCESS. dag_id=ecommerce_etl_v2, task_id=check_order_items_loaded, execution_date=20260209T223220, start_date=20260209T231338, end_date=20260209T231339
[2026-02-09T23:13:39.737+0000] {local_task_job_runner.py:234} INFO - Task exited with return code 0
[2026-02-09T23:13:39.766+0000] {taskinstance.py:3280} INFO - 0 downstream tasks scheduled from follow-on schedule check
