[2026-02-10T23:57:34.113+0000] {taskinstance.py:1956} INFO - Dependencies all met for dep_context=non-requeueable deps ti=<TaskInstance: ecommerce_etl_v2.gold_layer.load_dim_order_status manual__2026-02-10T14:58:15.423598+00:00 [queued]>
[2026-02-10T23:57:34.121+0000] {taskinstance.py:1956} INFO - Dependencies all met for dep_context=requeueable deps ti=<TaskInstance: ecommerce_etl_v2.gold_layer.load_dim_order_status manual__2026-02-10T14:58:15.423598+00:00 [queued]>
[2026-02-10T23:57:34.122+0000] {taskinstance.py:2170} INFO - Starting attempt 9 of 11
[2026-02-10T23:57:34.128+0000] {taskinstance.py:2191} INFO - Executing <Task(BigQueryInsertJobOperator): gold_layer.load_dim_order_status> on 2026-02-10 14:58:15.423598+00:00
[2026-02-10T23:57:34.131+0000] {standard_task_runner.py:60} INFO - Started process 68852 to run task
[2026-02-10T23:57:34.133+0000] {standard_task_runner.py:87} INFO - Running: ['***', 'tasks', 'run', 'ecommerce_etl_v2', 'gold_layer.load_dim_order_status', 'manual__2026-02-10T14:58:15.423598+00:00', '--job-id', '1871', '--raw', '--subdir', 'DAGS_FOLDER/etl_dag.py', '--cfg-path', '/tmp/tmpsesfxece']
[2026-02-10T23:57:34.135+0000] {standard_task_runner.py:88} INFO - Job 1871: Subtask gold_layer.load_dim_order_status
[2026-02-10T23:57:34.158+0000] {task_command.py:423} INFO - Running <TaskInstance: ecommerce_etl_v2.gold_layer.load_dim_order_status manual__2026-02-10T14:58:15.423598+00:00 [running]> on host 89ab86e4d295
[2026-02-10T23:57:34.194+0000] {taskinstance.py:2480} INFO - Exporting env vars: AIRFLOW_CTX_DAG_EMAIL='data-team@company.com' AIRFLOW_CTX_DAG_OWNER='data_engineering' AIRFLOW_CTX_DAG_ID='ecommerce_etl_v2' AIRFLOW_CTX_TASK_ID='gold_layer.load_dim_order_status' AIRFLOW_CTX_EXECUTION_DATE='2026-02-10T14:58:15.423598+00:00' AIRFLOW_CTX_TRY_NUMBER='9' AIRFLOW_CTX_DAG_RUN_ID='manual__2026-02-10T14:58:15.423598+00:00'
[2026-02-10T23:57:34.200+0000] {connection.py:234} WARNING - Connection schemes (type: google_cloud_platform) shall not contain '_' according to RFC3986.
[2026-02-10T23:57:34.200+0000] {base.py:83} INFO - Using connection ID 'google_cloud_default' for task execution.
[2026-02-10T23:57:34.200+0000] {credentials_provider.py:353} INFO - Getting connection using `google.auth.default()` since no explicit credentials are provided.
[2026-02-10T23:57:34.241+0000] {bigquery.py:2807} INFO - Executing: {'query': {'query': "-- SELECT\n--     TO_HEX(SHA256(order_status)) AS order_status_key,   -- UUID surrogate key\n--     order_status ,         -- natural/business key      -- attribute\n-- FROM (\n--     SELECT DISTINCT \n--        order_status, \n--     FROM `prism-486509.silver.order_items`   -- source table with order status\n-- ) AS distinct_statuses;\n\nSELECT\n    TO_HEX(SHA256(COALESCE(order_status, 'UNKNOWN'))) AS order_status_key,\n    order_status\nFROM (\n    SELECT DISTINCT order_status\n    FROM `prism-486509.silver.order_items`\n    WHERE order_status IS NOT NULL\n) AS distinct_statuses;\n", 'useLegacySql': False, 'destinationTable': {'projectId': 'prism-486509', 'datasetId': 'gold', 'tableId': 'dim_order_status'}, 'writeDisposition': 'WRITE_TRUNCATE', 'queryParameters': [{'name': 'run_date', 'parameterType': {'type': 'DATE'}, 'parameterValue': {'value': '2026-02-10'}}]}}'
[2026-02-10T23:57:34.242+0000] {bigquery.py:1596} INFO - Inserting job ***_ecommerce_etl_v2_gold_layer_load_dim_order_status_2026_02_10T14_58_15_423598_00_00_1d98304b4b1659376a4bfd9ae82bfcd2
[2026-02-10T23:57:34.650+0000] {taskinstance.py:2698} ERROR - Task failed with exception
Traceback (most recent call last):
  File "/home/airflow/.local/lib/python3.8/site-packages/airflow/models/taskinstance.py", line 433, in _execute_task
    result = execute_callable(context=context, **execute_callable_kwargs)
  File "/home/airflow/.local/lib/python3.8/site-packages/airflow/providers/google/cloud/operators/bigquery.py", line 2864, in execute
    job.result(timeout=self.result_timeout, retry=self.result_retry)
  File "/home/airflow/.local/lib/python3.8/site-packages/google/cloud/bigquery/job/query.py", line 1595, in result
    do_get_result()
  File "/home/airflow/.local/lib/python3.8/site-packages/google/cloud/bigquery/job/query.py", line 1584, in do_get_result
    super(QueryJob, self).result(retry=retry, timeout=timeout)
  File "/home/airflow/.local/lib/python3.8/site-packages/google/cloud/bigquery/job/base.py", line 971, in result
    return super(_AsyncJob, self).result(timeout=timeout, **kwargs)
  File "/home/airflow/.local/lib/python3.8/site-packages/google/api_core/future/polling.py", line 261, in result
    raise self._exception
google.api_core.exceptions.NotFound: 404 Not found: Table prism-486509:silver.order_items was not found in location europe-west1; reason: notFound, message: Not found: Table prism-486509:silver.order_items was not found in location europe-west1

Location: europe-west1
Job ID: airflow_ecommerce_etl_v2_gold_layer_load_dim_order_status_2026_02_10T14_58_15_423598_00_00_1d98304b4b1659376a4bfd9ae82bfcd2

[2026-02-10T23:57:34.658+0000] {taskinstance.py:1138} INFO - Marking task as UP_FOR_RETRY. dag_id=ecommerce_etl_v2, task_id=gold_layer.load_dim_order_status, execution_date=20260210T145815, start_date=20260210T235734, end_date=20260210T235734
[2026-02-10T23:57:34.665+0000] {standard_task_runner.py:107} ERROR - Failed to execute job 1871 for task gold_layer.load_dim_order_status (404 Not found: Table prism-486509:silver.order_items was not found in location europe-west1; reason: notFound, message: Not found: Table prism-486509:silver.order_items was not found in location europe-west1

Location: europe-west1
Job ID: airflow_ecommerce_etl_v2_gold_layer_load_dim_order_status_2026_02_10T14_58_15_423598_00_00_1d98304b4b1659376a4bfd9ae82bfcd2
; 68852)
[2026-02-10T23:57:34.695+0000] {local_task_job_runner.py:234} INFO - Task exited with return code 1
[2026-02-10T23:57:34.714+0000] {taskinstance.py:3280} INFO - 0 downstream tasks scheduled from follow-on schedule check
