[2026-02-09T02:37:34.674+0000] {taskinstance.py:1956} INFO - Dependencies all met for dep_context=non-requeueable deps ti=<TaskInstance: ecommerce_etl_v2.silver_layer.transform_users scheduled__2026-02-08T02:00:00+00:00 [queued]>
[2026-02-09T02:37:34.680+0000] {taskinstance.py:1956} INFO - Dependencies all met for dep_context=requeueable deps ti=<TaskInstance: ecommerce_etl_v2.silver_layer.transform_users scheduled__2026-02-08T02:00:00+00:00 [queued]>
[2026-02-09T02:37:34.681+0000] {taskinstance.py:2170} INFO - Starting attempt 2 of 4
[2026-02-09T02:37:34.689+0000] {taskinstance.py:2191} INFO - Executing <Task(BigQueryInsertJobOperator): silver_layer.transform_users> on 2026-02-08 02:00:00+00:00
[2026-02-09T02:37:34.692+0000] {standard_task_runner.py:60} INFO - Started process 8955 to run task
[2026-02-09T02:37:34.695+0000] {standard_task_runner.py:87} INFO - Running: ['***', 'tasks', 'run', 'ecommerce_etl_v2', 'silver_layer.transform_users', 'scheduled__2026-02-08T02:00:00+00:00', '--job-id', '1440', '--raw', '--subdir', 'DAGS_FOLDER/etl_dag.py', '--cfg-path', '/tmp/tmpe652m8hy']
[2026-02-09T02:37:34.696+0000] {standard_task_runner.py:88} INFO - Job 1440: Subtask silver_layer.transform_users
[2026-02-09T02:37:34.723+0000] {task_command.py:423} INFO - Running <TaskInstance: ecommerce_etl_v2.silver_layer.transform_users scheduled__2026-02-08T02:00:00+00:00 [running]> on host 707cd2e8ef6b
[2026-02-09T02:37:34.765+0000] {taskinstance.py:2480} INFO - Exporting env vars: AIRFLOW_CTX_DAG_EMAIL='data-team@company.com' AIRFLOW_CTX_DAG_OWNER='data_engineering' AIRFLOW_CTX_DAG_ID='ecommerce_etl_v2' AIRFLOW_CTX_TASK_ID='silver_layer.transform_users' AIRFLOW_CTX_EXECUTION_DATE='2026-02-08T02:00:00+00:00' AIRFLOW_CTX_TRY_NUMBER='2' AIRFLOW_CTX_DAG_RUN_ID='scheduled__2026-02-08T02:00:00+00:00'
[2026-02-09T02:37:34.769+0000] {connection.py:234} WARNING - Connection schemes (type: google_cloud_platform) shall not contain '_' according to RFC3986.
[2026-02-09T02:37:34.770+0000] {base.py:83} INFO - Using connection ID 'google_cloud_default' for task execution.
[2026-02-09T02:37:34.770+0000] {credentials_provider.py:353} INFO - Getting connection using `google.auth.default()` since no explicit credentials are provided.
[2026-02-09T02:37:34.811+0000] {bigquery.py:2807} INFO - Executing: {'query': {'query': "\nWITH deduplicated_users AS (\n  SELECT\n    *,\n    ROW_NUMBER() OVER (\n      PARTITION BY id\n      ORDER BY SAFE_CAST(created_at AS TIMESTAMP) DESC\n    ) AS row_num\n  FROM  `bronze.users`\n  WHERE id IS NOT NULL and ingestion_date = @run_date -- Exclude records with a NULL ID before deduplication\n)\n\nSELECT\n  -- Identifiers\n  SAFE_CAST(id AS INT64) AS user_id,\n\n  -- Name formatting\n  CONCAT(first_name, ' ', last_name) AS full_name,\n  LOWER(email) AS email_address,\n\n  -- Demographics\n  SAFE_CAST(age AS INT64) AS age,\n  CASE \n    WHEN SAFE_CAST(age AS INT64) < 18 THEN 'Under 18'\n    WHEN SAFE_CAST(age AS INT64) BETWEEN 18 AND 34 THEN '18-34'\n    WHEN SAFE_CAST(age AS INT64) BETWEEN 35 AND 54 THEN '35-54'\n    ELSE '55+'\n  END AS age_group,\n  COALESCE(gender, 'Not Specified') AS gender,\n\n  -- Address\n  COALESCE(city, 'Unknown City') AS city,\n  COALESCE(state, 'Unknown State') AS state,\n  country,\n  COALESCE(postal_code, 'N/A') AS zip_code,\n  COALESCE(street_address, 'UNKNOWN') AS street_address, -- Added street_address from schema\n  COALESCE(SAFE_CAST(latitude AS BIGNUMERIC), 0.0) AS latitude, -- Use BIGNUMERIC for precision, default to 0.0\n  COALESCE(SAFE_CAST(longitude AS BIGNUMERIC), 0.0) AS longitude, -- Use BIGNUMERIC for precision, default to 0.0\n\n\n  -- Metadata\n  traffic_source,\n  SAFE_CAST(created_at AS TIMESTAMP) AS signup_timestamp,\n  CURRENT_TIMESTAMP() AS ingestion_ts,\n\n  -- Data quality\n  REGEXP_CONTAINS(email, r'@.+\\..+') AS is_valid_email_format\n\nFROM deduplicated_users\nWHERE row_num = 1;", 'useLegacySql': False, 'destinationTable': {'projectId': 'prism-486509', 'datasetId': 'silver', 'tableId': 'users', 'writeDisposition': 'WRITE_TRUNCATE', 'createDisposition': 'CREATE_IF_NEEDED'}, 'queryParameters': [{'name': 'run_date', 'parameterType': {'type': 'DATE'}, 'parameterValue': {'value': '2026-02-08'}}]}}'
[2026-02-09T02:37:34.812+0000] {bigquery.py:1596} INFO - Inserting job ***_ecommerce_etl_v2_silver_layer_transform_users_2026_02_08T02_00_00_00_00_1fb393625d6a3d9836d6f16c3470f9d4
[2026-02-09T02:37:35.235+0000] {taskinstance.py:2698} ERROR - Task failed with exception
Traceback (most recent call last):
  File "/home/airflow/.local/lib/python3.8/site-packages/airflow/models/taskinstance.py", line 433, in _execute_task
    result = execute_callable(context=context, **execute_callable_kwargs)
  File "/home/airflow/.local/lib/python3.8/site-packages/airflow/providers/google/cloud/operators/bigquery.py", line 2864, in execute
    job.result(timeout=self.result_timeout, retry=self.result_retry)
  File "/home/airflow/.local/lib/python3.8/site-packages/google/cloud/bigquery/job/query.py", line 1595, in result
    do_get_result()
  File "/home/airflow/.local/lib/python3.8/site-packages/google/cloud/bigquery/job/query.py", line 1584, in do_get_result
    super(QueryJob, self).result(retry=retry, timeout=timeout)
  File "/home/airflow/.local/lib/python3.8/site-packages/google/cloud/bigquery/job/base.py", line 971, in result
    return super(_AsyncJob, self).result(timeout=timeout, **kwargs)
  File "/home/airflow/.local/lib/python3.8/site-packages/google/api_core/future/polling.py", line 261, in result
    raise self._exception
google.api_core.exceptions.NotFound: 404 Not found: Table prism-486509:bronze.users was not found in location europe-west1; reason: notFound, message: Not found: Table prism-486509:bronze.users was not found in location europe-west1

Location: europe-west1
Job ID: airflow_ecommerce_etl_v2_silver_layer_transform_users_2026_02_08T02_00_00_00_00_1fb393625d6a3d9836d6f16c3470f9d4

[2026-02-09T02:37:35.239+0000] {taskinstance.py:1138} INFO - Marking task as UP_FOR_RETRY. dag_id=ecommerce_etl_v2, task_id=silver_layer.transform_users, execution_date=20260208T020000, start_date=20260209T023734, end_date=20260209T023735
[2026-02-09T02:37:35.244+0000] {standard_task_runner.py:107} ERROR - Failed to execute job 1440 for task silver_layer.transform_users (404 Not found: Table prism-486509:bronze.users was not found in location europe-west1; reason: notFound, message: Not found: Table prism-486509:bronze.users was not found in location europe-west1

Location: europe-west1
Job ID: airflow_ecommerce_etl_v2_silver_layer_transform_users_2026_02_08T02_00_00_00_00_1fb393625d6a3d9836d6f16c3470f9d4
; 8955)
[2026-02-09T02:37:35.284+0000] {local_task_job_runner.py:234} INFO - Task exited with return code 1
[2026-02-09T02:37:35.296+0000] {taskinstance.py:3280} INFO - 0 downstream tasks scheduled from follow-on schedule check
[2026-02-09T09:47:42.361+0000] {taskinstance.py:1956} INFO - Dependencies all met for dep_context=non-requeueable deps ti=<TaskInstance: ecommerce_etl_v2.silver_layer.transform_users scheduled__2026-02-08T02:00:00+00:00 [queued]>
[2026-02-09T09:47:42.367+0000] {taskinstance.py:1956} INFO - Dependencies all met for dep_context=requeueable deps ti=<TaskInstance: ecommerce_etl_v2.silver_layer.transform_users scheduled__2026-02-08T02:00:00+00:00 [queued]>
[2026-02-09T09:47:42.368+0000] {taskinstance.py:2170} INFO - Starting attempt 2 of 3
[2026-02-09T09:47:42.375+0000] {taskinstance.py:2191} INFO - Executing <Task(BigQueryInsertJobOperator): silver_layer.transform_users> on 2026-02-08 02:00:00+00:00
[2026-02-09T09:47:42.378+0000] {standard_task_runner.py:60} INFO - Started process 19800 to run task
[2026-02-09T09:47:42.382+0000] {standard_task_runner.py:87} INFO - Running: ['***', 'tasks', 'run', 'ecommerce_etl_v2', 'silver_layer.transform_users', 'scheduled__2026-02-08T02:00:00+00:00', '--job-id', '1637', '--raw', '--subdir', 'DAGS_FOLDER/etl_dag.py', '--cfg-path', '/tmp/tmpdhcayefc']
[2026-02-09T09:47:42.385+0000] {standard_task_runner.py:88} INFO - Job 1637: Subtask silver_layer.transform_users
[2026-02-09T09:47:42.416+0000] {task_command.py:423} INFO - Running <TaskInstance: ecommerce_etl_v2.silver_layer.transform_users scheduled__2026-02-08T02:00:00+00:00 [running]> on host 707cd2e8ef6b
[2026-02-09T09:47:42.460+0000] {taskinstance.py:2480} INFO - Exporting env vars: AIRFLOW_CTX_DAG_EMAIL='data-team@company.com' AIRFLOW_CTX_DAG_OWNER='data_engineering' AIRFLOW_CTX_DAG_ID='ecommerce_etl_v2' AIRFLOW_CTX_TASK_ID='silver_layer.transform_users' AIRFLOW_CTX_EXECUTION_DATE='2026-02-08T02:00:00+00:00' AIRFLOW_CTX_TRY_NUMBER='2' AIRFLOW_CTX_DAG_RUN_ID='scheduled__2026-02-08T02:00:00+00:00'
[2026-02-09T09:47:42.465+0000] {connection.py:234} WARNING - Connection schemes (type: google_cloud_platform) shall not contain '_' according to RFC3986.
[2026-02-09T09:47:42.465+0000] {base.py:83} INFO - Using connection ID 'google_cloud_default' for task execution.
[2026-02-09T09:47:42.466+0000] {credentials_provider.py:353} INFO - Getting connection using `google.auth.default()` since no explicit credentials are provided.
[2026-02-09T09:47:42.508+0000] {bigquery.py:2807} INFO - Executing: {'query': {'query': "\nWITH deduplicated_users AS (\n  SELECT\n    *,\n    ROW_NUMBER() OVER (\n      PARTITION BY id\n      ORDER BY SAFE_CAST(created_at AS TIMESTAMP) DESC\n    ) AS row_num\n  FROM  `bronze.users`\n  WHERE id IS NOT NULL and ingestion_date = @run_date -- Exclude records with a NULL ID before deduplication\n)\n\nSELECT\n  -- Identifiers\n  SAFE_CAST(id AS INT64) AS user_id,\n\n  -- Name formatting\n  CONCAT(first_name, ' ', last_name) AS full_name,\n  LOWER(email) AS email_address,\n\n  -- Demographics\n  SAFE_CAST(age AS INT64) AS age,\n  CASE \n    WHEN SAFE_CAST(age AS INT64) < 18 THEN 'Under 18'\n    WHEN SAFE_CAST(age AS INT64) BETWEEN 18 AND 34 THEN '18-34'\n    WHEN SAFE_CAST(age AS INT64) BETWEEN 35 AND 54 THEN '35-54'\n    ELSE '55+'\n  END AS age_group,\n  COALESCE(gender, 'Not Specified') AS gender,\n\n  -- Address\n  COALESCE(city, 'Unknown City') AS city,\n  COALESCE(state, 'Unknown State') AS state,\n  country,\n  COALESCE(postal_code, 'N/A') AS zip_code,\n  COALESCE(street_address, 'UNKNOWN') AS street_address, -- Added street_address from schema\n  COALESCE(SAFE_CAST(latitude AS BIGNUMERIC), 0.0) AS latitude, -- Use BIGNUMERIC for precision, default to 0.0\n  COALESCE(SAFE_CAST(longitude AS BIGNUMERIC), 0.0) AS longitude, -- Use BIGNUMERIC for precision, default to 0.0\n\n\n  -- Metadata\n  traffic_source,\n  SAFE_CAST(created_at AS TIMESTAMP) AS signup_timestamp,\n  CURRENT_TIMESTAMP() AS ingestion_ts,\n\n  -- Data quality\n  REGEXP_CONTAINS(email, r'@.+\\..+') AS is_valid_email_format\n\nFROM deduplicated_users\nWHERE row_num = 1;", 'useLegacySql': False, 'destinationTable': {'projectId': 'prism-486509', 'datasetId': 'silver', 'tableId': 'users', 'writeDisposition': 'WRITE_TRUNCATE', 'createDisposition': 'CREATE_IF_NEEDED'}, 'queryParameters': [{'name': 'run_date', 'parameterType': {'type': 'DATE'}, 'parameterValue': {'value': '2026-02-08'}}]}}'
[2026-02-09T09:47:42.509+0000] {bigquery.py:1596} INFO - Inserting job ***_ecommerce_etl_v2_silver_layer_transform_users_2026_02_08T02_00_00_00_00_4eda15032946ae20be2bc39b480f790b
[2026-02-09T09:47:42.888+0000] {taskinstance.py:2698} ERROR - Task failed with exception
Traceback (most recent call last):
  File "/home/airflow/.local/lib/python3.8/site-packages/airflow/models/taskinstance.py", line 433, in _execute_task
    result = execute_callable(context=context, **execute_callable_kwargs)
  File "/home/airflow/.local/lib/python3.8/site-packages/airflow/providers/google/cloud/operators/bigquery.py", line 2864, in execute
    job.result(timeout=self.result_timeout, retry=self.result_retry)
  File "/home/airflow/.local/lib/python3.8/site-packages/google/cloud/bigquery/job/query.py", line 1595, in result
    do_get_result()
  File "/home/airflow/.local/lib/python3.8/site-packages/google/cloud/bigquery/job/query.py", line 1584, in do_get_result
    super(QueryJob, self).result(retry=retry, timeout=timeout)
  File "/home/airflow/.local/lib/python3.8/site-packages/google/cloud/bigquery/job/base.py", line 971, in result
    return super(_AsyncJob, self).result(timeout=timeout, **kwargs)
  File "/home/airflow/.local/lib/python3.8/site-packages/google/api_core/future/polling.py", line 261, in result
    raise self._exception
google.api_core.exceptions.NotFound: 404 Not found: Dataset prism-486509:silver was not found in location europe-west1; reason: notFound, message: Not found: Dataset prism-486509:silver was not found in location europe-west1

Location: europe-west1
Job ID: airflow_ecommerce_etl_v2_silver_layer_transform_users_2026_02_08T02_00_00_00_00_4eda15032946ae20be2bc39b480f790b

[2026-02-09T09:47:42.893+0000] {taskinstance.py:1138} INFO - Marking task as UP_FOR_RETRY. dag_id=ecommerce_etl_v2, task_id=silver_layer.transform_users, execution_date=20260208T020000, start_date=20260209T094742, end_date=20260209T094742
[2026-02-09T09:47:42.898+0000] {standard_task_runner.py:107} ERROR - Failed to execute job 1637 for task silver_layer.transform_users (404 Not found: Dataset prism-486509:silver was not found in location europe-west1; reason: notFound, message: Not found: Dataset prism-486509:silver was not found in location europe-west1

Location: europe-west1
Job ID: airflow_ecommerce_etl_v2_silver_layer_transform_users_2026_02_08T02_00_00_00_00_4eda15032946ae20be2bc39b480f790b
; 19800)
[2026-02-09T09:47:42.938+0000] {local_task_job_runner.py:234} INFO - Task exited with return code 1
[2026-02-09T09:47:42.950+0000] {taskinstance.py:3280} INFO - 0 downstream tasks scheduled from follow-on schedule check
[2026-02-09T10:08:25.530+0000] {taskinstance.py:1956} INFO - Dependencies all met for dep_context=non-requeueable deps ti=<TaskInstance: ecommerce_etl_v2.silver_layer.transform_users scheduled__2026-02-08T02:00:00+00:00 [queued]>
[2026-02-09T10:08:25.537+0000] {taskinstance.py:1956} INFO - Dependencies all met for dep_context=requeueable deps ti=<TaskInstance: ecommerce_etl_v2.silver_layer.transform_users scheduled__2026-02-08T02:00:00+00:00 [queued]>
[2026-02-09T10:08:25.537+0000] {taskinstance.py:2170} INFO - Starting attempt 2 of 3
[2026-02-09T10:08:25.545+0000] {taskinstance.py:2191} INFO - Executing <Task(BigQueryInsertJobOperator): silver_layer.transform_users> on 2026-02-08 02:00:00+00:00
[2026-02-09T10:08:25.549+0000] {standard_task_runner.py:60} INFO - Started process 24160 to run task
[2026-02-09T10:08:25.551+0000] {standard_task_runner.py:87} INFO - Running: ['***', 'tasks', 'run', 'ecommerce_etl_v2', 'silver_layer.transform_users', 'scheduled__2026-02-08T02:00:00+00:00', '--job-id', '1739', '--raw', '--subdir', 'DAGS_FOLDER/etl_dag.py', '--cfg-path', '/tmp/tmpmh11bqwz']
[2026-02-09T10:08:25.552+0000] {standard_task_runner.py:88} INFO - Job 1739: Subtask silver_layer.transform_users
[2026-02-09T10:08:25.578+0000] {task_command.py:423} INFO - Running <TaskInstance: ecommerce_etl_v2.silver_layer.transform_users scheduled__2026-02-08T02:00:00+00:00 [running]> on host 707cd2e8ef6b
[2026-02-09T10:08:25.616+0000] {taskinstance.py:2480} INFO - Exporting env vars: AIRFLOW_CTX_DAG_EMAIL='data-team@company.com' AIRFLOW_CTX_DAG_OWNER='data_engineering' AIRFLOW_CTX_DAG_ID='ecommerce_etl_v2' AIRFLOW_CTX_TASK_ID='silver_layer.transform_users' AIRFLOW_CTX_EXECUTION_DATE='2026-02-08T02:00:00+00:00' AIRFLOW_CTX_TRY_NUMBER='2' AIRFLOW_CTX_DAG_RUN_ID='scheduled__2026-02-08T02:00:00+00:00'
[2026-02-09T10:08:25.621+0000] {connection.py:234} WARNING - Connection schemes (type: google_cloud_platform) shall not contain '_' according to RFC3986.
[2026-02-09T10:08:25.621+0000] {base.py:83} INFO - Using connection ID 'google_cloud_default' for task execution.
[2026-02-09T10:08:25.622+0000] {credentials_provider.py:353} INFO - Getting connection using `google.auth.default()` since no explicit credentials are provided.
[2026-02-09T10:08:25.663+0000] {bigquery.py:2807} INFO - Executing: {'query': {'query': "\nWITH deduplicated_users AS (\n  SELECT\n    *,\n    ROW_NUMBER() OVER (\n      PARTITION BY id\n      ORDER BY SAFE_CAST(created_at AS TIMESTAMP) DESC\n    ) AS row_num\n  FROM  `bronze.users`\n  WHERE id IS NOT NULL and ingestion_date = @run_date -- Exclude records with a NULL ID before deduplication\n)\n\nSELECT\n  -- Identifiers\n  SAFE_CAST(id AS INT64) AS user_id,\n\n  -- Name formatting\n  CONCAT(first_name, ' ', last_name) AS full_name,\n  LOWER(email) AS email_address,\n\n  -- Demographics\n  SAFE_CAST(age AS INT64) AS age,\n  CASE \n    WHEN SAFE_CAST(age AS INT64) < 18 THEN 'Under 18'\n    WHEN SAFE_CAST(age AS INT64) BETWEEN 18 AND 34 THEN '18-34'\n    WHEN SAFE_CAST(age AS INT64) BETWEEN 35 AND 54 THEN '35-54'\n    ELSE '55+'\n  END AS age_group,\n  COALESCE(gender, 'Not Specified') AS gender,\n\n  -- Address\n  COALESCE(city, 'Unknown City') AS city,\n  COALESCE(state, 'Unknown State') AS state,\n  country,\n  COALESCE(postal_code, 'N/A') AS zip_code,\n  COALESCE(street_address, 'UNKNOWN') AS street_address, -- Added street_address from schema\n  COALESCE(SAFE_CAST(latitude AS BIGNUMERIC), 0.0) AS latitude, -- Use BIGNUMERIC for precision, default to 0.0\n  COALESCE(SAFE_CAST(longitude AS BIGNUMERIC), 0.0) AS longitude, -- Use BIGNUMERIC for precision, default to 0.0\n\n\n  -- Metadata\n  traffic_source,\n  SAFE_CAST(created_at AS TIMESTAMP) AS signup_timestamp,\n  CURRENT_TIMESTAMP() AS ingestion_ts,\n\n  -- Data quality\n  REGEXP_CONTAINS(email, r'@.+\\..+') AS is_valid_email_format\n\nFROM deduplicated_users\nWHERE row_num = 1;", 'useLegacySql': False, 'destinationTable': {'projectId': 'prism-486509', 'datasetId': 'silver', 'tableId': 'users', 'writeDisposition': 'WRITE_TRUNCATE', 'createDisposition': 'CREATE_IF_NEEDED'}, 'queryParameters': [{'name': 'run_date', 'parameterType': {'type': 'DATE'}, 'parameterValue': {'value': '2026-02-08'}}]}}'
[2026-02-09T10:08:25.663+0000] {bigquery.py:1596} INFO - Inserting job ***_ecommerce_etl_v2_silver_layer_transform_users_2026_02_08T02_00_00_00_00_ad62e4dbea8538cd722187973f4302ce
[2026-02-09T10:08:26.157+0000] {taskinstance.py:2698} ERROR - Task failed with exception
Traceback (most recent call last):
  File "/home/airflow/.local/lib/python3.8/site-packages/airflow/models/taskinstance.py", line 433, in _execute_task
    result = execute_callable(context=context, **execute_callable_kwargs)
  File "/home/airflow/.local/lib/python3.8/site-packages/airflow/providers/google/cloud/operators/bigquery.py", line 2864, in execute
    job.result(timeout=self.result_timeout, retry=self.result_retry)
  File "/home/airflow/.local/lib/python3.8/site-packages/google/cloud/bigquery/job/query.py", line 1595, in result
    do_get_result()
  File "/home/airflow/.local/lib/python3.8/site-packages/google/cloud/bigquery/job/query.py", line 1584, in do_get_result
    super(QueryJob, self).result(retry=retry, timeout=timeout)
  File "/home/airflow/.local/lib/python3.8/site-packages/google/cloud/bigquery/job/base.py", line 971, in result
    return super(_AsyncJob, self).result(timeout=timeout, **kwargs)
  File "/home/airflow/.local/lib/python3.8/site-packages/google/api_core/future/polling.py", line 261, in result
    raise self._exception
google.api_core.exceptions.Conflict: 409 Already Exists: Table prism-486509:silver.users; reason: duplicate, message: Already Exists: Table prism-486509:silver.users

Location: europe-west1
Job ID: airflow_ecommerce_etl_v2_silver_layer_transform_users_2026_02_08T02_00_00_00_00_ad62e4dbea8538cd722187973f4302ce

[2026-02-09T10:08:26.161+0000] {taskinstance.py:1138} INFO - Marking task as UP_FOR_RETRY. dag_id=ecommerce_etl_v2, task_id=silver_layer.transform_users, execution_date=20260208T020000, start_date=20260209T100825, end_date=20260209T100826
[2026-02-09T10:08:26.170+0000] {standard_task_runner.py:107} ERROR - Failed to execute job 1739 for task silver_layer.transform_users (409 Already Exists: Table prism-486509:silver.users; reason: duplicate, message: Already Exists: Table prism-486509:silver.users

Location: europe-west1
Job ID: airflow_ecommerce_etl_v2_silver_layer_transform_users_2026_02_08T02_00_00_00_00_ad62e4dbea8538cd722187973f4302ce
; 24160)
[2026-02-09T10:08:26.182+0000] {local_task_job_runner.py:234} INFO - Task exited with return code 1
[2026-02-09T10:08:26.202+0000] {taskinstance.py:3280} INFO - 0 downstream tasks scheduled from follow-on schedule check
