[2026-02-09T02:44:20.341+0000] {taskinstance.py:1956} INFO - Dependencies all met for dep_context=non-requeueable deps ti=<TaskInstance: ecommerce_etl_v2.bronze_layer.load_orders scheduled__2026-02-08T02:00:00+00:00 [queued]>
[2026-02-09T02:44:20.348+0000] {taskinstance.py:1956} INFO - Dependencies all met for dep_context=requeueable deps ti=<TaskInstance: ecommerce_etl_v2.bronze_layer.load_orders scheduled__2026-02-08T02:00:00+00:00 [queued]>
[2026-02-09T02:44:20.348+0000] {taskinstance.py:2170} INFO - Starting attempt 1 of 3
[2026-02-09T02:44:20.356+0000] {taskinstance.py:2191} INFO - Executing <Task(PythonOperator): bronze_layer.load_orders> on 2026-02-08 02:00:00+00:00
[2026-02-09T02:44:20.359+0000] {standard_task_runner.py:60} INFO - Started process 10169 to run task
[2026-02-09T02:44:20.365+0000] {standard_task_runner.py:87} INFO - Running: ['***', 'tasks', 'run', 'ecommerce_etl_v2', 'bronze_layer.load_orders', 'scheduled__2026-02-08T02:00:00+00:00', '--job-id', '1468', '--raw', '--subdir', 'DAGS_FOLDER/etl_dag.py', '--cfg-path', '/tmp/tmps_oj4q26']
[2026-02-09T02:44:20.366+0000] {standard_task_runner.py:88} INFO - Job 1468: Subtask bronze_layer.load_orders
[2026-02-09T02:44:20.393+0000] {task_command.py:423} INFO - Running <TaskInstance: ecommerce_etl_v2.bronze_layer.load_orders scheduled__2026-02-08T02:00:00+00:00 [running]> on host 707cd2e8ef6b
[2026-02-09T02:44:20.423+0000] {logging_mixin.py:188} WARNING - /home/***/.local/lib/python3.8/site-packages/***/utils/context.py:207 AirflowContextDeprecationWarning: Accessing 'execution_date' from the template is deprecated and will be removed in a future version. Please use 'data_interval_start' or 'logical_date' instead.
[2026-02-09T02:44:20.441+0000] {taskinstance.py:2480} INFO - Exporting env vars: AIRFLOW_CTX_DAG_EMAIL='data-team@company.com' AIRFLOW_CTX_DAG_OWNER='data_engineering' AIRFLOW_CTX_DAG_ID='ecommerce_etl_v2' AIRFLOW_CTX_TASK_ID='bronze_layer.load_orders' AIRFLOW_CTX_EXECUTION_DATE='2026-02-08T02:00:00+00:00' AIRFLOW_CTX_TRY_NUMBER='1' AIRFLOW_CTX_DAG_RUN_ID='scheduled__2026-02-08T02:00:00+00:00'
[2026-02-09T02:44:34.546+0000] {logging_mixin.py:188} WARNING -   0%|          | 0/1 [00:00<?, ?it/s]
[2026-02-09T02:44:34.549+0000] {gbq.py:618} INFO - 125226 out of 125226 rows loaded.
[2026-02-09T02:44:34.550+0000] {logging_mixin.py:188} WARNING - 100%|##########| 1/1 [00:00<00:00, 3221.43it/s]
[2026-02-09T02:44:34.550+0000] {python.py:201} INFO - Done. Returned value was: None
[2026-02-09T02:44:34.561+0000] {taskinstance.py:1138} INFO - Marking task as SUCCESS. dag_id=ecommerce_etl_v2, task_id=bronze_layer.load_orders, execution_date=20260208T020000, start_date=20260209T024420, end_date=20260209T024434
[2026-02-09T02:44:34.603+0000] {local_task_job_runner.py:234} INFO - Task exited with return code 0
[2026-02-09T02:44:34.614+0000] {taskinstance.py:3280} INFO - 1 downstream tasks scheduled from follow-on schedule check
[2026-02-09T09:46:06.208+0000] {taskinstance.py:1956} INFO - Dependencies all met for dep_context=non-requeueable deps ti=<TaskInstance: ecommerce_etl_v2.bronze_layer.load_orders scheduled__2026-02-08T02:00:00+00:00 [queued]>
[2026-02-09T09:46:06.214+0000] {taskinstance.py:1956} INFO - Dependencies all met for dep_context=requeueable deps ti=<TaskInstance: ecommerce_etl_v2.bronze_layer.load_orders scheduled__2026-02-08T02:00:00+00:00 [queued]>
[2026-02-09T09:46:06.214+0000] {taskinstance.py:2170} INFO - Starting attempt 1 of 3
[2026-02-09T09:46:06.224+0000] {taskinstance.py:2191} INFO - Executing <Task(PythonOperator): bronze_layer.load_orders> on 2026-02-08 02:00:00+00:00
[2026-02-09T09:46:06.227+0000] {standard_task_runner.py:60} INFO - Started process 19428 to run task
[2026-02-09T09:46:06.230+0000] {standard_task_runner.py:87} INFO - Running: ['***', 'tasks', 'run', 'ecommerce_etl_v2', 'bronze_layer.load_orders', 'scheduled__2026-02-08T02:00:00+00:00', '--job-id', '1626', '--raw', '--subdir', 'DAGS_FOLDER/etl_dag.py', '--cfg-path', '/tmp/tmpinnvp3fs']
[2026-02-09T09:46:06.231+0000] {standard_task_runner.py:88} INFO - Job 1626: Subtask bronze_layer.load_orders
[2026-02-09T09:46:06.257+0000] {task_command.py:423} INFO - Running <TaskInstance: ecommerce_etl_v2.bronze_layer.load_orders scheduled__2026-02-08T02:00:00+00:00 [running]> on host 707cd2e8ef6b
[2026-02-09T09:46:06.284+0000] {logging_mixin.py:188} WARNING - /home/***/.local/lib/python3.8/site-packages/***/utils/context.py:207 AirflowContextDeprecationWarning: Accessing 'execution_date' from the template is deprecated and will be removed in a future version. Please use 'data_interval_start' or 'logical_date' instead.
[2026-02-09T09:46:06.300+0000] {taskinstance.py:2480} INFO - Exporting env vars: AIRFLOW_CTX_DAG_EMAIL='data-team@company.com' AIRFLOW_CTX_DAG_OWNER='data_engineering' AIRFLOW_CTX_DAG_ID='ecommerce_etl_v2' AIRFLOW_CTX_TASK_ID='bronze_layer.load_orders' AIRFLOW_CTX_EXECUTION_DATE='2026-02-08T02:00:00+00:00' AIRFLOW_CTX_TRY_NUMBER='1' AIRFLOW_CTX_DAG_RUN_ID='scheduled__2026-02-08T02:00:00+00:00'
[2026-02-09T09:46:29.957+0000] {taskinstance.py:2698} ERROR - Task failed with exception
Traceback (most recent call last):
  File "/home/airflow/.local/lib/python3.8/site-packages/pandas_gbq/gbq.py", line 604, in load_data
    chunks = load.load_chunks(
  File "/home/airflow/.local/lib/python3.8/site-packages/pandas_gbq/load.py", line 243, in load_chunks
    load_parquet(
  File "/home/airflow/.local/lib/python3.8/site-packages/pandas_gbq/load.py", line 131, in load_parquet
    client.load_table_from_dataframe(
  File "/home/airflow/.local/lib/python3.8/site-packages/google/cloud/bigquery/job/base.py", line 971, in result
    return super(_AsyncJob, self).result(timeout=timeout, **kwargs)
  File "/home/airflow/.local/lib/python3.8/site-packages/google/api_core/future/polling.py", line 261, in result
    raise self._exception
google.api_core.exceptions.NotFound: 404 Not found: Dataset prism-486509:bronze; reason: notFound, message: Not found: Dataset prism-486509:bronze

The above exception was the direct cause of the following exception:

Traceback (most recent call last):
  File "/home/airflow/.local/lib/python3.8/site-packages/airflow/models/taskinstance.py", line 433, in _execute_task
    result = execute_callable(context=context, **execute_callable_kwargs)
  File "/home/airflow/.local/lib/python3.8/site-packages/airflow/operators/python.py", line 199, in execute
    return_value = self.execute_callable()
  File "/home/airflow/.local/lib/python3.8/site-packages/airflow/operators/python.py", line 216, in execute_callable
    return self.python_callable(*self.op_args, **self.op_kwargs)
  File "/opt/airflow/dags/etl_dag.py", line 133, in load_bronze_with_ingestion_date
    df.to_gbq(
  File "/home/airflow/.local/lib/python3.8/site-packages/pandas/core/frame.py", line 2088, in to_gbq
    gbq.to_gbq(
  File "/home/airflow/.local/lib/python3.8/site-packages/pandas/io/gbq.py", line 215, in to_gbq
    pandas_gbq.to_gbq(
  File "/home/airflow/.local/lib/python3.8/site-packages/pandas_gbq/gbq.py", line 1238, in to_gbq
    connector.load_data(
  File "/home/airflow/.local/lib/python3.8/site-packages/pandas_gbq/gbq.py", line 624, in load_data
    self.process_http_error(ex)
  File "/home/airflow/.local/lib/python3.8/site-packages/pandas_gbq/gbq.py", line 396, in process_http_error
    raise GenericGBQException("Reason: {0}".format(ex)) from ex
pandas_gbq.exceptions.GenericGBQException: Reason: 404 Not found: Dataset prism-486509:bronze; reason: notFound, message: Not found: Dataset prism-486509:bronze
[2026-02-09T09:46:29.965+0000] {taskinstance.py:1138} INFO - Marking task as UP_FOR_RETRY. dag_id=ecommerce_etl_v2, task_id=bronze_layer.load_orders, execution_date=20260208T020000, start_date=20260209T094606, end_date=20260209T094629
[2026-02-09T09:46:29.975+0000] {standard_task_runner.py:107} ERROR - Failed to execute job 1626 for task bronze_layer.load_orders (Reason: 404 Not found: Dataset prism-486509:bronze; reason: notFound, message: Not found: Dataset prism-486509:bronze; 19428)
[2026-02-09T09:46:30.021+0000] {local_task_job_runner.py:234} INFO - Task exited with return code 1
[2026-02-09T09:46:30.038+0000] {taskinstance.py:3280} INFO - 0 downstream tasks scheduled from follow-on schedule check
[2026-02-09T10:06:44.398+0000] {taskinstance.py:1956} INFO - Dependencies all met for dep_context=non-requeueable deps ti=<TaskInstance: ecommerce_etl_v2.bronze_layer.load_orders scheduled__2026-02-08T02:00:00+00:00 [queued]>
[2026-02-09T10:06:44.404+0000] {taskinstance.py:1956} INFO - Dependencies all met for dep_context=requeueable deps ti=<TaskInstance: ecommerce_etl_v2.bronze_layer.load_orders scheduled__2026-02-08T02:00:00+00:00 [queued]>
[2026-02-09T10:06:44.405+0000] {taskinstance.py:2170} INFO - Starting attempt 1 of 3
[2026-02-09T10:06:44.412+0000] {taskinstance.py:2191} INFO - Executing <Task(PythonOperator): bronze_layer.load_orders> on 2026-02-08 02:00:00+00:00
[2026-02-09T10:06:44.416+0000] {standard_task_runner.py:60} INFO - Started process 23792 to run task
[2026-02-09T10:06:44.418+0000] {standard_task_runner.py:87} INFO - Running: ['***', 'tasks', 'run', 'ecommerce_etl_v2', 'bronze_layer.load_orders', 'scheduled__2026-02-08T02:00:00+00:00', '--job-id', '1733', '--raw', '--subdir', 'DAGS_FOLDER/etl_dag.py', '--cfg-path', '/tmp/tmptac7ppnc']
[2026-02-09T10:06:44.420+0000] {standard_task_runner.py:88} INFO - Job 1733: Subtask bronze_layer.load_orders
[2026-02-09T10:06:44.449+0000] {task_command.py:423} INFO - Running <TaskInstance: ecommerce_etl_v2.bronze_layer.load_orders scheduled__2026-02-08T02:00:00+00:00 [running]> on host 707cd2e8ef6b
[2026-02-09T10:06:44.475+0000] {logging_mixin.py:188} WARNING - /home/***/.local/lib/python3.8/site-packages/***/utils/context.py:207 AirflowContextDeprecationWarning: Accessing 'execution_date' from the template is deprecated and will be removed in a future version. Please use 'data_interval_start' or 'logical_date' instead.
[2026-02-09T10:06:44.492+0000] {taskinstance.py:2480} INFO - Exporting env vars: AIRFLOW_CTX_DAG_EMAIL='data-team@company.com' AIRFLOW_CTX_DAG_OWNER='data_engineering' AIRFLOW_CTX_DAG_ID='ecommerce_etl_v2' AIRFLOW_CTX_TASK_ID='bronze_layer.load_orders' AIRFLOW_CTX_EXECUTION_DATE='2026-02-08T02:00:00+00:00' AIRFLOW_CTX_TRY_NUMBER='1' AIRFLOW_CTX_DAG_RUN_ID='scheduled__2026-02-08T02:00:00+00:00'
[2026-02-09T10:06:59.402+0000] {logging_mixin.py:188} WARNING -   0%|          | 0/1 [00:00<?, ?it/s]
[2026-02-09T10:06:59.402+0000] {gbq.py:618} INFO - 125226 out of 125226 rows loaded.
[2026-02-09T10:06:59.403+0000] {logging_mixin.py:188} WARNING - 100%|##########| 1/1 [00:00<00:00, 2723.57it/s]
[2026-02-09T10:06:59.403+0000] {python.py:201} INFO - Done. Returned value was: None
[2026-02-09T10:06:59.428+0000] {taskinstance.py:1138} INFO - Marking task as SUCCESS. dag_id=ecommerce_etl_v2, task_id=bronze_layer.load_orders, execution_date=20260208T020000, start_date=20260209T100644, end_date=20260209T100659
[2026-02-09T10:06:59.469+0000] {local_task_job_runner.py:234} INFO - Task exited with return code 0
[2026-02-09T10:06:59.481+0000] {taskinstance.py:3280} INFO - 1 downstream tasks scheduled from follow-on schedule check
