[2026-02-10T09:52:37.613+0000] {taskinstance.py:1956} INFO - Dependencies all met for dep_context=non-requeueable deps ti=<TaskInstance: ecommerce_etl_v2.gold_layer.load_dim_event_type manual__2026-02-10T09:45:39.432741+00:00 [queued]>
[2026-02-10T09:52:37.617+0000] {taskinstance.py:1956} INFO - Dependencies all met for dep_context=requeueable deps ti=<TaskInstance: ecommerce_etl_v2.gold_layer.load_dim_event_type manual__2026-02-10T09:45:39.432741+00:00 [queued]>
[2026-02-10T09:52:37.617+0000] {taskinstance.py:2170} INFO - Starting attempt 1 of 3
[2026-02-10T09:52:37.623+0000] {taskinstance.py:2191} INFO - Executing <Task(BigQueryInsertJobOperator): gold_layer.load_dim_event_type> on 2026-02-10 09:45:39.432741+00:00
[2026-02-10T09:52:37.626+0000] {standard_task_runner.py:60} INFO - Started process 39211 to run task
[2026-02-10T09:52:37.628+0000] {standard_task_runner.py:87} INFO - Running: ['***', 'tasks', 'run', 'ecommerce_etl_v2', 'gold_layer.load_dim_event_type', 'manual__2026-02-10T09:45:39.432741+00:00', '--job-id', '1009', '--raw', '--subdir', 'DAGS_FOLDER/etl_dag.py', '--cfg-path', '/tmp/tmpeqr59v40']
[2026-02-10T09:52:37.630+0000] {standard_task_runner.py:88} INFO - Job 1009: Subtask gold_layer.load_dim_event_type
[2026-02-10T09:52:37.653+0000] {task_command.py:423} INFO - Running <TaskInstance: ecommerce_etl_v2.gold_layer.load_dim_event_type manual__2026-02-10T09:45:39.432741+00:00 [running]> on host 8e292c18926b
[2026-02-10T09:52:37.684+0000] {taskinstance.py:2480} INFO - Exporting env vars: AIRFLOW_CTX_DAG_EMAIL='data-team@company.com' AIRFLOW_CTX_DAG_OWNER='data_engineering' AIRFLOW_CTX_DAG_ID='ecommerce_etl_v2' AIRFLOW_CTX_TASK_ID='gold_layer.load_dim_event_type' AIRFLOW_CTX_EXECUTION_DATE='2026-02-10T09:45:39.432741+00:00' AIRFLOW_CTX_TRY_NUMBER='1' AIRFLOW_CTX_DAG_RUN_ID='manual__2026-02-10T09:45:39.432741+00:00'
[2026-02-10T09:52:37.688+0000] {connection.py:234} WARNING - Connection schemes (type: google_cloud_platform) shall not contain '_' according to RFC3986.
[2026-02-10T09:52:37.689+0000] {base.py:83} INFO - Using connection ID 'google_cloud_default' for task execution.
[2026-02-10T09:52:37.689+0000] {credentials_provider.py:353} INFO - Getting connection using `google.auth.default()` since no explicit credentials are provided.
[2026-02-10T09:52:37.728+0000] {bigquery.py:2807} INFO - Executing: {'query': {'query': 'SELECT\n    -- GENERATE_UUID() AS event_type_key,  -- UUID surrogate key\n    TO_HEX(SHA256(event_type)) AS event_type_key,\n    event_type\nFROM (\n    SELECT DISTINCT event_type\n    FROM `prism-486509.silver.events`\n) AS distinct_events;', 'useLegacySql': False, 'destinationTable': {'projectId': 'prism-486509', 'datasetId': 'gold', 'tableId': 'dim_event_type'}, 'writeDisposition': 'WRITE_TRUNCATE'}}'
[2026-02-10T09:52:37.729+0000] {bigquery.py:1596} INFO - Inserting job ***_ecommerce_etl_v2_gold_layer_load_dim_event_type_2026_02_10T09_45_39_432741_00_00_430bb6b4647563eda00063cda355b2f5
[2026-02-10T09:52:39.615+0000] {taskinstance.py:2698} ERROR - Task failed with exception
Traceback (most recent call last):
  File "/home/airflow/.local/lib/python3.8/site-packages/airflow/models/taskinstance.py", line 440, in _execute_task
    task_instance.xcom_push(key=XCOM_RETURN_KEY, value=xcom_value, session=session)
  File "/home/airflow/.local/lib/python3.8/site-packages/airflow/utils/session.py", line 76, in wrapper
    return func(*args, **kwargs)
  File "/home/airflow/.local/lib/python3.8/site-packages/airflow/models/taskinstance.py", line 2980, in xcom_push
    XCom.set(
  File "/home/airflow/.local/lib/python3.8/site-packages/airflow/utils/session.py", line 76, in wrapper
    return func(*args, **kwargs)
  File "/home/airflow/.local/lib/python3.8/site-packages/airflow/models/xcom.py", line 224, in set
    raise ValueError(f"DAG run not found on DAG {dag_id!r} with ID {run_id!r}")
ValueError: DAG run not found on DAG 'ecommerce_etl_v2' with ID 'manual__2026-02-10T09:45:39.432741+00:00'
[2026-02-10T09:52:39.622+0000] {taskinstance.py:1138} INFO - Marking task as UP_FOR_RETRY. dag_id=ecommerce_etl_v2, task_id=gold_layer.load_dim_event_type, execution_date=20260210T094539, start_date=20260210T095237, end_date=20260210T095239
[2026-02-10T09:52:39.630+0000] {standard_task_runner.py:107} ERROR - Failed to execute job 1009 for task gold_layer.load_dim_event_type ((psycopg2.errors.ForeignKeyViolation) insert or update on table "task_fail" violates foreign key constraint "task_fail_ti_fkey"
DETAIL:  Key (dag_id, task_id, run_id, map_index)=(ecommerce_etl_v2, gold_layer.load_dim_event_type, manual__2026-02-10T09:45:39.432741+00:00, -1) is not present in table "task_instance".

[SQL: INSERT INTO task_fail (task_id, dag_id, run_id, map_index, start_date, end_date, duration) VALUES (%(task_id)s, %(dag_id)s, %(run_id)s, %(map_index)s, %(start_date)s, %(end_date)s, %(duration)s) RETURNING task_fail.id]
[parameters: {'task_id': 'gold_layer.load_dim_event_type', 'dag_id': 'ecommerce_etl_v2', 'run_id': 'manual__2026-02-10T09:45:39.432741+00:00', 'map_index': -1, 'start_date': datetime.datetime(2026, 2, 10, 9, 52, 37, 613452, tzinfo=Timezone('UTC')), 'end_date': datetime.datetime(2026, 2, 10, 9, 52, 39, 621916, tzinfo=Timezone('UTC')), 'duration': 2}]
(Background on this error at: https://sqlalche.me/e/14/gkpj); 39211)
[2026-02-10T09:52:39.654+0000] {local_task_job_runner.py:234} INFO - Task exited with return code 1
