[2026-02-09T09:37:21.255+0000] {taskinstance.py:1956} INFO - Dependencies all met for dep_context=non-requeueable deps ti=<TaskInstance: ecommerce_etl_v2.gold_layer.load_dim_order_status manual__2026-02-09T09:26:48.203100+00:00 [queued]>
[2026-02-09T09:37:21.261+0000] {taskinstance.py:1956} INFO - Dependencies all met for dep_context=requeueable deps ti=<TaskInstance: ecommerce_etl_v2.gold_layer.load_dim_order_status manual__2026-02-09T09:26:48.203100+00:00 [queued]>
[2026-02-09T09:37:21.261+0000] {taskinstance.py:2170} INFO - Starting attempt 4 of 5
[2026-02-09T09:37:21.268+0000] {taskinstance.py:2191} INFO - Executing <Task(BigQueryInsertJobOperator): gold_layer.load_dim_order_status> on 2026-02-09 09:26:48.203100+00:00
[2026-02-09T09:37:21.271+0000] {standard_task_runner.py:60} INFO - Started process 17833 to run task
[2026-02-09T09:37:21.274+0000] {standard_task_runner.py:87} INFO - Running: ['***', 'tasks', 'run', 'ecommerce_etl_v2', 'gold_layer.load_dim_order_status', 'manual__2026-02-09T09:26:48.203100+00:00', '--job-id', '1593', '--raw', '--subdir', 'DAGS_FOLDER/etl_dag.py', '--cfg-path', '/tmp/tmps7rfbjll']
[2026-02-09T09:37:21.275+0000] {standard_task_runner.py:88} INFO - Job 1593: Subtask gold_layer.load_dim_order_status
[2026-02-09T09:37:21.298+0000] {task_command.py:423} INFO - Running <TaskInstance: ecommerce_etl_v2.gold_layer.load_dim_order_status manual__2026-02-09T09:26:48.203100+00:00 [running]> on host 707cd2e8ef6b
[2026-02-09T09:37:21.337+0000] {taskinstance.py:2480} INFO - Exporting env vars: AIRFLOW_CTX_DAG_EMAIL='data-team@company.com' AIRFLOW_CTX_DAG_OWNER='data_engineering' AIRFLOW_CTX_DAG_ID='ecommerce_etl_v2' AIRFLOW_CTX_TASK_ID='gold_layer.load_dim_order_status' AIRFLOW_CTX_EXECUTION_DATE='2026-02-09T09:26:48.203100+00:00' AIRFLOW_CTX_TRY_NUMBER='4' AIRFLOW_CTX_DAG_RUN_ID='manual__2026-02-09T09:26:48.203100+00:00'
[2026-02-09T09:37:21.341+0000] {connection.py:234} WARNING - Connection schemes (type: google_cloud_platform) shall not contain '_' according to RFC3986.
[2026-02-09T09:37:21.342+0000] {base.py:83} INFO - Using connection ID 'google_cloud_default' for task execution.
[2026-02-09T09:37:21.342+0000] {credentials_provider.py:353} INFO - Getting connection using `google.auth.default()` since no explicit credentials are provided.
[2026-02-09T09:37:21.381+0000] {bigquery.py:2807} INFO - Executing: {'query': {'query': 'SELECT\n    GENERATE_UUID() AS order_status_key,   -- UUID surrogate key\n    order_status          -- natural/business key      -- attribute\n    status_description            -- attribute\nFROM (\n    SELECT DISTINCT \n        status, \n    FROM silver.order_items   -- source table with order status\n) AS distinct_statuses;', 'useLegacySql': False, 'queryParameters': [{'name': 'run_date', 'parameterType': {'type': 'DATE'}, 'parameterValue': {'value': '2026-02-09'}}]}}'
[2026-02-09T09:37:21.382+0000] {bigquery.py:1596} INFO - Inserting job ***_ecommerce_etl_v2_gold_layer_load_dim_order_status_2026_02_09T09_26_48_203100_00_00_a1a4aacad1313a625328f2c5e9e0c073
[2026-02-09T09:37:21.744+0000] {taskinstance.py:2698} ERROR - Task failed with exception
Traceback (most recent call last):
  File "/home/airflow/.local/lib/python3.8/site-packages/airflow/models/taskinstance.py", line 433, in _execute_task
    result = execute_callable(context=context, **execute_callable_kwargs)
  File "/home/airflow/.local/lib/python3.8/site-packages/airflow/providers/google/cloud/operators/bigquery.py", line 2864, in execute
    job.result(timeout=self.result_timeout, retry=self.result_retry)
  File "/home/airflow/.local/lib/python3.8/site-packages/google/cloud/bigquery/job/query.py", line 1595, in result
    do_get_result()
  File "/home/airflow/.local/lib/python3.8/site-packages/google/cloud/bigquery/job/query.py", line 1584, in do_get_result
    super(QueryJob, self).result(retry=retry, timeout=timeout)
  File "/home/airflow/.local/lib/python3.8/site-packages/google/cloud/bigquery/job/base.py", line 971, in result
    return super(_AsyncJob, self).result(timeout=timeout, **kwargs)
  File "/home/airflow/.local/lib/python3.8/site-packages/google/api_core/future/polling.py", line 261, in result
    raise self._exception
google.api_core.exceptions.BadRequest: 400 Unrecognized name: status at [7:9]; reason: invalidQuery, location: query, message: Unrecognized name: status at [7:9]

Location: europe-west1
Job ID: airflow_ecommerce_etl_v2_gold_layer_load_dim_order_status_2026_02_09T09_26_48_203100_00_00_a1a4aacad1313a625328f2c5e9e0c073

[2026-02-09T09:37:21.749+0000] {taskinstance.py:1138} INFO - Marking task as UP_FOR_RETRY. dag_id=ecommerce_etl_v2, task_id=gold_layer.load_dim_order_status, execution_date=20260209T092648, start_date=20260209T093721, end_date=20260209T093721
[2026-02-09T09:37:21.756+0000] {standard_task_runner.py:107} ERROR - Failed to execute job 1593 for task gold_layer.load_dim_order_status (400 Unrecognized name: status at [7:9]; reason: invalidQuery, location: query, message: Unrecognized name: status at [7:9]

Location: europe-west1
Job ID: airflow_ecommerce_etl_v2_gold_layer_load_dim_order_status_2026_02_09T09_26_48_203100_00_00_a1a4aacad1313a625328f2c5e9e0c073
; 17833)
[2026-02-09T09:37:21.794+0000] {local_task_job_runner.py:234} INFO - Task exited with return code 1
[2026-02-09T09:37:21.825+0000] {taskinstance.py:3280} INFO - 0 downstream tasks scheduled from follow-on schedule check
