[2026-02-09T10:11:35.997+0000] {taskinstance.py:1956} INFO - Dependencies all met for dep_context=non-requeueable deps ti=<TaskInstance: ecommerce_etl_v2.load_orders scheduled__2026-02-08T02:00:00+00:00 [queued]>
[2026-02-09T10:11:36.002+0000] {taskinstance.py:1956} INFO - Dependencies all met for dep_context=requeueable deps ti=<TaskInstance: ecommerce_etl_v2.load_orders scheduled__2026-02-08T02:00:00+00:00 [queued]>
[2026-02-09T10:11:36.003+0000] {taskinstance.py:2170} INFO - Starting attempt 1 of 3
[2026-02-09T10:11:36.024+0000] {taskinstance.py:2191} INFO - Executing <Task(PythonOperator): load_orders> on 2026-02-08 02:00:00+00:00
[2026-02-09T10:11:36.027+0000] {standard_task_runner.py:60} INFO - Started process 25065 to run task
[2026-02-09T10:11:36.034+0000] {standard_task_runner.py:87} INFO - Running: ['***', 'tasks', 'run', 'ecommerce_etl_v2', 'load_orders', 'scheduled__2026-02-08T02:00:00+00:00', '--job-id', '1755', '--raw', '--subdir', 'DAGS_FOLDER/etl_dag.py', '--cfg-path', '/tmp/tmpbnrd0339']
[2026-02-09T10:11:36.039+0000] {standard_task_runner.py:88} INFO - Job 1755: Subtask load_orders
[2026-02-09T10:11:36.080+0000] {task_command.py:423} INFO - Running <TaskInstance: ecommerce_etl_v2.load_orders scheduled__2026-02-08T02:00:00+00:00 [running]> on host 707cd2e8ef6b
[2026-02-09T10:11:36.148+0000] {taskinstance.py:2480} INFO - Exporting env vars: AIRFLOW_CTX_DAG_EMAIL='data-team@company.com' AIRFLOW_CTX_DAG_OWNER='data_engineering' AIRFLOW_CTX_DAG_ID='ecommerce_etl_v2' AIRFLOW_CTX_TASK_ID='load_orders' AIRFLOW_CTX_EXECUTION_DATE='2026-02-08T02:00:00+00:00' AIRFLOW_CTX_TRY_NUMBER='1' AIRFLOW_CTX_DAG_RUN_ID='scheduled__2026-02-08T02:00:00+00:00'
[2026-02-09T10:11:46.274+0000] {logging_mixin.py:188} WARNING -   0%|          | 0/1 [00:00<?, ?it/s]
[2026-02-09T10:11:46.274+0000] {gbq.py:618} INFO - 125226 out of 125226 rows loaded.
[2026-02-09T10:11:46.274+0000] {logging_mixin.py:188} WARNING - 100%|##########| 1/1 [00:00<00:00, 2565.32it/s]
[2026-02-09T10:11:46.275+0000] {python.py:201} INFO - Done. Returned value was: None
[2026-02-09T10:11:46.290+0000] {taskinstance.py:1138} INFO - Marking task as SUCCESS. dag_id=ecommerce_etl_v2, task_id=load_orders, execution_date=20260208T020000, start_date=20260209T101135, end_date=20260209T101146
[2026-02-09T10:11:46.323+0000] {local_task_job_runner.py:234} INFO - Task exited with return code 0
[2026-02-09T10:11:46.348+0000] {taskinstance.py:3280} INFO - 0 downstream tasks scheduled from follow-on schedule check
[2026-02-09T17:04:15.212+0000] {taskinstance.py:1956} INFO - Dependencies all met for dep_context=non-requeueable deps ti=<TaskInstance: ecommerce_etl_v2.load_orders scheduled__2026-02-08T02:00:00+00:00 [queued]>
[2026-02-09T17:04:15.219+0000] {taskinstance.py:1956} INFO - Dependencies all met for dep_context=requeueable deps ti=<TaskInstance: ecommerce_etl_v2.load_orders scheduled__2026-02-08T02:00:00+00:00 [queued]>
[2026-02-09T17:04:15.219+0000] {taskinstance.py:2170} INFO - Starting attempt 1 of 3
[2026-02-09T17:04:15.237+0000] {taskinstance.py:2191} INFO - Executing <Task(PythonOperator): load_orders> on 2026-02-08 02:00:00+00:00
[2026-02-09T17:04:15.247+0000] {standard_task_runner.py:60} INFO - Started process 606 to run task
[2026-02-09T17:04:15.254+0000] {standard_task_runner.py:87} INFO - Running: ['***', 'tasks', 'run', 'ecommerce_etl_v2', 'load_orders', 'scheduled__2026-02-08T02:00:00+00:00', '--job-id', '8', '--raw', '--subdir', 'DAGS_FOLDER/etl_dag.py', '--cfg-path', '/tmp/tmp_xh250r9']
[2026-02-09T17:04:15.257+0000] {standard_task_runner.py:88} INFO - Job 8: Subtask load_orders
[2026-02-09T17:04:15.338+0000] {task_command.py:423} INFO - Running <TaskInstance: ecommerce_etl_v2.load_orders scheduled__2026-02-08T02:00:00+00:00 [running]> on host 5d242a8c4230
[2026-02-09T17:04:15.400+0000] {taskinstance.py:2480} INFO - Exporting env vars: AIRFLOW_CTX_DAG_EMAIL='data-team@company.com' AIRFLOW_CTX_DAG_OWNER='data_engineering' AIRFLOW_CTX_DAG_ID='ecommerce_etl_v2' AIRFLOW_CTX_TASK_ID='load_orders' AIRFLOW_CTX_EXECUTION_DATE='2026-02-08T02:00:00+00:00' AIRFLOW_CTX_TRY_NUMBER='1' AIRFLOW_CTX_DAG_RUN_ID='scheduled__2026-02-08T02:00:00+00:00'
[2026-02-09T17:04:30.141+0000] {logging_mixin.py:188} WARNING -   0%|          | 0/1 [00:00<?, ?it/s]
[2026-02-09T17:04:30.142+0000] {gbq.py:618} INFO - 125226 out of 125226 rows loaded.
[2026-02-09T17:04:30.142+0000] {logging_mixin.py:188} WARNING - 100%|##########| 1/1 [00:00<00:00, 3371.63it/s]
[2026-02-09T17:04:30.142+0000] {python.py:201} INFO - Done. Returned value was: None
[2026-02-09T17:04:30.154+0000] {taskinstance.py:1138} INFO - Marking task as SUCCESS. dag_id=ecommerce_etl_v2, task_id=load_orders, execution_date=20260208T020000, start_date=20260209T170415, end_date=20260209T170430
[2026-02-09T17:04:30.222+0000] {local_task_job_runner.py:234} INFO - Task exited with return code 0
[2026-02-09T17:04:30.242+0000] {taskinstance.py:3280} INFO - 0 downstream tasks scheduled from follow-on schedule check
