[2026-02-10T23:02:05.171+0000] {taskinstance.py:1956} INFO - Dependencies all met for dep_context=non-requeueable deps ti=<TaskInstance: ecommerce_etl_v2.gold_layer.load_dim_location manual__2026-02-10T14:58:15.423598+00:00 [queued]>
[2026-02-10T23:02:05.176+0000] {taskinstance.py:1956} INFO - Dependencies all met for dep_context=requeueable deps ti=<TaskInstance: ecommerce_etl_v2.gold_layer.load_dim_location manual__2026-02-10T14:58:15.423598+00:00 [queued]>
[2026-02-10T23:02:05.176+0000] {taskinstance.py:2170} INFO - Starting attempt 11 of 13
[2026-02-10T23:02:05.181+0000] {taskinstance.py:2191} INFO - Executing <Task(BigQueryInsertJobOperator): gold_layer.load_dim_location> on 2026-02-10 14:58:15.423598+00:00
[2026-02-10T23:02:05.186+0000] {standard_task_runner.py:60} INFO - Started process 64197 to run task
[2026-02-10T23:02:05.189+0000] {standard_task_runner.py:87} INFO - Running: ['***', 'tasks', 'run', 'ecommerce_etl_v2', 'gold_layer.load_dim_location', 'manual__2026-02-10T14:58:15.423598+00:00', '--job-id', '1829', '--raw', '--subdir', 'DAGS_FOLDER/etl_dag.py', '--cfg-path', '/tmp/tmpr2gp_zrt']
[2026-02-10T23:02:05.191+0000] {standard_task_runner.py:88} INFO - Job 1829: Subtask gold_layer.load_dim_location
[2026-02-10T23:02:05.223+0000] {task_command.py:423} INFO - Running <TaskInstance: ecommerce_etl_v2.gold_layer.load_dim_location manual__2026-02-10T14:58:15.423598+00:00 [running]> on host 89ab86e4d295
[2026-02-10T23:02:05.261+0000] {taskinstance.py:2480} INFO - Exporting env vars: AIRFLOW_CTX_DAG_EMAIL='data-team@company.com' AIRFLOW_CTX_DAG_OWNER='data_engineering' AIRFLOW_CTX_DAG_ID='ecommerce_etl_v2' AIRFLOW_CTX_TASK_ID='gold_layer.load_dim_location' AIRFLOW_CTX_EXECUTION_DATE='2026-02-10T14:58:15.423598+00:00' AIRFLOW_CTX_TRY_NUMBER='11' AIRFLOW_CTX_DAG_RUN_ID='manual__2026-02-10T14:58:15.423598+00:00'
[2026-02-10T23:02:05.266+0000] {connection.py:234} WARNING - Connection schemes (type: google_cloud_platform) shall not contain '_' according to RFC3986.
[2026-02-10T23:02:05.266+0000] {base.py:83} INFO - Using connection ID 'google_cloud_default' for task execution.
[2026-02-10T23:02:05.267+0000] {credentials_provider.py:353} INFO - Getting connection using `google.auth.default()` since no explicit credentials are provided.
[2026-02-10T23:02:05.308+0000] {bigquery.py:2807} INFO - Executing: {'query': {'query': "-- SELECT\n--     GENERATE_UUID() AS location_key,       -- UUID surrogate key\n--     city,\n--     state,\n--     postal_code\n  \n-- FROM (\n--     SELECT DISTINCT \n--         city,\n--         state,\n--         postal_code,\n--     FROM `prism-486509.silver.events`  -- source table\n-- ) AS distinct_locations;\n-- SELECT\n--     TO_HEX(\n--       SHA256(\n--         CONCAT(\n--           COALESCE(city, ''), '|',\n--           COALESCE(state, ''), '|',\n--           COALESCE(postal_code, '')\n--         )\n--       )\n--     ) AS location_key,\n--     city,\n--     state,\n--     postal_code\n-- FROM (\n--     SELECT DISTINCT\n--         city,\n--         state,\n--         postal_code\n--     FROM `prism-486509.silver.events`\n--     WHERE city IS NOT NULL\n--        OR state IS NOT NULL\n--        OR postal_code IS NOT NULL\n-- ) AS distinct_locations;\n\n\nMERGE INTO `prism-486509.gold.dim_location` AS target\nUSING (\n    SELECT\n        TO_HEX(\n          SHA256(\n            CONCAT(\n              COALESCE(city, ''), '|',\n              COALESCE(state, ''), '|',\n              COALESCE(postal_code, '')\n            )\n          )\n        ) AS location_key,\n        city,\n        state,\n        postal_code\n    FROM (\n        SELECT DISTINCT\n            city,\n            state,\n            postal_code\n        FROM `prism-486509.silver.events`\n        WHERE city IS NOT NULL OR state IS NOT NULL OR postal_code IS NOT NULL\n    )\n) AS source\nON target.location_key = source.location_key\nWHEN MATCHED THEN\n  UPDATE SET\n    target.city = source.city,\n    target.state = source.state,\n    target.postal_code = source.postal_code\nWHEN NOT MATCHED THEN\n  INSERT (location_key, city, state, postal_code)\n  VALUES (source.location_key, source.city, source.state, source.postal_code);", 'useLegacySql': False, 'queryParameters': [{'name': 'run_date', 'parameterType': {'type': 'DATE'}, 'parameterValue': {'value': '2026-02-10'}}]}}'
[2026-02-10T23:02:05.309+0000] {bigquery.py:1596} INFO - Inserting job ***_ecommerce_etl_v2_gold_layer_load_dim_location_2026_02_10T14_58_15_423598_00_00_abfd227c0b5257bcbfc6f6a515916249
[2026-02-10T23:02:05.808+0000] {taskinstance.py:2698} ERROR - Task failed with exception
Traceback (most recent call last):
  File "/home/airflow/.local/lib/python3.8/site-packages/airflow/models/taskinstance.py", line 433, in _execute_task
    result = execute_callable(context=context, **execute_callable_kwargs)
  File "/home/airflow/.local/lib/python3.8/site-packages/airflow/providers/google/cloud/operators/bigquery.py", line 2864, in execute
    job.result(timeout=self.result_timeout, retry=self.result_retry)
  File "/home/airflow/.local/lib/python3.8/site-packages/google/cloud/bigquery/job/query.py", line 1595, in result
    do_get_result()
  File "/home/airflow/.local/lib/python3.8/site-packages/google/cloud/bigquery/job/query.py", line 1584, in do_get_result
    super(QueryJob, self).result(retry=retry, timeout=timeout)
  File "/home/airflow/.local/lib/python3.8/site-packages/google/cloud/bigquery/job/base.py", line 971, in result
    return super(_AsyncJob, self).result(timeout=timeout, **kwargs)
  File "/home/airflow/.local/lib/python3.8/site-packages/google/api_core/future/polling.py", line 261, in result
    raise self._exception
google.api_core.exceptions.NotFound: 404 Not found: Table prism-486509:gold.dim_location was not found in location europe-west1; reason: notFound, message: Not found: Table prism-486509:gold.dim_location was not found in location europe-west1

Location: europe-west1
Job ID: airflow_ecommerce_etl_v2_gold_layer_load_dim_location_2026_02_10T14_58_15_423598_00_00_abfd227c0b5257bcbfc6f6a515916249

[2026-02-10T23:02:05.816+0000] {taskinstance.py:1138} INFO - Marking task as UP_FOR_RETRY. dag_id=ecommerce_etl_v2, task_id=gold_layer.load_dim_location, execution_date=20260210T145815, start_date=20260210T230205, end_date=20260210T230205
[2026-02-10T23:02:05.824+0000] {standard_task_runner.py:107} ERROR - Failed to execute job 1829 for task gold_layer.load_dim_location (404 Not found: Table prism-486509:gold.dim_location was not found in location europe-west1; reason: notFound, message: Not found: Table prism-486509:gold.dim_location was not found in location europe-west1

Location: europe-west1
Job ID: airflow_ecommerce_etl_v2_gold_layer_load_dim_location_2026_02_10T14_58_15_423598_00_00_abfd227c0b5257bcbfc6f6a515916249
; 64197)
[2026-02-10T23:02:05.836+0000] {local_task_job_runner.py:234} INFO - Task exited with return code 1
[2026-02-10T23:02:05.853+0000] {taskinstance.py:3280} INFO - 0 downstream tasks scheduled from follow-on schedule check
