[2026-02-09T13:01:45.332+0000] {taskinstance.py:1956} INFO - Dependencies all met for dep_context=non-requeueable deps ti=<TaskInstance: ecommerce_etl_v2.data_quality.check_dim_users_duplicates manual__2026-02-09T12:40:19.465033+00:00 [queued]>
[2026-02-09T13:01:45.338+0000] {taskinstance.py:1956} INFO - Dependencies all met for dep_context=requeueable deps ti=<TaskInstance: ecommerce_etl_v2.data_quality.check_dim_users_duplicates manual__2026-02-09T12:40:19.465033+00:00 [queued]>
[2026-02-09T13:01:45.339+0000] {taskinstance.py:2170} INFO - Starting attempt 3 of 5
[2026-02-09T13:01:45.346+0000] {taskinstance.py:2191} INFO - Executing <Task(BigQueryCheckOperator): data_quality.check_dim_users_duplicates> on 2026-02-09 12:40:19.465033+00:00
[2026-02-09T13:01:45.350+0000] {standard_task_runner.py:60} INFO - Started process 53637 to run task
[2026-02-09T13:01:45.352+0000] {standard_task_runner.py:87} INFO - Running: ['***', 'tasks', 'run', 'ecommerce_etl_v2', 'data_quality.check_dim_users_duplicates', 'manual__2026-02-09T12:40:19.465033+00:00', '--job-id', '2386', '--raw', '--subdir', 'DAGS_FOLDER/etl_dag.py', '--cfg-path', '/tmp/tmpmb5u0s5k']
[2026-02-09T13:01:45.353+0000] {standard_task_runner.py:88} INFO - Job 2386: Subtask data_quality.check_dim_users_duplicates
[2026-02-09T13:01:45.376+0000] {task_command.py:423} INFO - Running <TaskInstance: ecommerce_etl_v2.data_quality.check_dim_users_duplicates manual__2026-02-09T12:40:19.465033+00:00 [running]> on host 707cd2e8ef6b
[2026-02-09T13:01:45.411+0000] {taskinstance.py:2480} INFO - Exporting env vars: AIRFLOW_CTX_DAG_EMAIL='data-team@company.com' AIRFLOW_CTX_DAG_OWNER='data_engineering' AIRFLOW_CTX_DAG_ID='ecommerce_etl_v2' AIRFLOW_CTX_TASK_ID='data_quality.check_dim_users_duplicates' AIRFLOW_CTX_EXECUTION_DATE='2026-02-09T12:40:19.465033+00:00' AIRFLOW_CTX_TRY_NUMBER='3' AIRFLOW_CTX_DAG_RUN_ID='manual__2026-02-09T12:40:19.465033+00:00'
[2026-02-09T13:01:45.412+0000] {sql.py:785} INFO - Executing SQL check: 
                SELECT COUNT(*) = 0
                FROM (
                    SELECT user_key, COUNT(*) as cnt
                    FROM `prism-486509.gold.dim_users`
                    GROUP BY user_key
                    HAVING cnt > 1
                )
            
[2026-02-09T13:01:45.415+0000] {connection.py:234} WARNING - Connection schemes (type: google_cloud_platform) shall not contain '_' according to RFC3986.
[2026-02-09T13:01:45.416+0000] {base.py:83} INFO - Using connection ID 'google_cloud_default' for task execution.
[2026-02-09T13:01:45.416+0000] {credentials_provider.py:353} INFO - Getting connection using `google.auth.default()` since no explicit credentials are provided.
[2026-02-09T13:01:45.460+0000] {sql.py:450} INFO - Running statement: 
                SELECT COUNT(*) = 0
                FROM (
                    SELECT user_key, COUNT(*) as cnt
                    FROM `prism-486509.gold.dim_users`
                    GROUP BY user_key
                    HAVING cnt > 1
                )
            , parameters: None
[2026-02-09T13:01:45.460+0000] {bigquery.py:1596} INFO - Inserting job ***_1770642105460540_7149b80e8c3d2efad33e5fc0ba4bc4e8
[2026-02-09T13:01:46.431+0000] {sql.py:788} INFO - Record: [True]
[2026-02-09T13:01:46.432+0000] {sql.py:796} INFO - Success.
[2026-02-09T13:01:46.444+0000] {taskinstance.py:1138} INFO - Marking task as SUCCESS. dag_id=ecommerce_etl_v2, task_id=data_quality.check_dim_users_duplicates, execution_date=20260209T124019, start_date=20260209T130145, end_date=20260209T130146
[2026-02-09T13:01:46.509+0000] {local_task_job_runner.py:234} INFO - Task exited with return code 0
[2026-02-09T13:01:46.527+0000] {taskinstance.py:3280} INFO - 0 downstream tasks scheduled from follow-on schedule check
