[2026-02-09T02:44:35.938+0000] {taskinstance.py:1956} INFO - Dependencies all met for dep_context=non-requeueable deps ti=<TaskInstance: ecommerce_etl_v2.bronze_layer.check_orders_loaded scheduled__2026-02-08T02:00:00+00:00 [queued]>
[2026-02-09T02:44:35.946+0000] {taskinstance.py:1956} INFO - Dependencies all met for dep_context=requeueable deps ti=<TaskInstance: ecommerce_etl_v2.bronze_layer.check_orders_loaded scheduled__2026-02-08T02:00:00+00:00 [queued]>
[2026-02-09T02:44:35.947+0000] {taskinstance.py:2170} INFO - Starting attempt 1 of 3
[2026-02-09T02:44:35.954+0000] {taskinstance.py:2191} INFO - Executing <Task(BigQueryCheckOperator): bronze_layer.check_orders_loaded> on 2026-02-08 02:00:00+00:00
[2026-02-09T02:44:35.958+0000] {standard_task_runner.py:60} INFO - Started process 10299 to run task
[2026-02-09T02:44:35.960+0000] {standard_task_runner.py:87} INFO - Running: ['***', 'tasks', 'run', 'ecommerce_etl_v2', 'bronze_layer.check_orders_loaded', 'scheduled__2026-02-08T02:00:00+00:00', '--job-id', '1470', '--raw', '--subdir', 'DAGS_FOLDER/etl_dag.py', '--cfg-path', '/tmp/tmpo2gt04vd']
[2026-02-09T02:44:35.961+0000] {standard_task_runner.py:88} INFO - Job 1470: Subtask bronze_layer.check_orders_loaded
[2026-02-09T02:44:35.988+0000] {task_command.py:423} INFO - Running <TaskInstance: ecommerce_etl_v2.bronze_layer.check_orders_loaded scheduled__2026-02-08T02:00:00+00:00 [running]> on host 707cd2e8ef6b
[2026-02-09T02:44:36.026+0000] {taskinstance.py:2480} INFO - Exporting env vars: AIRFLOW_CTX_DAG_EMAIL='data-team@company.com' AIRFLOW_CTX_DAG_OWNER='data_engineering' AIRFLOW_CTX_DAG_ID='ecommerce_etl_v2' AIRFLOW_CTX_TASK_ID='bronze_layer.check_orders_loaded' AIRFLOW_CTX_EXECUTION_DATE='2026-02-08T02:00:00+00:00' AIRFLOW_CTX_TRY_NUMBER='1' AIRFLOW_CTX_DAG_RUN_ID='scheduled__2026-02-08T02:00:00+00:00'
[2026-02-09T02:44:36.026+0000] {sql.py:785} INFO - Executing SQL check: 
                    SELECT COUNT(*) > 0
                    FROM `prism-486509.bronze.orders`
                
[2026-02-09T02:44:36.031+0000] {connection.py:234} WARNING - Connection schemes (type: google_cloud_platform) shall not contain '_' according to RFC3986.
[2026-02-09T02:44:36.031+0000] {base.py:83} INFO - Using connection ID 'google_cloud_default' for task execution.
[2026-02-09T02:44:36.031+0000] {credentials_provider.py:353} INFO - Getting connection using `google.auth.default()` since no explicit credentials are provided.
[2026-02-09T02:44:36.074+0000] {sql.py:450} INFO - Running statement: 
                    SELECT COUNT(*) > 0
                    FROM `prism-486509.bronze.orders`
                , parameters: None
[2026-02-09T02:44:36.074+0000] {bigquery.py:1596} INFO - Inserting job ***_1770605076074640_43e3af77a94784a697f190aca075874d
[2026-02-09T02:44:36.960+0000] {sql.py:788} INFO - Record: [True]
[2026-02-09T02:44:36.960+0000] {sql.py:796} INFO - Success.
[2026-02-09T02:44:36.972+0000] {taskinstance.py:1138} INFO - Marking task as SUCCESS. dag_id=ecommerce_etl_v2, task_id=bronze_layer.check_orders_loaded, execution_date=20260208T020000, start_date=20260209T024435, end_date=20260209T024436
[2026-02-09T02:44:37.003+0000] {local_task_job_runner.py:234} INFO - Task exited with return code 0
[2026-02-09T02:44:37.015+0000] {taskinstance.py:3280} INFO - 0 downstream tasks scheduled from follow-on schedule check
[2026-02-09T10:07:00.243+0000] {taskinstance.py:1956} INFO - Dependencies all met for dep_context=non-requeueable deps ti=<TaskInstance: ecommerce_etl_v2.bronze_layer.check_orders_loaded scheduled__2026-02-08T02:00:00+00:00 [queued]>
[2026-02-09T10:07:00.249+0000] {taskinstance.py:1956} INFO - Dependencies all met for dep_context=requeueable deps ti=<TaskInstance: ecommerce_etl_v2.bronze_layer.check_orders_loaded scheduled__2026-02-08T02:00:00+00:00 [queued]>
[2026-02-09T10:07:00.249+0000] {taskinstance.py:2170} INFO - Starting attempt 1 of 3
[2026-02-09T10:07:00.255+0000] {taskinstance.py:2191} INFO - Executing <Task(BigQueryCheckOperator): bronze_layer.check_orders_loaded> on 2026-02-08 02:00:00+00:00
[2026-02-09T10:07:00.259+0000] {standard_task_runner.py:60} INFO - Started process 23895 to run task
[2026-02-09T10:07:00.261+0000] {standard_task_runner.py:87} INFO - Running: ['***', 'tasks', 'run', 'ecommerce_etl_v2', 'bronze_layer.check_orders_loaded', 'scheduled__2026-02-08T02:00:00+00:00', '--job-id', '1736', '--raw', '--subdir', 'DAGS_FOLDER/etl_dag.py', '--cfg-path', '/tmp/tmp3oyqm7kx']
[2026-02-09T10:07:00.262+0000] {standard_task_runner.py:88} INFO - Job 1736: Subtask bronze_layer.check_orders_loaded
[2026-02-09T10:07:00.286+0000] {task_command.py:423} INFO - Running <TaskInstance: ecommerce_etl_v2.bronze_layer.check_orders_loaded scheduled__2026-02-08T02:00:00+00:00 [running]> on host 707cd2e8ef6b
[2026-02-09T10:07:00.320+0000] {taskinstance.py:2480} INFO - Exporting env vars: AIRFLOW_CTX_DAG_EMAIL='data-team@company.com' AIRFLOW_CTX_DAG_OWNER='data_engineering' AIRFLOW_CTX_DAG_ID='ecommerce_etl_v2' AIRFLOW_CTX_TASK_ID='bronze_layer.check_orders_loaded' AIRFLOW_CTX_EXECUTION_DATE='2026-02-08T02:00:00+00:00' AIRFLOW_CTX_TRY_NUMBER='1' AIRFLOW_CTX_DAG_RUN_ID='scheduled__2026-02-08T02:00:00+00:00'
[2026-02-09T10:07:00.321+0000] {sql.py:785} INFO - Executing SQL check: 
                    SELECT COUNT(*) > 0
                    FROM `prism-486509.bronze.orders`
                
[2026-02-09T10:07:00.324+0000] {connection.py:234} WARNING - Connection schemes (type: google_cloud_platform) shall not contain '_' according to RFC3986.
[2026-02-09T10:07:00.324+0000] {base.py:83} INFO - Using connection ID 'google_cloud_default' for task execution.
[2026-02-09T10:07:00.325+0000] {credentials_provider.py:353} INFO - Getting connection using `google.auth.default()` since no explicit credentials are provided.
[2026-02-09T10:07:00.365+0000] {sql.py:450} INFO - Running statement: 
                    SELECT COUNT(*) > 0
                    FROM `prism-486509.bronze.orders`
                , parameters: None
[2026-02-09T10:07:00.366+0000] {bigquery.py:1596} INFO - Inserting job ***_1770631620365917_43e3af77a94784a697f190aca075874d
[2026-02-09T10:07:01.492+0000] {sql.py:788} INFO - Record: [True]
[2026-02-09T10:07:01.492+0000] {sql.py:796} INFO - Success.
[2026-02-09T10:07:01.497+0000] {taskinstance.py:1138} INFO - Marking task as SUCCESS. dag_id=ecommerce_etl_v2, task_id=bronze_layer.check_orders_loaded, execution_date=20260208T020000, start_date=20260209T100700, end_date=20260209T100701
[2026-02-09T10:07:01.521+0000] {local_task_job_runner.py:234} INFO - Task exited with return code 0
[2026-02-09T10:07:01.531+0000] {taskinstance.py:3280} INFO - 0 downstream tasks scheduled from follow-on schedule check
