[2026-02-09T02:35:45.261+0000] {taskinstance.py:1956} INFO - Dependencies all met for dep_context=non-requeueable deps ti=<TaskInstance: ecommerce_etl_v2.gold_layer.load_dim_browser scheduled__2026-02-08T02:00:00+00:00 [queued]>
[2026-02-09T02:35:45.279+0000] {taskinstance.py:1956} INFO - Dependencies all met for dep_context=requeueable deps ti=<TaskInstance: ecommerce_etl_v2.gold_layer.load_dim_browser scheduled__2026-02-08T02:00:00+00:00 [queued]>
[2026-02-09T02:35:45.280+0000] {taskinstance.py:2170} INFO - Starting attempt 1 of 3
[2026-02-09T02:35:45.314+0000] {taskinstance.py:2191} INFO - Executing <Task(BigQueryInsertJobOperator): gold_layer.load_dim_browser> on 2026-02-08 02:00:00+00:00
[2026-02-09T02:35:45.323+0000] {standard_task_runner.py:60} INFO - Started process 8101 to run task
[2026-02-09T02:35:45.328+0000] {standard_task_runner.py:87} INFO - Running: ['***', 'tasks', 'run', 'ecommerce_etl_v2', 'gold_layer.load_dim_browser', 'scheduled__2026-02-08T02:00:00+00:00', '--job-id', '1407', '--raw', '--subdir', 'DAGS_FOLDER/etl_dag.py', '--cfg-path', '/tmp/tmpivhj56et']
[2026-02-09T02:35:45.330+0000] {standard_task_runner.py:88} INFO - Job 1407: Subtask gold_layer.load_dim_browser
[2026-02-09T02:35:45.383+0000] {task_command.py:423} INFO - Running <TaskInstance: ecommerce_etl_v2.gold_layer.load_dim_browser scheduled__2026-02-08T02:00:00+00:00 [running]> on host 707cd2e8ef6b
[2026-02-09T02:35:45.474+0000] {taskinstance.py:2480} INFO - Exporting env vars: AIRFLOW_CTX_DAG_EMAIL='data-team@company.com' AIRFLOW_CTX_DAG_OWNER='data_engineering' AIRFLOW_CTX_DAG_ID='ecommerce_etl_v2' AIRFLOW_CTX_TASK_ID='gold_layer.load_dim_browser' AIRFLOW_CTX_EXECUTION_DATE='2026-02-08T02:00:00+00:00' AIRFLOW_CTX_TRY_NUMBER='1' AIRFLOW_CTX_DAG_RUN_ID='scheduled__2026-02-08T02:00:00+00:00'
[2026-02-09T02:35:45.490+0000] {connection.py:234} WARNING - Connection schemes (type: google_cloud_platform) shall not contain '_' according to RFC3986.
[2026-02-09T02:35:45.491+0000] {base.py:83} INFO - Using connection ID 'google_cloud_default' for task execution.
[2026-02-09T02:35:45.492+0000] {credentials_provider.py:353} INFO - Getting connection using `google.auth.default()` since no explicit credentials are provided.
[2026-02-09T02:35:45.569+0000] {bigquery.py:2807} INFO - Executing: {'query': {'query': '-- Just the SELECT part, destination set in job config\nSELECT\n    GENERATE_UUID() AS browser_key,\n    browser AS browser_name\nFROM (\n    SELECT DISTINCT browser\n    FROM bronze.events\n) AS distinct_browsers', 'useLegacySql': False, 'queryParameters': [{'name': 'run_date', 'parameterType': {'type': 'DATE'}, 'parameterValue': {'value': '2026-02-08'}}]}}'
[2026-02-09T02:35:45.572+0000] {bigquery.py:1596} INFO - Inserting job ***_ecommerce_etl_v2_gold_layer_load_dim_browser_2026_02_08T02_00_00_00_00_e4488e4512a8eb891ce5e1126f00b6f9
[2026-02-09T02:35:46.000+0000] {taskinstance.py:2698} ERROR - Task failed with exception
Traceback (most recent call last):
  File "/home/airflow/.local/lib/python3.8/site-packages/airflow/models/taskinstance.py", line 433, in _execute_task
    result = execute_callable(context=context, **execute_callable_kwargs)
  File "/home/airflow/.local/lib/python3.8/site-packages/airflow/providers/google/cloud/operators/bigquery.py", line 2864, in execute
    job.result(timeout=self.result_timeout, retry=self.result_retry)
  File "/home/airflow/.local/lib/python3.8/site-packages/google/cloud/bigquery/job/query.py", line 1595, in result
    do_get_result()
  File "/home/airflow/.local/lib/python3.8/site-packages/google/cloud/bigquery/job/query.py", line 1584, in do_get_result
    super(QueryJob, self).result(retry=retry, timeout=timeout)
  File "/home/airflow/.local/lib/python3.8/site-packages/google/cloud/bigquery/job/base.py", line 971, in result
    return super(_AsyncJob, self).result(timeout=timeout, **kwargs)
  File "/home/airflow/.local/lib/python3.8/site-packages/google/api_core/future/polling.py", line 261, in result
    raise self._exception
google.api_core.exceptions.BadRequest: 400 Unrecognized name: browser at [6:21]; reason: invalidQuery, location: query, message: Unrecognized name: browser at [6:21]

Location: europe-west1
Job ID: airflow_ecommerce_etl_v2_gold_layer_load_dim_browser_2026_02_08T02_00_00_00_00_e4488e4512a8eb891ce5e1126f00b6f9

[2026-02-09T02:35:46.004+0000] {taskinstance.py:1138} INFO - Marking task as UP_FOR_RETRY. dag_id=ecommerce_etl_v2, task_id=gold_layer.load_dim_browser, execution_date=20260208T020000, start_date=20260209T023545, end_date=20260209T023546
[2026-02-09T02:35:46.009+0000] {standard_task_runner.py:107} ERROR - Failed to execute job 1407 for task gold_layer.load_dim_browser (400 Unrecognized name: browser at [6:21]; reason: invalidQuery, location: query, message: Unrecognized name: browser at [6:21]

Location: europe-west1
Job ID: airflow_ecommerce_etl_v2_gold_layer_load_dim_browser_2026_02_08T02_00_00_00_00_e4488e4512a8eb891ce5e1126f00b6f9
; 8101)
[2026-02-09T02:35:46.043+0000] {local_task_job_runner.py:234} INFO - Task exited with return code 1
[2026-02-09T02:35:46.061+0000] {taskinstance.py:3280} INFO - 0 downstream tasks scheduled from follow-on schedule check
[2026-02-09T09:42:42.601+0000] {taskinstance.py:1956} INFO - Dependencies all met for dep_context=non-requeueable deps ti=<TaskInstance: ecommerce_etl_v2.gold_layer.load_dim_browser scheduled__2026-02-08T02:00:00+00:00 [queued]>
[2026-02-09T09:42:42.606+0000] {taskinstance.py:1956} INFO - Dependencies all met for dep_context=requeueable deps ti=<TaskInstance: ecommerce_etl_v2.gold_layer.load_dim_browser scheduled__2026-02-08T02:00:00+00:00 [queued]>
[2026-02-09T09:42:42.607+0000] {taskinstance.py:2170} INFO - Starting attempt 1 of 3
[2026-02-09T09:42:42.618+0000] {taskinstance.py:2191} INFO - Executing <Task(BigQueryInsertJobOperator): gold_layer.load_dim_browser> on 2026-02-08 02:00:00+00:00
[2026-02-09T09:42:42.627+0000] {standard_task_runner.py:60} INFO - Started process 19036 to run task
[2026-02-09T09:42:42.630+0000] {standard_task_runner.py:87} INFO - Running: ['***', 'tasks', 'run', 'ecommerce_etl_v2', 'gold_layer.load_dim_browser', 'scheduled__2026-02-08T02:00:00+00:00', '--job-id', '1615', '--raw', '--subdir', 'DAGS_FOLDER/etl_dag.py', '--cfg-path', '/tmp/tmp79i9bqa2']
[2026-02-09T09:42:42.631+0000] {standard_task_runner.py:88} INFO - Job 1615: Subtask gold_layer.load_dim_browser
[2026-02-09T09:42:42.665+0000] {task_command.py:423} INFO - Running <TaskInstance: ecommerce_etl_v2.gold_layer.load_dim_browser scheduled__2026-02-08T02:00:00+00:00 [running]> on host 707cd2e8ef6b
[2026-02-09T09:42:42.720+0000] {taskinstance.py:2480} INFO - Exporting env vars: AIRFLOW_CTX_DAG_EMAIL='data-team@company.com' AIRFLOW_CTX_DAG_OWNER='data_engineering' AIRFLOW_CTX_DAG_ID='ecommerce_etl_v2' AIRFLOW_CTX_TASK_ID='gold_layer.load_dim_browser' AIRFLOW_CTX_EXECUTION_DATE='2026-02-08T02:00:00+00:00' AIRFLOW_CTX_TRY_NUMBER='1' AIRFLOW_CTX_DAG_RUN_ID='scheduled__2026-02-08T02:00:00+00:00'
[2026-02-09T09:42:42.727+0000] {connection.py:234} WARNING - Connection schemes (type: google_cloud_platform) shall not contain '_' according to RFC3986.
[2026-02-09T09:42:42.727+0000] {base.py:83} INFO - Using connection ID 'google_cloud_default' for task execution.
[2026-02-09T09:42:42.728+0000] {credentials_provider.py:353} INFO - Getting connection using `google.auth.default()` since no explicit credentials are provided.
[2026-02-09T09:42:42.772+0000] {bigquery.py:2807} INFO - Executing: {'query': {'query': '-- Just the SELECT part, destination set in job config\nSELECT\n    GENERATE_UUID() AS browser_key,\n    browser AS browser_name\nFROM (\n    SELECT DISTINCT browser\n    FROM bronze.events\n) AS distinct_browsers', 'useLegacySql': False, 'queryParameters': [{'name': 'run_date', 'parameterType': {'type': 'DATE'}, 'parameterValue': {'value': '2026-02-08'}}]}}'
[2026-02-09T09:42:42.772+0000] {bigquery.py:1596} INFO - Inserting job ***_ecommerce_etl_v2_gold_layer_load_dim_browser_2026_02_08T02_00_00_00_00_17f305d87d5b1185962f7c0336a0b4bf
[2026-02-09T09:42:43.281+0000] {taskinstance.py:2698} ERROR - Task failed with exception
Traceback (most recent call last):
  File "/home/airflow/.local/lib/python3.8/site-packages/airflow/models/taskinstance.py", line 433, in _execute_task
    result = execute_callable(context=context, **execute_callable_kwargs)
  File "/home/airflow/.local/lib/python3.8/site-packages/airflow/providers/google/cloud/operators/bigquery.py", line 2864, in execute
    job.result(timeout=self.result_timeout, retry=self.result_retry)
  File "/home/airflow/.local/lib/python3.8/site-packages/google/cloud/bigquery/job/query.py", line 1595, in result
    do_get_result()
  File "/home/airflow/.local/lib/python3.8/site-packages/google/cloud/bigquery/job/query.py", line 1584, in do_get_result
    super(QueryJob, self).result(retry=retry, timeout=timeout)
  File "/home/airflow/.local/lib/python3.8/site-packages/google/cloud/bigquery/job/base.py", line 971, in result
    return super(_AsyncJob, self).result(timeout=timeout, **kwargs)
  File "/home/airflow/.local/lib/python3.8/site-packages/google/api_core/future/polling.py", line 261, in result
    raise self._exception
google.api_core.exceptions.BadRequest: 400 Unrecognized name: browser at [6:21]; reason: invalidQuery, location: query, message: Unrecognized name: browser at [6:21]

Location: europe-west1
Job ID: airflow_ecommerce_etl_v2_gold_layer_load_dim_browser_2026_02_08T02_00_00_00_00_17f305d87d5b1185962f7c0336a0b4bf

[2026-02-09T09:42:43.286+0000] {taskinstance.py:1138} INFO - Marking task as UP_FOR_RETRY. dag_id=ecommerce_etl_v2, task_id=gold_layer.load_dim_browser, execution_date=20260208T020000, start_date=20260209T094242, end_date=20260209T094243
[2026-02-09T09:42:43.292+0000] {standard_task_runner.py:107} ERROR - Failed to execute job 1615 for task gold_layer.load_dim_browser (400 Unrecognized name: browser at [6:21]; reason: invalidQuery, location: query, message: Unrecognized name: browser at [6:21]

Location: europe-west1
Job ID: airflow_ecommerce_etl_v2_gold_layer_load_dim_browser_2026_02_08T02_00_00_00_00_17f305d87d5b1185962f7c0336a0b4bf
; 19036)
[2026-02-09T09:42:43.301+0000] {local_task_job_runner.py:234} INFO - Task exited with return code 1
[2026-02-09T09:42:43.319+0000] {taskinstance.py:3280} INFO - 0 downstream tasks scheduled from follow-on schedule check
[2026-02-09T10:03:27.680+0000] {taskinstance.py:1946} INFO - Dependencies not met for <TaskInstance: ecommerce_etl_v2.gold_layer.load_dim_browser scheduled__2026-02-08T02:00:00+00:00 [queued]>, dependency 'Trigger Rule' FAILED: Task's trigger rule 'all_success' requires all upstream tasks to have succeeded, but found 1 non-success(es). upstream_states=_UpstreamTIStates(success=6, skipped=0, failed=0, upstream_failed=0, removed=0, done=6, success_setup=0, skipped_setup=0), upstream_task_ids={'gold_setup.create_dim_date', 'gold_setup.create_dim_traffic_source', 'gold_setup.create_dim_browser', 'gold_setup.create_dim_page', 'gold_setup.create_dim_order_status', 'gold_setup.create_dim_products', 'gold_setup.create_dim_event_type'}
[2026-02-09T10:03:27.682+0000] {local_task_job_runner.py:160} INFO - Task is not able to be run
