[2026-02-09T02:37:32.804+0000] {taskinstance.py:1956} INFO - Dependencies all met for dep_context=non-requeueable deps ti=<TaskInstance: ecommerce_etl_v2.gold_layer.load_dim_browser scheduled__2026-02-08T02:00:00+00:00 [queued]>
[2026-02-09T02:37:32.810+0000] {taskinstance.py:1956} INFO - Dependencies all met for dep_context=requeueable deps ti=<TaskInstance: ecommerce_etl_v2.gold_layer.load_dim_browser scheduled__2026-02-08T02:00:00+00:00 [queued]>
[2026-02-09T02:37:32.811+0000] {taskinstance.py:2170} INFO - Starting attempt 2 of 4
[2026-02-09T02:37:32.821+0000] {taskinstance.py:2191} INFO - Executing <Task(BigQueryInsertJobOperator): gold_layer.load_dim_browser> on 2026-02-08 02:00:00+00:00
[2026-02-09T02:37:32.826+0000] {standard_task_runner.py:60} INFO - Started process 8864 to run task
[2026-02-09T02:37:32.834+0000] {standard_task_runner.py:87} INFO - Running: ['***', 'tasks', 'run', 'ecommerce_etl_v2', 'gold_layer.load_dim_browser', 'scheduled__2026-02-08T02:00:00+00:00', '--job-id', '1434', '--raw', '--subdir', 'DAGS_FOLDER/etl_dag.py', '--cfg-path', '/tmp/tmpf_e9tvx_']
[2026-02-09T02:37:32.836+0000] {standard_task_runner.py:88} INFO - Job 1434: Subtask gold_layer.load_dim_browser
[2026-02-09T02:37:32.890+0000] {task_command.py:423} INFO - Running <TaskInstance: ecommerce_etl_v2.gold_layer.load_dim_browser scheduled__2026-02-08T02:00:00+00:00 [running]> on host 707cd2e8ef6b
[2026-02-09T02:37:32.949+0000] {taskinstance.py:2480} INFO - Exporting env vars: AIRFLOW_CTX_DAG_EMAIL='data-team@company.com' AIRFLOW_CTX_DAG_OWNER='data_engineering' AIRFLOW_CTX_DAG_ID='ecommerce_etl_v2' AIRFLOW_CTX_TASK_ID='gold_layer.load_dim_browser' AIRFLOW_CTX_EXECUTION_DATE='2026-02-08T02:00:00+00:00' AIRFLOW_CTX_TRY_NUMBER='2' AIRFLOW_CTX_DAG_RUN_ID='scheduled__2026-02-08T02:00:00+00:00'
[2026-02-09T02:37:32.957+0000] {connection.py:234} WARNING - Connection schemes (type: google_cloud_platform) shall not contain '_' according to RFC3986.
[2026-02-09T02:37:32.959+0000] {base.py:83} INFO - Using connection ID 'google_cloud_default' for task execution.
[2026-02-09T02:37:32.959+0000] {credentials_provider.py:353} INFO - Getting connection using `google.auth.default()` since no explicit credentials are provided.
[2026-02-09T02:37:33.009+0000] {bigquery.py:2807} INFO - Executing: {'query': {'query': '-- Just the SELECT part, destination set in job config\nSELECT\n    GENERATE_UUID() AS browser_key,\n    browser AS browser_name\nFROM (\n    SELECT DISTINCT browser\n    FROM bronze.events\n) AS distinct_browsers', 'useLegacySql': False, 'queryParameters': [{'name': 'run_date', 'parameterType': {'type': 'DATE'}, 'parameterValue': {'value': '2026-02-08'}}]}}'
[2026-02-09T02:37:33.010+0000] {bigquery.py:1596} INFO - Inserting job ***_ecommerce_etl_v2_gold_layer_load_dim_browser_2026_02_08T02_00_00_00_00_2c74502a354c3a97da785b81060cb911
[2026-02-09T02:37:33.400+0000] {taskinstance.py:2698} ERROR - Task failed with exception
Traceback (most recent call last):
  File "/home/airflow/.local/lib/python3.8/site-packages/airflow/models/taskinstance.py", line 433, in _execute_task
    result = execute_callable(context=context, **execute_callable_kwargs)
  File "/home/airflow/.local/lib/python3.8/site-packages/airflow/providers/google/cloud/operators/bigquery.py", line 2864, in execute
    job.result(timeout=self.result_timeout, retry=self.result_retry)
  File "/home/airflow/.local/lib/python3.8/site-packages/google/cloud/bigquery/job/query.py", line 1595, in result
    do_get_result()
  File "/home/airflow/.local/lib/python3.8/site-packages/google/cloud/bigquery/job/query.py", line 1584, in do_get_result
    super(QueryJob, self).result(retry=retry, timeout=timeout)
  File "/home/airflow/.local/lib/python3.8/site-packages/google/cloud/bigquery/job/base.py", line 971, in result
    return super(_AsyncJob, self).result(timeout=timeout, **kwargs)
  File "/home/airflow/.local/lib/python3.8/site-packages/google/api_core/future/polling.py", line 261, in result
    raise self._exception
google.api_core.exceptions.NotFound: 404 Not found: Table prism-486509:bronze.events was not found in location europe-west1; reason: notFound, message: Not found: Table prism-486509:bronze.events was not found in location europe-west1

Location: europe-west1
Job ID: airflow_ecommerce_etl_v2_gold_layer_load_dim_browser_2026_02_08T02_00_00_00_00_2c74502a354c3a97da785b81060cb911

[2026-02-09T02:37:33.409+0000] {taskinstance.py:1138} INFO - Marking task as UP_FOR_RETRY. dag_id=ecommerce_etl_v2, task_id=gold_layer.load_dim_browser, execution_date=20260208T020000, start_date=20260209T023732, end_date=20260209T023733
[2026-02-09T02:37:33.416+0000] {standard_task_runner.py:107} ERROR - Failed to execute job 1434 for task gold_layer.load_dim_browser (404 Not found: Table prism-486509:bronze.events was not found in location europe-west1; reason: notFound, message: Not found: Table prism-486509:bronze.events was not found in location europe-west1

Location: europe-west1
Job ID: airflow_ecommerce_etl_v2_gold_layer_load_dim_browser_2026_02_08T02_00_00_00_00_2c74502a354c3a97da785b81060cb911
; 8864)
[2026-02-09T02:37:33.463+0000] {local_task_job_runner.py:234} INFO - Task exited with return code 1
[2026-02-09T02:37:33.497+0000] {taskinstance.py:3280} INFO - 0 downstream tasks scheduled from follow-on schedule check
[2026-02-09T09:47:44.454+0000] {taskinstance.py:1956} INFO - Dependencies all met for dep_context=non-requeueable deps ti=<TaskInstance: ecommerce_etl_v2.gold_layer.load_dim_browser scheduled__2026-02-08T02:00:00+00:00 [queued]>
[2026-02-09T09:47:44.464+0000] {taskinstance.py:1956} INFO - Dependencies all met for dep_context=requeueable deps ti=<TaskInstance: ecommerce_etl_v2.gold_layer.load_dim_browser scheduled__2026-02-08T02:00:00+00:00 [queued]>
[2026-02-09T09:47:44.464+0000] {taskinstance.py:2170} INFO - Starting attempt 2 of 3
[2026-02-09T09:47:44.475+0000] {taskinstance.py:2191} INFO - Executing <Task(BigQueryInsertJobOperator): gold_layer.load_dim_browser> on 2026-02-08 02:00:00+00:00
[2026-02-09T09:47:44.479+0000] {standard_task_runner.py:60} INFO - Started process 19943 to run task
[2026-02-09T09:47:44.482+0000] {standard_task_runner.py:87} INFO - Running: ['***', 'tasks', 'run', 'ecommerce_etl_v2', 'gold_layer.load_dim_browser', 'scheduled__2026-02-08T02:00:00+00:00', '--job-id', '1639', '--raw', '--subdir', 'DAGS_FOLDER/etl_dag.py', '--cfg-path', '/tmp/tmp87lifi6j']
[2026-02-09T09:47:44.484+0000] {standard_task_runner.py:88} INFO - Job 1639: Subtask gold_layer.load_dim_browser
[2026-02-09T09:47:44.518+0000] {task_command.py:423} INFO - Running <TaskInstance: ecommerce_etl_v2.gold_layer.load_dim_browser scheduled__2026-02-08T02:00:00+00:00 [running]> on host 707cd2e8ef6b
[2026-02-09T09:47:44.569+0000] {taskinstance.py:2480} INFO - Exporting env vars: AIRFLOW_CTX_DAG_EMAIL='data-team@company.com' AIRFLOW_CTX_DAG_OWNER='data_engineering' AIRFLOW_CTX_DAG_ID='ecommerce_etl_v2' AIRFLOW_CTX_TASK_ID='gold_layer.load_dim_browser' AIRFLOW_CTX_EXECUTION_DATE='2026-02-08T02:00:00+00:00' AIRFLOW_CTX_TRY_NUMBER='2' AIRFLOW_CTX_DAG_RUN_ID='scheduled__2026-02-08T02:00:00+00:00'
[2026-02-09T09:47:44.575+0000] {connection.py:234} WARNING - Connection schemes (type: google_cloud_platform) shall not contain '_' according to RFC3986.
[2026-02-09T09:47:44.575+0000] {base.py:83} INFO - Using connection ID 'google_cloud_default' for task execution.
[2026-02-09T09:47:44.576+0000] {credentials_provider.py:353} INFO - Getting connection using `google.auth.default()` since no explicit credentials are provided.
[2026-02-09T09:47:44.617+0000] {bigquery.py:2807} INFO - Executing: {'query': {'query': '-- Just the SELECT part, destination set in job config\nSELECT\n    GENERATE_UUID() AS browser_key,\n    browser AS browser_name\nFROM (\n    SELECT DISTINCT browser\n    FROM bronze.events\n) AS distinct_browsers', 'useLegacySql': False, 'queryParameters': [{'name': 'run_date', 'parameterType': {'type': 'DATE'}, 'parameterValue': {'value': '2026-02-08'}}]}}'
[2026-02-09T09:47:44.618+0000] {bigquery.py:1596} INFO - Inserting job ***_ecommerce_etl_v2_gold_layer_load_dim_browser_2026_02_08T02_00_00_00_00_385a3bffd60978ee9a851df10471441d
[2026-02-09T09:47:45.012+0000] {taskinstance.py:2698} ERROR - Task failed with exception
Traceback (most recent call last):
  File "/home/airflow/.local/lib/python3.8/site-packages/airflow/models/taskinstance.py", line 433, in _execute_task
    result = execute_callable(context=context, **execute_callable_kwargs)
  File "/home/airflow/.local/lib/python3.8/site-packages/airflow/providers/google/cloud/operators/bigquery.py", line 2864, in execute
    job.result(timeout=self.result_timeout, retry=self.result_retry)
  File "/home/airflow/.local/lib/python3.8/site-packages/google/cloud/bigquery/job/query.py", line 1595, in result
    do_get_result()
  File "/home/airflow/.local/lib/python3.8/site-packages/google/cloud/bigquery/job/query.py", line 1584, in do_get_result
    super(QueryJob, self).result(retry=retry, timeout=timeout)
  File "/home/airflow/.local/lib/python3.8/site-packages/google/cloud/bigquery/job/base.py", line 971, in result
    return super(_AsyncJob, self).result(timeout=timeout, **kwargs)
  File "/home/airflow/.local/lib/python3.8/site-packages/google/api_core/future/polling.py", line 261, in result
    raise self._exception
google.api_core.exceptions.NotFound: 404 Not found: Dataset prism-486509:bronze was not found in location europe-west1; reason: notFound, message: Not found: Dataset prism-486509:bronze was not found in location europe-west1

Location: europe-west1
Job ID: airflow_ecommerce_etl_v2_gold_layer_load_dim_browser_2026_02_08T02_00_00_00_00_385a3bffd60978ee9a851df10471441d

[2026-02-09T09:47:45.017+0000] {taskinstance.py:1138} INFO - Marking task as UP_FOR_RETRY. dag_id=ecommerce_etl_v2, task_id=gold_layer.load_dim_browser, execution_date=20260208T020000, start_date=20260209T094744, end_date=20260209T094745
[2026-02-09T09:47:45.033+0000] {standard_task_runner.py:107} ERROR - Failed to execute job 1639 for task gold_layer.load_dim_browser (404 Not found: Dataset prism-486509:bronze was not found in location europe-west1; reason: notFound, message: Not found: Dataset prism-486509:bronze was not found in location europe-west1

Location: europe-west1
Job ID: airflow_ecommerce_etl_v2_gold_layer_load_dim_browser_2026_02_08T02_00_00_00_00_385a3bffd60978ee9a851df10471441d
; 19943)
[2026-02-09T09:47:45.074+0000] {local_task_job_runner.py:234} INFO - Task exited with return code 1
[2026-02-09T09:47:45.127+0000] {taskinstance.py:3280} INFO - 0 downstream tasks scheduled from follow-on schedule check
[2026-02-09T10:08:28.888+0000] {taskinstance.py:1956} INFO - Dependencies all met for dep_context=non-requeueable deps ti=<TaskInstance: ecommerce_etl_v2.gold_layer.load_dim_browser scheduled__2026-02-08T02:00:00+00:00 [queued]>
[2026-02-09T10:08:28.894+0000] {taskinstance.py:1956} INFO - Dependencies all met for dep_context=requeueable deps ti=<TaskInstance: ecommerce_etl_v2.gold_layer.load_dim_browser scheduled__2026-02-08T02:00:00+00:00 [queued]>
[2026-02-09T10:08:28.895+0000] {taskinstance.py:2170} INFO - Starting attempt 2 of 3
[2026-02-09T10:08:28.903+0000] {taskinstance.py:2191} INFO - Executing <Task(BigQueryInsertJobOperator): gold_layer.load_dim_browser> on 2026-02-08 02:00:00+00:00
[2026-02-09T10:08:28.908+0000] {standard_task_runner.py:60} INFO - Started process 24451 to run task
[2026-02-09T10:08:28.913+0000] {standard_task_runner.py:87} INFO - Running: ['***', 'tasks', 'run', 'ecommerce_etl_v2', 'gold_layer.load_dim_browser', 'scheduled__2026-02-08T02:00:00+00:00', '--job-id', '1750', '--raw', '--subdir', 'DAGS_FOLDER/etl_dag.py', '--cfg-path', '/tmp/tmpo38j40xv']
[2026-02-09T10:08:28.915+0000] {standard_task_runner.py:88} INFO - Job 1750: Subtask gold_layer.load_dim_browser
[2026-02-09T10:08:28.951+0000] {task_command.py:423} INFO - Running <TaskInstance: ecommerce_etl_v2.gold_layer.load_dim_browser scheduled__2026-02-08T02:00:00+00:00 [running]> on host 707cd2e8ef6b
[2026-02-09T10:08:29.003+0000] {taskinstance.py:2480} INFO - Exporting env vars: AIRFLOW_CTX_DAG_EMAIL='data-team@company.com' AIRFLOW_CTX_DAG_OWNER='data_engineering' AIRFLOW_CTX_DAG_ID='ecommerce_etl_v2' AIRFLOW_CTX_TASK_ID='gold_layer.load_dim_browser' AIRFLOW_CTX_EXECUTION_DATE='2026-02-08T02:00:00+00:00' AIRFLOW_CTX_TRY_NUMBER='2' AIRFLOW_CTX_DAG_RUN_ID='scheduled__2026-02-08T02:00:00+00:00'
[2026-02-09T10:08:29.010+0000] {connection.py:234} WARNING - Connection schemes (type: google_cloud_platform) shall not contain '_' according to RFC3986.
[2026-02-09T10:08:29.010+0000] {base.py:83} INFO - Using connection ID 'google_cloud_default' for task execution.
[2026-02-09T10:08:29.011+0000] {credentials_provider.py:353} INFO - Getting connection using `google.auth.default()` since no explicit credentials are provided.
[2026-02-09T10:08:29.054+0000] {bigquery.py:2807} INFO - Executing: {'query': {'query': '-- Just the SELECT part, destination set in job config\nSELECT\n    GENERATE_UUID() AS browser_key,\n    browser AS browser_name\nFROM (\n    SELECT DISTINCT browser\n    FROM bronze.events\n) AS distinct_browsers', 'useLegacySql': False, 'queryParameters': [{'name': 'run_date', 'parameterType': {'type': 'DATE'}, 'parameterValue': {'value': '2026-02-08'}}]}}'
[2026-02-09T10:08:29.054+0000] {bigquery.py:1596} INFO - Inserting job ***_ecommerce_etl_v2_gold_layer_load_dim_browser_2026_02_08T02_00_00_00_00_157a019b50a41b22ccb857d301500406
[2026-02-09T10:08:29.873+0000] {taskinstance.py:1138} INFO - Marking task as SUCCESS. dag_id=ecommerce_etl_v2, task_id=gold_layer.load_dim_browser, execution_date=20260208T020000, start_date=20260209T100828, end_date=20260209T100829
[2026-02-09T10:08:29.890+0000] {local_task_job_runner.py:234} INFO - Task exited with return code 0
[2026-02-09T10:08:29.908+0000] {taskinstance.py:3280} INFO - 0 downstream tasks scheduled from follow-on schedule check
