[2026-02-09T01:30:56.772+0000] {taskinstance.py:1956} INFO - Dependencies all met for dep_context=non-requeueable deps ti=<TaskInstance: ecommerce_etl_v2.bronze_layer.check_products_loaded manual__2026-02-09T01:10:13.959737+00:00 [queued]>
[2026-02-09T01:30:56.779+0000] {taskinstance.py:1956} INFO - Dependencies all met for dep_context=requeueable deps ti=<TaskInstance: ecommerce_etl_v2.bronze_layer.check_products_loaded manual__2026-02-09T01:10:13.959737+00:00 [queued]>
[2026-02-09T01:30:56.779+0000] {taskinstance.py:2170} INFO - Starting attempt 2 of 4
[2026-02-09T01:30:56.786+0000] {taskinstance.py:2191} INFO - Executing <Task(BigQueryCheckOperator): bronze_layer.check_products_loaded> on 2026-02-09 01:10:13.959737+00:00
[2026-02-09T01:30:56.790+0000] {standard_task_runner.py:60} INFO - Started process 40658 to run task
[2026-02-09T01:30:56.792+0000] {standard_task_runner.py:87} INFO - Running: ['***', 'tasks', 'run', 'ecommerce_etl_v2', 'bronze_layer.check_products_loaded', 'manual__2026-02-09T01:10:13.959737+00:00', '--job-id', '1216', '--raw', '--subdir', 'DAGS_FOLDER/etl_dag.py', '--cfg-path', '/tmp/tmp0jfnz_ar']
[2026-02-09T01:30:56.793+0000] {standard_task_runner.py:88} INFO - Job 1216: Subtask bronze_layer.check_products_loaded
[2026-02-09T01:30:56.822+0000] {task_command.py:423} INFO - Running <TaskInstance: ecommerce_etl_v2.bronze_layer.check_products_loaded manual__2026-02-09T01:10:13.959737+00:00 [running]> on host 52b3fbe2fc57
[2026-02-09T01:30:56.874+0000] {taskinstance.py:2480} INFO - Exporting env vars: AIRFLOW_CTX_DAG_EMAIL='data-team@company.com' AIRFLOW_CTX_DAG_OWNER='data_engineering' AIRFLOW_CTX_DAG_ID='ecommerce_etl_v2' AIRFLOW_CTX_TASK_ID='bronze_layer.check_products_loaded' AIRFLOW_CTX_EXECUTION_DATE='2026-02-09T01:10:13.959737+00:00' AIRFLOW_CTX_TRY_NUMBER='2' AIRFLOW_CTX_DAG_RUN_ID='manual__2026-02-09T01:10:13.959737+00:00'
[2026-02-09T01:30:56.876+0000] {sql.py:785} INFO - Executing SQL check: 
                    SELECT COUNT(*) > 0
                    FROM `prism-486509.bronze.products`
                
[2026-02-09T01:30:56.880+0000] {connection.py:234} WARNING - Connection schemes (type: google_cloud_platform) shall not contain '_' according to RFC3986.
[2026-02-09T01:30:56.881+0000] {base.py:83} INFO - Using connection ID 'google_cloud_default' for task execution.
[2026-02-09T01:30:56.881+0000] {credentials_provider.py:353} INFO - Getting connection using `google.auth.default()` since no explicit credentials are provided.
[2026-02-09T01:30:56.933+0000] {sql.py:450} INFO - Running statement: 
                    SELECT COUNT(*) > 0
                    FROM `prism-486509.bronze.products`
                , parameters: None
[2026-02-09T01:30:56.934+0000] {bigquery.py:1596} INFO - Inserting job ***_1770600656934315_d98ce9b61bb274fd6be9b086a248981e
[2026-02-09T01:30:57.929+0000] {sql.py:788} INFO - Record: [True]
[2026-02-09T01:30:57.929+0000] {sql.py:796} INFO - Success.
[2026-02-09T01:30:57.940+0000] {taskinstance.py:1138} INFO - Marking task as SUCCESS. dag_id=ecommerce_etl_v2, task_id=bronze_layer.check_products_loaded, execution_date=20260209T011013, start_date=20260209T013056, end_date=20260209T013057
[2026-02-09T01:30:57.964+0000] {local_task_job_runner.py:234} INFO - Task exited with return code 0
[2026-02-09T01:30:57.975+0000] {taskinstance.py:3280} INFO - 0 downstream tasks scheduled from follow-on schedule check
