[2026-02-09T01:42:41.408+0000] {taskinstance.py:1956} INFO - Dependencies all met for dep_context=non-requeueable deps ti=<TaskInstance: ecommerce_etl_v2.gold_layer.load_dim_order_status manual__2026-02-09T01:10:13.959737+00:00 [queued]>
[2026-02-09T01:42:41.413+0000] {taskinstance.py:1956} INFO - Dependencies all met for dep_context=requeueable deps ti=<TaskInstance: ecommerce_etl_v2.gold_layer.load_dim_order_status manual__2026-02-09T01:10:13.959737+00:00 [queued]>
[2026-02-09T01:42:41.414+0000] {taskinstance.py:2170} INFO - Starting attempt 5 of 6
[2026-02-09T01:42:41.423+0000] {taskinstance.py:2191} INFO - Executing <Task(BigQueryInsertJobOperator): gold_layer.load_dim_order_status> on 2026-02-09 01:10:13.959737+00:00
[2026-02-09T01:42:41.429+0000] {standard_task_runner.py:60} INFO - Started process 42917 to run task
[2026-02-09T01:42:41.432+0000] {standard_task_runner.py:87} INFO - Running: ['***', 'tasks', 'run', 'ecommerce_etl_v2', 'gold_layer.load_dim_order_status', 'manual__2026-02-09T01:10:13.959737+00:00', '--job-id', '1263', '--raw', '--subdir', 'DAGS_FOLDER/etl_dag.py', '--cfg-path', '/tmp/tmper20c4e3']
[2026-02-09T01:42:41.434+0000] {standard_task_runner.py:88} INFO - Job 1263: Subtask gold_layer.load_dim_order_status
[2026-02-09T01:42:41.465+0000] {task_command.py:423} INFO - Running <TaskInstance: ecommerce_etl_v2.gold_layer.load_dim_order_status manual__2026-02-09T01:10:13.959737+00:00 [running]> on host 52b3fbe2fc57
[2026-02-09T01:42:41.514+0000] {taskinstance.py:2480} INFO - Exporting env vars: AIRFLOW_CTX_DAG_EMAIL='data-team@company.com' AIRFLOW_CTX_DAG_OWNER='data_engineering' AIRFLOW_CTX_DAG_ID='ecommerce_etl_v2' AIRFLOW_CTX_TASK_ID='gold_layer.load_dim_order_status' AIRFLOW_CTX_EXECUTION_DATE='2026-02-09T01:10:13.959737+00:00' AIRFLOW_CTX_TRY_NUMBER='5' AIRFLOW_CTX_DAG_RUN_ID='manual__2026-02-09T01:10:13.959737+00:00'
[2026-02-09T01:42:41.520+0000] {connection.py:234} WARNING - Connection schemes (type: google_cloud_platform) shall not contain '_' according to RFC3986.
[2026-02-09T01:42:41.521+0000] {base.py:83} INFO - Using connection ID 'google_cloud_default' for task execution.
[2026-02-09T01:42:41.521+0000] {credentials_provider.py:353} INFO - Getting connection using `google.auth.default()` since no explicit credentials are provided.
[2026-02-09T01:42:41.564+0000] {bigquery.py:2807} INFO - Executing: {'query': {'query': 'SELECT\n    GENERATE_UUID() AS order_status_key,   -- UUID surrogate key\n    order_status          -- natural/business key      -- attribute\n    status_description            -- attribute\nFROM (\n    SELECT DISTINCT \n        status, \n    FROM silver.order_items   -- source table with order status\n) AS distinct_statuses;', 'useLegacySql': False, 'queryParameters': [{'name': 'run_date', 'parameterType': {'type': 'DATE'}, 'parameterValue': {'value': '2026-02-09'}}]}}'
[2026-02-09T01:42:41.564+0000] {bigquery.py:1596} INFO - Inserting job ***_ecommerce_etl_v2_gold_layer_load_dim_order_status_2026_02_09T01_10_13_959737_00_00_2a8c1c08dc6543777fa058337ef309b1
[2026-02-09T01:42:41.936+0000] {taskinstance.py:2698} ERROR - Task failed with exception
Traceback (most recent call last):
  File "/home/airflow/.local/lib/python3.8/site-packages/airflow/models/taskinstance.py", line 433, in _execute_task
    result = execute_callable(context=context, **execute_callable_kwargs)
  File "/home/airflow/.local/lib/python3.8/site-packages/airflow/providers/google/cloud/operators/bigquery.py", line 2864, in execute
    job.result(timeout=self.result_timeout, retry=self.result_retry)
  File "/home/airflow/.local/lib/python3.8/site-packages/google/cloud/bigquery/job/query.py", line 1595, in result
    do_get_result()
  File "/home/airflow/.local/lib/python3.8/site-packages/google/cloud/bigquery/job/query.py", line 1584, in do_get_result
    super(QueryJob, self).result(retry=retry, timeout=timeout)
  File "/home/airflow/.local/lib/python3.8/site-packages/google/cloud/bigquery/job/base.py", line 971, in result
    return super(_AsyncJob, self).result(timeout=timeout, **kwargs)
  File "/home/airflow/.local/lib/python3.8/site-packages/google/api_core/future/polling.py", line 261, in result
    raise self._exception
google.api_core.exceptions.BadRequest: 400 Unrecognized name: status at [7:9]; reason: invalidQuery, location: query, message: Unrecognized name: status at [7:9]

Location: europe-west1
Job ID: airflow_ecommerce_etl_v2_gold_layer_load_dim_order_status_2026_02_09T01_10_13_959737_00_00_2a8c1c08dc6543777fa058337ef309b1

[2026-02-09T01:42:41.941+0000] {taskinstance.py:1138} INFO - Marking task as UP_FOR_RETRY. dag_id=ecommerce_etl_v2, task_id=gold_layer.load_dim_order_status, execution_date=20260209T011013, start_date=20260209T014241, end_date=20260209T014241
[2026-02-09T01:42:41.948+0000] {standard_task_runner.py:107} ERROR - Failed to execute job 1263 for task gold_layer.load_dim_order_status (400 Unrecognized name: status at [7:9]; reason: invalidQuery, location: query, message: Unrecognized name: status at [7:9]

Location: europe-west1
Job ID: airflow_ecommerce_etl_v2_gold_layer_load_dim_order_status_2026_02_09T01_10_13_959737_00_00_2a8c1c08dc6543777fa058337ef309b1
; 42917)
[2026-02-09T01:42:41.987+0000] {local_task_job_runner.py:234} INFO - Task exited with return code 1
[2026-02-09T01:42:42.007+0000] {taskinstance.py:3280} INFO - 0 downstream tasks scheduled from follow-on schedule check
