[2026-02-10T09:26:38.532+0000] {taskinstance.py:1956} INFO - Dependencies all met for dep_context=non-requeueable deps ti=<TaskInstance: ecommerce_etl_v2.data_quality.check_fact_orders_integrity manual__2026-02-10T09:15:54.717141+00:00 [queued]>
[2026-02-10T09:26:38.539+0000] {taskinstance.py:1956} INFO - Dependencies all met for dep_context=requeueable deps ti=<TaskInstance: ecommerce_etl_v2.data_quality.check_fact_orders_integrity manual__2026-02-10T09:15:54.717141+00:00 [queued]>
[2026-02-10T09:26:38.539+0000] {taskinstance.py:2170} INFO - Starting attempt 1 of 3
[2026-02-10T09:26:38.546+0000] {taskinstance.py:2191} INFO - Executing <Task(BigQueryCheckOperator): data_quality.check_fact_orders_integrity> on 2026-02-10 09:15:54.717141+00:00
[2026-02-10T09:26:38.551+0000] {standard_task_runner.py:60} INFO - Started process 36370 to run task
[2026-02-10T09:26:38.557+0000] {standard_task_runner.py:87} INFO - Running: ['***', 'tasks', 'run', 'ecommerce_etl_v2', 'data_quality.check_fact_orders_integrity', 'manual__2026-02-10T09:15:54.717141+00:00', '--job-id', '966', '--raw', '--subdir', 'DAGS_FOLDER/etl_dag.py', '--cfg-path', '/tmp/tmpky2v4_0c']
[2026-02-10T09:26:38.559+0000] {standard_task_runner.py:88} INFO - Job 966: Subtask data_quality.check_fact_orders_integrity
[2026-02-10T09:26:38.590+0000] {task_command.py:423} INFO - Running <TaskInstance: ecommerce_etl_v2.data_quality.check_fact_orders_integrity manual__2026-02-10T09:15:54.717141+00:00 [running]> on host 8e292c18926b
[2026-02-10T09:26:38.634+0000] {taskinstance.py:2480} INFO - Exporting env vars: AIRFLOW_CTX_DAG_EMAIL='data-team@company.com' AIRFLOW_CTX_DAG_OWNER='data_engineering' AIRFLOW_CTX_DAG_ID='ecommerce_etl_v2' AIRFLOW_CTX_TASK_ID='data_quality.check_fact_orders_integrity' AIRFLOW_CTX_EXECUTION_DATE='2026-02-10T09:15:54.717141+00:00' AIRFLOW_CTX_TRY_NUMBER='1' AIRFLOW_CTX_DAG_RUN_ID='manual__2026-02-10T09:15:54.717141+00:00'
[2026-02-10T09:26:38.635+0000] {sql.py:785} INFO - Executing SQL check: 
                SELECT COUNT(*) = 0
                FROM prism-486509.gold.fact_order_items f
                LEFT JOIN prism-486509.gold.dim_users u
                ON f.user_key = u.user_key
                WHERE f.run_date = DATE('2026-02-10')
                AND f.user_key IS NOT NULL
                AND u.user_key IS NULL
            
[2026-02-10T09:26:38.640+0000] {connection.py:234} WARNING - Connection schemes (type: google_cloud_platform) shall not contain '_' according to RFC3986.
[2026-02-10T09:26:38.641+0000] {base.py:83} INFO - Using connection ID 'google_cloud_default' for task execution.
[2026-02-10T09:26:38.642+0000] {credentials_provider.py:353} INFO - Getting connection using `google.auth.default()` since no explicit credentials are provided.
[2026-02-10T09:26:38.688+0000] {sql.py:450} INFO - Running statement: 
                SELECT COUNT(*) = 0
                FROM prism-486509.gold.fact_order_items f
                LEFT JOIN prism-486509.gold.dim_users u
                ON f.user_key = u.user_key
                WHERE f.run_date = DATE('2026-02-10')
                AND f.user_key IS NOT NULL
                AND u.user_key IS NULL
            , parameters: None
[2026-02-10T09:26:38.689+0000] {bigquery.py:1596} INFO - Inserting job ***_1770715598688616_4ddda37c44ca699a9f9e2a3ad703f3c1
[2026-02-10T09:26:39.127+0000] {taskinstance.py:2698} ERROR - Task failed with exception
Traceback (most recent call last):
  File "/home/airflow/.local/lib/python3.8/site-packages/airflow/models/taskinstance.py", line 433, in _execute_task
    result = execute_callable(context=context, **execute_callable_kwargs)
  File "/home/airflow/.local/lib/python3.8/site-packages/airflow/providers/google/cloud/operators/bigquery.py", line 300, in execute
    super().execute(context=context)
  File "/home/airflow/.local/lib/python3.8/site-packages/airflow/providers/common/sql/operators/sql.py", line 786, in execute
    records = self.get_db_hook().get_first(self.sql, self.parameters)
  File "/home/airflow/.local/lib/python3.8/site-packages/airflow/providers/common/sql/hooks/sql.py", line 270, in get_first
    return self.run(sql=sql, parameters=parameters, handler=fetch_one_handler)
  File "/home/airflow/.local/lib/python3.8/site-packages/airflow/providers/common/sql/hooks/sql.py", line 398, in run
    self._run_command(cur, sql_statement, parameters)
  File "/home/airflow/.local/lib/python3.8/site-packages/airflow/providers/common/sql/hooks/sql.py", line 455, in _run_command
    cur.execute(sql_statement)
  File "/home/airflow/.local/lib/python3.8/site-packages/airflow/providers/google/cloud/hooks/bigquery.py", line 2779, in execute
    self.job_id = self._run_query(sql)
  File "/home/airflow/.local/lib/python3.8/site-packages/airflow/providers/google/cloud/hooks/bigquery.py", line 2927, in _run_query
    job = self.hook.insert_job(configuration=configuration, project_id=self.project_id, location=location)
  File "/home/airflow/.local/lib/python3.8/site-packages/airflow/providers/google/common/hooks/base_google.py", line 477, in inner_wrapper
    return func(self, *args, **kwargs)
  File "/home/airflow/.local/lib/python3.8/site-packages/airflow/providers/google/cloud/hooks/bigquery.py", line 1602, in insert_job
    job_api_repr.result(timeout=timeout, retry=retry)
  File "/home/airflow/.local/lib/python3.8/site-packages/google/cloud/bigquery/job/query.py", line 1595, in result
    do_get_result()
  File "/home/airflow/.local/lib/python3.8/site-packages/google/cloud/bigquery/job/query.py", line 1584, in do_get_result
    super(QueryJob, self).result(retry=retry, timeout=timeout)
  File "/home/airflow/.local/lib/python3.8/site-packages/google/cloud/bigquery/job/base.py", line 971, in result
    return super(_AsyncJob, self).result(timeout=timeout, **kwargs)
  File "/home/airflow/.local/lib/python3.8/site-packages/google/api_core/future/polling.py", line 261, in result
    raise self._exception
google.api_core.exceptions.BadRequest: 400 Name run_date not found inside f at [6:25]; reason: invalidQuery, location: query, message: Name run_date not found inside f at [6:25]

Location: europe-west1
Job ID: airflow_1770715598688616_4ddda37c44ca699a9f9e2a3ad703f3c1

[2026-02-10T09:26:39.139+0000] {taskinstance.py:1138} INFO - Marking task as UP_FOR_RETRY. dag_id=ecommerce_etl_v2, task_id=data_quality.check_fact_orders_integrity, execution_date=20260210T091554, start_date=20260210T092638, end_date=20260210T092639
[2026-02-10T09:26:39.148+0000] {standard_task_runner.py:107} ERROR - Failed to execute job 966 for task data_quality.check_fact_orders_integrity (400 Name run_date not found inside f at [6:25]; reason: invalidQuery, location: query, message: Name run_date not found inside f at [6:25]

Location: europe-west1
Job ID: airflow_1770715598688616_4ddda37c44ca699a9f9e2a3ad703f3c1
; 36370)
[2026-02-10T09:26:39.195+0000] {local_task_job_runner.py:234} INFO - Task exited with return code 1
[2026-02-10T09:26:39.207+0000] {taskinstance.py:3280} INFO - 0 downstream tasks scheduled from follow-on schedule check
