[2026-02-08T21:24:34.552+0000] {taskinstance.py:1956} INFO - Dependencies all met for dep_context=non-requeueable deps ti=<TaskInstance: ecommerce_etl_v2.bronze_layer.check_products_loaded manual__2026-02-08T21:20:46.594857+00:00 [queued]>
[2026-02-08T21:24:34.560+0000] {taskinstance.py:1956} INFO - Dependencies all met for dep_context=requeueable deps ti=<TaskInstance: ecommerce_etl_v2.bronze_layer.check_products_loaded manual__2026-02-08T21:20:46.594857+00:00 [queued]>
[2026-02-08T21:24:34.560+0000] {taskinstance.py:2170} INFO - Starting attempt 1 of 3
[2026-02-08T21:24:34.567+0000] {taskinstance.py:2191} INFO - Executing <Task(BigQueryCheckOperator): bronze_layer.check_products_loaded> on 2026-02-08 21:20:46.594857+00:00
[2026-02-08T21:24:34.570+0000] {standard_task_runner.py:60} INFO - Started process 14352 to run task
[2026-02-08T21:24:34.572+0000] {standard_task_runner.py:87} INFO - Running: ['***', 'tasks', 'run', 'ecommerce_etl_v2', 'bronze_layer.check_products_loaded', 'manual__2026-02-08T21:20:46.594857+00:00', '--job-id', '856', '--raw', '--subdir', 'DAGS_FOLDER/etl_dag.py', '--cfg-path', '/tmp/tmpi1ks1uvz']
[2026-02-08T21:24:34.574+0000] {standard_task_runner.py:88} INFO - Job 856: Subtask bronze_layer.check_products_loaded
[2026-02-08T21:24:34.600+0000] {task_command.py:423} INFO - Running <TaskInstance: ecommerce_etl_v2.bronze_layer.check_products_loaded manual__2026-02-08T21:20:46.594857+00:00 [running]> on host 52b3fbe2fc57
[2026-02-08T21:24:34.638+0000] {taskinstance.py:2480} INFO - Exporting env vars: AIRFLOW_CTX_DAG_EMAIL='data-team@company.com' AIRFLOW_CTX_DAG_OWNER='data_engineering' AIRFLOW_CTX_DAG_ID='ecommerce_etl_v2' AIRFLOW_CTX_TASK_ID='bronze_layer.check_products_loaded' AIRFLOW_CTX_EXECUTION_DATE='2026-02-08T21:20:46.594857+00:00' AIRFLOW_CTX_TRY_NUMBER='1' AIRFLOW_CTX_DAG_RUN_ID='manual__2026-02-08T21:20:46.594857+00:00'
[2026-02-08T21:24:34.640+0000] {sql.py:785} INFO - Executing SQL check: 
                    SELECT COUNT(*) > 0
                    FROM `prism-486509.bronze.products`
                
[2026-02-08T21:24:34.646+0000] {connection.py:234} WARNING - Connection schemes (type: google_cloud_platform) shall not contain '_' according to RFC3986.
[2026-02-08T21:24:34.647+0000] {base.py:83} INFO - Using connection ID 'google_cloud_default' for task execution.
[2026-02-08T21:24:34.648+0000] {credentials_provider.py:353} INFO - Getting connection using `google.auth.default()` since no explicit credentials are provided.
[2026-02-08T21:24:34.692+0000] {sql.py:450} INFO - Running statement: 
                    SELECT COUNT(*) > 0
                    FROM `prism-486509.bronze.products`
                , parameters: None
[2026-02-08T21:24:34.693+0000] {bigquery.py:1596} INFO - Inserting job ***_1770585874692862_d98ce9b61bb274fd6be9b086a248981e
[2026-02-08T21:24:35.608+0000] {sql.py:788} INFO - Record: [True]
[2026-02-08T21:24:35.609+0000] {sql.py:796} INFO - Success.
[2026-02-08T21:24:35.615+0000] {taskinstance.py:1138} INFO - Marking task as SUCCESS. dag_id=ecommerce_etl_v2, task_id=bronze_layer.check_products_loaded, execution_date=20260208T212046, start_date=20260208T212434, end_date=20260208T212435
[2026-02-08T21:24:35.627+0000] {local_task_job_runner.py:234} INFO - Task exited with return code 0
[2026-02-08T21:24:35.644+0000] {taskinstance.py:3280} INFO - 1 downstream tasks scheduled from follow-on schedule check
