[2026-02-20T00:31:32.588+0000] {processor.py:161} INFO - Started process (PID=78813) to work on /opt/airflow/dags/etl_dag.py
[2026-02-20T00:31:32.588+0000] {processor.py:830} INFO - Processing file /opt/airflow/dags/etl_dag.py for tasks to queue
[2026-02-20T00:31:32.589+0000] {logging_mixin.py:188} INFO - [2026-02-20T00:31:32.589+0000] {dagbag.py:538} INFO - Filling up the DagBag from /opt/airflow/dags/etl_dag.py
[2026-02-20T00:31:32.627+0000] {logging_mixin.py:188} INFO - Warning: Your Kaggle API key is readable by other users on this system! To fix this, you can run 'chmod 600 /home/airflow/.kaggle/kaggle.json'
[2026-02-20T00:31:32.687+0000] {logging_mixin.py:188} WARNING - /home/airflow/.local/lib/python3.8/site-packages/airflow/models/baseoperator.py:437 AirflowProviderDeprecationWarning: `exists_ok` parameter is deprecated, please use `if_exists`
[2026-02-20T00:31:32.699+0000] {processor.py:840} INFO - DAG(s) 'ecommerce_etl_v2' retrieved from /opt/airflow/dags/etl_dag.py
[2026-02-20T00:31:32.718+0000] {logging_mixin.py:188} INFO - [2026-02-20T00:31:32.718+0000] {dag.py:3036} INFO - Sync 1 DAGs
[2026-02-20T00:31:32.728+0000] {logging_mixin.py:188} INFO - [2026-02-20T00:31:32.728+0000] {dag.py:3823} INFO - Setting next_dagrun for ecommerce_etl_v2 to 2026-02-19 13:00:00+00:00, run_after=2026-02-20 13:00:00+00:00
[2026-02-20T00:31:32.736+0000] {processor.py:183} INFO - Processing /opt/airflow/dags/etl_dag.py took 0.150 seconds
[2026-02-20T00:50:03.989+0000] {processor.py:161} INFO - Started process (PID=78845) to work on /opt/airflow/dags/etl_dag.py
[2026-02-20T00:50:03.989+0000] {processor.py:830} INFO - Processing file /opt/airflow/dags/etl_dag.py for tasks to queue
[2026-02-20T00:50:03.990+0000] {logging_mixin.py:188} INFO - [2026-02-20T00:50:03.990+0000] {dagbag.py:538} INFO - Filling up the DagBag from /opt/airflow/dags/etl_dag.py
[2026-02-20T00:50:04.031+0000] {logging_mixin.py:188} INFO - Warning: Your Kaggle API key is readable by other users on this system! To fix this, you can run 'chmod 600 /home/airflow/.kaggle/kaggle.json'
[2026-02-20T00:50:04.102+0000] {logging_mixin.py:188} WARNING - /home/airflow/.local/lib/python3.8/site-packages/airflow/models/baseoperator.py:437 AirflowProviderDeprecationWarning: `exists_ok` parameter is deprecated, please use `if_exists`
[2026-02-20T00:50:04.115+0000] {processor.py:840} INFO - DAG(s) 'ecommerce_etl_v2' retrieved from /opt/airflow/dags/etl_dag.py
[2026-02-20T00:50:04.140+0000] {logging_mixin.py:188} INFO - [2026-02-20T00:50:04.140+0000] {dag.py:3036} INFO - Sync 1 DAGs
[2026-02-20T00:50:04.156+0000] {logging_mixin.py:188} INFO - [2026-02-20T00:50:04.155+0000] {dag.py:3823} INFO - Setting next_dagrun for ecommerce_etl_v2 to 2026-02-19 13:00:00+00:00, run_after=2026-02-20 13:00:00+00:00
[2026-02-20T00:50:04.170+0000] {processor.py:183} INFO - Processing /opt/airflow/dags/etl_dag.py took 0.183 seconds
[2026-02-20T01:20:33.854+0000] {processor.py:161} INFO - Started process (PID=78876) to work on /opt/airflow/dags/etl_dag.py
[2026-02-20T01:20:33.854+0000] {processor.py:830} INFO - Processing file /opt/airflow/dags/etl_dag.py for tasks to queue
[2026-02-20T01:20:33.855+0000] {logging_mixin.py:188} INFO - [2026-02-20T01:20:33.855+0000] {dagbag.py:538} INFO - Filling up the DagBag from /opt/airflow/dags/etl_dag.py
[2026-02-20T01:20:33.902+0000] {logging_mixin.py:188} INFO - Warning: Your Kaggle API key is readable by other users on this system! To fix this, you can run 'chmod 600 /home/airflow/.kaggle/kaggle.json'
[2026-02-20T01:20:33.971+0000] {logging_mixin.py:188} WARNING - /home/airflow/.local/lib/python3.8/site-packages/airflow/models/baseoperator.py:437 AirflowProviderDeprecationWarning: `exists_ok` parameter is deprecated, please use `if_exists`
[2026-02-20T01:20:33.983+0000] {processor.py:840} INFO - DAG(s) 'ecommerce_etl_v2' retrieved from /opt/airflow/dags/etl_dag.py
[2026-02-20T01:20:34.004+0000] {logging_mixin.py:188} INFO - [2026-02-20T01:20:34.004+0000] {dag.py:3036} INFO - Sync 1 DAGs
[2026-02-20T01:20:34.017+0000] {logging_mixin.py:188} INFO - [2026-02-20T01:20:34.017+0000] {dag.py:3823} INFO - Setting next_dagrun for ecommerce_etl_v2 to 2026-02-19 13:00:00+00:00, run_after=2026-02-20 13:00:00+00:00
[2026-02-20T01:20:34.030+0000] {processor.py:183} INFO - Processing /opt/airflow/dags/etl_dag.py took 0.180 seconds
[2026-02-20T01:32:38.951+0000] {processor.py:161} INFO - Started process (PID=78907) to work on /opt/airflow/dags/etl_dag.py
[2026-02-20T01:32:38.952+0000] {processor.py:830} INFO - Processing file /opt/airflow/dags/etl_dag.py for tasks to queue
[2026-02-20T01:32:38.953+0000] {logging_mixin.py:188} INFO - [2026-02-20T01:32:38.952+0000] {dagbag.py:538} INFO - Filling up the DagBag from /opt/airflow/dags/etl_dag.py
[2026-02-20T01:32:39.286+0000] {logging_mixin.py:188} INFO - Warning: Your Kaggle API key is readable by other users on this system! To fix this, you can run 'chmod 600 /home/airflow/.kaggle/kaggle.json'
[2026-02-20T01:32:39.378+0000] {logging_mixin.py:188} WARNING - /home/airflow/.local/lib/python3.8/site-packages/airflow/models/baseoperator.py:437 AirflowProviderDeprecationWarning: `exists_ok` parameter is deprecated, please use `if_exists`
[2026-02-20T01:32:39.396+0000] {processor.py:840} INFO - DAG(s) 'ecommerce_etl_v2' retrieved from /opt/airflow/dags/etl_dag.py
[2026-02-20T01:32:39.432+0000] {logging_mixin.py:188} INFO - [2026-02-20T01:32:39.432+0000] {dag.py:3036} INFO - Sync 1 DAGs
[2026-02-20T01:32:39.446+0000] {logging_mixin.py:188} INFO - [2026-02-20T01:32:39.446+0000] {dag.py:3823} INFO - Setting next_dagrun for ecommerce_etl_v2 to 2026-02-19 13:00:00+00:00, run_after=2026-02-20 13:00:00+00:00
[2026-02-20T01:32:39.459+0000] {processor.py:183} INFO - Processing /opt/airflow/dags/etl_dag.py took 0.511 seconds
[2026-02-20T01:48:35.662+0000] {processor.py:161} INFO - Started process (PID=78938) to work on /opt/airflow/dags/etl_dag.py
[2026-02-20T01:48:35.664+0000] {processor.py:830} INFO - Processing file /opt/airflow/dags/etl_dag.py for tasks to queue
[2026-02-20T01:48:35.664+0000] {logging_mixin.py:188} INFO - [2026-02-20T01:48:35.664+0000] {dagbag.py:538} INFO - Filling up the DagBag from /opt/airflow/dags/etl_dag.py
[2026-02-20T01:48:35.709+0000] {logging_mixin.py:188} INFO - Warning: Your Kaggle API key is readable by other users on this system! To fix this, you can run 'chmod 600 /home/airflow/.kaggle/kaggle.json'
[2026-02-20T01:48:35.772+0000] {logging_mixin.py:188} WARNING - /home/airflow/.local/lib/python3.8/site-packages/airflow/models/baseoperator.py:437 AirflowProviderDeprecationWarning: `exists_ok` parameter is deprecated, please use `if_exists`
[2026-02-20T01:48:35.782+0000] {processor.py:840} INFO - DAG(s) 'ecommerce_etl_v2' retrieved from /opt/airflow/dags/etl_dag.py
[2026-02-20T01:48:35.803+0000] {logging_mixin.py:188} INFO - [2026-02-20T01:48:35.803+0000] {dag.py:3036} INFO - Sync 1 DAGs
[2026-02-20T01:48:35.816+0000] {logging_mixin.py:188} INFO - [2026-02-20T01:48:35.816+0000] {dag.py:3823} INFO - Setting next_dagrun for ecommerce_etl_v2 to 2026-02-19 13:00:00+00:00, run_after=2026-02-20 13:00:00+00:00
[2026-02-20T01:48:35.828+0000] {processor.py:183} INFO - Processing /opt/airflow/dags/etl_dag.py took 0.170 seconds
[2026-02-20T01:53:57.311+0000] {processor.py:161} INFO - Started process (PID=78971) to work on /opt/airflow/dags/etl_dag.py
[2026-02-20T01:53:57.312+0000] {processor.py:830} INFO - Processing file /opt/airflow/dags/etl_dag.py for tasks to queue
[2026-02-20T01:53:57.313+0000] {logging_mixin.py:188} INFO - [2026-02-20T01:53:57.313+0000] {dagbag.py:538} INFO - Filling up the DagBag from /opt/airflow/dags/etl_dag.py
[2026-02-20T01:53:57.364+0000] {logging_mixin.py:188} INFO - Warning: Your Kaggle API key is readable by other users on this system! To fix this, you can run 'chmod 600 /home/airflow/.kaggle/kaggle.json'
[2026-02-20T01:53:57.435+0000] {logging_mixin.py:188} WARNING - /home/airflow/.local/lib/python3.8/site-packages/airflow/models/baseoperator.py:437 AirflowProviderDeprecationWarning: `exists_ok` parameter is deprecated, please use `if_exists`
[2026-02-20T01:53:57.447+0000] {processor.py:840} INFO - DAG(s) 'ecommerce_etl_v2' retrieved from /opt/airflow/dags/etl_dag.py
[2026-02-20T01:53:57.472+0000] {logging_mixin.py:188} INFO - [2026-02-20T01:53:57.472+0000] {dag.py:3036} INFO - Sync 1 DAGs
[2026-02-20T01:53:57.487+0000] {logging_mixin.py:188} INFO - [2026-02-20T01:53:57.487+0000] {dag.py:3823} INFO - Setting next_dagrun for ecommerce_etl_v2 to 2026-02-19 13:00:00+00:00, run_after=2026-02-20 13:00:00+00:00
[2026-02-20T01:53:57.499+0000] {processor.py:183} INFO - Processing /opt/airflow/dags/etl_dag.py took 0.191 seconds
[2026-02-20T02:09:27.551+0000] {processor.py:161} INFO - Started process (PID=79002) to work on /opt/airflow/dags/etl_dag.py
[2026-02-20T02:09:27.552+0000] {processor.py:830} INFO - Processing file /opt/airflow/dags/etl_dag.py for tasks to queue
[2026-02-20T02:09:27.552+0000] {logging_mixin.py:188} INFO - [2026-02-20T02:09:27.552+0000] {dagbag.py:538} INFO - Filling up the DagBag from /opt/airflow/dags/etl_dag.py
[2026-02-20T02:09:27.588+0000] {logging_mixin.py:188} INFO - Warning: Your Kaggle API key is readable by other users on this system! To fix this, you can run 'chmod 600 /home/airflow/.kaggle/kaggle.json'
[2026-02-20T02:09:27.648+0000] {logging_mixin.py:188} WARNING - /home/airflow/.local/lib/python3.8/site-packages/airflow/models/baseoperator.py:437 AirflowProviderDeprecationWarning: `exists_ok` parameter is deprecated, please use `if_exists`
[2026-02-20T02:09:27.656+0000] {processor.py:840} INFO - DAG(s) 'ecommerce_etl_v2' retrieved from /opt/airflow/dags/etl_dag.py
[2026-02-20T02:09:27.675+0000] {logging_mixin.py:188} INFO - [2026-02-20T02:09:27.675+0000] {dag.py:3036} INFO - Sync 1 DAGs
[2026-02-20T02:09:27.685+0000] {logging_mixin.py:188} INFO - [2026-02-20T02:09:27.685+0000] {dag.py:3823} INFO - Setting next_dagrun for ecommerce_etl_v2 to 2026-02-19 13:00:00+00:00, run_after=2026-02-20 13:00:00+00:00
[2026-02-20T02:09:27.694+0000] {processor.py:183} INFO - Processing /opt/airflow/dags/etl_dag.py took 0.145 seconds
[2026-02-20T02:29:17.634+0000] {processor.py:161} INFO - Started process (PID=79033) to work on /opt/airflow/dags/etl_dag.py
[2026-02-20T02:29:17.635+0000] {processor.py:830} INFO - Processing file /opt/airflow/dags/etl_dag.py for tasks to queue
[2026-02-20T02:29:17.636+0000] {logging_mixin.py:188} INFO - [2026-02-20T02:29:17.636+0000] {dagbag.py:538} INFO - Filling up the DagBag from /opt/airflow/dags/etl_dag.py
[2026-02-20T02:29:17.678+0000] {logging_mixin.py:188} INFO - Warning: Your Kaggle API key is readable by other users on this system! To fix this, you can run 'chmod 600 /home/airflow/.kaggle/kaggle.json'
[2026-02-20T02:29:17.744+0000] {logging_mixin.py:188} WARNING - /home/airflow/.local/lib/python3.8/site-packages/airflow/models/baseoperator.py:437 AirflowProviderDeprecationWarning: `exists_ok` parameter is deprecated, please use `if_exists`
[2026-02-20T02:29:17.754+0000] {processor.py:840} INFO - DAG(s) 'ecommerce_etl_v2' retrieved from /opt/airflow/dags/etl_dag.py
[2026-02-20T02:29:17.776+0000] {logging_mixin.py:188} INFO - [2026-02-20T02:29:17.776+0000] {dag.py:3036} INFO - Sync 1 DAGs
[2026-02-20T02:29:17.789+0000] {logging_mixin.py:188} INFO - [2026-02-20T02:29:17.789+0000] {dag.py:3823} INFO - Setting next_dagrun for ecommerce_etl_v2 to 2026-02-19 13:00:00+00:00, run_after=2026-02-20 13:00:00+00:00
[2026-02-20T02:29:17.803+0000] {processor.py:183} INFO - Processing /opt/airflow/dags/etl_dag.py took 0.171 seconds
[2026-02-20T02:55:01.336+0000] {processor.py:161} INFO - Started process (PID=79064) to work on /opt/airflow/dags/etl_dag.py
[2026-02-20T02:55:01.337+0000] {processor.py:830} INFO - Processing file /opt/airflow/dags/etl_dag.py for tasks to queue
[2026-02-20T02:55:01.338+0000] {logging_mixin.py:188} INFO - [2026-02-20T02:55:01.337+0000] {dagbag.py:538} INFO - Filling up the DagBag from /opt/airflow/dags/etl_dag.py
[2026-02-20T02:55:01.385+0000] {logging_mixin.py:188} INFO - Warning: Your Kaggle API key is readable by other users on this system! To fix this, you can run 'chmod 600 /home/airflow/.kaggle/kaggle.json'
[2026-02-20T02:55:01.449+0000] {logging_mixin.py:188} WARNING - /home/airflow/.local/lib/python3.8/site-packages/airflow/models/baseoperator.py:437 AirflowProviderDeprecationWarning: `exists_ok` parameter is deprecated, please use `if_exists`
[2026-02-20T02:55:01.459+0000] {processor.py:840} INFO - DAG(s) 'ecommerce_etl_v2' retrieved from /opt/airflow/dags/etl_dag.py
[2026-02-20T02:55:01.480+0000] {logging_mixin.py:188} INFO - [2026-02-20T02:55:01.480+0000] {dag.py:3036} INFO - Sync 1 DAGs
[2026-02-20T02:55:01.492+0000] {logging_mixin.py:188} INFO - [2026-02-20T02:55:01.492+0000] {dag.py:3823} INFO - Setting next_dagrun for ecommerce_etl_v2 to 2026-02-19 13:00:00+00:00, run_after=2026-02-20 13:00:00+00:00
[2026-02-20T02:55:01.501+0000] {processor.py:183} INFO - Processing /opt/airflow/dags/etl_dag.py took 0.167 seconds
[2026-02-20T03:09:16.846+0000] {processor.py:161} INFO - Started process (PID=79097) to work on /opt/airflow/dags/etl_dag.py
[2026-02-20T03:09:16.847+0000] {processor.py:830} INFO - Processing file /opt/airflow/dags/etl_dag.py for tasks to queue
[2026-02-20T03:09:16.848+0000] {logging_mixin.py:188} INFO - [2026-02-20T03:09:16.847+0000] {dagbag.py:538} INFO - Filling up the DagBag from /opt/airflow/dags/etl_dag.py
[2026-02-20T03:09:16.922+0000] {logging_mixin.py:188} INFO - Warning: Your Kaggle API key is readable by other users on this system! To fix this, you can run 'chmod 600 /home/airflow/.kaggle/kaggle.json'
[2026-02-20T03:09:17.041+0000] {logging_mixin.py:188} WARNING - /home/airflow/.local/lib/python3.8/site-packages/airflow/models/baseoperator.py:437 AirflowProviderDeprecationWarning: `exists_ok` parameter is deprecated, please use `if_exists`
[2026-02-20T03:09:17.053+0000] {processor.py:840} INFO - DAG(s) 'ecommerce_etl_v2' retrieved from /opt/airflow/dags/etl_dag.py
[2026-02-20T03:09:17.084+0000] {logging_mixin.py:188} INFO - [2026-02-20T03:09:17.084+0000] {dag.py:3036} INFO - Sync 1 DAGs
[2026-02-20T03:09:17.107+0000] {logging_mixin.py:188} INFO - [2026-02-20T03:09:17.106+0000] {dag.py:3823} INFO - Setting next_dagrun for ecommerce_etl_v2 to 2026-02-19 13:00:00+00:00, run_after=2026-02-20 13:00:00+00:00
[2026-02-20T03:09:17.123+0000] {processor.py:183} INFO - Processing /opt/airflow/dags/etl_dag.py took 0.280 seconds
[2026-02-20T03:24:46.899+0000] {processor.py:161} INFO - Started process (PID=79128) to work on /opt/airflow/dags/etl_dag.py
[2026-02-20T03:24:46.899+0000] {processor.py:830} INFO - Processing file /opt/airflow/dags/etl_dag.py for tasks to queue
[2026-02-20T03:24:46.900+0000] {logging_mixin.py:188} INFO - [2026-02-20T03:24:46.900+0000] {dagbag.py:538} INFO - Filling up the DagBag from /opt/airflow/dags/etl_dag.py
[2026-02-20T03:24:46.940+0000] {logging_mixin.py:188} INFO - Warning: Your Kaggle API key is readable by other users on this system! To fix this, you can run 'chmod 600 /home/airflow/.kaggle/kaggle.json'
[2026-02-20T03:24:47.000+0000] {logging_mixin.py:188} WARNING - /home/airflow/.local/lib/python3.8/site-packages/airflow/models/baseoperator.py:437 AirflowProviderDeprecationWarning: `exists_ok` parameter is deprecated, please use `if_exists`
[2026-02-20T03:24:47.009+0000] {processor.py:840} INFO - DAG(s) 'ecommerce_etl_v2' retrieved from /opt/airflow/dags/etl_dag.py
[2026-02-20T03:24:47.027+0000] {logging_mixin.py:188} INFO - [2026-02-20T03:24:47.027+0000] {dag.py:3036} INFO - Sync 1 DAGs
[2026-02-20T03:24:47.037+0000] {logging_mixin.py:188} INFO - [2026-02-20T03:24:47.037+0000] {dag.py:3823} INFO - Setting next_dagrun for ecommerce_etl_v2 to 2026-02-19 13:00:00+00:00, run_after=2026-02-20 13:00:00+00:00
[2026-02-20T03:24:47.048+0000] {processor.py:183} INFO - Processing /opt/airflow/dags/etl_dag.py took 0.152 seconds
[2026-02-20T03:55:10.280+0000] {processor.py:161} INFO - Started process (PID=79159) to work on /opt/airflow/dags/etl_dag.py
[2026-02-20T03:55:10.280+0000] {processor.py:830} INFO - Processing file /opt/airflow/dags/etl_dag.py for tasks to queue
[2026-02-20T03:55:10.281+0000] {logging_mixin.py:188} INFO - [2026-02-20T03:55:10.281+0000] {dagbag.py:538} INFO - Filling up the DagBag from /opt/airflow/dags/etl_dag.py
[2026-02-20T03:55:10.319+0000] {logging_mixin.py:188} INFO - Warning: Your Kaggle API key is readable by other users on this system! To fix this, you can run 'chmod 600 /home/airflow/.kaggle/kaggle.json'
[2026-02-20T03:55:10.387+0000] {logging_mixin.py:188} WARNING - /home/airflow/.local/lib/python3.8/site-packages/airflow/models/baseoperator.py:437 AirflowProviderDeprecationWarning: `exists_ok` parameter is deprecated, please use `if_exists`
[2026-02-20T03:55:10.398+0000] {processor.py:840} INFO - DAG(s) 'ecommerce_etl_v2' retrieved from /opt/airflow/dags/etl_dag.py
[2026-02-20T03:55:10.422+0000] {logging_mixin.py:188} INFO - [2026-02-20T03:55:10.422+0000] {dag.py:3036} INFO - Sync 1 DAGs
[2026-02-20T03:55:10.435+0000] {logging_mixin.py:188} INFO - [2026-02-20T03:55:10.435+0000] {dag.py:3823} INFO - Setting next_dagrun for ecommerce_etl_v2 to 2026-02-19 13:00:00+00:00, run_after=2026-02-20 13:00:00+00:00
[2026-02-20T03:55:10.446+0000] {processor.py:183} INFO - Processing /opt/airflow/dags/etl_dag.py took 0.169 seconds
[2026-02-20T04:16:38.866+0000] {processor.py:161} INFO - Started process (PID=79190) to work on /opt/airflow/dags/etl_dag.py
[2026-02-20T04:16:38.867+0000] {processor.py:830} INFO - Processing file /opt/airflow/dags/etl_dag.py for tasks to queue
[2026-02-20T04:16:38.868+0000] {logging_mixin.py:188} INFO - [2026-02-20T04:16:38.868+0000] {dagbag.py:538} INFO - Filling up the DagBag from /opt/airflow/dags/etl_dag.py
[2026-02-20T04:16:38.915+0000] {logging_mixin.py:188} INFO - Warning: Your Kaggle API key is readable by other users on this system! To fix this, you can run 'chmod 600 /home/airflow/.kaggle/kaggle.json'
[2026-02-20T04:16:38.986+0000] {logging_mixin.py:188} WARNING - /home/airflow/.local/lib/python3.8/site-packages/airflow/models/baseoperator.py:437 AirflowProviderDeprecationWarning: `exists_ok` parameter is deprecated, please use `if_exists`
[2026-02-20T04:16:38.998+0000] {processor.py:840} INFO - DAG(s) 'ecommerce_etl_v2' retrieved from /opt/airflow/dags/etl_dag.py
[2026-02-20T04:16:39.023+0000] {logging_mixin.py:188} INFO - [2026-02-20T04:16:39.023+0000] {dag.py:3036} INFO - Sync 1 DAGs
[2026-02-20T04:16:39.040+0000] {logging_mixin.py:188} INFO - [2026-02-20T04:16:39.039+0000] {dag.py:3823} INFO - Setting next_dagrun for ecommerce_etl_v2 to 2026-02-19 13:00:00+00:00, run_after=2026-02-20 13:00:00+00:00
[2026-02-20T04:16:39.054+0000] {processor.py:183} INFO - Processing /opt/airflow/dags/etl_dag.py took 0.190 seconds
[2026-02-20T04:30:08.020+0000] {processor.py:161} INFO - Started process (PID=79221) to work on /opt/airflow/dags/etl_dag.py
[2026-02-20T04:30:08.021+0000] {processor.py:830} INFO - Processing file /opt/airflow/dags/etl_dag.py for tasks to queue
[2026-02-20T04:30:08.022+0000] {logging_mixin.py:188} INFO - [2026-02-20T04:30:08.022+0000] {dagbag.py:538} INFO - Filling up the DagBag from /opt/airflow/dags/etl_dag.py
[2026-02-20T04:30:08.090+0000] {logging_mixin.py:188} INFO - Warning: Your Kaggle API key is readable by other users on this system! To fix this, you can run 'chmod 600 /home/airflow/.kaggle/kaggle.json'
[2026-02-20T04:30:08.174+0000] {logging_mixin.py:188} WARNING - /home/airflow/.local/lib/python3.8/site-packages/airflow/models/baseoperator.py:437 AirflowProviderDeprecationWarning: `exists_ok` parameter is deprecated, please use `if_exists`
[2026-02-20T04:30:08.187+0000] {processor.py:840} INFO - DAG(s) 'ecommerce_etl_v2' retrieved from /opt/airflow/dags/etl_dag.py
[2026-02-20T04:30:08.213+0000] {logging_mixin.py:188} INFO - [2026-02-20T04:30:08.213+0000] {dag.py:3036} INFO - Sync 1 DAGs
[2026-02-20T04:30:08.231+0000] {logging_mixin.py:188} INFO - [2026-02-20T04:30:08.230+0000] {dag.py:3823} INFO - Setting next_dagrun for ecommerce_etl_v2 to 2026-02-19 13:00:00+00:00, run_after=2026-02-20 13:00:00+00:00
[2026-02-20T04:30:08.245+0000] {processor.py:183} INFO - Processing /opt/airflow/dags/etl_dag.py took 0.229 seconds
[2026-02-20T04:59:22.738+0000] {processor.py:161} INFO - Started process (PID=79252) to work on /opt/airflow/dags/etl_dag.py
[2026-02-20T04:59:22.739+0000] {processor.py:830} INFO - Processing file /opt/airflow/dags/etl_dag.py for tasks to queue
[2026-02-20T04:59:22.741+0000] {logging_mixin.py:188} INFO - [2026-02-20T04:59:22.740+0000] {dagbag.py:538} INFO - Filling up the DagBag from /opt/airflow/dags/etl_dag.py
[2026-02-20T04:59:22.787+0000] {logging_mixin.py:188} INFO - Warning: Your Kaggle API key is readable by other users on this system! To fix this, you can run 'chmod 600 /home/airflow/.kaggle/kaggle.json'
[2026-02-20T04:59:22.846+0000] {logging_mixin.py:188} WARNING - /home/airflow/.local/lib/python3.8/site-packages/airflow/models/baseoperator.py:437 AirflowProviderDeprecationWarning: `exists_ok` parameter is deprecated, please use `if_exists`
[2026-02-20T04:59:22.855+0000] {processor.py:840} INFO - DAG(s) 'ecommerce_etl_v2' retrieved from /opt/airflow/dags/etl_dag.py
[2026-02-20T04:59:22.873+0000] {logging_mixin.py:188} INFO - [2026-02-20T04:59:22.873+0000] {dag.py:3036} INFO - Sync 1 DAGs
[2026-02-20T04:59:22.883+0000] {logging_mixin.py:188} INFO - [2026-02-20T04:59:22.883+0000] {dag.py:3823} INFO - Setting next_dagrun for ecommerce_etl_v2 to 2026-02-19 13:00:00+00:00, run_after=2026-02-20 13:00:00+00:00
[2026-02-20T04:59:22.891+0000] {processor.py:183} INFO - Processing /opt/airflow/dags/etl_dag.py took 0.157 seconds
[2026-02-20T05:09:57.711+0000] {processor.py:161} INFO - Started process (PID=79283) to work on /opt/airflow/dags/etl_dag.py
[2026-02-20T05:09:57.713+0000] {processor.py:830} INFO - Processing file /opt/airflow/dags/etl_dag.py for tasks to queue
[2026-02-20T05:09:57.714+0000] {logging_mixin.py:188} INFO - [2026-02-20T05:09:57.713+0000] {dagbag.py:538} INFO - Filling up the DagBag from /opt/airflow/dags/etl_dag.py
[2026-02-20T05:09:57.762+0000] {logging_mixin.py:188} INFO - Warning: Your Kaggle API key is readable by other users on this system! To fix this, you can run 'chmod 600 /home/airflow/.kaggle/kaggle.json'
[2026-02-20T05:09:57.832+0000] {logging_mixin.py:188} WARNING - /home/airflow/.local/lib/python3.8/site-packages/airflow/models/baseoperator.py:437 AirflowProviderDeprecationWarning: `exists_ok` parameter is deprecated, please use `if_exists`
[2026-02-20T05:09:57.842+0000] {processor.py:840} INFO - DAG(s) 'ecommerce_etl_v2' retrieved from /opt/airflow/dags/etl_dag.py
[2026-02-20T05:09:57.864+0000] {logging_mixin.py:188} INFO - [2026-02-20T05:09:57.864+0000] {dag.py:3036} INFO - Sync 1 DAGs
[2026-02-20T05:09:57.877+0000] {logging_mixin.py:188} INFO - [2026-02-20T05:09:57.877+0000] {dag.py:3823} INFO - Setting next_dagrun for ecommerce_etl_v2 to 2026-02-19 13:00:00+00:00, run_after=2026-02-20 13:00:00+00:00
[2026-02-20T05:09:57.887+0000] {processor.py:183} INFO - Processing /opt/airflow/dags/etl_dag.py took 0.178 seconds
[2026-02-20T06:10:13.239+0000] {processor.py:161} INFO - Started process (PID=79314) to work on /opt/airflow/dags/etl_dag.py
[2026-02-20T06:10:13.241+0000] {processor.py:830} INFO - Processing file /opt/airflow/dags/etl_dag.py for tasks to queue
[2026-02-20T06:10:13.243+0000] {logging_mixin.py:188} INFO - [2026-02-20T06:10:13.242+0000] {dagbag.py:538} INFO - Filling up the DagBag from /opt/airflow/dags/etl_dag.py
[2026-02-20T06:10:13.303+0000] {logging_mixin.py:188} INFO - Warning: Your Kaggle API key is readable by other users on this system! To fix this, you can run 'chmod 600 /home/airflow/.kaggle/kaggle.json'
[2026-02-20T06:10:13.385+0000] {logging_mixin.py:188} WARNING - /home/airflow/.local/lib/python3.8/site-packages/airflow/models/baseoperator.py:437 AirflowProviderDeprecationWarning: `exists_ok` parameter is deprecated, please use `if_exists`
[2026-02-20T06:10:13.397+0000] {processor.py:840} INFO - DAG(s) 'ecommerce_etl_v2' retrieved from /opt/airflow/dags/etl_dag.py
[2026-02-20T06:10:13.427+0000] {logging_mixin.py:188} INFO - [2026-02-20T06:10:13.426+0000] {dag.py:3036} INFO - Sync 1 DAGs
[2026-02-20T06:10:13.444+0000] {logging_mixin.py:188} INFO - [2026-02-20T06:10:13.443+0000] {dag.py:3823} INFO - Setting next_dagrun for ecommerce_etl_v2 to 2026-02-19 13:00:00+00:00, run_after=2026-02-20 13:00:00+00:00
[2026-02-20T06:10:13.456+0000] {processor.py:183} INFO - Processing /opt/airflow/dags/etl_dag.py took 0.223 seconds
[2026-02-20T07:32:15.841+0000] {processor.py:161} INFO - Started process (PID=79345) to work on /opt/airflow/dags/etl_dag.py
[2026-02-20T07:32:15.842+0000] {processor.py:830} INFO - Processing file /opt/airflow/dags/etl_dag.py for tasks to queue
[2026-02-20T07:32:15.843+0000] {logging_mixin.py:188} INFO - [2026-02-20T07:32:15.843+0000] {dagbag.py:538} INFO - Filling up the DagBag from /opt/airflow/dags/etl_dag.py
[2026-02-20T07:32:15.895+0000] {logging_mixin.py:188} INFO - Warning: Your Kaggle API key is readable by other users on this system! To fix this, you can run 'chmod 600 /home/airflow/.kaggle/kaggle.json'
[2026-02-20T07:32:15.960+0000] {logging_mixin.py:188} WARNING - /home/airflow/.local/lib/python3.8/site-packages/airflow/models/baseoperator.py:437 AirflowProviderDeprecationWarning: `exists_ok` parameter is deprecated, please use `if_exists`
[2026-02-20T07:32:15.971+0000] {processor.py:840} INFO - DAG(s) 'ecommerce_etl_v2' retrieved from /opt/airflow/dags/etl_dag.py
[2026-02-20T07:32:15.992+0000] {logging_mixin.py:188} INFO - [2026-02-20T07:32:15.992+0000] {dag.py:3036} INFO - Sync 1 DAGs
[2026-02-20T07:32:16.005+0000] {logging_mixin.py:188} INFO - [2026-02-20T07:32:16.005+0000] {dag.py:3823} INFO - Setting next_dagrun for ecommerce_etl_v2 to 2026-02-19 13:00:00+00:00, run_after=2026-02-20 13:00:00+00:00
[2026-02-20T07:32:16.016+0000] {processor.py:183} INFO - Processing /opt/airflow/dags/etl_dag.py took 0.178 seconds
[2026-02-20T08:27:29.853+0000] {processor.py:161} INFO - Started process (PID=79376) to work on /opt/airflow/dags/etl_dag.py
[2026-02-20T08:27:29.854+0000] {processor.py:830} INFO - Processing file /opt/airflow/dags/etl_dag.py for tasks to queue
[2026-02-20T08:27:29.854+0000] {logging_mixin.py:188} INFO - [2026-02-20T08:27:29.854+0000] {dagbag.py:538} INFO - Filling up the DagBag from /opt/airflow/dags/etl_dag.py
[2026-02-20T08:27:29.905+0000] {logging_mixin.py:188} INFO - Warning: Your Kaggle API key is readable by other users on this system! To fix this, you can run 'chmod 600 /home/airflow/.kaggle/kaggle.json'
[2026-02-20T08:27:29.971+0000] {logging_mixin.py:188} WARNING - /home/airflow/.local/lib/python3.8/site-packages/airflow/models/baseoperator.py:437 AirflowProviderDeprecationWarning: `exists_ok` parameter is deprecated, please use `if_exists`
[2026-02-20T08:27:29.989+0000] {processor.py:840} INFO - DAG(s) 'ecommerce_etl_v2' retrieved from /opt/airflow/dags/etl_dag.py
[2026-02-20T08:27:30.016+0000] {logging_mixin.py:188} INFO - [2026-02-20T08:27:30.016+0000] {dag.py:3036} INFO - Sync 1 DAGs
[2026-02-20T08:27:30.030+0000] {logging_mixin.py:188} INFO - [2026-02-20T08:27:30.030+0000] {dag.py:3823} INFO - Setting next_dagrun for ecommerce_etl_v2 to 2026-02-19 13:00:00+00:00, run_after=2026-02-20 13:00:00+00:00
[2026-02-20T08:27:30.040+0000] {processor.py:183} INFO - Processing /opt/airflow/dags/etl_dag.py took 0.194 seconds
[2026-02-20T08:44:57.689+0000] {processor.py:161} INFO - Started process (PID=79407) to work on /opt/airflow/dags/etl_dag.py
[2026-02-20T08:44:57.690+0000] {processor.py:830} INFO - Processing file /opt/airflow/dags/etl_dag.py for tasks to queue
[2026-02-20T08:44:57.691+0000] {logging_mixin.py:188} INFO - [2026-02-20T08:44:57.691+0000] {dagbag.py:538} INFO - Filling up the DagBag from /opt/airflow/dags/etl_dag.py
[2026-02-20T08:44:57.749+0000] {logging_mixin.py:188} INFO - Warning: Your Kaggle API key is readable by other users on this system! To fix this, you can run 'chmod 600 /home/airflow/.kaggle/kaggle.json'
[2026-02-20T08:44:57.827+0000] {logging_mixin.py:188} WARNING - /home/airflow/.local/lib/python3.8/site-packages/airflow/models/baseoperator.py:437 AirflowProviderDeprecationWarning: `exists_ok` parameter is deprecated, please use `if_exists`
[2026-02-20T08:44:57.837+0000] {processor.py:840} INFO - DAG(s) 'ecommerce_etl_v2' retrieved from /opt/airflow/dags/etl_dag.py
[2026-02-20T08:44:57.863+0000] {logging_mixin.py:188} INFO - [2026-02-20T08:44:57.863+0000] {dag.py:3036} INFO - Sync 1 DAGs
[2026-02-20T08:44:57.878+0000] {logging_mixin.py:188} INFO - [2026-02-20T08:44:57.878+0000] {dag.py:3823} INFO - Setting next_dagrun for ecommerce_etl_v2 to 2026-02-19 13:00:00+00:00, run_after=2026-02-20 13:00:00+00:00
[2026-02-20T08:44:58.135+0000] {processor.py:183} INFO - Processing /opt/airflow/dags/etl_dag.py took 0.451 seconds
[2026-02-20T08:45:28.437+0000] {processor.py:161} INFO - Started process (PID=79438) to work on /opt/airflow/dags/etl_dag.py
[2026-02-20T08:45:28.438+0000] {processor.py:830} INFO - Processing file /opt/airflow/dags/etl_dag.py for tasks to queue
[2026-02-20T08:45:28.439+0000] {logging_mixin.py:188} INFO - [2026-02-20T08:45:28.439+0000] {dagbag.py:538} INFO - Filling up the DagBag from /opt/airflow/dags/etl_dag.py
[2026-02-20T08:45:28.495+0000] {logging_mixin.py:188} INFO - Warning: Your Kaggle API key is readable by other users on this system! To fix this, you can run 'chmod 600 /home/airflow/.kaggle/kaggle.json'
[2026-02-20T08:45:28.558+0000] {logging_mixin.py:188} WARNING - /home/airflow/.local/lib/python3.8/site-packages/airflow/models/baseoperator.py:437 AirflowProviderDeprecationWarning: `exists_ok` parameter is deprecated, please use `if_exists`
[2026-02-20T08:45:28.568+0000] {processor.py:840} INFO - DAG(s) 'ecommerce_etl_v2' retrieved from /opt/airflow/dags/etl_dag.py
[2026-02-20T08:45:28.590+0000] {logging_mixin.py:188} INFO - [2026-02-20T08:45:28.590+0000] {dag.py:3036} INFO - Sync 1 DAGs
[2026-02-20T08:45:28.602+0000] {logging_mixin.py:188} INFO - [2026-02-20T08:45:28.602+0000] {dag.py:3823} INFO - Setting next_dagrun for ecommerce_etl_v2 to 2026-02-19 13:00:00+00:00, run_after=2026-02-20 13:00:00+00:00
[2026-02-20T08:45:28.611+0000] {processor.py:183} INFO - Processing /opt/airflow/dags/etl_dag.py took 0.180 seconds
[2026-02-20T08:45:58.790+0000] {processor.py:161} INFO - Started process (PID=79469) to work on /opt/airflow/dags/etl_dag.py
[2026-02-20T08:45:58.792+0000] {processor.py:830} INFO - Processing file /opt/airflow/dags/etl_dag.py for tasks to queue
[2026-02-20T08:45:58.793+0000] {logging_mixin.py:188} INFO - [2026-02-20T08:45:58.793+0000] {dagbag.py:538} INFO - Filling up the DagBag from /opt/airflow/dags/etl_dag.py
[2026-02-20T08:45:58.848+0000] {logging_mixin.py:188} INFO - Warning: Your Kaggle API key is readable by other users on this system! To fix this, you can run 'chmod 600 /home/airflow/.kaggle/kaggle.json'
[2026-02-20T08:45:58.911+0000] {logging_mixin.py:188} WARNING - /home/airflow/.local/lib/python3.8/site-packages/airflow/models/baseoperator.py:437 AirflowProviderDeprecationWarning: `exists_ok` parameter is deprecated, please use `if_exists`
[2026-02-20T08:45:58.922+0000] {processor.py:840} INFO - DAG(s) 'ecommerce_etl_v2' retrieved from /opt/airflow/dags/etl_dag.py
[2026-02-20T08:45:58.943+0000] {logging_mixin.py:188} INFO - [2026-02-20T08:45:58.943+0000] {dag.py:3036} INFO - Sync 1 DAGs
[2026-02-20T08:45:58.958+0000] {logging_mixin.py:188} INFO - [2026-02-20T08:45:58.957+0000] {dag.py:3823} INFO - Setting next_dagrun for ecommerce_etl_v2 to 2026-02-19 13:00:00+00:00, run_after=2026-02-20 13:00:00+00:00
[2026-02-20T08:45:58.971+0000] {processor.py:183} INFO - Processing /opt/airflow/dags/etl_dag.py took 0.187 seconds
[2026-02-20T08:46:29.170+0000] {processor.py:161} INFO - Started process (PID=79500) to work on /opt/airflow/dags/etl_dag.py
[2026-02-20T08:46:29.171+0000] {processor.py:830} INFO - Processing file /opt/airflow/dags/etl_dag.py for tasks to queue
[2026-02-20T08:46:29.172+0000] {logging_mixin.py:188} INFO - [2026-02-20T08:46:29.171+0000] {dagbag.py:538} INFO - Filling up the DagBag from /opt/airflow/dags/etl_dag.py
[2026-02-20T08:46:29.219+0000] {logging_mixin.py:188} INFO - Warning: Your Kaggle API key is readable by other users on this system! To fix this, you can run 'chmod 600 /home/airflow/.kaggle/kaggle.json'
[2026-02-20T08:46:29.285+0000] {logging_mixin.py:188} WARNING - /home/airflow/.local/lib/python3.8/site-packages/airflow/models/baseoperator.py:437 AirflowProviderDeprecationWarning: `exists_ok` parameter is deprecated, please use `if_exists`
[2026-02-20T08:46:29.295+0000] {processor.py:840} INFO - DAG(s) 'ecommerce_etl_v2' retrieved from /opt/airflow/dags/etl_dag.py
[2026-02-20T08:46:29.318+0000] {logging_mixin.py:188} INFO - [2026-02-20T08:46:29.318+0000] {dag.py:3036} INFO - Sync 1 DAGs
[2026-02-20T08:46:29.332+0000] {logging_mixin.py:188} INFO - [2026-02-20T08:46:29.331+0000] {dag.py:3823} INFO - Setting next_dagrun for ecommerce_etl_v2 to 2026-02-19 13:00:00+00:00, run_after=2026-02-20 13:00:00+00:00
[2026-02-20T08:46:29.342+0000] {processor.py:183} INFO - Processing /opt/airflow/dags/etl_dag.py took 0.175 seconds
[2026-02-20T08:46:59.470+0000] {processor.py:161} INFO - Started process (PID=79531) to work on /opt/airflow/dags/etl_dag.py
[2026-02-20T08:46:59.471+0000] {processor.py:830} INFO - Processing file /opt/airflow/dags/etl_dag.py for tasks to queue
[2026-02-20T08:46:59.473+0000] {logging_mixin.py:188} INFO - [2026-02-20T08:46:59.473+0000] {dagbag.py:538} INFO - Filling up the DagBag from /opt/airflow/dags/etl_dag.py
[2026-02-20T08:46:59.521+0000] {logging_mixin.py:188} INFO - Warning: Your Kaggle API key is readable by other users on this system! To fix this, you can run 'chmod 600 /home/airflow/.kaggle/kaggle.json'
[2026-02-20T08:46:59.581+0000] {logging_mixin.py:188} WARNING - /home/airflow/.local/lib/python3.8/site-packages/airflow/models/baseoperator.py:437 AirflowProviderDeprecationWarning: `exists_ok` parameter is deprecated, please use `if_exists`
[2026-02-20T08:46:59.590+0000] {processor.py:840} INFO - DAG(s) 'ecommerce_etl_v2' retrieved from /opt/airflow/dags/etl_dag.py
[2026-02-20T08:46:59.611+0000] {logging_mixin.py:188} INFO - [2026-02-20T08:46:59.610+0000] {dag.py:3036} INFO - Sync 1 DAGs
[2026-02-20T08:46:59.622+0000] {logging_mixin.py:188} INFO - [2026-02-20T08:46:59.622+0000] {dag.py:3823} INFO - Setting next_dagrun for ecommerce_etl_v2 to 2026-02-19 13:00:00+00:00, run_after=2026-02-20 13:00:00+00:00
[2026-02-20T08:46:59.632+0000] {processor.py:183} INFO - Processing /opt/airflow/dags/etl_dag.py took 0.167 seconds
[2026-02-20T08:47:29.888+0000] {processor.py:161} INFO - Started process (PID=79562) to work on /opt/airflow/dags/etl_dag.py
[2026-02-20T08:47:29.890+0000] {processor.py:830} INFO - Processing file /opt/airflow/dags/etl_dag.py for tasks to queue
[2026-02-20T08:47:29.891+0000] {logging_mixin.py:188} INFO - [2026-02-20T08:47:29.890+0000] {dagbag.py:538} INFO - Filling up the DagBag from /opt/airflow/dags/etl_dag.py
[2026-02-20T08:47:29.936+0000] {logging_mixin.py:188} INFO - Warning: Your Kaggle API key is readable by other users on this system! To fix this, you can run 'chmod 600 /home/airflow/.kaggle/kaggle.json'
[2026-02-20T08:47:29.996+0000] {logging_mixin.py:188} WARNING - /home/airflow/.local/lib/python3.8/site-packages/airflow/models/baseoperator.py:437 AirflowProviderDeprecationWarning: `exists_ok` parameter is deprecated, please use `if_exists`
[2026-02-20T08:47:30.005+0000] {processor.py:840} INFO - DAG(s) 'ecommerce_etl_v2' retrieved from /opt/airflow/dags/etl_dag.py
[2026-02-20T08:47:30.025+0000] {logging_mixin.py:188} INFO - [2026-02-20T08:47:30.025+0000] {dag.py:3036} INFO - Sync 1 DAGs
[2026-02-20T08:47:30.036+0000] {logging_mixin.py:188} INFO - [2026-02-20T08:47:30.036+0000] {dag.py:3823} INFO - Setting next_dagrun for ecommerce_etl_v2 to 2026-02-19 13:00:00+00:00, run_after=2026-02-20 13:00:00+00:00
[2026-02-20T08:47:30.045+0000] {processor.py:183} INFO - Processing /opt/airflow/dags/etl_dag.py took 0.160 seconds
[2026-02-20T08:48:00.236+0000] {processor.py:161} INFO - Started process (PID=79593) to work on /opt/airflow/dags/etl_dag.py
[2026-02-20T08:48:00.238+0000] {processor.py:830} INFO - Processing file /opt/airflow/dags/etl_dag.py for tasks to queue
[2026-02-20T08:48:00.239+0000] {logging_mixin.py:188} INFO - [2026-02-20T08:48:00.239+0000] {dagbag.py:538} INFO - Filling up the DagBag from /opt/airflow/dags/etl_dag.py
[2026-02-20T08:48:00.296+0000] {logging_mixin.py:188} INFO - Warning: Your Kaggle API key is readable by other users on this system! To fix this, you can run 'chmod 600 /home/airflow/.kaggle/kaggle.json'
[2026-02-20T08:48:00.357+0000] {logging_mixin.py:188} WARNING - /home/airflow/.local/lib/python3.8/site-packages/airflow/models/baseoperator.py:437 AirflowProviderDeprecationWarning: `exists_ok` parameter is deprecated, please use `if_exists`
[2026-02-20T08:48:00.367+0000] {processor.py:840} INFO - DAG(s) 'ecommerce_etl_v2' retrieved from /opt/airflow/dags/etl_dag.py
[2026-02-20T08:48:00.388+0000] {logging_mixin.py:188} INFO - [2026-02-20T08:48:00.388+0000] {dag.py:3036} INFO - Sync 1 DAGs
[2026-02-20T08:48:00.400+0000] {logging_mixin.py:188} INFO - [2026-02-20T08:48:00.400+0000] {dag.py:3823} INFO - Setting next_dagrun for ecommerce_etl_v2 to 2026-02-19 13:00:00+00:00, run_after=2026-02-20 13:00:00+00:00
[2026-02-20T08:48:00.410+0000] {processor.py:183} INFO - Processing /opt/airflow/dags/etl_dag.py took 0.180 seconds
[2026-02-20T08:48:30.616+0000] {processor.py:161} INFO - Started process (PID=79624) to work on /opt/airflow/dags/etl_dag.py
[2026-02-20T08:48:30.617+0000] {processor.py:830} INFO - Processing file /opt/airflow/dags/etl_dag.py for tasks to queue
[2026-02-20T08:48:30.617+0000] {logging_mixin.py:188} INFO - [2026-02-20T08:48:30.617+0000] {dagbag.py:538} INFO - Filling up the DagBag from /opt/airflow/dags/etl_dag.py
[2026-02-20T08:48:30.665+0000] {logging_mixin.py:188} INFO - Warning: Your Kaggle API key is readable by other users on this system! To fix this, you can run 'chmod 600 /home/airflow/.kaggle/kaggle.json'
[2026-02-20T08:48:30.729+0000] {logging_mixin.py:188} WARNING - /home/airflow/.local/lib/python3.8/site-packages/airflow/models/baseoperator.py:437 AirflowProviderDeprecationWarning: `exists_ok` parameter is deprecated, please use `if_exists`
[2026-02-20T08:48:30.738+0000] {processor.py:840} INFO - DAG(s) 'ecommerce_etl_v2' retrieved from /opt/airflow/dags/etl_dag.py
[2026-02-20T08:48:30.760+0000] {logging_mixin.py:188} INFO - [2026-02-20T08:48:30.760+0000] {dag.py:3036} INFO - Sync 1 DAGs
[2026-02-20T08:48:30.773+0000] {logging_mixin.py:188} INFO - [2026-02-20T08:48:30.773+0000] {dag.py:3823} INFO - Setting next_dagrun for ecommerce_etl_v2 to 2026-02-19 13:00:00+00:00, run_after=2026-02-20 13:00:00+00:00
[2026-02-20T08:48:30.785+0000] {processor.py:183} INFO - Processing /opt/airflow/dags/etl_dag.py took 0.172 seconds
[2026-02-20T08:49:01.059+0000] {processor.py:161} INFO - Started process (PID=79655) to work on /opt/airflow/dags/etl_dag.py
[2026-02-20T08:49:01.060+0000] {processor.py:830} INFO - Processing file /opt/airflow/dags/etl_dag.py for tasks to queue
[2026-02-20T08:49:01.060+0000] {logging_mixin.py:188} INFO - [2026-02-20T08:49:01.060+0000] {dagbag.py:538} INFO - Filling up the DagBag from /opt/airflow/dags/etl_dag.py
[2026-02-20T08:49:01.126+0000] {logging_mixin.py:188} INFO - Warning: Your Kaggle API key is readable by other users on this system! To fix this, you can run 'chmod 600 /home/airflow/.kaggle/kaggle.json'
[2026-02-20T08:49:01.200+0000] {logging_mixin.py:188} WARNING - /home/airflow/.local/lib/python3.8/site-packages/airflow/models/baseoperator.py:437 AirflowProviderDeprecationWarning: `exists_ok` parameter is deprecated, please use `if_exists`
[2026-02-20T08:49:01.216+0000] {processor.py:840} INFO - DAG(s) 'ecommerce_etl_v2' retrieved from /opt/airflow/dags/etl_dag.py
[2026-02-20T08:49:01.245+0000] {logging_mixin.py:188} INFO - [2026-02-20T08:49:01.245+0000] {dag.py:3036} INFO - Sync 1 DAGs
[2026-02-20T08:49:01.262+0000] {logging_mixin.py:188} INFO - [2026-02-20T08:49:01.262+0000] {dag.py:3823} INFO - Setting next_dagrun for ecommerce_etl_v2 to 2026-02-19 13:00:00+00:00, run_after=2026-02-20 13:00:00+00:00
[2026-02-20T08:49:01.277+0000] {processor.py:183} INFO - Processing /opt/airflow/dags/etl_dag.py took 0.220 seconds
[2026-02-20T08:49:31.347+0000] {processor.py:161} INFO - Started process (PID=79686) to work on /opt/airflow/dags/etl_dag.py
[2026-02-20T08:49:31.348+0000] {processor.py:830} INFO - Processing file /opt/airflow/dags/etl_dag.py for tasks to queue
[2026-02-20T08:49:31.349+0000] {logging_mixin.py:188} INFO - [2026-02-20T08:49:31.349+0000] {dagbag.py:538} INFO - Filling up the DagBag from /opt/airflow/dags/etl_dag.py
[2026-02-20T08:49:31.397+0000] {logging_mixin.py:188} INFO - Warning: Your Kaggle API key is readable by other users on this system! To fix this, you can run 'chmod 600 /home/airflow/.kaggle/kaggle.json'
[2026-02-20T08:49:31.462+0000] {logging_mixin.py:188} WARNING - /home/airflow/.local/lib/python3.8/site-packages/airflow/models/baseoperator.py:437 AirflowProviderDeprecationWarning: `exists_ok` parameter is deprecated, please use `if_exists`
[2026-02-20T08:49:31.473+0000] {processor.py:840} INFO - DAG(s) 'ecommerce_etl_v2' retrieved from /opt/airflow/dags/etl_dag.py
[2026-02-20T08:49:31.494+0000] {logging_mixin.py:188} INFO - [2026-02-20T08:49:31.494+0000] {dag.py:3036} INFO - Sync 1 DAGs
[2026-02-20T08:49:31.505+0000] {logging_mixin.py:188} INFO - [2026-02-20T08:49:31.505+0000] {dag.py:3823} INFO - Setting next_dagrun for ecommerce_etl_v2 to 2026-02-19 13:00:00+00:00, run_after=2026-02-20 13:00:00+00:00
[2026-02-20T08:49:31.514+0000] {processor.py:183} INFO - Processing /opt/airflow/dags/etl_dag.py took 0.171 seconds
[2026-02-20T08:50:01.890+0000] {processor.py:161} INFO - Started process (PID=79717) to work on /opt/airflow/dags/etl_dag.py
[2026-02-20T08:50:01.892+0000] {processor.py:830} INFO - Processing file /opt/airflow/dags/etl_dag.py for tasks to queue
[2026-02-20T08:50:01.893+0000] {logging_mixin.py:188} INFO - [2026-02-20T08:50:01.892+0000] {dagbag.py:538} INFO - Filling up the DagBag from /opt/airflow/dags/etl_dag.py
[2026-02-20T08:50:01.939+0000] {logging_mixin.py:188} INFO - Warning: Your Kaggle API key is readable by other users on this system! To fix this, you can run 'chmod 600 /home/airflow/.kaggle/kaggle.json'
[2026-02-20T08:50:02.001+0000] {logging_mixin.py:188} WARNING - /home/airflow/.local/lib/python3.8/site-packages/airflow/models/baseoperator.py:437 AirflowProviderDeprecationWarning: `exists_ok` parameter is deprecated, please use `if_exists`
[2026-02-20T08:50:02.010+0000] {processor.py:840} INFO - DAG(s) 'ecommerce_etl_v2' retrieved from /opt/airflow/dags/etl_dag.py
[2026-02-20T08:50:02.030+0000] {logging_mixin.py:188} INFO - [2026-02-20T08:50:02.029+0000] {dag.py:3036} INFO - Sync 1 DAGs
[2026-02-20T08:50:02.041+0000] {logging_mixin.py:188} INFO - [2026-02-20T08:50:02.041+0000] {dag.py:3823} INFO - Setting next_dagrun for ecommerce_etl_v2 to 2026-02-19 13:00:00+00:00, run_after=2026-02-20 13:00:00+00:00
[2026-02-20T08:50:02.050+0000] {processor.py:183} INFO - Processing /opt/airflow/dags/etl_dag.py took 0.164 seconds
[2026-02-20T08:50:32.188+0000] {processor.py:161} INFO - Started process (PID=79748) to work on /opt/airflow/dags/etl_dag.py
[2026-02-20T08:50:32.190+0000] {processor.py:830} INFO - Processing file /opt/airflow/dags/etl_dag.py for tasks to queue
[2026-02-20T08:50:32.191+0000] {logging_mixin.py:188} INFO - [2026-02-20T08:50:32.191+0000] {dagbag.py:538} INFO - Filling up the DagBag from /opt/airflow/dags/etl_dag.py
[2026-02-20T08:50:32.231+0000] {logging_mixin.py:188} INFO - Warning: Your Kaggle API key is readable by other users on this system! To fix this, you can run 'chmod 600 /home/airflow/.kaggle/kaggle.json'
[2026-02-20T08:50:32.292+0000] {logging_mixin.py:188} WARNING - /home/airflow/.local/lib/python3.8/site-packages/airflow/models/baseoperator.py:437 AirflowProviderDeprecationWarning: `exists_ok` parameter is deprecated, please use `if_exists`
[2026-02-20T08:50:32.301+0000] {processor.py:840} INFO - DAG(s) 'ecommerce_etl_v2' retrieved from /opt/airflow/dags/etl_dag.py
[2026-02-20T08:50:32.320+0000] {logging_mixin.py:188} INFO - [2026-02-20T08:50:32.320+0000] {dag.py:3036} INFO - Sync 1 DAGs
[2026-02-20T08:50:32.330+0000] {logging_mixin.py:188} INFO - [2026-02-20T08:50:32.330+0000] {dag.py:3823} INFO - Setting next_dagrun for ecommerce_etl_v2 to 2026-02-19 13:00:00+00:00, run_after=2026-02-20 13:00:00+00:00
[2026-02-20T08:50:32.340+0000] {processor.py:183} INFO - Processing /opt/airflow/dags/etl_dag.py took 0.154 seconds
[2026-02-20T09:07:07.624+0000] {processor.py:161} INFO - Started process (PID=79780) to work on /opt/airflow/dags/etl_dag.py
[2026-02-20T09:07:07.625+0000] {processor.py:830} INFO - Processing file /opt/airflow/dags/etl_dag.py for tasks to queue
[2026-02-20T09:07:07.625+0000] {logging_mixin.py:188} INFO - [2026-02-20T09:07:07.625+0000] {dagbag.py:538} INFO - Filling up the DagBag from /opt/airflow/dags/etl_dag.py
[2026-02-20T09:07:07.669+0000] {logging_mixin.py:188} INFO - Warning: Your Kaggle API key is readable by other users on this system! To fix this, you can run 'chmod 600 /home/airflow/.kaggle/kaggle.json'
[2026-02-20T09:07:07.753+0000] {logging_mixin.py:188} WARNING - /home/airflow/.local/lib/python3.8/site-packages/airflow/models/baseoperator.py:437 AirflowProviderDeprecationWarning: `exists_ok` parameter is deprecated, please use `if_exists`
[2026-02-20T09:07:07.773+0000] {processor.py:840} INFO - DAG(s) 'ecommerce_etl_v2' retrieved from /opt/airflow/dags/etl_dag.py
[2026-02-20T09:07:07.801+0000] {logging_mixin.py:188} INFO - [2026-02-20T09:07:07.800+0000] {dag.py:3036} INFO - Sync 1 DAGs
[2026-02-20T09:07:07.817+0000] {logging_mixin.py:188} INFO - [2026-02-20T09:07:07.817+0000] {dag.py:3823} INFO - Setting next_dagrun for ecommerce_etl_v2 to 2026-02-19 13:00:00+00:00, run_after=2026-02-20 13:00:00+00:00
[2026-02-20T09:07:07.832+0000] {processor.py:183} INFO - Processing /opt/airflow/dags/etl_dag.py took 0.210 seconds
[2026-02-20T10:33:33.295+0000] {processor.py:161} INFO - Started process (PID=79812) to work on /opt/airflow/dags/etl_dag.py
[2026-02-20T10:33:33.297+0000] {processor.py:830} INFO - Processing file /opt/airflow/dags/etl_dag.py for tasks to queue
[2026-02-20T10:33:33.297+0000] {logging_mixin.py:188} INFO - [2026-02-20T10:33:33.297+0000] {dagbag.py:538} INFO - Filling up the DagBag from /opt/airflow/dags/etl_dag.py
[2026-02-20T10:33:33.351+0000] {logging_mixin.py:188} INFO - Warning: Your Kaggle API key is readable by other users on this system! To fix this, you can run 'chmod 600 /home/airflow/.kaggle/kaggle.json'
[2026-02-20T10:33:33.413+0000] {logging_mixin.py:188} WARNING - /home/airflow/.local/lib/python3.8/site-packages/airflow/models/baseoperator.py:437 AirflowProviderDeprecationWarning: `exists_ok` parameter is deprecated, please use `if_exists`
[2026-02-20T10:33:33.424+0000] {processor.py:840} INFO - DAG(s) 'ecommerce_etl_v2' retrieved from /opt/airflow/dags/etl_dag.py
[2026-02-20T10:33:33.447+0000] {logging_mixin.py:188} INFO - [2026-02-20T10:33:33.447+0000] {dag.py:3036} INFO - Sync 1 DAGs
[2026-02-20T10:33:33.594+0000] {logging_mixin.py:188} INFO - [2026-02-20T10:33:33.594+0000] {dag.py:3823} INFO - Setting next_dagrun for ecommerce_etl_v2 to 2026-02-19 13:00:00+00:00, run_after=2026-02-20 13:00:00+00:00
[2026-02-20T10:33:33.602+0000] {processor.py:183} INFO - Processing /opt/airflow/dags/etl_dag.py took 0.311 seconds
[2026-02-20T11:43:42.662+0000] {processor.py:161} INFO - Started process (PID=79845) to work on /opt/airflow/dags/etl_dag.py
[2026-02-20T11:43:42.663+0000] {processor.py:830} INFO - Processing file /opt/airflow/dags/etl_dag.py for tasks to queue
[2026-02-20T11:43:42.664+0000] {logging_mixin.py:188} INFO - [2026-02-20T11:43:42.663+0000] {dagbag.py:538} INFO - Filling up the DagBag from /opt/airflow/dags/etl_dag.py
[2026-02-20T11:43:42.939+0000] {logging_mixin.py:188} INFO - Warning: Your Kaggle API key is readable by other users on this system! To fix this, you can run 'chmod 600 /home/airflow/.kaggle/kaggle.json'
[2026-02-20T11:43:43.022+0000] {logging_mixin.py:188} WARNING - /home/airflow/.local/lib/python3.8/site-packages/airflow/models/baseoperator.py:437 AirflowProviderDeprecationWarning: `exists_ok` parameter is deprecated, please use `if_exists`
[2026-02-20T11:43:43.039+0000] {processor.py:840} INFO - DAG(s) 'ecommerce_etl_v2' retrieved from /opt/airflow/dags/etl_dag.py
[2026-02-20T11:43:43.101+0000] {logging_mixin.py:188} INFO - [2026-02-20T11:43:43.101+0000] {dag.py:3036} INFO - Sync 1 DAGs
[2026-02-20T11:43:43.129+0000] {logging_mixin.py:188} INFO - [2026-02-20T11:43:43.128+0000] {dag.py:3823} INFO - Setting next_dagrun for ecommerce_etl_v2 to 2026-02-19 13:00:00+00:00, run_after=2026-02-20 13:00:00+00:00
[2026-02-20T11:43:43.148+0000] {processor.py:183} INFO - Processing /opt/airflow/dags/etl_dag.py took 0.489 seconds
[2026-02-20T12:47:36.800+0000] {processor.py:161} INFO - Started process (PID=79876) to work on /opt/airflow/dags/etl_dag.py
[2026-02-20T12:47:36.800+0000] {processor.py:830} INFO - Processing file /opt/airflow/dags/etl_dag.py for tasks to queue
[2026-02-20T12:47:36.801+0000] {logging_mixin.py:188} INFO - [2026-02-20T12:47:36.801+0000] {dagbag.py:538} INFO - Filling up the DagBag from /opt/airflow/dags/etl_dag.py
[2026-02-20T12:47:36.840+0000] {logging_mixin.py:188} INFO - Warning: Your Kaggle API key is readable by other users on this system! To fix this, you can run 'chmod 600 /home/airflow/.kaggle/kaggle.json'
[2026-02-20T12:47:36.900+0000] {logging_mixin.py:188} WARNING - /home/airflow/.local/lib/python3.8/site-packages/airflow/models/baseoperator.py:437 AirflowProviderDeprecationWarning: `exists_ok` parameter is deprecated, please use `if_exists`
[2026-02-20T12:47:36.909+0000] {processor.py:840} INFO - DAG(s) 'ecommerce_etl_v2' retrieved from /opt/airflow/dags/etl_dag.py
[2026-02-20T12:47:36.929+0000] {logging_mixin.py:188} INFO - [2026-02-20T12:47:36.929+0000] {dag.py:3036} INFO - Sync 1 DAGs
[2026-02-20T12:47:37.038+0000] {logging_mixin.py:188} INFO - [2026-02-20T12:47:37.038+0000] {dag.py:3823} INFO - Setting next_dagrun for ecommerce_etl_v2 to 2026-02-19 13:00:00+00:00, run_after=2026-02-20 13:00:00+00:00
[2026-02-20T12:47:37.046+0000] {processor.py:183} INFO - Processing /opt/airflow/dags/etl_dag.py took 0.249 seconds
[2026-02-20T13:11:20.007+0000] {processor.py:161} INFO - Started process (PID=79913) to work on /opt/airflow/dags/etl_dag.py
[2026-02-20T13:11:20.008+0000] {processor.py:830} INFO - Processing file /opt/airflow/dags/etl_dag.py for tasks to queue
[2026-02-20T13:11:20.012+0000] {logging_mixin.py:188} INFO - [2026-02-20T13:11:20.012+0000] {dagbag.py:538} INFO - Filling up the DagBag from /opt/airflow/dags/etl_dag.py
[2026-02-20T13:11:20.531+0000] {logging_mixin.py:188} INFO - Warning: Your Kaggle API key is readable by other users on this system! To fix this, you can run 'chmod 600 /home/airflow/.kaggle/kaggle.json'
[2026-02-20T13:11:20.603+0000] {logging_mixin.py:188} WARNING - /home/airflow/.local/lib/python3.8/site-packages/airflow/models/baseoperator.py:437 AirflowProviderDeprecationWarning: `exists_ok` parameter is deprecated, please use `if_exists`
[2026-02-20T13:11:20.617+0000] {processor.py:840} INFO - DAG(s) 'ecommerce_etl_v2' retrieved from /opt/airflow/dags/etl_dag.py
[2026-02-20T13:11:20.645+0000] {logging_mixin.py:188} INFO - [2026-02-20T13:11:20.644+0000] {dag.py:3036} INFO - Sync 1 DAGs
[2026-02-20T13:11:20.669+0000] {processor.py:183} INFO - Processing /opt/airflow/dags/etl_dag.py took 0.671 seconds
[2026-02-20T14:26:21.574+0000] {processor.py:161} INFO - Started process (PID=80139) to work on /opt/airflow/dags/etl_dag.py
[2026-02-20T14:26:21.575+0000] {processor.py:830} INFO - Processing file /opt/airflow/dags/etl_dag.py for tasks to queue
[2026-02-20T14:26:21.576+0000] {logging_mixin.py:188} INFO - [2026-02-20T14:26:21.575+0000] {dagbag.py:538} INFO - Filling up the DagBag from /opt/airflow/dags/etl_dag.py
[2026-02-20T14:26:21.973+0000] {logging_mixin.py:188} INFO - Warning: Your Kaggle API key is readable by other users on this system! To fix this, you can run 'chmod 600 /home/airflow/.kaggle/kaggle.json'
[2026-02-20T14:26:22.137+0000] {logging_mixin.py:188} WARNING - /home/airflow/.local/lib/python3.8/site-packages/airflow/models/baseoperator.py:437 AirflowProviderDeprecationWarning: `exists_ok` parameter is deprecated, please use `if_exists`
[2026-02-20T14:26:22.198+0000] {processor.py:840} INFO - DAG(s) 'ecommerce_etl_v2' retrieved from /opt/airflow/dags/etl_dag.py
[2026-02-20T14:26:22.247+0000] {logging_mixin.py:188} INFO - [2026-02-20T14:26:22.246+0000] {dag.py:3036} INFO - Sync 1 DAGs
[2026-02-20T14:26:22.488+0000] {processor.py:183} INFO - Processing /opt/airflow/dags/etl_dag.py took 0.918 seconds
[2026-02-20T15:13:38.882+0000] {processor.py:161} INFO - Started process (PID=80226) to work on /opt/airflow/dags/etl_dag.py
[2026-02-20T15:13:38.882+0000] {processor.py:830} INFO - Processing file /opt/airflow/dags/etl_dag.py for tasks to queue
[2026-02-20T15:13:38.883+0000] {logging_mixin.py:188} INFO - [2026-02-20T15:13:38.883+0000] {dagbag.py:538} INFO - Filling up the DagBag from /opt/airflow/dags/etl_dag.py
[2026-02-20T15:13:38.934+0000] {logging_mixin.py:188} INFO - Warning: Your Kaggle API key is readable by other users on this system! To fix this, you can run 'chmod 600 /home/airflow/.kaggle/kaggle.json'
[2026-02-20T15:13:39.182+0000] {logging_mixin.py:188} WARNING - /home/airflow/.local/lib/python3.8/site-packages/airflow/models/baseoperator.py:437 AirflowProviderDeprecationWarning: `exists_ok` parameter is deprecated, please use `if_exists`
[2026-02-20T15:13:39.193+0000] {processor.py:840} INFO - DAG(s) 'ecommerce_etl_v2' retrieved from /opt/airflow/dags/etl_dag.py
[2026-02-20T15:13:39.219+0000] {logging_mixin.py:188} INFO - [2026-02-20T15:13:39.219+0000] {dag.py:3036} INFO - Sync 1 DAGs
[2026-02-20T15:13:39.248+0000] {processor.py:183} INFO - Processing /opt/airflow/dags/etl_dag.py took 0.369 seconds
[2026-02-20T16:14:34.974+0000] {processor.py:161} INFO - Started process (PID=80313) to work on /opt/airflow/dags/etl_dag.py
[2026-02-20T16:14:34.974+0000] {processor.py:830} INFO - Processing file /opt/airflow/dags/etl_dag.py for tasks to queue
[2026-02-20T16:14:34.975+0000] {logging_mixin.py:188} INFO - [2026-02-20T16:14:34.975+0000] {dagbag.py:538} INFO - Filling up the DagBag from /opt/airflow/dags/etl_dag.py
[2026-02-20T16:14:35.014+0000] {logging_mixin.py:188} INFO - Warning: Your Kaggle API key is readable by other users on this system! To fix this, you can run 'chmod 600 /home/airflow/.kaggle/kaggle.json'
[2026-02-20T16:14:35.075+0000] {logging_mixin.py:188} WARNING - /home/airflow/.local/lib/python3.8/site-packages/airflow/models/baseoperator.py:437 AirflowProviderDeprecationWarning: `exists_ok` parameter is deprecated, please use `if_exists`
[2026-02-20T16:14:35.084+0000] {processor.py:840} INFO - DAG(s) 'ecommerce_etl_v2' retrieved from /opt/airflow/dags/etl_dag.py
[2026-02-20T16:14:35.103+0000] {logging_mixin.py:188} INFO - [2026-02-20T16:14:35.103+0000] {dag.py:3036} INFO - Sync 1 DAGs
[2026-02-20T16:14:35.211+0000] {logging_mixin.py:188} INFO - [2026-02-20T16:14:35.210+0000] {dag.py:3823} INFO - Setting next_dagrun for ecommerce_etl_v2 to 2026-02-20 13:00:00+00:00, run_after=2026-02-21 13:00:00+00:00
[2026-02-20T16:14:35.218+0000] {processor.py:183} INFO - Processing /opt/airflow/dags/etl_dag.py took 0.247 seconds
[2026-02-20T17:14:15.533+0000] {processor.py:161} INFO - Started process (PID=80344) to work on /opt/airflow/dags/etl_dag.py
[2026-02-20T17:14:15.534+0000] {processor.py:830} INFO - Processing file /opt/airflow/dags/etl_dag.py for tasks to queue
[2026-02-20T17:14:15.535+0000] {logging_mixin.py:188} INFO - [2026-02-20T17:14:15.535+0000] {dagbag.py:538} INFO - Filling up the DagBag from /opt/airflow/dags/etl_dag.py
[2026-02-20T17:14:15.589+0000] {logging_mixin.py:188} INFO - Warning: Your Kaggle API key is readable by other users on this system! To fix this, you can run 'chmod 600 /home/airflow/.kaggle/kaggle.json'
[2026-02-20T17:14:15.828+0000] {logging_mixin.py:188} WARNING - /home/airflow/.local/lib/python3.8/site-packages/airflow/models/baseoperator.py:437 AirflowProviderDeprecationWarning: `exists_ok` parameter is deprecated, please use `if_exists`
[2026-02-20T17:14:15.841+0000] {processor.py:840} INFO - DAG(s) 'ecommerce_etl_v2' retrieved from /opt/airflow/dags/etl_dag.py
[2026-02-20T17:14:15.864+0000] {logging_mixin.py:188} INFO - [2026-02-20T17:14:15.864+0000] {dag.py:3036} INFO - Sync 1 DAGs
[2026-02-20T17:14:15.880+0000] {logging_mixin.py:188} INFO - [2026-02-20T17:14:15.879+0000] {dag.py:3823} INFO - Setting next_dagrun for ecommerce_etl_v2 to 2026-02-20 13:00:00+00:00, run_after=2026-02-21 13:00:00+00:00
[2026-02-20T17:14:15.892+0000] {processor.py:183} INFO - Processing /opt/airflow/dags/etl_dag.py took 0.362 seconds
[2026-02-20T18:14:49.685+0000] {processor.py:161} INFO - Started process (PID=80377) to work on /opt/airflow/dags/etl_dag.py
[2026-02-20T18:14:49.685+0000] {processor.py:830} INFO - Processing file /opt/airflow/dags/etl_dag.py for tasks to queue
[2026-02-20T18:14:49.686+0000] {logging_mixin.py:188} INFO - [2026-02-20T18:14:49.686+0000] {dagbag.py:538} INFO - Filling up the DagBag from /opt/airflow/dags/etl_dag.py
[2026-02-20T18:14:49.727+0000] {logging_mixin.py:188} INFO - Warning: Your Kaggle API key is readable by other users on this system! To fix this, you can run 'chmod 600 /home/airflow/.kaggle/kaggle.json'
[2026-02-20T18:14:49.802+0000] {logging_mixin.py:188} WARNING - /home/airflow/.local/lib/python3.8/site-packages/airflow/models/baseoperator.py:437 AirflowProviderDeprecationWarning: `exists_ok` parameter is deprecated, please use `if_exists`
[2026-02-20T18:14:49.813+0000] {processor.py:840} INFO - DAG(s) 'ecommerce_etl_v2' retrieved from /opt/airflow/dags/etl_dag.py
[2026-02-20T18:14:49.834+0000] {logging_mixin.py:188} INFO - [2026-02-20T18:14:49.834+0000] {dag.py:3036} INFO - Sync 1 DAGs
[2026-02-20T18:14:49.951+0000] {logging_mixin.py:188} INFO - [2026-02-20T18:14:49.951+0000] {dag.py:3823} INFO - Setting next_dagrun for ecommerce_etl_v2 to 2026-02-20 13:00:00+00:00, run_after=2026-02-21 13:00:00+00:00
[2026-02-20T18:14:49.959+0000] {processor.py:183} INFO - Processing /opt/airflow/dags/etl_dag.py took 0.277 seconds
[2026-02-20T19:17:53.482+0000] {processor.py:161} INFO - Started process (PID=80408) to work on /opt/airflow/dags/etl_dag.py
[2026-02-20T19:17:53.483+0000] {processor.py:830} INFO - Processing file /opt/airflow/dags/etl_dag.py for tasks to queue
[2026-02-20T19:17:53.484+0000] {logging_mixin.py:188} INFO - [2026-02-20T19:17:53.484+0000] {dagbag.py:538} INFO - Filling up the DagBag from /opt/airflow/dags/etl_dag.py
[2026-02-20T19:17:53.536+0000] {logging_mixin.py:188} INFO - Warning: Your Kaggle API key is readable by other users on this system! To fix this, you can run 'chmod 600 /home/airflow/.kaggle/kaggle.json'
[2026-02-20T19:17:53.747+0000] {logging_mixin.py:188} WARNING - /home/airflow/.local/lib/python3.8/site-packages/airflow/models/baseoperator.py:437 AirflowProviderDeprecationWarning: `exists_ok` parameter is deprecated, please use `if_exists`
[2026-02-20T19:17:53.758+0000] {processor.py:840} INFO - DAG(s) 'ecommerce_etl_v2' retrieved from /opt/airflow/dags/etl_dag.py
[2026-02-20T19:17:53.779+0000] {logging_mixin.py:188} INFO - [2026-02-20T19:17:53.779+0000] {dag.py:3036} INFO - Sync 1 DAGs
[2026-02-20T19:17:53.791+0000] {logging_mixin.py:188} INFO - [2026-02-20T19:17:53.790+0000] {dag.py:3823} INFO - Setting next_dagrun for ecommerce_etl_v2 to 2026-02-20 13:00:00+00:00, run_after=2026-02-21 13:00:00+00:00
[2026-02-20T19:17:53.802+0000] {processor.py:183} INFO - Processing /opt/airflow/dags/etl_dag.py took 0.326 seconds
[2026-02-20T20:18:52.112+0000] {processor.py:161} INFO - Started process (PID=80439) to work on /opt/airflow/dags/etl_dag.py
[2026-02-20T20:18:52.112+0000] {processor.py:830} INFO - Processing file /opt/airflow/dags/etl_dag.py for tasks to queue
[2026-02-20T20:18:52.113+0000] {logging_mixin.py:188} INFO - [2026-02-20T20:18:52.113+0000] {dagbag.py:538} INFO - Filling up the DagBag from /opt/airflow/dags/etl_dag.py
[2026-02-20T20:18:52.154+0000] {logging_mixin.py:188} INFO - Warning: Your Kaggle API key is readable by other users on this system! To fix this, you can run 'chmod 600 /home/airflow/.kaggle/kaggle.json'
[2026-02-20T20:18:52.215+0000] {logging_mixin.py:188} WARNING - /home/airflow/.local/lib/python3.8/site-packages/airflow/models/baseoperator.py:437 AirflowProviderDeprecationWarning: `exists_ok` parameter is deprecated, please use `if_exists`
[2026-02-20T20:18:52.225+0000] {processor.py:840} INFO - DAG(s) 'ecommerce_etl_v2' retrieved from /opt/airflow/dags/etl_dag.py
[2026-02-20T20:18:52.244+0000] {logging_mixin.py:188} INFO - [2026-02-20T20:18:52.244+0000] {dag.py:3036} INFO - Sync 1 DAGs
[2026-02-20T20:18:52.355+0000] {logging_mixin.py:188} INFO - [2026-02-20T20:18:52.354+0000] {dag.py:3823} INFO - Setting next_dagrun for ecommerce_etl_v2 to 2026-02-20 13:00:00+00:00, run_after=2026-02-21 13:00:00+00:00
[2026-02-20T20:18:52.362+0000] {processor.py:183} INFO - Processing /opt/airflow/dags/etl_dag.py took 0.253 seconds
[2026-02-20T21:20:00.561+0000] {processor.py:161} INFO - Started process (PID=80470) to work on /opt/airflow/dags/etl_dag.py
[2026-02-20T21:20:00.562+0000] {processor.py:830} INFO - Processing file /opt/airflow/dags/etl_dag.py for tasks to queue
[2026-02-20T21:20:00.563+0000] {logging_mixin.py:188} INFO - [2026-02-20T21:20:00.562+0000] {dagbag.py:538} INFO - Filling up the DagBag from /opt/airflow/dags/etl_dag.py
[2026-02-20T21:20:00.601+0000] {logging_mixin.py:188} INFO - Warning: Your Kaggle API key is readable by other users on this system! To fix this, you can run 'chmod 600 /home/airflow/.kaggle/kaggle.json'
[2026-02-20T21:20:00.777+0000] {logging_mixin.py:188} WARNING - /home/airflow/.local/lib/python3.8/site-packages/airflow/models/baseoperator.py:437 AirflowProviderDeprecationWarning: `exists_ok` parameter is deprecated, please use `if_exists`
[2026-02-20T21:20:00.786+0000] {processor.py:840} INFO - DAG(s) 'ecommerce_etl_v2' retrieved from /opt/airflow/dags/etl_dag.py
[2026-02-20T21:20:00.803+0000] {logging_mixin.py:188} INFO - [2026-02-20T21:20:00.803+0000] {dag.py:3036} INFO - Sync 1 DAGs
[2026-02-20T21:20:00.813+0000] {logging_mixin.py:188} INFO - [2026-02-20T21:20:00.813+0000] {dag.py:3823} INFO - Setting next_dagrun for ecommerce_etl_v2 to 2026-02-20 13:00:00+00:00, run_after=2026-02-21 13:00:00+00:00
[2026-02-20T21:20:00.823+0000] {processor.py:183} INFO - Processing /opt/airflow/dags/etl_dag.py took 0.264 seconds
[2026-02-20T22:34:47.108+0000] {processor.py:161} INFO - Started process (PID=80501) to work on /opt/airflow/dags/etl_dag.py
[2026-02-20T22:34:47.109+0000] {processor.py:830} INFO - Processing file /opt/airflow/dags/etl_dag.py for tasks to queue
[2026-02-20T22:34:47.110+0000] {logging_mixin.py:188} INFO - [2026-02-20T22:34:47.110+0000] {dagbag.py:538} INFO - Filling up the DagBag from /opt/airflow/dags/etl_dag.py
[2026-02-20T22:34:47.163+0000] {logging_mixin.py:188} INFO - Warning: Your Kaggle API key is readable by other users on this system! To fix this, you can run 'chmod 600 /home/airflow/.kaggle/kaggle.json'
[2026-02-20T22:34:47.244+0000] {logging_mixin.py:188} WARNING - /home/airflow/.local/lib/python3.8/site-packages/airflow/models/baseoperator.py:437 AirflowProviderDeprecationWarning: `exists_ok` parameter is deprecated, please use `if_exists`
[2026-02-20T22:34:47.256+0000] {processor.py:840} INFO - DAG(s) 'ecommerce_etl_v2' retrieved from /opt/airflow/dags/etl_dag.py
[2026-02-20T22:34:47.279+0000] {logging_mixin.py:188} INFO - [2026-02-20T22:34:47.279+0000] {dag.py:3036} INFO - Sync 1 DAGs
[2026-02-20T22:34:47.441+0000] {logging_mixin.py:188} INFO - [2026-02-20T22:34:47.441+0000] {dag.py:3823} INFO - Setting next_dagrun for ecommerce_etl_v2 to 2026-02-20 13:00:00+00:00, run_after=2026-02-21 13:00:00+00:00
[2026-02-20T22:34:47.454+0000] {processor.py:183} INFO - Processing /opt/airflow/dags/etl_dag.py took 0.349 seconds
[2026-02-20T23:38:46.863+0000] {processor.py:161} INFO - Started process (PID=80532) to work on /opt/airflow/dags/etl_dag.py
[2026-02-20T23:38:46.864+0000] {processor.py:830} INFO - Processing file /opt/airflow/dags/etl_dag.py for tasks to queue
[2026-02-20T23:38:46.865+0000] {logging_mixin.py:188} INFO - [2026-02-20T23:38:46.864+0000] {dagbag.py:538} INFO - Filling up the DagBag from /opt/airflow/dags/etl_dag.py
[2026-02-20T23:38:46.924+0000] {logging_mixin.py:188} INFO - Warning: Your Kaggle API key is readable by other users on this system! To fix this, you can run 'chmod 600 /home/airflow/.kaggle/kaggle.json'
[2026-02-20T23:38:47.163+0000] {logging_mixin.py:188} WARNING - /home/airflow/.local/lib/python3.8/site-packages/airflow/models/baseoperator.py:437 AirflowProviderDeprecationWarning: `exists_ok` parameter is deprecated, please use `if_exists`
[2026-02-20T23:38:47.175+0000] {processor.py:840} INFO - DAG(s) 'ecommerce_etl_v2' retrieved from /opt/airflow/dags/etl_dag.py
[2026-02-20T23:38:47.201+0000] {logging_mixin.py:188} INFO - [2026-02-20T23:38:47.200+0000] {dag.py:3036} INFO - Sync 1 DAGs
[2026-02-20T23:38:47.215+0000] {logging_mixin.py:188} INFO - [2026-02-20T23:38:47.215+0000] {dag.py:3823} INFO - Setting next_dagrun for ecommerce_etl_v2 to 2026-02-20 13:00:00+00:00, run_after=2026-02-21 13:00:00+00:00
[2026-02-20T23:38:47.227+0000] {processor.py:183} INFO - Processing /opt/airflow/dags/etl_dag.py took 0.367 seconds
