[2026-02-10T09:22:47.255+0000] {taskinstance.py:1956} INFO - Dependencies all met for dep_context=non-requeueable deps ti=<TaskInstance: ecommerce_etl_v2.gold_layer.load_dim_products manual__2026-02-10T09:15:54.717141+00:00 [queued]>
[2026-02-10T09:22:47.260+0000] {taskinstance.py:1956} INFO - Dependencies all met for dep_context=requeueable deps ti=<TaskInstance: ecommerce_etl_v2.gold_layer.load_dim_products manual__2026-02-10T09:15:54.717141+00:00 [queued]>
[2026-02-10T09:22:47.260+0000] {taskinstance.py:2170} INFO - Starting attempt 1 of 3
[2026-02-10T09:22:47.265+0000] {taskinstance.py:2191} INFO - Executing <Task(BigQueryInsertJobOperator): gold_layer.load_dim_products> on 2026-02-10 09:15:54.717141+00:00
[2026-02-10T09:22:47.268+0000] {standard_task_runner.py:60} INFO - Started process 35805 to run task
[2026-02-10T09:22:47.271+0000] {standard_task_runner.py:87} INFO - Running: ['***', 'tasks', 'run', 'ecommerce_etl_v2', 'gold_layer.load_dim_products', 'manual__2026-02-10T09:15:54.717141+00:00', '--job-id', '957', '--raw', '--subdir', 'DAGS_FOLDER/etl_dag.py', '--cfg-path', '/tmp/tmpzscg7a2g']
[2026-02-10T09:22:47.272+0000] {standard_task_runner.py:88} INFO - Job 957: Subtask gold_layer.load_dim_products
[2026-02-10T09:22:47.293+0000] {task_command.py:423} INFO - Running <TaskInstance: ecommerce_etl_v2.gold_layer.load_dim_products manual__2026-02-10T09:15:54.717141+00:00 [running]> on host 8e292c18926b
[2026-02-10T09:22:47.323+0000] {taskinstance.py:2480} INFO - Exporting env vars: AIRFLOW_CTX_DAG_EMAIL='data-team@company.com' AIRFLOW_CTX_DAG_OWNER='data_engineering' AIRFLOW_CTX_DAG_ID='ecommerce_etl_v2' AIRFLOW_CTX_TASK_ID='gold_layer.load_dim_products' AIRFLOW_CTX_EXECUTION_DATE='2026-02-10T09:15:54.717141+00:00' AIRFLOW_CTX_TRY_NUMBER='1' AIRFLOW_CTX_DAG_RUN_ID='manual__2026-02-10T09:15:54.717141+00:00'
[2026-02-10T09:22:47.329+0000] {connection.py:234} WARNING - Connection schemes (type: google_cloud_platform) shall not contain '_' according to RFC3986.
[2026-02-10T09:22:47.330+0000] {base.py:83} INFO - Using connection ID 'google_cloud_default' for task execution.
[2026-02-10T09:22:47.330+0000] {credentials_provider.py:353} INFO - Getting connection using `google.auth.default()` since no explicit credentials are provided.
[2026-02-10T09:22:47.368+0000] {bigquery.py:2807} INFO - Executing: {'query': {'query': "-- MERGE `prism-486509.gold.dim_products` AS target\nUSING (\n  SELECT \n    product_id,\n    product_name,\n    brand_name,\n    product_category,\n    department,\n    sku,\n    retail_price,\n    dist_center_id\n  FROM `prism-486509.silver.products`\n) AS source\nON target.product_id = source.product_id\n   AND target.is_current = TRUE\n\n-- Update old version if any attribute changed\nWHEN MATCHED AND (\n  target.product_name <> source.product_name OR\n  target.brand_name <> source.brand_name OR\n  target.product_category <> source.product_category OR\n  target.department <> source.department OR\n  target.sku <> source.sku OR\n  target.retail_price <> source.retail_price OR\n  COALESCE(target.dist_center_id, 0) <> COALESCE(source.dist_center_id, 0)\n) THEN\n  UPDATE SET \n    effective_to = CURRENT_DATE(),\n    is_current = FALSE\n\n-- Insert new version for new product or changed product\nWHEN NOT MATCHED BY TARGET THEN\n  INSERT (\n    product_key,\n    product_id,\n    product_name,\n    brand_name,\n    product_category,\n    department,\n    sku,\n    retail_price,\n    dist_center_id,\n    effective_from,\n    effective_to,\n    is_current\n  )\n  VALUES (\n    TO_HEX(SHA256(CONCAT(CAST(source.product_id AS STRING), '|', CAST(CURRENT_DATE() AS STRING)))),  -- deterministic SCD2 key\n    source.product_id,\n    source.product_name,\n    source.brand_name,\n    source.product_category,\n    source.department,\n    source.sku,\n    source.retail_price,\n    source.dist_center_id,\n    CURRENT_DATE(),\n    DATE('9999-12-31'),\n    TRUE\n  );", 'useLegacySql': False}}'
[2026-02-10T09:22:47.369+0000] {bigquery.py:1596} INFO - Inserting job ***_ecommerce_etl_v2_gold_layer_load_dim_products_2026_02_10T09_15_54_717141_00_00_20b3e976237cc8efa743a48f934988d7
[2026-02-10T09:22:47.680+0000] {taskinstance.py:2698} ERROR - Task failed with exception
Traceback (most recent call last):
  File "/home/airflow/.local/lib/python3.8/site-packages/airflow/models/taskinstance.py", line 433, in _execute_task
    result = execute_callable(context=context, **execute_callable_kwargs)
  File "/home/airflow/.local/lib/python3.8/site-packages/airflow/providers/google/cloud/operators/bigquery.py", line 2864, in execute
    job.result(timeout=self.result_timeout, retry=self.result_retry)
  File "/home/airflow/.local/lib/python3.8/site-packages/google/cloud/bigquery/job/query.py", line 1595, in result
    do_get_result()
  File "/home/airflow/.local/lib/python3.8/site-packages/google/cloud/bigquery/job/query.py", line 1584, in do_get_result
    super(QueryJob, self).result(retry=retry, timeout=timeout)
  File "/home/airflow/.local/lib/python3.8/site-packages/google/cloud/bigquery/job/base.py", line 971, in result
    return super(_AsyncJob, self).result(timeout=timeout, **kwargs)
  File "/home/airflow/.local/lib/python3.8/site-packages/google/api_core/future/polling.py", line 261, in result
    raise self._exception
google.api_core.exceptions.BadRequest: 400 Syntax error: Unexpected keyword USING at [2:1]; reason: invalidQuery, location: query, message: Syntax error: Unexpected keyword USING at [2:1]

Location: europe-west1
Job ID: airflow_ecommerce_etl_v2_gold_layer_load_dim_products_2026_02_10T09_15_54_717141_00_00_20b3e976237cc8efa743a48f934988d7

[2026-02-10T09:22:47.689+0000] {taskinstance.py:1138} INFO - Marking task as UP_FOR_RETRY. dag_id=ecommerce_etl_v2, task_id=gold_layer.load_dim_products, execution_date=20260210T091554, start_date=20260210T092247, end_date=20260210T092247
[2026-02-10T09:22:47.696+0000] {standard_task_runner.py:107} ERROR - Failed to execute job 957 for task gold_layer.load_dim_products (400 Syntax error: Unexpected keyword USING at [2:1]; reason: invalidQuery, location: query, message: Syntax error: Unexpected keyword USING at [2:1]

Location: europe-west1
Job ID: airflow_ecommerce_etl_v2_gold_layer_load_dim_products_2026_02_10T09_15_54_717141_00_00_20b3e976237cc8efa743a48f934988d7
; 35805)
[2026-02-10T09:22:47.716+0000] {local_task_job_runner.py:234} INFO - Task exited with return code 1
[2026-02-10T09:22:47.735+0000] {taskinstance.py:3280} INFO - 0 downstream tasks scheduled from follow-on schedule check
