[2026-02-09T13:22:06.287+0000] {taskinstance.py:1956} INFO - Dependencies all met for dep_context=non-requeueable deps ti=<TaskInstance: ecommerce_etl_v2.load_products manual__2026-02-09T12:40:21.598201+00:00 [queued]>
[2026-02-09T13:22:06.294+0000] {taskinstance.py:1956} INFO - Dependencies all met for dep_context=requeueable deps ti=<TaskInstance: ecommerce_etl_v2.load_products manual__2026-02-09T12:40:21.598201+00:00 [queued]>
[2026-02-09T13:22:06.295+0000] {taskinstance.py:2170} INFO - Starting attempt 1 of 3
[2026-02-09T13:22:06.306+0000] {taskinstance.py:2191} INFO - Executing <Task(PythonOperator): load_products> on 2026-02-09 12:40:21.598201+00:00
[2026-02-09T13:22:06.310+0000] {standard_task_runner.py:60} INFO - Started process 56846 to run task
[2026-02-09T13:22:06.317+0000] {standard_task_runner.py:87} INFO - Running: ['***', 'tasks', 'run', 'ecommerce_etl_v2', 'load_products', 'manual__2026-02-09T12:40:21.598201+00:00', '--job-id', '2439', '--raw', '--subdir', 'DAGS_FOLDER/etl_dag.py', '--cfg-path', '/tmp/tmpbzgp0920']
[2026-02-09T13:22:06.322+0000] {standard_task_runner.py:88} INFO - Job 2439: Subtask load_products
[2026-02-09T13:22:06.389+0000] {task_command.py:423} INFO - Running <TaskInstance: ecommerce_etl_v2.load_products manual__2026-02-09T12:40:21.598201+00:00 [running]> on host 707cd2e8ef6b
[2026-02-09T13:22:06.472+0000] {taskinstance.py:2480} INFO - Exporting env vars: AIRFLOW_CTX_DAG_EMAIL='data-team@company.com' AIRFLOW_CTX_DAG_OWNER='data_engineering' AIRFLOW_CTX_DAG_ID='ecommerce_etl_v2' AIRFLOW_CTX_TASK_ID='load_products' AIRFLOW_CTX_EXECUTION_DATE='2026-02-09T12:40:21.598201+00:00' AIRFLOW_CTX_TRY_NUMBER='1' AIRFLOW_CTX_DAG_RUN_ID='manual__2026-02-09T12:40:21.598201+00:00'
[2026-02-09T13:22:13.215+0000] {taskinstance.py:2698} ERROR - Task failed with exception
Traceback (most recent call last):
  File "/home/airflow/.local/lib/python3.8/site-packages/pandas_gbq/gbq.py", line 604, in load_data
    chunks = load.load_chunks(
  File "/home/airflow/.local/lib/python3.8/site-packages/pandas_gbq/load.py", line 243, in load_chunks
    load_parquet(
  File "/home/airflow/.local/lib/python3.8/site-packages/pandas_gbq/load.py", line 131, in load_parquet
    client.load_table_from_dataframe(
  File "/home/airflow/.local/lib/python3.8/site-packages/google/cloud/bigquery/job/base.py", line 971, in result
    return super(_AsyncJob, self).result(timeout=timeout, **kwargs)
  File "/home/airflow/.local/lib/python3.8/site-packages/google/api_core/future/polling.py", line 261, in result
    raise self._exception
google.api_core.exceptions.NotFound: 404 Not found: Dataset prism-486509:bronze; reason: notFound, message: Not found: Dataset prism-486509:bronze

The above exception was the direct cause of the following exception:

Traceback (most recent call last):
  File "/home/airflow/.local/lib/python3.8/site-packages/airflow/models/taskinstance.py", line 433, in _execute_task
    result = execute_callable(context=context, **execute_callable_kwargs)
  File "/home/airflow/.local/lib/python3.8/site-packages/airflow/operators/python.py", line 199, in execute
    return_value = self.execute_callable()
  File "/home/airflow/.local/lib/python3.8/site-packages/airflow/operators/python.py", line 216, in execute_callable
    return self.python_callable(*self.op_args, **self.op_kwargs)
  File "/opt/airflow/dags/etl_dag.py", line 103, in load_bronze_with_ingestion_date
    df.to_gbq(
  File "/home/airflow/.local/lib/python3.8/site-packages/pandas/core/frame.py", line 2088, in to_gbq
    gbq.to_gbq(
  File "/home/airflow/.local/lib/python3.8/site-packages/pandas/io/gbq.py", line 215, in to_gbq
    pandas_gbq.to_gbq(
  File "/home/airflow/.local/lib/python3.8/site-packages/pandas_gbq/gbq.py", line 1238, in to_gbq
    connector.load_data(
  File "/home/airflow/.local/lib/python3.8/site-packages/pandas_gbq/gbq.py", line 624, in load_data
    self.process_http_error(ex)
  File "/home/airflow/.local/lib/python3.8/site-packages/pandas_gbq/gbq.py", line 396, in process_http_error
    raise GenericGBQException("Reason: {0}".format(ex)) from ex
pandas_gbq.exceptions.GenericGBQException: Reason: 404 Not found: Dataset prism-486509:bronze; reason: notFound, message: Not found: Dataset prism-486509:bronze
[2026-02-09T13:22:13.222+0000] {taskinstance.py:1138} INFO - Marking task as UP_FOR_RETRY. dag_id=ecommerce_etl_v2, task_id=load_products, execution_date=20260209T124021, start_date=20260209T132206, end_date=20260209T132213
[2026-02-09T13:22:13.227+0000] {standard_task_runner.py:107} ERROR - Failed to execute job 2439 for task load_products (Reason: 404 Not found: Dataset prism-486509:bronze; reason: notFound, message: Not found: Dataset prism-486509:bronze; 56846)
[2026-02-09T13:22:13.240+0000] {local_task_job_runner.py:234} INFO - Task exited with return code 1
[2026-02-09T13:22:13.259+0000] {taskinstance.py:3280} INFO - 0 downstream tasks scheduled from follow-on schedule check
