[2026-02-08T23:54:04.790+0000] {taskinstance.py:1956} INFO - Dependencies all met for dep_context=non-requeueable deps ti=<TaskInstance: ecommerce_etl_v2.bronze_layer.check_products_loaded manual__2026-02-08T23:37:51.120161+00:00 [queued]>
[2026-02-08T23:54:04.795+0000] {taskinstance.py:1956} INFO - Dependencies all met for dep_context=requeueable deps ti=<TaskInstance: ecommerce_etl_v2.bronze_layer.check_products_loaded manual__2026-02-08T23:37:51.120161+00:00 [queued]>
[2026-02-08T23:54:04.795+0000] {taskinstance.py:2170} INFO - Starting attempt 1 of 3
[2026-02-08T23:54:04.801+0000] {taskinstance.py:2191} INFO - Executing <Task(BigQueryCheckOperator): bronze_layer.check_products_loaded> on 2026-02-08 23:37:51.120161+00:00
[2026-02-08T23:54:04.805+0000] {standard_task_runner.py:60} INFO - Started process 32003 to run task
[2026-02-08T23:54:04.807+0000] {standard_task_runner.py:87} INFO - Running: ['***', 'tasks', 'run', 'ecommerce_etl_v2', 'bronze_layer.check_products_loaded', 'manual__2026-02-08T23:37:51.120161+00:00', '--job-id', '1126', '--raw', '--subdir', 'DAGS_FOLDER/etl_dag.py', '--cfg-path', '/tmp/tmpihnzbghl']
[2026-02-08T23:54:04.808+0000] {standard_task_runner.py:88} INFO - Job 1126: Subtask bronze_layer.check_products_loaded
[2026-02-08T23:54:04.832+0000] {task_command.py:423} INFO - Running <TaskInstance: ecommerce_etl_v2.bronze_layer.check_products_loaded manual__2026-02-08T23:37:51.120161+00:00 [running]> on host 52b3fbe2fc57
[2026-02-08T23:54:04.868+0000] {taskinstance.py:2480} INFO - Exporting env vars: AIRFLOW_CTX_DAG_EMAIL='data-team@company.com' AIRFLOW_CTX_DAG_OWNER='data_engineering' AIRFLOW_CTX_DAG_ID='ecommerce_etl_v2' AIRFLOW_CTX_TASK_ID='bronze_layer.check_products_loaded' AIRFLOW_CTX_EXECUTION_DATE='2026-02-08T23:37:51.120161+00:00' AIRFLOW_CTX_TRY_NUMBER='1' AIRFLOW_CTX_DAG_RUN_ID='manual__2026-02-08T23:37:51.120161+00:00'
[2026-02-08T23:54:04.869+0000] {sql.py:785} INFO - Executing SQL check: 
                    SELECT COUNT(*) > 0
                    FROM `prism-486509.bronze.products`
                
[2026-02-08T23:54:04.873+0000] {connection.py:234} WARNING - Connection schemes (type: google_cloud_platform) shall not contain '_' according to RFC3986.
[2026-02-08T23:54:04.873+0000] {base.py:83} INFO - Using connection ID 'google_cloud_default' for task execution.
[2026-02-08T23:54:04.873+0000] {credentials_provider.py:353} INFO - Getting connection using `google.auth.default()` since no explicit credentials are provided.
[2026-02-08T23:54:04.917+0000] {sql.py:450} INFO - Running statement: 
                    SELECT COUNT(*) > 0
                    FROM `prism-486509.bronze.products`
                , parameters: None
[2026-02-08T23:54:04.918+0000] {bigquery.py:1596} INFO - Inserting job ***_1770594844917726_d98ce9b61bb274fd6be9b086a248981e
[2026-02-08T23:54:05.856+0000] {sql.py:788} INFO - Record: [True]
[2026-02-08T23:54:05.857+0000] {sql.py:796} INFO - Success.
[2026-02-08T23:54:05.862+0000] {taskinstance.py:1138} INFO - Marking task as SUCCESS. dag_id=ecommerce_etl_v2, task_id=bronze_layer.check_products_loaded, execution_date=20260208T233751, start_date=20260208T235404, end_date=20260208T235405
[2026-02-08T23:54:05.900+0000] {local_task_job_runner.py:234} INFO - Task exited with return code 0
[2026-02-08T23:54:05.910+0000] {taskinstance.py:3280} INFO - 0 downstream tasks scheduled from follow-on schedule check
