[2026-02-09T11:43:02.246+0000] {taskinstance.py:1956} INFO - Dependencies all met for dep_context=non-requeueable deps ti=<TaskInstance: ecommerce_etl_v2.silver_layer.transform_products manual__2026-02-09T11:31:56.397676+00:00 [queued]>
[2026-02-09T11:43:02.251+0000] {taskinstance.py:1956} INFO - Dependencies all met for dep_context=requeueable deps ti=<TaskInstance: ecommerce_etl_v2.silver_layer.transform_products manual__2026-02-09T11:31:56.397676+00:00 [queued]>
[2026-02-09T11:43:02.252+0000] {taskinstance.py:2170} INFO - Starting attempt 2 of 4
[2026-02-09T11:43:02.259+0000] {taskinstance.py:2191} INFO - Executing <Task(BigQueryInsertJobOperator): silver_layer.transform_products> on 2026-02-09 11:31:56.397676+00:00
[2026-02-09T11:43:02.263+0000] {standard_task_runner.py:60} INFO - Started process 35248 to run task
[2026-02-09T11:43:02.265+0000] {standard_task_runner.py:87} INFO - Running: ['***', 'tasks', 'run', 'ecommerce_etl_v2', 'silver_layer.transform_products', 'manual__2026-02-09T11:31:56.397676+00:00', '--job-id', '1924', '--raw', '--subdir', 'DAGS_FOLDER/etl_dag.py', '--cfg-path', '/tmp/tmpjg1c36t1']
[2026-02-09T11:43:02.267+0000] {standard_task_runner.py:88} INFO - Job 1924: Subtask silver_layer.transform_products
[2026-02-09T11:43:02.295+0000] {task_command.py:423} INFO - Running <TaskInstance: ecommerce_etl_v2.silver_layer.transform_products manual__2026-02-09T11:31:56.397676+00:00 [running]> on host 707cd2e8ef6b
[2026-02-09T11:43:02.334+0000] {taskinstance.py:2480} INFO - Exporting env vars: AIRFLOW_CTX_DAG_EMAIL='data-team@company.com' AIRFLOW_CTX_DAG_OWNER='data_engineering' AIRFLOW_CTX_DAG_ID='ecommerce_etl_v2' AIRFLOW_CTX_TASK_ID='silver_layer.transform_products' AIRFLOW_CTX_EXECUTION_DATE='2026-02-09T11:31:56.397676+00:00' AIRFLOW_CTX_TRY_NUMBER='2' AIRFLOW_CTX_DAG_RUN_ID='manual__2026-02-09T11:31:56.397676+00:00'
[2026-02-09T11:43:02.341+0000] {connection.py:234} WARNING - Connection schemes (type: google_cloud_platform) shall not contain '_' according to RFC3986.
[2026-02-09T11:43:02.341+0000] {base.py:83} INFO - Using connection ID 'google_cloud_default' for task execution.
[2026-02-09T11:43:02.342+0000] {credentials_provider.py:353} INFO - Getting connection using `google.auth.default()` since no explicit credentials are provided.
[2026-02-09T11:43:02.382+0000] {bigquery.py:2807} INFO - Executing: {'query': {'query': "\nWITH deduplicated_products AS (\n  SELECT\n    *,\n    ROW_NUMBER() OVER (\n      PARTITION BY id\n    ) AS row_num\n  FROM bronze.products\n  WHERE ingestion_date = @run_date and id IS NOT NULL  -- keep idempotent by batch\n)\n\nSELECT\n  -- Identifiers\n  SAFE_CAST(id AS INT64) AS product_id,\n  sku,\n\n  -- Descriptive attributes\n  COALESCE(name, 'Unnamed Product') AS product_name,\n  COALESCE(brand, 'Unknown Brand') AS brand_name,\n  COALESCE(category, 'General') AS product_category,\n  department,\n\n  -- Pricing & Cost (using NUMERIC for financial precision)\n  SAFE_CAST(cost AS NUMERIC) AS unit_cost,\n  SAFE_CAST(retail_price AS NUMERIC) AS retail_price,\n\n  -- Distribution\n  SAFE_CAST(distribution_center_id AS INT64) AS dist_center_id,\n\n  -- Business checks\n  SAFE_CAST(retail_price AS NUMERIC) > SAFE_CAST(cost AS NUMERIC)\n    AS is_profitable,\n\n  ROUND(\n    SAFE_CAST(retail_price AS NUMERIC) - SAFE_CAST(cost AS NUMERIC),\n    2\n  ) AS absolute_markup,\n\n  CURRENT_TIMESTAMP() AS ingestion_ts\n\nFROM deduplicated_products\nWHERE row_num = 1;", 'useLegacySql': False, 'destinationTable': {'projectId': 'prism-486509', 'datasetId': 'silver', 'tableId': 'products', 'writeDisposition': 'WRITE_TRUNCATE', 'createDisposition': 'CREATE_IF_NEEDED'}, 'queryParameters': [{'name': 'run_date', 'parameterType': {'type': 'DATE'}, 'parameterValue': {'value': '2026-02-09'}}]}}'
[2026-02-09T11:43:02.383+0000] {bigquery.py:1596} INFO - Inserting job ***_ecommerce_etl_v2_silver_layer_transform_products_2026_02_09T11_31_56_397676_00_00_6e23d3aeeb334de8d3b1735fb3fc92f0
[2026-02-09T11:43:02.791+0000] {taskinstance.py:2698} ERROR - Task failed with exception
Traceback (most recent call last):
  File "/home/airflow/.local/lib/python3.8/site-packages/airflow/models/taskinstance.py", line 433, in _execute_task
    result = execute_callable(context=context, **execute_callable_kwargs)
  File "/home/airflow/.local/lib/python3.8/site-packages/airflow/providers/google/cloud/operators/bigquery.py", line 2864, in execute
    job.result(timeout=self.result_timeout, retry=self.result_retry)
  File "/home/airflow/.local/lib/python3.8/site-packages/google/cloud/bigquery/job/query.py", line 1595, in result
    do_get_result()
  File "/home/airflow/.local/lib/python3.8/site-packages/google/cloud/bigquery/job/query.py", line 1584, in do_get_result
    super(QueryJob, self).result(retry=retry, timeout=timeout)
  File "/home/airflow/.local/lib/python3.8/site-packages/google/cloud/bigquery/job/base.py", line 971, in result
    return super(_AsyncJob, self).result(timeout=timeout, **kwargs)
  File "/home/airflow/.local/lib/python3.8/site-packages/google/api_core/future/polling.py", line 261, in result
    raise self._exception
google.api_core.exceptions.Conflict: 409 Already Exists: Table prism-486509:silver.products; reason: duplicate, message: Already Exists: Table prism-486509:silver.products

Location: europe-west1
Job ID: airflow_ecommerce_etl_v2_silver_layer_transform_products_2026_02_09T11_31_56_397676_00_00_6e23d3aeeb334de8d3b1735fb3fc92f0

[2026-02-09T11:43:02.796+0000] {taskinstance.py:1138} INFO - Marking task as UP_FOR_RETRY. dag_id=ecommerce_etl_v2, task_id=silver_layer.transform_products, execution_date=20260209T113156, start_date=20260209T114302, end_date=20260209T114302
[2026-02-09T11:43:02.802+0000] {standard_task_runner.py:107} ERROR - Failed to execute job 1924 for task silver_layer.transform_products (409 Already Exists: Table prism-486509:silver.products; reason: duplicate, message: Already Exists: Table prism-486509:silver.products

Location: europe-west1
Job ID: airflow_ecommerce_etl_v2_silver_layer_transform_products_2026_02_09T11_31_56_397676_00_00_6e23d3aeeb334de8d3b1735fb3fc92f0
; 35248)
[2026-02-09T11:43:02.818+0000] {local_task_job_runner.py:234} INFO - Task exited with return code 1
[2026-02-09T11:43:02.838+0000] {taskinstance.py:3280} INFO - 0 downstream tasks scheduled from follow-on schedule check
