[2026-02-10T09:20:01.228+0000] {taskinstance.py:1956} INFO - Dependencies all met for dep_context=non-requeueable deps ti=<TaskInstance: ecommerce_etl_v2.check_products_loaded manual__2026-02-10T09:15:54.717141+00:00 [queued]>
[2026-02-10T09:20:01.232+0000] {taskinstance.py:1956} INFO - Dependencies all met for dep_context=requeueable deps ti=<TaskInstance: ecommerce_etl_v2.check_products_loaded manual__2026-02-10T09:15:54.717141+00:00 [queued]>
[2026-02-10T09:20:01.233+0000] {taskinstance.py:2170} INFO - Starting attempt 1 of 3
[2026-02-10T09:20:01.238+0000] {taskinstance.py:2191} INFO - Executing <Task(BigQueryCheckOperator): check_products_loaded> on 2026-02-10 09:15:54.717141+00:00
[2026-02-10T09:20:01.242+0000] {standard_task_runner.py:60} INFO - Started process 35040 to run task
[2026-02-10T09:20:01.244+0000] {standard_task_runner.py:87} INFO - Running: ['***', 'tasks', 'run', 'ecommerce_etl_v2', 'check_products_loaded', 'manual__2026-02-10T09:15:54.717141+00:00', '--job-id', '936', '--raw', '--subdir', 'DAGS_FOLDER/etl_dag.py', '--cfg-path', '/tmp/tmp07b3_iup']
[2026-02-10T09:20:01.245+0000] {standard_task_runner.py:88} INFO - Job 936: Subtask check_products_loaded
[2026-02-10T09:20:01.265+0000] {task_command.py:423} INFO - Running <TaskInstance: ecommerce_etl_v2.check_products_loaded manual__2026-02-10T09:15:54.717141+00:00 [running]> on host 8e292c18926b
[2026-02-10T09:20:01.296+0000] {taskinstance.py:2480} INFO - Exporting env vars: AIRFLOW_CTX_DAG_EMAIL='data-team@company.com' AIRFLOW_CTX_DAG_OWNER='data_engineering' AIRFLOW_CTX_DAG_ID='ecommerce_etl_v2' AIRFLOW_CTX_TASK_ID='check_products_loaded' AIRFLOW_CTX_EXECUTION_DATE='2026-02-10T09:15:54.717141+00:00' AIRFLOW_CTX_TRY_NUMBER='1' AIRFLOW_CTX_DAG_RUN_ID='manual__2026-02-10T09:15:54.717141+00:00'
[2026-02-10T09:20:01.297+0000] {sql.py:785} INFO - Executing SQL check: SELECT COUNT(*) > 0 FROM prism-486509.bronze.products
[2026-02-10T09:20:01.300+0000] {connection.py:234} WARNING - Connection schemes (type: google_cloud_platform) shall not contain '_' according to RFC3986.
[2026-02-10T09:20:01.300+0000] {base.py:83} INFO - Using connection ID 'google_cloud_default' for task execution.
[2026-02-10T09:20:01.301+0000] {credentials_provider.py:353} INFO - Getting connection using `google.auth.default()` since no explicit credentials are provided.
[2026-02-10T09:20:01.341+0000] {sql.py:450} INFO - Running statement: SELECT COUNT(*) > 0 FROM prism-486509.bronze.products, parameters: None
[2026-02-10T09:20:01.342+0000] {bigquery.py:1596} INFO - Inserting job ***_1770715201341782_2b38e4b4961e7e1e94b9cfb0ca26635f
[2026-02-10T09:20:02.428+0000] {sql.py:788} INFO - Record: [True]
[2026-02-10T09:20:02.429+0000] {sql.py:796} INFO - Success.
[2026-02-10T09:20:02.439+0000] {taskinstance.py:1138} INFO - Marking task as SUCCESS. dag_id=ecommerce_etl_v2, task_id=check_products_loaded, execution_date=20260210T091554, start_date=20260210T092001, end_date=20260210T092002
[2026-02-10T09:20:02.467+0000] {local_task_job_runner.py:234} INFO - Task exited with return code 0
[2026-02-10T09:20:02.492+0000] {taskinstance.py:3280} INFO - 1 downstream tasks scheduled from follow-on schedule check
