[2026-02-08T17:16:28.173+0000] {taskinstance.py:1956} INFO - Dependencies all met for dep_context=non-requeueable deps ti=<TaskInstance: ecommerce_etl.gold_dim_location manual__2026-02-08T15:37:02.081199+00:00 [queued]>
[2026-02-08T17:16:28.177+0000] {taskinstance.py:1956} INFO - Dependencies all met for dep_context=requeueable deps ti=<TaskInstance: ecommerce_etl.gold_dim_location manual__2026-02-08T15:37:02.081199+00:00 [queued]>
[2026-02-08T17:16:28.177+0000] {taskinstance.py:2170} INFO - Starting attempt 8 of 9
[2026-02-08T17:16:28.182+0000] {taskinstance.py:2191} INFO - Executing <Task(BigQueryInsertJobOperator): gold_dim_location> on 2026-02-08 15:37:02.081199+00:00
[2026-02-08T17:16:28.186+0000] {standard_task_runner.py:60} INFO - Started process 6419 to run task
[2026-02-08T17:16:28.188+0000] {standard_task_runner.py:87} INFO - Running: ['***', 'tasks', 'run', 'ecommerce_etl', 'gold_dim_location', 'manual__2026-02-08T15:37:02.081199+00:00', '--job-id', '527', '--raw', '--subdir', 'DAGS_FOLDER/etl_dag.py', '--cfg-path', '/tmp/tmpq20d6fcg']
[2026-02-08T17:16:28.189+0000] {standard_task_runner.py:88} INFO - Job 527: Subtask gold_dim_location
[2026-02-08T17:16:28.211+0000] {task_command.py:423} INFO - Running <TaskInstance: ecommerce_etl.gold_dim_location manual__2026-02-08T15:37:02.081199+00:00 [running]> on host 052c3b514c1c
[2026-02-08T17:16:28.244+0000] {taskinstance.py:2480} INFO - Exporting env vars: AIRFLOW_CTX_DAG_OWNER='***' AIRFLOW_CTX_DAG_ID='ecommerce_etl' AIRFLOW_CTX_TASK_ID='gold_dim_location' AIRFLOW_CTX_EXECUTION_DATE='2026-02-08T15:37:02.081199+00:00' AIRFLOW_CTX_TRY_NUMBER='8' AIRFLOW_CTX_DAG_RUN_ID='manual__2026-02-08T15:37:02.081199+00:00'
[2026-02-08T17:16:28.248+0000] {connection.py:234} WARNING - Connection schemes (type: google_cloud_platform) shall not contain '_' according to RFC3986.
[2026-02-08T17:16:28.248+0000] {base.py:83} INFO - Using connection ID 'google_cloud_default' for task execution.
[2026-02-08T17:16:28.248+0000] {credentials_provider.py:353} INFO - Getting connection using `google.auth.default()` since no explicit credentials are provided.
[2026-02-08T17:16:28.286+0000] {bigquery.py:2807} INFO - Executing: {'query': {'query': 'SELECT\n    GENERATE_UUID() AS location_key,       -- UUID surrogate key\n    city,\n    state,\n    postal_code,\n    country,\n    latitude,\n    longitude\nFROM (\n    SELECT DISTINCT \n        city,\n        state,\n        postal_code,\n        country,\n        latitude,\n        longitude\n    FROM bronze.events  -- source table\n) AS distinct_locations;', 'useLegacySql': False, 'destinationTable': {'projectId': 'prism-486509', 'datasetId': 'gold', 'tableId': 'dim_date'}, 'writeDisposition': 'WRITE_APPEND', 'queryParameters': [{'name': 'run_date', 'parameterType': {'type': 'DATE'}, 'parameterValue': {'value': '2026-02-08'}}]}}'
[2026-02-08T17:16:28.286+0000] {bigquery.py:1596} INFO - Inserting job ***_ecommerce_etl_gold_dim_location_2026_02_08T15_37_02_081199_00_00_b53852ac8b4a897bce0a66ba400df277
[2026-02-08T17:16:29.044+0000] {taskinstance.py:2698} ERROR - Task failed with exception
Traceback (most recent call last):
  File "/home/airflow/.local/lib/python3.8/site-packages/airflow/models/taskinstance.py", line 433, in _execute_task
    result = execute_callable(context=context, **execute_callable_kwargs)
  File "/home/airflow/.local/lib/python3.8/site-packages/airflow/providers/google/cloud/operators/bigquery.py", line 2864, in execute
    job.result(timeout=self.result_timeout, retry=self.result_retry)
  File "/home/airflow/.local/lib/python3.8/site-packages/google/cloud/bigquery/job/query.py", line 1595, in result
    do_get_result()
  File "/home/airflow/.local/lib/python3.8/site-packages/google/cloud/bigquery/job/query.py", line 1584, in do_get_result
    super(QueryJob, self).result(retry=retry, timeout=timeout)
  File "/home/airflow/.local/lib/python3.8/site-packages/google/cloud/bigquery/job/base.py", line 971, in result
    return super(_AsyncJob, self).result(timeout=timeout, **kwargs)
  File "/home/airflow/.local/lib/python3.8/site-packages/google/api_core/future/polling.py", line 261, in result
    raise self._exception
google.api_core.exceptions.BadRequest: 400 Unrecognized name: country at [14:9]; reason: invalidQuery, location: query, message: Unrecognized name: country at [14:9]

Location: europe-west1
Job ID: airflow_ecommerce_etl_gold_dim_location_2026_02_08T15_37_02_081199_00_00_b53852ac8b4a897bce0a66ba400df277

[2026-02-08T17:16:29.056+0000] {taskinstance.py:1138} INFO - Marking task as UP_FOR_RETRY. dag_id=ecommerce_etl, task_id=gold_dim_location, execution_date=20260208T153702, start_date=20260208T171628, end_date=20260208T171629
[2026-02-08T17:16:29.067+0000] {standard_task_runner.py:107} ERROR - Failed to execute job 527 for task gold_dim_location (400 Unrecognized name: country at [14:9]; reason: invalidQuery, location: query, message: Unrecognized name: country at [14:9]

Location: europe-west1
Job ID: airflow_ecommerce_etl_gold_dim_location_2026_02_08T15_37_02_081199_00_00_b53852ac8b4a897bce0a66ba400df277
; 6419)
[2026-02-08T17:16:29.093+0000] {local_task_job_runner.py:234} INFO - Task exited with return code 1
[2026-02-08T17:16:29.108+0000] {taskinstance.py:3280} INFO - 0 downstream tasks scheduled from follow-on schedule check
