[2026-02-10T00:18:56.452+0000] {taskinstance.py:1956} INFO - Dependencies all met for dep_context=non-requeueable deps ti=<TaskInstance: ecommerce_etl_v2.check_products_loaded manual__2026-02-10T00:15:26.432401+00:00 [queued]>
[2026-02-10T00:18:56.458+0000] {taskinstance.py:1956} INFO - Dependencies all met for dep_context=requeueable deps ti=<TaskInstance: ecommerce_etl_v2.check_products_loaded manual__2026-02-10T00:15:26.432401+00:00 [queued]>
[2026-02-10T00:18:56.458+0000] {taskinstance.py:2170} INFO - Starting attempt 1 of 3
[2026-02-10T00:18:56.465+0000] {taskinstance.py:2191} INFO - Executing <Task(BigQueryCheckOperator): check_products_loaded> on 2026-02-10 00:15:26.432401+00:00
[2026-02-10T00:18:56.468+0000] {standard_task_runner.py:60} INFO - Started process 23107 to run task
[2026-02-10T00:18:56.470+0000] {standard_task_runner.py:87} INFO - Running: ['***', 'tasks', 'run', 'ecommerce_etl_v2', 'check_products_loaded', 'manual__2026-02-10T00:15:26.432401+00:00', '--job-id', '792', '--raw', '--subdir', 'DAGS_FOLDER/etl_dag.py', '--cfg-path', '/tmp/tmp2yd85m1j']
[2026-02-10T00:18:56.472+0000] {standard_task_runner.py:88} INFO - Job 792: Subtask check_products_loaded
[2026-02-10T00:18:56.494+0000] {task_command.py:423} INFO - Running <TaskInstance: ecommerce_etl_v2.check_products_loaded manual__2026-02-10T00:15:26.432401+00:00 [running]> on host 8e292c18926b
[2026-02-10T00:18:56.530+0000] {taskinstance.py:2480} INFO - Exporting env vars: AIRFLOW_CTX_DAG_EMAIL='data-team@company.com' AIRFLOW_CTX_DAG_OWNER='data_engineering' AIRFLOW_CTX_DAG_ID='ecommerce_etl_v2' AIRFLOW_CTX_TASK_ID='check_products_loaded' AIRFLOW_CTX_EXECUTION_DATE='2026-02-10T00:15:26.432401+00:00' AIRFLOW_CTX_TRY_NUMBER='1' AIRFLOW_CTX_DAG_RUN_ID='manual__2026-02-10T00:15:26.432401+00:00'
[2026-02-10T00:18:56.531+0000] {sql.py:785} INFO - Executing SQL check: SELECT COUNT(*) > 0 FROM `prism-486509.bronze.products`
[2026-02-10T00:18:56.535+0000] {connection.py:234} WARNING - Connection schemes (type: google_cloud_platform) shall not contain '_' according to RFC3986.
[2026-02-10T00:18:56.535+0000] {base.py:83} INFO - Using connection ID 'google_cloud_default' for task execution.
[2026-02-10T00:18:56.536+0000] {credentials_provider.py:353} INFO - Getting connection using `google.auth.default()` since no explicit credentials are provided.
[2026-02-10T00:18:56.579+0000] {sql.py:450} INFO - Running statement: SELECT COUNT(*) > 0 FROM `prism-486509.bronze.products`, parameters: None
[2026-02-10T00:18:56.580+0000] {bigquery.py:1596} INFO - Inserting job ***_1770682736579788_a5d57d5ecfdf00905150d2f8df15c077
[2026-02-10T00:18:57.693+0000] {sql.py:788} INFO - Record: [True]
[2026-02-10T00:18:57.693+0000] {sql.py:796} INFO - Success.
[2026-02-10T00:18:57.700+0000] {taskinstance.py:1138} INFO - Marking task as SUCCESS. dag_id=ecommerce_etl_v2, task_id=check_products_loaded, execution_date=20260210T001526, start_date=20260210T001856, end_date=20260210T001857
[2026-02-10T00:18:57.739+0000] {local_task_job_runner.py:234} INFO - Task exited with return code 0
[2026-02-10T00:18:57.766+0000] {taskinstance.py:3280} INFO - 0 downstream tasks scheduled from follow-on schedule check
