[2026-02-10T19:51:23.652+0000] {taskinstance.py:1956} INFO - Dependencies all met for dep_context=non-requeueable deps ti=<TaskInstance: ecommerce_etl_v2.data_quality.check_dim_users_duplicates manual__2026-02-10T14:58:15.423598+00:00 [queued]>
[2026-02-10T19:51:23.657+0000] {taskinstance.py:1956} INFO - Dependencies all met for dep_context=requeueable deps ti=<TaskInstance: ecommerce_etl_v2.data_quality.check_dim_users_duplicates manual__2026-02-10T14:58:15.423598+00:00 [queued]>
[2026-02-10T19:51:23.658+0000] {taskinstance.py:2170} INFO - Starting attempt 2 of 4
[2026-02-10T19:51:23.663+0000] {taskinstance.py:2191} INFO - Executing <Task(BigQueryCheckOperator): data_quality.check_dim_users_duplicates> on 2026-02-10 14:58:15.423598+00:00
[2026-02-10T19:51:23.667+0000] {standard_task_runner.py:60} INFO - Started process 46541 to run task
[2026-02-10T19:51:23.669+0000] {standard_task_runner.py:87} INFO - Running: ['***', 'tasks', 'run', 'ecommerce_etl_v2', 'data_quality.check_dim_users_duplicates', 'manual__2026-02-10T14:58:15.423598+00:00', '--job-id', '1589', '--raw', '--subdir', 'DAGS_FOLDER/etl_dag.py', '--cfg-path', '/tmp/tmpdce_st82']
[2026-02-10T19:51:23.670+0000] {standard_task_runner.py:88} INFO - Job 1589: Subtask data_quality.check_dim_users_duplicates
[2026-02-10T19:51:23.691+0000] {task_command.py:423} INFO - Running <TaskInstance: ecommerce_etl_v2.data_quality.check_dim_users_duplicates manual__2026-02-10T14:58:15.423598+00:00 [running]> on host 89ab86e4d295
[2026-02-10T19:51:23.719+0000] {taskinstance.py:2480} INFO - Exporting env vars: AIRFLOW_CTX_DAG_EMAIL='data-team@company.com' AIRFLOW_CTX_DAG_OWNER='data_engineering' AIRFLOW_CTX_DAG_ID='ecommerce_etl_v2' AIRFLOW_CTX_TASK_ID='data_quality.check_dim_users_duplicates' AIRFLOW_CTX_EXECUTION_DATE='2026-02-10T14:58:15.423598+00:00' AIRFLOW_CTX_TRY_NUMBER='2' AIRFLOW_CTX_DAG_RUN_ID='manual__2026-02-10T14:58:15.423598+00:00'
[2026-02-10T19:51:23.720+0000] {sql.py:785} INFO - Executing SQL check: 
                SELECT COUNT(*) = 0
                FROM (
                    SELECT user_key, COUNT(*) AS cnt
                    FROM prism-486509.gold.dim_users
                    GROUP BY user_key
                    HAVING cnt > 1
                )
            
[2026-02-10T19:51:23.725+0000] {connection.py:234} WARNING - Connection schemes (type: google_cloud_platform) shall not contain '_' according to RFC3986.
[2026-02-10T19:51:23.725+0000] {base.py:83} INFO - Using connection ID 'google_cloud_default' for task execution.
[2026-02-10T19:51:23.725+0000] {credentials_provider.py:353} INFO - Getting connection using `google.auth.default()` since no explicit credentials are provided.
[2026-02-10T19:51:23.766+0000] {sql.py:450} INFO - Running statement: 
                SELECT COUNT(*) = 0
                FROM (
                    SELECT user_key, COUNT(*) AS cnt
                    FROM prism-486509.gold.dim_users
                    GROUP BY user_key
                    HAVING cnt > 1
                )
            , parameters: None
[2026-02-10T19:51:23.767+0000] {bigquery.py:1596} INFO - Inserting job ***_1770753083766985_b23abba79cb16b2b56c79090e1100113
[2026-02-10T19:51:24.761+0000] {sql.py:788} INFO - Record: [True]
[2026-02-10T19:51:24.762+0000] {sql.py:796} INFO - Success.
[2026-02-10T19:51:24.768+0000] {taskinstance.py:1138} INFO - Marking task as SUCCESS. dag_id=ecommerce_etl_v2, task_id=data_quality.check_dim_users_duplicates, execution_date=20260210T145815, start_date=20260210T195123, end_date=20260210T195124
[2026-02-10T19:51:24.783+0000] {local_task_job_runner.py:234} INFO - Task exited with return code 0
[2026-02-10T19:51:24.793+0000] {taskinstance.py:3280} INFO - 0 downstream tasks scheduled from follow-on schedule check
