[2026-02-09T09:48:58.042+0000] {taskinstance.py:1956} INFO - Dependencies all met for dep_context=non-requeueable deps ti=<TaskInstance: ecommerce_etl_v2.gold_layer.load_dim_event_type manual__2026-02-09T09:26:48.203100+00:00 [queued]>
[2026-02-09T09:48:58.046+0000] {taskinstance.py:1956} INFO - Dependencies all met for dep_context=requeueable deps ti=<TaskInstance: ecommerce_etl_v2.gold_layer.load_dim_event_type manual__2026-02-09T09:26:48.203100+00:00 [queued]>
[2026-02-09T09:48:58.047+0000] {taskinstance.py:2170} INFO - Starting attempt 6 of 8
[2026-02-09T09:48:58.059+0000] {taskinstance.py:2191} INFO - Executing <Task(BigQueryInsertJobOperator): gold_layer.load_dim_event_type> on 2026-02-09 09:26:48.203100+00:00
[2026-02-09T09:48:58.068+0000] {standard_task_runner.py:60} INFO - Started process 20799 to run task
[2026-02-09T09:48:58.069+0000] {standard_task_runner.py:87} INFO - Running: ['***', 'tasks', 'run', 'ecommerce_etl_v2', 'gold_layer.load_dim_event_type', 'manual__2026-02-09T09:26:48.203100+00:00', '--job-id', '1668', '--raw', '--subdir', 'DAGS_FOLDER/etl_dag.py', '--cfg-path', '/tmp/tmpfwb4h6s_']
[2026-02-09T09:48:58.074+0000] {standard_task_runner.py:88} INFO - Job 1668: Subtask gold_layer.load_dim_event_type
[2026-02-09T09:48:58.114+0000] {task_command.py:423} INFO - Running <TaskInstance: ecommerce_etl_v2.gold_layer.load_dim_event_type manual__2026-02-09T09:26:48.203100+00:00 [running]> on host 707cd2e8ef6b
[2026-02-09T09:48:58.159+0000] {taskinstance.py:2480} INFO - Exporting env vars: AIRFLOW_CTX_DAG_EMAIL='data-team@company.com' AIRFLOW_CTX_DAG_OWNER='data_engineering' AIRFLOW_CTX_DAG_ID='ecommerce_etl_v2' AIRFLOW_CTX_TASK_ID='gold_layer.load_dim_event_type' AIRFLOW_CTX_EXECUTION_DATE='2026-02-09T09:26:48.203100+00:00' AIRFLOW_CTX_TRY_NUMBER='6' AIRFLOW_CTX_DAG_RUN_ID='manual__2026-02-09T09:26:48.203100+00:00'
[2026-02-09T09:48:58.165+0000] {connection.py:234} WARNING - Connection schemes (type: google_cloud_platform) shall not contain '_' according to RFC3986.
[2026-02-09T09:48:58.165+0000] {base.py:83} INFO - Using connection ID 'google_cloud_default' for task execution.
[2026-02-09T09:48:58.166+0000] {credentials_provider.py:353} INFO - Getting connection using `google.auth.default()` since no explicit credentials are provided.
[2026-02-09T09:48:58.214+0000] {bigquery.py:2807} INFO - Executing: {'query': {'query': 'SELECT\n    GENERATE_UUID() AS event_type_key,  -- UUID surrogate key\n    event_type\nFROM (\n    SELECT DISTINCT event_type\n    FROM bronze.events\n) AS distinct_events;', 'useLegacySql': False, 'queryParameters': [{'name': 'run_date', 'parameterType': {'type': 'DATE'}, 'parameterValue': {'value': '2026-02-09'}}]}}'
[2026-02-09T09:48:58.214+0000] {bigquery.py:1596} INFO - Inserting job ***_ecommerce_etl_v2_gold_layer_load_dim_event_type_2026_02_09T09_26_48_203100_00_00_eb4c6581944fee2805ca42ed92ed3ecf
[2026-02-09T09:48:58.918+0000] {taskinstance.py:2698} ERROR - Task failed with exception
Traceback (most recent call last):
  File "/home/airflow/.local/lib/python3.8/site-packages/airflow/models/taskinstance.py", line 433, in _execute_task
    result = execute_callable(context=context, **execute_callable_kwargs)
  File "/home/airflow/.local/lib/python3.8/site-packages/airflow/providers/google/cloud/operators/bigquery.py", line 2864, in execute
    job.result(timeout=self.result_timeout, retry=self.result_retry)
  File "/home/airflow/.local/lib/python3.8/site-packages/google/cloud/bigquery/job/query.py", line 1595, in result
    do_get_result()
  File "/home/airflow/.local/lib/python3.8/site-packages/google/cloud/bigquery/job/query.py", line 1584, in do_get_result
    super(QueryJob, self).result(retry=retry, timeout=timeout)
  File "/home/airflow/.local/lib/python3.8/site-packages/google/cloud/bigquery/job/base.py", line 971, in result
    return super(_AsyncJob, self).result(timeout=timeout, **kwargs)
  File "/home/airflow/.local/lib/python3.8/site-packages/google/api_core/future/polling.py", line 261, in result
    raise self._exception
google.api_core.exceptions.NotFound: 404 Not found: Table prism-486509:bronze.events was not found in location europe-west1; reason: notFound, message: Not found: Table prism-486509:bronze.events was not found in location europe-west1

Location: europe-west1
Job ID: airflow_ecommerce_etl_v2_gold_layer_load_dim_event_type_2026_02_09T09_26_48_203100_00_00_eb4c6581944fee2805ca42ed92ed3ecf

[2026-02-09T09:48:58.924+0000] {taskinstance.py:1138} INFO - Marking task as UP_FOR_RETRY. dag_id=ecommerce_etl_v2, task_id=gold_layer.load_dim_event_type, execution_date=20260209T092648, start_date=20260209T094858, end_date=20260209T094858
[2026-02-09T09:48:58.930+0000] {standard_task_runner.py:107} ERROR - Failed to execute job 1668 for task gold_layer.load_dim_event_type (404 Not found: Table prism-486509:bronze.events was not found in location europe-west1; reason: notFound, message: Not found: Table prism-486509:bronze.events was not found in location europe-west1

Location: europe-west1
Job ID: airflow_ecommerce_etl_v2_gold_layer_load_dim_event_type_2026_02_09T09_26_48_203100_00_00_eb4c6581944fee2805ca42ed92ed3ecf
; 20799)
[2026-02-09T09:48:58.959+0000] {local_task_job_runner.py:234} INFO - Task exited with return code 1
[2026-02-09T09:48:58.976+0000] {taskinstance.py:3280} INFO - 0 downstream tasks scheduled from follow-on schedule check
