[2026-02-09T09:32:19.470+0000] {taskinstance.py:1956} INFO - Dependencies all met for dep_context=non-requeueable deps ti=<TaskInstance: ecommerce_etl_v2.gold_layer.load_dim_event_type manual__2026-02-09T09:26:48.203100+00:00 [queued]>
[2026-02-09T09:32:19.477+0000] {taskinstance.py:1956} INFO - Dependencies all met for dep_context=requeueable deps ti=<TaskInstance: ecommerce_etl_v2.gold_layer.load_dim_event_type manual__2026-02-09T09:26:48.203100+00:00 [queued]>
[2026-02-09T09:32:19.477+0000] {taskinstance.py:2170} INFO - Starting attempt 3 of 5
[2026-02-09T09:32:19.487+0000] {taskinstance.py:2191} INFO - Executing <Task(BigQueryInsertJobOperator): gold_layer.load_dim_event_type> on 2026-02-09 09:26:48.203100+00:00
[2026-02-09T09:32:19.493+0000] {standard_task_runner.py:60} INFO - Started process 17349 to run task
[2026-02-09T09:32:19.496+0000] {standard_task_runner.py:87} INFO - Running: ['***', 'tasks', 'run', 'ecommerce_etl_v2', 'gold_layer.load_dim_event_type', 'manual__2026-02-09T09:26:48.203100+00:00', '--job-id', '1587', '--raw', '--subdir', 'DAGS_FOLDER/etl_dag.py', '--cfg-path', '/tmp/tmp87qi4rn3']
[2026-02-09T09:32:19.499+0000] {standard_task_runner.py:88} INFO - Job 1587: Subtask gold_layer.load_dim_event_type
[2026-02-09T09:32:19.535+0000] {task_command.py:423} INFO - Running <TaskInstance: ecommerce_etl_v2.gold_layer.load_dim_event_type manual__2026-02-09T09:26:48.203100+00:00 [running]> on host 707cd2e8ef6b
[2026-02-09T09:32:19.595+0000] {taskinstance.py:2480} INFO - Exporting env vars: AIRFLOW_CTX_DAG_EMAIL='data-team@company.com' AIRFLOW_CTX_DAG_OWNER='data_engineering' AIRFLOW_CTX_DAG_ID='ecommerce_etl_v2' AIRFLOW_CTX_TASK_ID='gold_layer.load_dim_event_type' AIRFLOW_CTX_EXECUTION_DATE='2026-02-09T09:26:48.203100+00:00' AIRFLOW_CTX_TRY_NUMBER='3' AIRFLOW_CTX_DAG_RUN_ID='manual__2026-02-09T09:26:48.203100+00:00'
[2026-02-09T09:32:19.608+0000] {connection.py:234} WARNING - Connection schemes (type: google_cloud_platform) shall not contain '_' according to RFC3986.
[2026-02-09T09:32:19.608+0000] {base.py:83} INFO - Using connection ID 'google_cloud_default' for task execution.
[2026-02-09T09:32:19.609+0000] {credentials_provider.py:353} INFO - Getting connection using `google.auth.default()` since no explicit credentials are provided.
[2026-02-09T09:32:19.654+0000] {bigquery.py:2807} INFO - Executing: {'query': {'query': 'SELECT\n    GENERATE_UUID() AS event_type_key,  -- UUID surrogate key\n    event_type\nFROM (\n    SELECT DISTINCT event_type\n    FROM bronze.events\n) AS distinct_events;', 'useLegacySql': False, 'queryParameters': [{'name': 'run_date', 'parameterType': {'type': 'DATE'}, 'parameterValue': {'value': '2026-02-09'}}]}}'
[2026-02-09T09:32:19.655+0000] {bigquery.py:1596} INFO - Inserting job ***_ecommerce_etl_v2_gold_layer_load_dim_event_type_2026_02_09T09_26_48_203100_00_00_bf0dc9232751ed66836779e004f8b167
[2026-02-09T09:32:20.035+0000] {taskinstance.py:2698} ERROR - Task failed with exception
Traceback (most recent call last):
  File "/home/airflow/.local/lib/python3.8/site-packages/airflow/models/taskinstance.py", line 433, in _execute_task
    result = execute_callable(context=context, **execute_callable_kwargs)
  File "/home/airflow/.local/lib/python3.8/site-packages/airflow/providers/google/cloud/operators/bigquery.py", line 2864, in execute
    job.result(timeout=self.result_timeout, retry=self.result_retry)
  File "/home/airflow/.local/lib/python3.8/site-packages/google/cloud/bigquery/job/query.py", line 1595, in result
    do_get_result()
  File "/home/airflow/.local/lib/python3.8/site-packages/google/cloud/bigquery/job/query.py", line 1584, in do_get_result
    super(QueryJob, self).result(retry=retry, timeout=timeout)
  File "/home/airflow/.local/lib/python3.8/site-packages/google/cloud/bigquery/job/base.py", line 971, in result
    return super(_AsyncJob, self).result(timeout=timeout, **kwargs)
  File "/home/airflow/.local/lib/python3.8/site-packages/google/api_core/future/polling.py", line 261, in result
    raise self._exception
google.api_core.exceptions.BadRequest: 400 Unrecognized name: event_type at [5:21]; reason: invalidQuery, location: query, message: Unrecognized name: event_type at [5:21]

Location: europe-west1
Job ID: airflow_ecommerce_etl_v2_gold_layer_load_dim_event_type_2026_02_09T09_26_48_203100_00_00_bf0dc9232751ed66836779e004f8b167

[2026-02-09T09:32:20.040+0000] {taskinstance.py:1138} INFO - Marking task as UP_FOR_RETRY. dag_id=ecommerce_etl_v2, task_id=gold_layer.load_dim_event_type, execution_date=20260209T092648, start_date=20260209T093219, end_date=20260209T093220
[2026-02-09T09:32:20.046+0000] {standard_task_runner.py:107} ERROR - Failed to execute job 1587 for task gold_layer.load_dim_event_type (400 Unrecognized name: event_type at [5:21]; reason: invalidQuery, location: query, message: Unrecognized name: event_type at [5:21]

Location: europe-west1
Job ID: airflow_ecommerce_etl_v2_gold_layer_load_dim_event_type_2026_02_09T09_26_48_203100_00_00_bf0dc9232751ed66836779e004f8b167
; 17349)
[2026-02-09T09:32:20.091+0000] {local_task_job_runner.py:234} INFO - Task exited with return code 1
[2026-02-09T09:32:20.110+0000] {taskinstance.py:3280} INFO - 0 downstream tasks scheduled from follow-on schedule check
