[2026-02-09T02:37:32.492+0000] {taskinstance.py:1956} INFO - Dependencies all met for dep_context=non-requeueable deps ti=<TaskInstance: ecommerce_etl_v2.gold_layer.load_dim_users scheduled__2026-02-08T02:00:00+00:00 [queued]>
[2026-02-09T02:37:32.514+0000] {taskinstance.py:1956} INFO - Dependencies all met for dep_context=requeueable deps ti=<TaskInstance: ecommerce_etl_v2.gold_layer.load_dim_users scheduled__2026-02-08T02:00:00+00:00 [queued]>
[2026-02-09T02:37:32.519+0000] {taskinstance.py:2170} INFO - Starting attempt 2 of 4
[2026-02-09T02:37:32.532+0000] {taskinstance.py:2191} INFO - Executing <Task(BigQueryInsertJobOperator): gold_layer.load_dim_users> on 2026-02-08 02:00:00+00:00
[2026-02-09T02:37:32.540+0000] {standard_task_runner.py:60} INFO - Started process 8781 to run task
[2026-02-09T02:37:32.548+0000] {standard_task_runner.py:87} INFO - Running: ['***', 'tasks', 'run', 'ecommerce_etl_v2', 'gold_layer.load_dim_users', 'scheduled__2026-02-08T02:00:00+00:00', '--job-id', '1428', '--raw', '--subdir', 'DAGS_FOLDER/etl_dag.py', '--cfg-path', '/tmp/tmpoa0dbmb6']
[2026-02-09T02:37:32.556+0000] {standard_task_runner.py:88} INFO - Job 1428: Subtask gold_layer.load_dim_users
[2026-02-09T02:37:32.610+0000] {task_command.py:423} INFO - Running <TaskInstance: ecommerce_etl_v2.gold_layer.load_dim_users scheduled__2026-02-08T02:00:00+00:00 [running]> on host 707cd2e8ef6b
[2026-02-09T02:37:32.696+0000] {taskinstance.py:2480} INFO - Exporting env vars: AIRFLOW_CTX_DAG_EMAIL='data-team@company.com' AIRFLOW_CTX_DAG_OWNER='data_engineering' AIRFLOW_CTX_DAG_ID='ecommerce_etl_v2' AIRFLOW_CTX_TASK_ID='gold_layer.load_dim_users' AIRFLOW_CTX_EXECUTION_DATE='2026-02-08T02:00:00+00:00' AIRFLOW_CTX_TRY_NUMBER='2' AIRFLOW_CTX_DAG_RUN_ID='scheduled__2026-02-08T02:00:00+00:00'
[2026-02-09T02:37:32.713+0000] {connection.py:234} WARNING - Connection schemes (type: google_cloud_platform) shall not contain '_' according to RFC3986.
[2026-02-09T02:37:32.713+0000] {base.py:83} INFO - Using connection ID 'google_cloud_default' for task execution.
[2026-02-09T02:37:32.714+0000] {credentials_provider.py:353} INFO - Getting connection using `google.auth.default()` since no explicit credentials are provided.
[2026-02-09T02:37:32.808+0000] {bigquery.py:2807} INFO - Executing: {'query': {'query': 'CREATE TABLE `your_dataset.DIM_USER` (\n  user_key STRING NOT NULL DEFAULT GENERATE_UUID(),   -- surrogate key (UUID)\n  user_id INT64,                                      -- natural/business key\n  gender STRING,\n  age INT64,\n  city STRING,\n  state STRING,\n  country STRING,\n  traffic_source STRING,\n  effective_from DATE,\n  effective_to DATE,\n  is_current BOOL,\n  CONSTRAINT pk_user_key PRIMARY KEY (user_key) NOT ENFORCED\n);', 'useLegacySql': False, 'queryParameters': [{'name': 'run_date', 'parameterType': {'type': 'DATE'}, 'parameterValue': {'value': '2026-02-08'}}]}}'
[2026-02-09T02:37:32.811+0000] {bigquery.py:1596} INFO - Inserting job ***_ecommerce_etl_v2_gold_layer_load_dim_users_2026_02_08T02_00_00_00_00_d2b83099d90ace05266c72241aadcbd1
[2026-02-09T02:37:33.120+0000] {taskinstance.py:2698} ERROR - Task failed with exception
Traceback (most recent call last):
  File "/home/airflow/.local/lib/python3.8/site-packages/airflow/models/taskinstance.py", line 433, in _execute_task
    result = execute_callable(context=context, **execute_callable_kwargs)
  File "/home/airflow/.local/lib/python3.8/site-packages/airflow/providers/google/cloud/operators/bigquery.py", line 2864, in execute
    job.result(timeout=self.result_timeout, retry=self.result_retry)
  File "/home/airflow/.local/lib/python3.8/site-packages/google/cloud/bigquery/job/query.py", line 1595, in result
    do_get_result()
  File "/home/airflow/.local/lib/python3.8/site-packages/google/cloud/bigquery/job/query.py", line 1584, in do_get_result
    super(QueryJob, self).result(retry=retry, timeout=timeout)
  File "/home/airflow/.local/lib/python3.8/site-packages/google/cloud/bigquery/job/base.py", line 971, in result
    return super(_AsyncJob, self).result(timeout=timeout, **kwargs)
  File "/home/airflow/.local/lib/python3.8/site-packages/google/api_core/future/polling.py", line 261, in result
    raise self._exception
google.api_core.exceptions.BadRequest: 400 Syntax error: Expected ")" or "," but got keyword DEFAULT at [2:28]; reason: invalidQuery, location: query, message: Syntax error: Expected ")" or "," but got keyword DEFAULT at [2:28]

Location: europe-west1
Job ID: airflow_ecommerce_etl_v2_gold_layer_load_dim_users_2026_02_08T02_00_00_00_00_d2b83099d90ace05266c72241aadcbd1

[2026-02-09T02:37:33.128+0000] {taskinstance.py:1138} INFO - Marking task as UP_FOR_RETRY. dag_id=ecommerce_etl_v2, task_id=gold_layer.load_dim_users, execution_date=20260208T020000, start_date=20260209T023732, end_date=20260209T023733
[2026-02-09T02:37:33.136+0000] {standard_task_runner.py:107} ERROR - Failed to execute job 1428 for task gold_layer.load_dim_users (400 Syntax error: Expected ")" or "," but got keyword DEFAULT at [2:28]; reason: invalidQuery, location: query, message: Syntax error: Expected ")" or "," but got keyword DEFAULT at [2:28]

Location: europe-west1
Job ID: airflow_ecommerce_etl_v2_gold_layer_load_dim_users_2026_02_08T02_00_00_00_00_d2b83099d90ace05266c72241aadcbd1
; 8781)
[2026-02-09T02:37:33.150+0000] {local_task_job_runner.py:234} INFO - Task exited with return code 1
[2026-02-09T02:37:33.172+0000] {taskinstance.py:3280} INFO - 0 downstream tasks scheduled from follow-on schedule check
[2026-02-09T09:47:44.454+0000] {taskinstance.py:1956} INFO - Dependencies all met for dep_context=non-requeueable deps ti=<TaskInstance: ecommerce_etl_v2.gold_layer.load_dim_users scheduled__2026-02-08T02:00:00+00:00 [queued]>
[2026-02-09T09:47:44.461+0000] {taskinstance.py:1956} INFO - Dependencies all met for dep_context=requeueable deps ti=<TaskInstance: ecommerce_etl_v2.gold_layer.load_dim_users scheduled__2026-02-08T02:00:00+00:00 [queued]>
[2026-02-09T09:47:44.461+0000] {taskinstance.py:2170} INFO - Starting attempt 2 of 3
[2026-02-09T09:47:44.472+0000] {taskinstance.py:2191} INFO - Executing <Task(BigQueryInsertJobOperator): gold_layer.load_dim_users> on 2026-02-08 02:00:00+00:00
[2026-02-09T09:47:44.476+0000] {standard_task_runner.py:60} INFO - Started process 19942 to run task
[2026-02-09T09:47:44.483+0000] {standard_task_runner.py:87} INFO - Running: ['***', 'tasks', 'run', 'ecommerce_etl_v2', 'gold_layer.load_dim_users', 'scheduled__2026-02-08T02:00:00+00:00', '--job-id', '1638', '--raw', '--subdir', 'DAGS_FOLDER/etl_dag.py', '--cfg-path', '/tmp/tmprb9mi0u3']
[2026-02-09T09:47:44.484+0000] {standard_task_runner.py:88} INFO - Job 1638: Subtask gold_layer.load_dim_users
[2026-02-09T09:47:44.518+0000] {task_command.py:423} INFO - Running <TaskInstance: ecommerce_etl_v2.gold_layer.load_dim_users scheduled__2026-02-08T02:00:00+00:00 [running]> on host 707cd2e8ef6b
[2026-02-09T09:47:44.568+0000] {taskinstance.py:2480} INFO - Exporting env vars: AIRFLOW_CTX_DAG_EMAIL='data-team@company.com' AIRFLOW_CTX_DAG_OWNER='data_engineering' AIRFLOW_CTX_DAG_ID='ecommerce_etl_v2' AIRFLOW_CTX_TASK_ID='gold_layer.load_dim_users' AIRFLOW_CTX_EXECUTION_DATE='2026-02-08T02:00:00+00:00' AIRFLOW_CTX_TRY_NUMBER='2' AIRFLOW_CTX_DAG_RUN_ID='scheduled__2026-02-08T02:00:00+00:00'
[2026-02-09T09:47:44.574+0000] {connection.py:234} WARNING - Connection schemes (type: google_cloud_platform) shall not contain '_' according to RFC3986.
[2026-02-09T09:47:44.574+0000] {base.py:83} INFO - Using connection ID 'google_cloud_default' for task execution.
[2026-02-09T09:47:44.575+0000] {credentials_provider.py:353} INFO - Getting connection using `google.auth.default()` since no explicit credentials are provided.
[2026-02-09T09:47:44.617+0000] {bigquery.py:2807} INFO - Executing: {'query': {'query': 'CREATE TABLE `your_dataset.DIM_USER` (\n  user_key STRING NOT NULL DEFAULT GENERATE_UUID(),   -- surrogate key (UUID)\n  user_id INT64,                                      -- natural/business key\n  gender STRING,\n  age INT64,\n  city STRING,\n  state STRING,\n  country STRING,\n  traffic_source STRING,\n  effective_from DATE,\n  effective_to DATE,\n  is_current BOOL,\n  CONSTRAINT pk_user_key PRIMARY KEY (user_key) NOT ENFORCED\n);', 'useLegacySql': False, 'queryParameters': [{'name': 'run_date', 'parameterType': {'type': 'DATE'}, 'parameterValue': {'value': '2026-02-08'}}]}}'
[2026-02-09T09:47:44.617+0000] {bigquery.py:1596} INFO - Inserting job ***_ecommerce_etl_v2_gold_layer_load_dim_users_2026_02_08T02_00_00_00_00_0e70f15c09bde85e08389bdae28fbea6
[2026-02-09T09:47:44.970+0000] {taskinstance.py:2698} ERROR - Task failed with exception
Traceback (most recent call last):
  File "/home/airflow/.local/lib/python3.8/site-packages/airflow/models/taskinstance.py", line 433, in _execute_task
    result = execute_callable(context=context, **execute_callable_kwargs)
  File "/home/airflow/.local/lib/python3.8/site-packages/airflow/providers/google/cloud/operators/bigquery.py", line 2864, in execute
    job.result(timeout=self.result_timeout, retry=self.result_retry)
  File "/home/airflow/.local/lib/python3.8/site-packages/google/cloud/bigquery/job/query.py", line 1595, in result
    do_get_result()
  File "/home/airflow/.local/lib/python3.8/site-packages/google/cloud/bigquery/job/query.py", line 1584, in do_get_result
    super(QueryJob, self).result(retry=retry, timeout=timeout)
  File "/home/airflow/.local/lib/python3.8/site-packages/google/cloud/bigquery/job/base.py", line 971, in result
    return super(_AsyncJob, self).result(timeout=timeout, **kwargs)
  File "/home/airflow/.local/lib/python3.8/site-packages/google/api_core/future/polling.py", line 261, in result
    raise self._exception
google.api_core.exceptions.BadRequest: 400 Syntax error: Expected ")" or "," but got keyword DEFAULT at [2:28]; reason: invalidQuery, location: query, message: Syntax error: Expected ")" or "," but got keyword DEFAULT at [2:28]

Location: europe-west1
Job ID: airflow_ecommerce_etl_v2_gold_layer_load_dim_users_2026_02_08T02_00_00_00_00_0e70f15c09bde85e08389bdae28fbea6

[2026-02-09T09:47:44.975+0000] {taskinstance.py:1138} INFO - Marking task as UP_FOR_RETRY. dag_id=ecommerce_etl_v2, task_id=gold_layer.load_dim_users, execution_date=20260208T020000, start_date=20260209T094744, end_date=20260209T094744
[2026-02-09T09:47:44.982+0000] {standard_task_runner.py:107} ERROR - Failed to execute job 1638 for task gold_layer.load_dim_users (400 Syntax error: Expected ")" or "," but got keyword DEFAULT at [2:28]; reason: invalidQuery, location: query, message: Syntax error: Expected ")" or "," but got keyword DEFAULT at [2:28]

Location: europe-west1
Job ID: airflow_ecommerce_etl_v2_gold_layer_load_dim_users_2026_02_08T02_00_00_00_00_0e70f15c09bde85e08389bdae28fbea6
; 19942)
[2026-02-09T09:47:44.996+0000] {local_task_job_runner.py:234} INFO - Task exited with return code 1
[2026-02-09T09:47:45.020+0000] {taskinstance.py:3280} INFO - 0 downstream tasks scheduled from follow-on schedule check
[2026-02-09T10:08:28.852+0000] {taskinstance.py:1956} INFO - Dependencies all met for dep_context=non-requeueable deps ti=<TaskInstance: ecommerce_etl_v2.gold_layer.load_dim_users scheduled__2026-02-08T02:00:00+00:00 [queued]>
[2026-02-09T10:08:28.858+0000] {taskinstance.py:1956} INFO - Dependencies all met for dep_context=requeueable deps ti=<TaskInstance: ecommerce_etl_v2.gold_layer.load_dim_users scheduled__2026-02-08T02:00:00+00:00 [queued]>
[2026-02-09T10:08:28.859+0000] {taskinstance.py:2170} INFO - Starting attempt 2 of 3
[2026-02-09T10:08:28.874+0000] {taskinstance.py:2191} INFO - Executing <Task(BigQueryInsertJobOperator): gold_layer.load_dim_users> on 2026-02-08 02:00:00+00:00
[2026-02-09T10:08:28.878+0000] {standard_task_runner.py:60} INFO - Started process 24448 to run task
[2026-02-09T10:08:28.883+0000] {standard_task_runner.py:87} INFO - Running: ['***', 'tasks', 'run', 'ecommerce_etl_v2', 'gold_layer.load_dim_users', 'scheduled__2026-02-08T02:00:00+00:00', '--job-id', '1747', '--raw', '--subdir', 'DAGS_FOLDER/etl_dag.py', '--cfg-path', '/tmp/tmppop0wybz']
[2026-02-09T10:08:28.885+0000] {standard_task_runner.py:88} INFO - Job 1747: Subtask gold_layer.load_dim_users
[2026-02-09T10:08:28.922+0000] {task_command.py:423} INFO - Running <TaskInstance: ecommerce_etl_v2.gold_layer.load_dim_users scheduled__2026-02-08T02:00:00+00:00 [running]> on host 707cd2e8ef6b
[2026-02-09T10:08:28.976+0000] {taskinstance.py:2480} INFO - Exporting env vars: AIRFLOW_CTX_DAG_EMAIL='data-team@company.com' AIRFLOW_CTX_DAG_OWNER='data_engineering' AIRFLOW_CTX_DAG_ID='ecommerce_etl_v2' AIRFLOW_CTX_TASK_ID='gold_layer.load_dim_users' AIRFLOW_CTX_EXECUTION_DATE='2026-02-08T02:00:00+00:00' AIRFLOW_CTX_TRY_NUMBER='2' AIRFLOW_CTX_DAG_RUN_ID='scheduled__2026-02-08T02:00:00+00:00'
[2026-02-09T10:08:28.983+0000] {connection.py:234} WARNING - Connection schemes (type: google_cloud_platform) shall not contain '_' according to RFC3986.
[2026-02-09T10:08:28.984+0000] {base.py:83} INFO - Using connection ID 'google_cloud_default' for task execution.
[2026-02-09T10:08:28.985+0000] {credentials_provider.py:353} INFO - Getting connection using `google.auth.default()` since no explicit credentials are provided.
[2026-02-09T10:08:29.033+0000] {bigquery.py:2807} INFO - Executing: {'query': {'query': 'CREATE TABLE `your_dataset.DIM_USER` (\n  user_key STRING NOT NULL DEFAULT GENERATE_UUID(),   -- surrogate key (UUID)\n  user_id INT64,                                      -- natural/business key\n  gender STRING,\n  age INT64,\n  city STRING,\n  state STRING,\n  country STRING,\n  traffic_source STRING,\n  effective_from DATE,\n  effective_to DATE,\n  is_current BOOL,\n  CONSTRAINT pk_user_key PRIMARY KEY (user_key) NOT ENFORCED\n);', 'useLegacySql': False, 'queryParameters': [{'name': 'run_date', 'parameterType': {'type': 'DATE'}, 'parameterValue': {'value': '2026-02-08'}}]}}'
[2026-02-09T10:08:29.034+0000] {bigquery.py:1596} INFO - Inserting job ***_ecommerce_etl_v2_gold_layer_load_dim_users_2026_02_08T02_00_00_00_00_8f42d686875e31ca20ceb753eabe48ca
[2026-02-09T10:08:29.367+0000] {taskinstance.py:2698} ERROR - Task failed with exception
Traceback (most recent call last):
  File "/home/airflow/.local/lib/python3.8/site-packages/airflow/models/taskinstance.py", line 433, in _execute_task
    result = execute_callable(context=context, **execute_callable_kwargs)
  File "/home/airflow/.local/lib/python3.8/site-packages/airflow/providers/google/cloud/operators/bigquery.py", line 2864, in execute
    job.result(timeout=self.result_timeout, retry=self.result_retry)
  File "/home/airflow/.local/lib/python3.8/site-packages/google/cloud/bigquery/job/query.py", line 1595, in result
    do_get_result()
  File "/home/airflow/.local/lib/python3.8/site-packages/google/cloud/bigquery/job/query.py", line 1584, in do_get_result
    super(QueryJob, self).result(retry=retry, timeout=timeout)
  File "/home/airflow/.local/lib/python3.8/site-packages/google/cloud/bigquery/job/base.py", line 971, in result
    return super(_AsyncJob, self).result(timeout=timeout, **kwargs)
  File "/home/airflow/.local/lib/python3.8/site-packages/google/api_core/future/polling.py", line 261, in result
    raise self._exception
google.api_core.exceptions.BadRequest: 400 Syntax error: Expected ")" or "," but got keyword DEFAULT at [2:28]; reason: invalidQuery, location: query, message: Syntax error: Expected ")" or "," but got keyword DEFAULT at [2:28]

Location: europe-west1
Job ID: airflow_ecommerce_etl_v2_gold_layer_load_dim_users_2026_02_08T02_00_00_00_00_8f42d686875e31ca20ceb753eabe48ca

[2026-02-09T10:08:29.372+0000] {taskinstance.py:1138} INFO - Marking task as UP_FOR_RETRY. dag_id=ecommerce_etl_v2, task_id=gold_layer.load_dim_users, execution_date=20260208T020000, start_date=20260209T100828, end_date=20260209T100829
[2026-02-09T10:08:29.377+0000] {standard_task_runner.py:107} ERROR - Failed to execute job 1747 for task gold_layer.load_dim_users (400 Syntax error: Expected ")" or "," but got keyword DEFAULT at [2:28]; reason: invalidQuery, location: query, message: Syntax error: Expected ")" or "," but got keyword DEFAULT at [2:28]

Location: europe-west1
Job ID: airflow_ecommerce_etl_v2_gold_layer_load_dim_users_2026_02_08T02_00_00_00_00_8f42d686875e31ca20ceb753eabe48ca
; 24448)
[2026-02-09T10:08:29.390+0000] {local_task_job_runner.py:234} INFO - Task exited with return code 1
[2026-02-09T10:08:29.406+0000] {taskinstance.py:3280} INFO - 0 downstream tasks scheduled from follow-on schedule check
