[2026-02-09T02:35:45.211+0000] {taskinstance.py:1956} INFO - Dependencies all met for dep_context=non-requeueable deps ti=<TaskInstance: ecommerce_etl_v2.gold_layer.load_dim_users scheduled__2026-02-08T02:00:00+00:00 [queued]>
[2026-02-09T02:35:45.219+0000] {taskinstance.py:1956} INFO - Dependencies all met for dep_context=requeueable deps ti=<TaskInstance: ecommerce_etl_v2.gold_layer.load_dim_users scheduled__2026-02-08T02:00:00+00:00 [queued]>
[2026-02-09T02:35:45.220+0000] {taskinstance.py:2170} INFO - Starting attempt 1 of 3
[2026-02-09T02:35:45.241+0000] {taskinstance.py:2191} INFO - Executing <Task(BigQueryInsertJobOperator): gold_layer.load_dim_users> on 2026-02-08 02:00:00+00:00
[2026-02-09T02:35:45.245+0000] {standard_task_runner.py:60} INFO - Started process 8099 to run task
[2026-02-09T02:35:45.251+0000] {standard_task_runner.py:87} INFO - Running: ['***', 'tasks', 'run', 'ecommerce_etl_v2', 'gold_layer.load_dim_users', 'scheduled__2026-02-08T02:00:00+00:00', '--job-id', '1405', '--raw', '--subdir', 'DAGS_FOLDER/etl_dag.py', '--cfg-path', '/tmp/tmpjbx4fvdj']
[2026-02-09T02:35:45.255+0000] {standard_task_runner.py:88} INFO - Job 1405: Subtask gold_layer.load_dim_users
[2026-02-09T02:35:45.318+0000] {task_command.py:423} INFO - Running <TaskInstance: ecommerce_etl_v2.gold_layer.load_dim_users scheduled__2026-02-08T02:00:00+00:00 [running]> on host 707cd2e8ef6b
[2026-02-09T02:35:45.401+0000] {taskinstance.py:2480} INFO - Exporting env vars: AIRFLOW_CTX_DAG_EMAIL='data-team@company.com' AIRFLOW_CTX_DAG_OWNER='data_engineering' AIRFLOW_CTX_DAG_ID='ecommerce_etl_v2' AIRFLOW_CTX_TASK_ID='gold_layer.load_dim_users' AIRFLOW_CTX_EXECUTION_DATE='2026-02-08T02:00:00+00:00' AIRFLOW_CTX_TRY_NUMBER='1' AIRFLOW_CTX_DAG_RUN_ID='scheduled__2026-02-08T02:00:00+00:00'
[2026-02-09T02:35:45.411+0000] {connection.py:234} WARNING - Connection schemes (type: google_cloud_platform) shall not contain '_' according to RFC3986.
[2026-02-09T02:35:45.412+0000] {base.py:83} INFO - Using connection ID 'google_cloud_default' for task execution.
[2026-02-09T02:35:45.412+0000] {credentials_provider.py:353} INFO - Getting connection using `google.auth.default()` since no explicit credentials are provided.
[2026-02-09T02:35:45.525+0000] {bigquery.py:2807} INFO - Executing: {'query': {'query': 'CREATE TABLE `your_dataset.DIM_USER` (\n  user_key STRING NOT NULL DEFAULT GENERATE_UUID(),   -- surrogate key (UUID)\n  user_id INT64,                                      -- natural/business key\n  gender STRING,\n  age INT64,\n  city STRING,\n  state STRING,\n  country STRING,\n  traffic_source STRING,\n  effective_from DATE,\n  effective_to DATE,\n  is_current BOOL,\n  CONSTRAINT pk_user_key PRIMARY KEY (user_key) NOT ENFORCED\n);', 'useLegacySql': False, 'queryParameters': [{'name': 'run_date', 'parameterType': {'type': 'DATE'}, 'parameterValue': {'value': '2026-02-08'}}]}}'
[2026-02-09T02:35:45.527+0000] {bigquery.py:1596} INFO - Inserting job ***_ecommerce_etl_v2_gold_layer_load_dim_users_2026_02_08T02_00_00_00_00_469e04509cbf806297da4369c5338860
[2026-02-09T02:35:45.830+0000] {taskinstance.py:2698} ERROR - Task failed with exception
Traceback (most recent call last):
  File "/home/airflow/.local/lib/python3.8/site-packages/airflow/models/taskinstance.py", line 433, in _execute_task
    result = execute_callable(context=context, **execute_callable_kwargs)
  File "/home/airflow/.local/lib/python3.8/site-packages/airflow/providers/google/cloud/operators/bigquery.py", line 2864, in execute
    job.result(timeout=self.result_timeout, retry=self.result_retry)
  File "/home/airflow/.local/lib/python3.8/site-packages/google/cloud/bigquery/job/query.py", line 1595, in result
    do_get_result()
  File "/home/airflow/.local/lib/python3.8/site-packages/google/cloud/bigquery/job/query.py", line 1584, in do_get_result
    super(QueryJob, self).result(retry=retry, timeout=timeout)
  File "/home/airflow/.local/lib/python3.8/site-packages/google/cloud/bigquery/job/base.py", line 971, in result
    return super(_AsyncJob, self).result(timeout=timeout, **kwargs)
  File "/home/airflow/.local/lib/python3.8/site-packages/google/api_core/future/polling.py", line 261, in result
    raise self._exception
google.api_core.exceptions.BadRequest: 400 Syntax error: Expected ")" or "," but got keyword DEFAULT at [2:28]; reason: invalidQuery, location: query, message: Syntax error: Expected ")" or "," but got keyword DEFAULT at [2:28]

Location: europe-west1
Job ID: airflow_ecommerce_etl_v2_gold_layer_load_dim_users_2026_02_08T02_00_00_00_00_469e04509cbf806297da4369c5338860

[2026-02-09T02:35:45.836+0000] {taskinstance.py:1138} INFO - Marking task as UP_FOR_RETRY. dag_id=ecommerce_etl_v2, task_id=gold_layer.load_dim_users, execution_date=20260208T020000, start_date=20260209T023545, end_date=20260209T023545
[2026-02-09T02:35:45.846+0000] {standard_task_runner.py:107} ERROR - Failed to execute job 1405 for task gold_layer.load_dim_users (400 Syntax error: Expected ")" or "," but got keyword DEFAULT at [2:28]; reason: invalidQuery, location: query, message: Syntax error: Expected ")" or "," but got keyword DEFAULT at [2:28]

Location: europe-west1
Job ID: airflow_ecommerce_etl_v2_gold_layer_load_dim_users_2026_02_08T02_00_00_00_00_469e04509cbf806297da4369c5338860
; 8099)
[2026-02-09T02:35:45.870+0000] {local_task_job_runner.py:234} INFO - Task exited with return code 1
[2026-02-09T02:35:45.891+0000] {taskinstance.py:3280} INFO - 0 downstream tasks scheduled from follow-on schedule check
[2026-02-09T09:42:42.605+0000] {taskinstance.py:1956} INFO - Dependencies all met for dep_context=non-requeueable deps ti=<TaskInstance: ecommerce_etl_v2.gold_layer.load_dim_users scheduled__2026-02-08T02:00:00+00:00 [queued]>
[2026-02-09T09:42:42.610+0000] {taskinstance.py:1956} INFO - Dependencies all met for dep_context=requeueable deps ti=<TaskInstance: ecommerce_etl_v2.gold_layer.load_dim_users scheduled__2026-02-08T02:00:00+00:00 [queued]>
[2026-02-09T09:42:42.611+0000] {taskinstance.py:2170} INFO - Starting attempt 1 of 3
[2026-02-09T09:42:42.619+0000] {taskinstance.py:2191} INFO - Executing <Task(BigQueryInsertJobOperator): gold_layer.load_dim_users> on 2026-02-08 02:00:00+00:00
[2026-02-09T09:42:42.624+0000] {standard_task_runner.py:60} INFO - Started process 19035 to run task
[2026-02-09T09:42:42.629+0000] {standard_task_runner.py:87} INFO - Running: ['***', 'tasks', 'run', 'ecommerce_etl_v2', 'gold_layer.load_dim_users', 'scheduled__2026-02-08T02:00:00+00:00', '--job-id', '1617', '--raw', '--subdir', 'DAGS_FOLDER/etl_dag.py', '--cfg-path', '/tmp/tmp6n4o6c73']
[2026-02-09T09:42:42.634+0000] {standard_task_runner.py:88} INFO - Job 1617: Subtask gold_layer.load_dim_users
[2026-02-09T09:42:42.670+0000] {task_command.py:423} INFO - Running <TaskInstance: ecommerce_etl_v2.gold_layer.load_dim_users scheduled__2026-02-08T02:00:00+00:00 [running]> on host 707cd2e8ef6b
[2026-02-09T09:42:42.724+0000] {taskinstance.py:2480} INFO - Exporting env vars: AIRFLOW_CTX_DAG_EMAIL='data-team@company.com' AIRFLOW_CTX_DAG_OWNER='data_engineering' AIRFLOW_CTX_DAG_ID='ecommerce_etl_v2' AIRFLOW_CTX_TASK_ID='gold_layer.load_dim_users' AIRFLOW_CTX_EXECUTION_DATE='2026-02-08T02:00:00+00:00' AIRFLOW_CTX_TRY_NUMBER='1' AIRFLOW_CTX_DAG_RUN_ID='scheduled__2026-02-08T02:00:00+00:00'
[2026-02-09T09:42:42.733+0000] {connection.py:234} WARNING - Connection schemes (type: google_cloud_platform) shall not contain '_' according to RFC3986.
[2026-02-09T09:42:42.734+0000] {base.py:83} INFO - Using connection ID 'google_cloud_default' for task execution.
[2026-02-09T09:42:42.735+0000] {credentials_provider.py:353} INFO - Getting connection using `google.auth.default()` since no explicit credentials are provided.
[2026-02-09T09:42:42.781+0000] {bigquery.py:2807} INFO - Executing: {'query': {'query': 'CREATE TABLE `your_dataset.DIM_USER` (\n  user_key STRING NOT NULL DEFAULT GENERATE_UUID(),   -- surrogate key (UUID)\n  user_id INT64,                                      -- natural/business key\n  gender STRING,\n  age INT64,\n  city STRING,\n  state STRING,\n  country STRING,\n  traffic_source STRING,\n  effective_from DATE,\n  effective_to DATE,\n  is_current BOOL,\n  CONSTRAINT pk_user_key PRIMARY KEY (user_key) NOT ENFORCED\n);', 'useLegacySql': False, 'queryParameters': [{'name': 'run_date', 'parameterType': {'type': 'DATE'}, 'parameterValue': {'value': '2026-02-08'}}]}}'
[2026-02-09T09:42:42.783+0000] {bigquery.py:1596} INFO - Inserting job ***_ecommerce_etl_v2_gold_layer_load_dim_users_2026_02_08T02_00_00_00_00_42d8798171a16756f8f54bb336bd98a5
[2026-02-09T09:42:43.331+0000] {taskinstance.py:2698} ERROR - Task failed with exception
Traceback (most recent call last):
  File "/home/airflow/.local/lib/python3.8/site-packages/airflow/models/taskinstance.py", line 433, in _execute_task
    result = execute_callable(context=context, **execute_callable_kwargs)
  File "/home/airflow/.local/lib/python3.8/site-packages/airflow/providers/google/cloud/operators/bigquery.py", line 2864, in execute
    job.result(timeout=self.result_timeout, retry=self.result_retry)
  File "/home/airflow/.local/lib/python3.8/site-packages/google/cloud/bigquery/job/query.py", line 1595, in result
    do_get_result()
  File "/home/airflow/.local/lib/python3.8/site-packages/google/cloud/bigquery/job/query.py", line 1584, in do_get_result
    super(QueryJob, self).result(retry=retry, timeout=timeout)
  File "/home/airflow/.local/lib/python3.8/site-packages/google/cloud/bigquery/job/base.py", line 971, in result
    return super(_AsyncJob, self).result(timeout=timeout, **kwargs)
  File "/home/airflow/.local/lib/python3.8/site-packages/google/api_core/future/polling.py", line 261, in result
    raise self._exception
google.api_core.exceptions.BadRequest: 400 Syntax error: Expected ")" or "," but got keyword DEFAULT at [2:28]; reason: invalidQuery, location: query, message: Syntax error: Expected ")" or "," but got keyword DEFAULT at [2:28]

Location: europe-west1
Job ID: airflow_ecommerce_etl_v2_gold_layer_load_dim_users_2026_02_08T02_00_00_00_00_42d8798171a16756f8f54bb336bd98a5

[2026-02-09T09:42:43.338+0000] {taskinstance.py:1138} INFO - Marking task as UP_FOR_RETRY. dag_id=ecommerce_etl_v2, task_id=gold_layer.load_dim_users, execution_date=20260208T020000, start_date=20260209T094242, end_date=20260209T094243
[2026-02-09T09:42:43.346+0000] {standard_task_runner.py:107} ERROR - Failed to execute job 1617 for task gold_layer.load_dim_users (400 Syntax error: Expected ")" or "," but got keyword DEFAULT at [2:28]; reason: invalidQuery, location: query, message: Syntax error: Expected ")" or "," but got keyword DEFAULT at [2:28]

Location: europe-west1
Job ID: airflow_ecommerce_etl_v2_gold_layer_load_dim_users_2026_02_08T02_00_00_00_00_42d8798171a16756f8f54bb336bd98a5
; 19035)
[2026-02-09T09:42:43.380+0000] {local_task_job_runner.py:234} INFO - Task exited with return code 1
[2026-02-09T09:42:43.398+0000] {taskinstance.py:3280} INFO - 0 downstream tasks scheduled from follow-on schedule check
[2026-02-09T10:03:27.661+0000] {taskinstance.py:1946} INFO - Dependencies not met for <TaskInstance: ecommerce_etl_v2.gold_layer.load_dim_users scheduled__2026-02-08T02:00:00+00:00 [queued]>, dependency 'Trigger Rule' FAILED: Task's trigger rule 'all_success' requires all upstream tasks to have succeeded, but found 1 non-success(es). upstream_states=_UpstreamTIStates(success=6, skipped=0, failed=0, upstream_failed=0, removed=0, done=6, success_setup=0, skipped_setup=0), upstream_task_ids={'gold_setup.create_dim_date', 'gold_setup.create_dim_traffic_source', 'gold_setup.create_dim_browser', 'gold_setup.create_dim_page', 'gold_setup.create_dim_order_status', 'gold_setup.create_dim_products', 'gold_setup.create_dim_event_type'}
[2026-02-09T10:03:27.662+0000] {local_task_job_runner.py:160} INFO - Task is not able to be run
