[2026-02-08T21:43:21.112+0000] {taskinstance.py:1956} INFO - Dependencies all met for dep_context=non-requeueable deps ti=<TaskInstance: ecommerce_etl_v2.bronze_layer.check_orders_loaded manual__2026-02-08T21:39:44.580516+00:00 [queued]>
[2026-02-08T21:43:21.117+0000] {taskinstance.py:1956} INFO - Dependencies all met for dep_context=requeueable deps ti=<TaskInstance: ecommerce_etl_v2.bronze_layer.check_orders_loaded manual__2026-02-08T21:39:44.580516+00:00 [queued]>
[2026-02-08T21:43:21.117+0000] {taskinstance.py:2170} INFO - Starting attempt 1 of 3
[2026-02-08T21:43:21.123+0000] {taskinstance.py:2191} INFO - Executing <Task(BigQueryCheckOperator): bronze_layer.check_orders_loaded> on 2026-02-08 21:39:44.580516+00:00
[2026-02-08T21:43:21.127+0000] {standard_task_runner.py:60} INFO - Started process 17965 to run task
[2026-02-08T21:43:21.129+0000] {standard_task_runner.py:87} INFO - Running: ['***', 'tasks', 'run', 'ecommerce_etl_v2', 'bronze_layer.check_orders_loaded', 'manual__2026-02-08T21:39:44.580516+00:00', '--job-id', '938', '--raw', '--subdir', 'DAGS_FOLDER/etl_dag.py', '--cfg-path', '/tmp/tmp55n5k1jf']
[2026-02-08T21:43:21.130+0000] {standard_task_runner.py:88} INFO - Job 938: Subtask bronze_layer.check_orders_loaded
[2026-02-08T21:43:21.153+0000] {task_command.py:423} INFO - Running <TaskInstance: ecommerce_etl_v2.bronze_layer.check_orders_loaded manual__2026-02-08T21:39:44.580516+00:00 [running]> on host 52b3fbe2fc57
[2026-02-08T21:43:21.189+0000] {taskinstance.py:2480} INFO - Exporting env vars: AIRFLOW_CTX_DAG_EMAIL='data-team@company.com' AIRFLOW_CTX_DAG_OWNER='data_engineering' AIRFLOW_CTX_DAG_ID='ecommerce_etl_v2' AIRFLOW_CTX_TASK_ID='bronze_layer.check_orders_loaded' AIRFLOW_CTX_EXECUTION_DATE='2026-02-08T21:39:44.580516+00:00' AIRFLOW_CTX_TRY_NUMBER='1' AIRFLOW_CTX_DAG_RUN_ID='manual__2026-02-08T21:39:44.580516+00:00'
[2026-02-08T21:43:21.190+0000] {sql.py:785} INFO - Executing SQL check: 
                    SELECT COUNT(*) > 0
                    FROM `prism-486509.bronze.orders`
                
[2026-02-08T21:43:21.193+0000] {connection.py:234} WARNING - Connection schemes (type: google_cloud_platform) shall not contain '_' according to RFC3986.
[2026-02-08T21:43:21.194+0000] {base.py:83} INFO - Using connection ID 'google_cloud_default' for task execution.
[2026-02-08T21:43:21.194+0000] {credentials_provider.py:353} INFO - Getting connection using `google.auth.default()` since no explicit credentials are provided.
[2026-02-08T21:43:21.236+0000] {sql.py:450} INFO - Running statement: 
                    SELECT COUNT(*) > 0
                    FROM `prism-486509.bronze.orders`
                , parameters: None
[2026-02-08T21:43:21.236+0000] {bigquery.py:1596} INFO - Inserting job ***_1770587001236513_43e3af77a94784a697f190aca075874d
[2026-02-08T21:43:22.153+0000] {sql.py:788} INFO - Record: [True]
[2026-02-08T21:43:22.153+0000] {sql.py:796} INFO - Success.
[2026-02-08T21:43:22.157+0000] {taskinstance.py:1138} INFO - Marking task as SUCCESS. dag_id=ecommerce_etl_v2, task_id=bronze_layer.check_orders_loaded, execution_date=20260208T213944, start_date=20260208T214321, end_date=20260208T214322
[2026-02-08T21:43:22.193+0000] {local_task_job_runner.py:234} INFO - Task exited with return code 0
[2026-02-08T21:43:22.206+0000] {taskinstance.py:3280} INFO - 1 downstream tasks scheduled from follow-on schedule check
