[2026-02-10T11:01:30.531+0000] {taskinstance.py:1956} INFO - Dependencies all met for dep_context=non-requeueable deps ti=<TaskInstance: ecommerce_etl_v2.load_products manual__2026-02-10T10:56:26.745143+00:00 [queued]>
[2026-02-10T11:01:30.536+0000] {taskinstance.py:1956} INFO - Dependencies all met for dep_context=requeueable deps ti=<TaskInstance: ecommerce_etl_v2.load_products manual__2026-02-10T10:56:26.745143+00:00 [queued]>
[2026-02-10T11:01:30.536+0000] {taskinstance.py:2170} INFO - Starting attempt 2 of 3
[2026-02-10T11:01:30.543+0000] {taskinstance.py:2191} INFO - Executing <Task(PythonOperator): load_products> on 2026-02-10 10:56:26.745143+00:00
[2026-02-10T11:01:30.546+0000] {standard_task_runner.py:60} INFO - Started process 3061 to run task
[2026-02-10T11:01:30.549+0000] {standard_task_runner.py:87} INFO - Running: ['***', 'tasks', 'run', 'ecommerce_etl_v2', 'load_products', 'manual__2026-02-10T10:56:26.745143+00:00', '--job-id', '1088', '--raw', '--subdir', 'DAGS_FOLDER/etl_dag.py', '--cfg-path', '/tmp/tmp105q9cw0']
[2026-02-10T11:01:30.550+0000] {standard_task_runner.py:88} INFO - Job 1088: Subtask load_products
[2026-02-10T11:01:30.577+0000] {task_command.py:423} INFO - Running <TaskInstance: ecommerce_etl_v2.load_products manual__2026-02-10T10:56:26.745143+00:00 [running]> on host 89ab86e4d295
[2026-02-10T11:01:30.612+0000] {taskinstance.py:2480} INFO - Exporting env vars: AIRFLOW_CTX_DAG_EMAIL='data-team@company.com' AIRFLOW_CTX_DAG_OWNER='data_engineering' AIRFLOW_CTX_DAG_ID='ecommerce_etl_v2' AIRFLOW_CTX_TASK_ID='load_products' AIRFLOW_CTX_EXECUTION_DATE='2026-02-10T10:56:26.745143+00:00' AIRFLOW_CTX_TRY_NUMBER='2' AIRFLOW_CTX_DAG_RUN_ID='manual__2026-02-10T10:56:26.745143+00:00'
[2026-02-10T11:01:30.849+0000] {etl_dag.py:100} INFO - Creating table if not exists: bronze.products
[2026-02-10T11:01:31.402+0000] {taskinstance.py:2698} ERROR - Task failed with exception
Traceback (most recent call last):
  File "/home/airflow/.local/lib/python3.8/site-packages/airflow/models/taskinstance.py", line 433, in _execute_task
    result = execute_callable(context=context, **execute_callable_kwargs)
  File "/home/airflow/.local/lib/python3.8/site-packages/airflow/operators/python.py", line 199, in execute
    return_value = self.execute_callable()
  File "/home/airflow/.local/lib/python3.8/site-packages/airflow/operators/python.py", line 216, in execute_callable
    return self.python_callable(*self.op_args, **self.op_kwargs)
  File "/opt/airflow/dags/etl_dag.py", line 101, in load_bronze_with_ingestion_date
    client.query(create_sql).result()
  File "/home/airflow/.local/lib/python3.8/site-packages/google/cloud/bigquery/job/query.py", line 1595, in result
    do_get_result()
  File "/home/airflow/.local/lib/python3.8/site-packages/google/api_core/retry.py", line 372, in retry_wrapped_func
    return retry_target(
  File "/home/airflow/.local/lib/python3.8/site-packages/google/api_core/retry.py", line 207, in retry_target
    result = target()
  File "/home/airflow/.local/lib/python3.8/site-packages/google/cloud/bigquery/job/query.py", line 1584, in do_get_result
    super(QueryJob, self).result(retry=retry, timeout=timeout)
  File "/home/airflow/.local/lib/python3.8/site-packages/google/cloud/bigquery/job/base.py", line 971, in result
    return super(_AsyncJob, self).result(timeout=timeout, **kwargs)
  File "/home/airflow/.local/lib/python3.8/site-packages/google/api_core/future/polling.py", line 261, in result
    raise self._exception
google.api_core.exceptions.BadRequest: 400 Type not found: FLOAT at [1:62]; reason: invalidQuery, location: query, message: Type not found: FLOAT at [1:62]

Location: europe-west1
Job ID: 31a4f295-63fe-47ea-8951-6df004a75849

[2026-02-10T11:01:31.408+0000] {taskinstance.py:1138} INFO - Marking task as UP_FOR_RETRY. dag_id=ecommerce_etl_v2, task_id=load_products, execution_date=20260210T105626, start_date=20260210T110130, end_date=20260210T110131
[2026-02-10T11:01:31.415+0000] {standard_task_runner.py:107} ERROR - Failed to execute job 1088 for task load_products (400 Type not found: FLOAT at [1:62]; reason: invalidQuery, location: query, message: Type not found: FLOAT at [1:62]

Location: europe-west1
Job ID: 31a4f295-63fe-47ea-8951-6df004a75849
; 3061)
[2026-02-10T11:01:31.451+0000] {local_task_job_runner.py:234} INFO - Task exited with return code 1
[2026-02-10T11:01:31.499+0000] {taskinstance.py:3280} INFO - 0 downstream tasks scheduled from follow-on schedule check
