[2026-02-08T23:37:53.625+0000] {taskinstance.py:1956} INFO - Dependencies all met for dep_context=non-requeueable deps ti=<TaskInstance: ecommerce_etl_v2.gold_layer.load_dim_users manual__2026-02-08T23:37:51.120161+00:00 [queued]>
[2026-02-08T23:37:53.639+0000] {taskinstance.py:1956} INFO - Dependencies all met for dep_context=requeueable deps ti=<TaskInstance: ecommerce_etl_v2.gold_layer.load_dim_users manual__2026-02-08T23:37:51.120161+00:00 [queued]>
[2026-02-08T23:37:53.640+0000] {taskinstance.py:2170} INFO - Starting attempt 1 of 3
[2026-02-08T23:37:53.664+0000] {taskinstance.py:2191} INFO - Executing <Task(BigQueryInsertJobOperator): gold_layer.load_dim_users> on 2026-02-08 23:37:51.120161+00:00
[2026-02-08T23:37:53.670+0000] {standard_task_runner.py:60} INFO - Started process 29116 to run task
[2026-02-08T23:37:53.677+0000] {standard_task_runner.py:87} INFO - Running: ['***', 'tasks', 'run', 'ecommerce_etl_v2', 'gold_layer.load_dim_users', 'manual__2026-02-08T23:37:51.120161+00:00', '--job-id', '1054', '--raw', '--subdir', 'DAGS_FOLDER/etl_dag.py', '--cfg-path', '/tmp/tmpure_5a7r']
[2026-02-08T23:37:53.687+0000] {standard_task_runner.py:88} INFO - Job 1054: Subtask gold_layer.load_dim_users
[2026-02-08T23:37:53.752+0000] {task_command.py:423} INFO - Running <TaskInstance: ecommerce_etl_v2.gold_layer.load_dim_users manual__2026-02-08T23:37:51.120161+00:00 [running]> on host 52b3fbe2fc57
[2026-02-08T23:37:53.873+0000] {taskinstance.py:2480} INFO - Exporting env vars: AIRFLOW_CTX_DAG_EMAIL='data-team@company.com' AIRFLOW_CTX_DAG_OWNER='data_engineering' AIRFLOW_CTX_DAG_ID='ecommerce_etl_v2' AIRFLOW_CTX_TASK_ID='gold_layer.load_dim_users' AIRFLOW_CTX_EXECUTION_DATE='2026-02-08T23:37:51.120161+00:00' AIRFLOW_CTX_TRY_NUMBER='1' AIRFLOW_CTX_DAG_RUN_ID='manual__2026-02-08T23:37:51.120161+00:00'
[2026-02-08T23:37:53.886+0000] {connection.py:234} WARNING - Connection schemes (type: google_cloud_platform) shall not contain '_' according to RFC3986.
[2026-02-08T23:37:53.888+0000] {base.py:83} INFO - Using connection ID 'google_cloud_default' for task execution.
[2026-02-08T23:37:53.890+0000] {credentials_provider.py:353} INFO - Getting connection using `google.auth.default()` since no explicit credentials are provided.
[2026-02-08T23:37:53.941+0000] {bigquery.py:2807} INFO - Executing: {'query': {'query': 'CREATE TABLE `your_dataset.DIM_USER` (\n  user_key STRING NOT NULL DEFAULT GENERATE_UUID(),   -- surrogate key (UUID)\n  user_id INT64,                                      -- natural/business key\n  gender STRING,\n  age INT64,\n  city STRING,\n  state STRING,\n  country STRING,\n  traffic_source STRING,\n  effective_from DATE,\n  effective_to DATE,\n  is_current BOOL,\n  CONSTRAINT pk_user_key PRIMARY KEY (user_key) NOT ENFORCED\n);', 'useLegacySql': False, 'queryParameters': [{'name': 'run_date', 'parameterType': {'type': 'DATE'}, 'parameterValue': {'value': '2026-02-08'}}]}}'
[2026-02-08T23:37:53.942+0000] {bigquery.py:1596} INFO - Inserting job ***_ecommerce_etl_v2_gold_layer_load_dim_users_2026_02_08T23_37_51_120161_00_00_8e259c9640bf22f3fb3fe96336658373
[2026-02-08T23:37:54.312+0000] {taskinstance.py:2698} ERROR - Task failed with exception
Traceback (most recent call last):
  File "/home/airflow/.local/lib/python3.8/site-packages/airflow/models/taskinstance.py", line 433, in _execute_task
    result = execute_callable(context=context, **execute_callable_kwargs)
  File "/home/airflow/.local/lib/python3.8/site-packages/airflow/providers/google/cloud/operators/bigquery.py", line 2864, in execute
    job.result(timeout=self.result_timeout, retry=self.result_retry)
  File "/home/airflow/.local/lib/python3.8/site-packages/google/cloud/bigquery/job/query.py", line 1595, in result
    do_get_result()
  File "/home/airflow/.local/lib/python3.8/site-packages/google/cloud/bigquery/job/query.py", line 1584, in do_get_result
    super(QueryJob, self).result(retry=retry, timeout=timeout)
  File "/home/airflow/.local/lib/python3.8/site-packages/google/cloud/bigquery/job/base.py", line 971, in result
    return super(_AsyncJob, self).result(timeout=timeout, **kwargs)
  File "/home/airflow/.local/lib/python3.8/site-packages/google/api_core/future/polling.py", line 261, in result
    raise self._exception
google.api_core.exceptions.BadRequest: 400 Syntax error: Expected ")" or "," but got keyword DEFAULT at [2:28]; reason: invalidQuery, location: query, message: Syntax error: Expected ")" or "," but got keyword DEFAULT at [2:28]

Location: europe-west1
Job ID: airflow_ecommerce_etl_v2_gold_layer_load_dim_users_2026_02_08T23_37_51_120161_00_00_8e259c9640bf22f3fb3fe96336658373

[2026-02-08T23:37:54.319+0000] {taskinstance.py:1138} INFO - Marking task as UP_FOR_RETRY. dag_id=ecommerce_etl_v2, task_id=gold_layer.load_dim_users, execution_date=20260208T233751, start_date=20260208T233753, end_date=20260208T233754
[2026-02-08T23:37:54.325+0000] {standard_task_runner.py:107} ERROR - Failed to execute job 1054 for task gold_layer.load_dim_users (400 Syntax error: Expected ")" or "," but got keyword DEFAULT at [2:28]; reason: invalidQuery, location: query, message: Syntax error: Expected ")" or "," but got keyword DEFAULT at [2:28]

Location: europe-west1
Job ID: airflow_ecommerce_etl_v2_gold_layer_load_dim_users_2026_02_08T23_37_51_120161_00_00_8e259c9640bf22f3fb3fe96336658373
; 29116)
[2026-02-08T23:37:54.357+0000] {local_task_job_runner.py:234} INFO - Task exited with return code 1
[2026-02-08T23:37:54.372+0000] {taskinstance.py:3280} INFO - 0 downstream tasks scheduled from follow-on schedule check
