[2026-02-09T02:44:20.339+0000] {taskinstance.py:1956} INFO - Dependencies all met for dep_context=non-requeueable deps ti=<TaskInstance: ecommerce_etl_v2.bronze_layer.load_users scheduled__2026-02-08T02:00:00+00:00 [queued]>
[2026-02-09T02:44:20.346+0000] {taskinstance.py:1956} INFO - Dependencies all met for dep_context=requeueable deps ti=<TaskInstance: ecommerce_etl_v2.bronze_layer.load_users scheduled__2026-02-08T02:00:00+00:00 [queued]>
[2026-02-09T02:44:20.346+0000] {taskinstance.py:2170} INFO - Starting attempt 1 of 3
[2026-02-09T02:44:20.354+0000] {taskinstance.py:2191} INFO - Executing <Task(PythonOperator): bronze_layer.load_users> on 2026-02-08 02:00:00+00:00
[2026-02-09T02:44:20.358+0000] {standard_task_runner.py:60} INFO - Started process 10168 to run task
[2026-02-09T02:44:20.363+0000] {standard_task_runner.py:87} INFO - Running: ['***', 'tasks', 'run', 'ecommerce_etl_v2', 'bronze_layer.load_users', 'scheduled__2026-02-08T02:00:00+00:00', '--job-id', '1467', '--raw', '--subdir', 'DAGS_FOLDER/etl_dag.py', '--cfg-path', '/tmp/tmp0oknhpw7']
[2026-02-09T02:44:20.366+0000] {standard_task_runner.py:88} INFO - Job 1467: Subtask bronze_layer.load_users
[2026-02-09T02:44:20.393+0000] {task_command.py:423} INFO - Running <TaskInstance: ecommerce_etl_v2.bronze_layer.load_users scheduled__2026-02-08T02:00:00+00:00 [running]> on host 707cd2e8ef6b
[2026-02-09T02:44:20.423+0000] {logging_mixin.py:188} WARNING - /home/***/.local/lib/python3.8/site-packages/***/utils/context.py:207 AirflowContextDeprecationWarning: Accessing 'execution_date' from the template is deprecated and will be removed in a future version. Please use 'data_interval_start' or 'logical_date' instead.
[2026-02-09T02:44:20.441+0000] {taskinstance.py:2480} INFO - Exporting env vars: AIRFLOW_CTX_DAG_EMAIL='data-team@company.com' AIRFLOW_CTX_DAG_OWNER='data_engineering' AIRFLOW_CTX_DAG_ID='ecommerce_etl_v2' AIRFLOW_CTX_TASK_ID='bronze_layer.load_users' AIRFLOW_CTX_EXECUTION_DATE='2026-02-08T02:00:00+00:00' AIRFLOW_CTX_TRY_NUMBER='1' AIRFLOW_CTX_DAG_RUN_ID='scheduled__2026-02-08T02:00:00+00:00'
[2026-02-09T02:44:35.196+0000] {logging_mixin.py:188} WARNING -   0%|          | 0/1 [00:00<?, ?it/s]
[2026-02-09T02:44:35.197+0000] {gbq.py:618} INFO - 100000 out of 100000 rows loaded.
[2026-02-09T02:44:35.198+0000] {logging_mixin.py:188} WARNING - 100%|##########| 1/1 [00:00<00:00, 2423.05it/s]
[2026-02-09T02:44:35.203+0000] {python.py:201} INFO - Done. Returned value was: None
[2026-02-09T02:44:35.210+0000] {taskinstance.py:1138} INFO - Marking task as SUCCESS. dag_id=ecommerce_etl_v2, task_id=bronze_layer.load_users, execution_date=20260208T020000, start_date=20260209T024420, end_date=20260209T024435
[2026-02-09T02:44:35.235+0000] {local_task_job_runner.py:234} INFO - Task exited with return code 0
[2026-02-09T02:44:35.251+0000] {taskinstance.py:3280} INFO - 1 downstream tasks scheduled from follow-on schedule check
[2026-02-09T09:46:06.240+0000] {taskinstance.py:1956} INFO - Dependencies all met for dep_context=non-requeueable deps ti=<TaskInstance: ecommerce_etl_v2.bronze_layer.load_users scheduled__2026-02-08T02:00:00+00:00 [queued]>
[2026-02-09T09:46:06.246+0000] {taskinstance.py:1956} INFO - Dependencies all met for dep_context=requeueable deps ti=<TaskInstance: ecommerce_etl_v2.bronze_layer.load_users scheduled__2026-02-08T02:00:00+00:00 [queued]>
[2026-02-09T09:46:06.246+0000] {taskinstance.py:2170} INFO - Starting attempt 1 of 3
[2026-02-09T09:46:06.253+0000] {taskinstance.py:2191} INFO - Executing <Task(PythonOperator): bronze_layer.load_users> on 2026-02-08 02:00:00+00:00
[2026-02-09T09:46:06.257+0000] {standard_task_runner.py:60} INFO - Started process 19431 to run task
[2026-02-09T09:46:06.260+0000] {standard_task_runner.py:87} INFO - Running: ['***', 'tasks', 'run', 'ecommerce_etl_v2', 'bronze_layer.load_users', 'scheduled__2026-02-08T02:00:00+00:00', '--job-id', '1629', '--raw', '--subdir', 'DAGS_FOLDER/etl_dag.py', '--cfg-path', '/tmp/tmp2s0v6lel']
[2026-02-09T09:46:06.262+0000] {standard_task_runner.py:88} INFO - Job 1629: Subtask bronze_layer.load_users
[2026-02-09T09:46:06.287+0000] {task_command.py:423} INFO - Running <TaskInstance: ecommerce_etl_v2.bronze_layer.load_users scheduled__2026-02-08T02:00:00+00:00 [running]> on host 707cd2e8ef6b
[2026-02-09T09:46:06.313+0000] {logging_mixin.py:188} WARNING - /home/***/.local/lib/python3.8/site-packages/***/utils/context.py:207 AirflowContextDeprecationWarning: Accessing 'execution_date' from the template is deprecated and will be removed in a future version. Please use 'data_interval_start' or 'logical_date' instead.
[2026-02-09T09:46:06.329+0000] {taskinstance.py:2480} INFO - Exporting env vars: AIRFLOW_CTX_DAG_EMAIL='data-team@company.com' AIRFLOW_CTX_DAG_OWNER='data_engineering' AIRFLOW_CTX_DAG_ID='ecommerce_etl_v2' AIRFLOW_CTX_TASK_ID='bronze_layer.load_users' AIRFLOW_CTX_EXECUTION_DATE='2026-02-08T02:00:00+00:00' AIRFLOW_CTX_TRY_NUMBER='1' AIRFLOW_CTX_DAG_RUN_ID='scheduled__2026-02-08T02:00:00+00:00'
[2026-02-09T09:46:23.849+0000] {logging_mixin.py:188} WARNING -   0%|          | 0/1 [00:00<?, ?it/s]
[2026-02-09T09:46:23.849+0000] {gbq.py:618} INFO - 100000 out of 100000 rows loaded.
[2026-02-09T09:46:23.850+0000] {logging_mixin.py:188} WARNING - 100%|##########| 1/1 [00:00<00:00, 2674.94it/s]
[2026-02-09T09:46:23.850+0000] {python.py:201} INFO - Done. Returned value was: None
[2026-02-09T09:46:23.881+0000] {taskinstance.py:1138} INFO - Marking task as SUCCESS. dag_id=ecommerce_etl_v2, task_id=bronze_layer.load_users, execution_date=20260208T020000, start_date=20260209T094606, end_date=20260209T094623
[2026-02-09T09:46:23.934+0000] {local_task_job_runner.py:234} INFO - Task exited with return code 0
[2026-02-09T09:46:23.946+0000] {taskinstance.py:3280} INFO - 1 downstream tasks scheduled from follow-on schedule check
[2026-02-09T10:06:44.383+0000] {taskinstance.py:1956} INFO - Dependencies all met for dep_context=non-requeueable deps ti=<TaskInstance: ecommerce_etl_v2.bronze_layer.load_users scheduled__2026-02-08T02:00:00+00:00 [queued]>
[2026-02-09T10:06:44.388+0000] {taskinstance.py:1956} INFO - Dependencies all met for dep_context=requeueable deps ti=<TaskInstance: ecommerce_etl_v2.bronze_layer.load_users scheduled__2026-02-08T02:00:00+00:00 [queued]>
[2026-02-09T10:06:44.388+0000] {taskinstance.py:2170} INFO - Starting attempt 1 of 3
[2026-02-09T10:06:44.396+0000] {taskinstance.py:2191} INFO - Executing <Task(PythonOperator): bronze_layer.load_users> on 2026-02-08 02:00:00+00:00
[2026-02-09T10:06:44.401+0000] {standard_task_runner.py:60} INFO - Started process 23791 to run task
[2026-02-09T10:06:44.403+0000] {standard_task_runner.py:87} INFO - Running: ['***', 'tasks', 'run', 'ecommerce_etl_v2', 'bronze_layer.load_users', 'scheduled__2026-02-08T02:00:00+00:00', '--job-id', '1732', '--raw', '--subdir', 'DAGS_FOLDER/etl_dag.py', '--cfg-path', '/tmp/tmp4svnvuuz']
[2026-02-09T10:06:44.405+0000] {standard_task_runner.py:88} INFO - Job 1732: Subtask bronze_layer.load_users
[2026-02-09T10:06:44.434+0000] {task_command.py:423} INFO - Running <TaskInstance: ecommerce_etl_v2.bronze_layer.load_users scheduled__2026-02-08T02:00:00+00:00 [running]> on host 707cd2e8ef6b
[2026-02-09T10:06:44.461+0000] {logging_mixin.py:188} WARNING - /home/***/.local/lib/python3.8/site-packages/***/utils/context.py:207 AirflowContextDeprecationWarning: Accessing 'execution_date' from the template is deprecated and will be removed in a future version. Please use 'data_interval_start' or 'logical_date' instead.
[2026-02-09T10:06:44.478+0000] {taskinstance.py:2480} INFO - Exporting env vars: AIRFLOW_CTX_DAG_EMAIL='data-team@company.com' AIRFLOW_CTX_DAG_OWNER='data_engineering' AIRFLOW_CTX_DAG_ID='ecommerce_etl_v2' AIRFLOW_CTX_TASK_ID='bronze_layer.load_users' AIRFLOW_CTX_EXECUTION_DATE='2026-02-08T02:00:00+00:00' AIRFLOW_CTX_TRY_NUMBER='1' AIRFLOW_CTX_DAG_RUN_ID='scheduled__2026-02-08T02:00:00+00:00'
[2026-02-09T10:07:00.017+0000] {logging_mixin.py:188} WARNING -   0%|          | 0/1 [00:00<?, ?it/s]
[2026-02-09T10:07:00.020+0000] {gbq.py:618} INFO - 100000 out of 100000 rows loaded.
[2026-02-09T10:07:00.020+0000] {logging_mixin.py:188} WARNING - 100%|##########| 1/1 [00:00<00:00, 4140.48it/s]
[2026-02-09T10:07:00.020+0000] {python.py:201} INFO - Done. Returned value was: None
[2026-02-09T10:07:00.032+0000] {taskinstance.py:1138} INFO - Marking task as SUCCESS. dag_id=ecommerce_etl_v2, task_id=bronze_layer.load_users, execution_date=20260208T020000, start_date=20260209T100644, end_date=20260209T100700
[2026-02-09T10:07:00.075+0000] {local_task_job_runner.py:234} INFO - Task exited with return code 0
[2026-02-09T10:07:00.090+0000] {taskinstance.py:3280} INFO - 1 downstream tasks scheduled from follow-on schedule check
