[2026-02-11T13:00:14.309+0000] {taskinstance.py:1956} INFO - Dependencies all met for dep_context=non-requeueable deps ti=<TaskInstance: ecommerce_etl_v2.silver_setup.create_silver_events scheduled__2026-02-10T13:00:00+00:00 [queued]>
[2026-02-11T13:00:14.313+0000] {taskinstance.py:1956} INFO - Dependencies all met for dep_context=requeueable deps ti=<TaskInstance: ecommerce_etl_v2.silver_setup.create_silver_events scheduled__2026-02-10T13:00:00+00:00 [queued]>
[2026-02-11T13:00:14.313+0000] {taskinstance.py:2170} INFO - Starting attempt 1 of 3
[2026-02-11T13:00:14.319+0000] {taskinstance.py:2191} INFO - Executing <Task(BigQueryCreateEmptyTableOperator): silver_setup.create_silver_events> on 2026-02-10 13:00:00+00:00
[2026-02-11T13:00:14.323+0000] {standard_task_runner.py:60} INFO - Started process 2850 to run task
[2026-02-11T13:00:14.325+0000] {standard_task_runner.py:87} INFO - Running: ['***', 'tasks', 'run', 'ecommerce_etl_v2', 'silver_setup.create_silver_events', 'scheduled__2026-02-10T13:00:00+00:00', '--job-id', '2214', '--raw', '--subdir', 'DAGS_FOLDER/etl_dag.py', '--cfg-path', '/tmp/tmp5q7ohu9s']
[2026-02-11T13:00:14.327+0000] {standard_task_runner.py:88} INFO - Job 2214: Subtask silver_setup.create_silver_events
[2026-02-11T13:00:14.352+0000] {task_command.py:423} INFO - Running <TaskInstance: ecommerce_etl_v2.silver_setup.create_silver_events scheduled__2026-02-10T13:00:00+00:00 [running]> on host 89ab86e4d295
[2026-02-11T13:00:14.401+0000] {taskinstance.py:2480} INFO - Exporting env vars: AIRFLOW_CTX_DAG_EMAIL='data-team@company.com' AIRFLOW_CTX_DAG_OWNER='data_engineering' AIRFLOW_CTX_DAG_ID='ecommerce_etl_v2' AIRFLOW_CTX_TASK_ID='silver_setup.create_silver_events' AIRFLOW_CTX_EXECUTION_DATE='2026-02-10T13:00:00+00:00' AIRFLOW_CTX_TRY_NUMBER='1' AIRFLOW_CTX_DAG_RUN_ID='scheduled__2026-02-10T13:00:00+00:00'
[2026-02-11T13:00:14.409+0000] {connection.py:234} WARNING - Connection schemes (type: google_cloud_platform) shall not contain '_' according to RFC3986.
[2026-02-11T13:00:14.410+0000] {base.py:83} INFO - Using connection ID 'google_cloud_default' for task execution.
[2026-02-11T13:00:14.410+0000] {bigquery.py:1514} INFO - Creating table
[2026-02-11T13:00:14.410+0000] {credentials_provider.py:353} INFO - Getting connection using `google.auth.default()` since no explicit credentials are provided.
[2026-02-11T13:00:14.461+0000] {connectionpool.py:824} WARNING - Retrying (Retry(total=2, connect=None, read=None, redirect=None, status=None)) after connection broken by 'NewConnectionError('<urllib3.connection.HTTPSConnection object at 0xffff87b1e0d0>: Failed to establish a new connection: [Errno -2] Name or service not known')': /token
[2026-02-11T13:00:14.466+0000] {connectionpool.py:824} WARNING - Retrying (Retry(total=1, connect=None, read=None, redirect=None, status=None)) after connection broken by 'NewConnectionError('<urllib3.connection.HTTPSConnection object at 0xffff87b1e250>: Failed to establish a new connection: [Errno -2] Name or service not known')': /token
[2026-02-11T13:00:14.469+0000] {connectionpool.py:824} WARNING - Retrying (Retry(total=0, connect=None, read=None, redirect=None, status=None)) after connection broken by 'NewConnectionError('<urllib3.connection.HTTPSConnection object at 0xffff87b1e3d0>: Failed to establish a new connection: [Errno -2] Name or service not known')': /token
[2026-02-11T13:00:15.451+0000] {connectionpool.py:824} WARNING - Retrying (Retry(total=2, connect=None, read=None, redirect=None, status=None)) after connection broken by 'NewConnectionError('<urllib3.connection.HTTPSConnection object at 0xffff87b1eb80>: Failed to establish a new connection: [Errno -2] Name or service not known')': /token
[2026-02-11T13:00:15.454+0000] {connectionpool.py:824} WARNING - Retrying (Retry(total=1, connect=None, read=None, redirect=None, status=None)) after connection broken by 'NewConnectionError('<urllib3.connection.HTTPSConnection object at 0xffff87b1ed00>: Failed to establish a new connection: [Errno -2] Name or service not known')': /token
[2026-02-11T13:00:15.457+0000] {connectionpool.py:824} WARNING - Retrying (Retry(total=0, connect=None, read=None, redirect=None, status=None)) after connection broken by 'NewConnectionError('<urllib3.connection.HTTPSConnection object at 0xffff87b1ee80>: Failed to establish a new connection: [Errno -2] Name or service not known')': /token
[2026-02-11T13:00:16.229+0000] {connectionpool.py:824} WARNING - Retrying (Retry(total=2, connect=None, read=None, redirect=None, status=None)) after connection broken by 'NewConnectionError('<urllib3.connection.HTTPSConnection object at 0xffff87ab66a0>: Failed to establish a new connection: [Errno -2] Name or service not known')': /token
[2026-02-11T13:00:16.232+0000] {connectionpool.py:824} WARNING - Retrying (Retry(total=1, connect=None, read=None, redirect=None, status=None)) after connection broken by 'NewConnectionError('<urllib3.connection.HTTPSConnection object at 0xffff87ab6820>: Failed to establish a new connection: [Errno -2] Name or service not known')': /token
[2026-02-11T13:00:16.235+0000] {connectionpool.py:824} WARNING - Retrying (Retry(total=0, connect=None, read=None, redirect=None, status=None)) after connection broken by 'NewConnectionError('<urllib3.connection.HTTPSConnection object at 0xffff87b00700>: Failed to establish a new connection: [Errno -2] Name or service not known')': /token
[2026-02-11T13:00:16.663+0000] {connectionpool.py:824} WARNING - Retrying (Retry(total=2, connect=None, read=None, redirect=None, status=None)) after connection broken by 'NewConnectionError('<urllib3.connection.HTTPSConnection object at 0xffff87b1e370>: Failed to establish a new connection: [Errno -2] Name or service not known')': /token
[2026-02-11T13:00:16.666+0000] {connectionpool.py:824} WARNING - Retrying (Retry(total=1, connect=None, read=None, redirect=None, status=None)) after connection broken by 'NewConnectionError('<urllib3.connection.HTTPSConnection object at 0xffff87ab62e0>: Failed to establish a new connection: [Errno -2] Name or service not known')': /token
[2026-02-11T13:00:16.668+0000] {connectionpool.py:824} WARNING - Retrying (Retry(total=0, connect=None, read=None, redirect=None, status=None)) after connection broken by 'NewConnectionError('<urllib3.connection.HTTPSConnection object at 0xffff87ab6a30>: Failed to establish a new connection: [Errno -2] Name or service not known')': /token
[2026-02-11T13:00:19.376+0000] {connectionpool.py:824} WARNING - Retrying (Retry(total=2, connect=None, read=None, redirect=None, status=None)) after connection broken by 'NewConnectionError('<urllib3.connection.HTTPSConnection object at 0xffff87ac32e0>: Failed to establish a new connection: [Errno -2] Name or service not known')': /token
[2026-02-11T13:00:19.379+0000] {connectionpool.py:824} WARNING - Retrying (Retry(total=1, connect=None, read=None, redirect=None, status=None)) after connection broken by 'NewConnectionError('<urllib3.connection.HTTPSConnection object at 0xffff87ac3460>: Failed to establish a new connection: [Errno -2] Name or service not known')': /token
[2026-02-11T13:00:19.381+0000] {connectionpool.py:824} WARNING - Retrying (Retry(total=0, connect=None, read=None, redirect=None, status=None)) after connection broken by 'NewConnectionError('<urllib3.connection.HTTPSConnection object at 0xffff87ac3640>: Failed to establish a new connection: [Errno -2] Name or service not known')': /token
[2026-02-11T13:00:32.721+0000] {connectionpool.py:824} WARNING - Retrying (Retry(total=2, connect=None, read=None, redirect=None, status=None)) after connection broken by 'NewConnectionError('<urllib3.connection.HTTPSConnection object at 0xffff87ab6c70>: Failed to establish a new connection: [Errno -2] Name or service not known')': /token
[2026-02-11T13:00:32.725+0000] {connectionpool.py:824} WARNING - Retrying (Retry(total=1, connect=None, read=None, redirect=None, status=None)) after connection broken by 'NewConnectionError('<urllib3.connection.HTTPSConnection object at 0xffff87ab6b80>: Failed to establish a new connection: [Errno -2] Name or service not known')': /token
[2026-02-11T13:00:32.729+0000] {connectionpool.py:824} WARNING - Retrying (Retry(total=0, connect=None, read=None, redirect=None, status=None)) after connection broken by 'NewConnectionError('<urllib3.connection.HTTPSConnection object at 0xffff87ab6940>: Failed to establish a new connection: [Errno -2] Name or service not known')': /token
[2026-02-11T13:00:32.963+0000] {connectionpool.py:824} WARNING - Retrying (Retry(total=2, connect=None, read=None, redirect=None, status=None)) after connection broken by 'NewConnectionError('<urllib3.connection.HTTPSConnection object at 0xffff87ac3e20>: Failed to establish a new connection: [Errno -2] Name or service not known')': /token
[2026-02-11T13:00:32.967+0000] {connectionpool.py:824} WARNING - Retrying (Retry(total=1, connect=None, read=None, redirect=None, status=None)) after connection broken by 'NewConnectionError('<urllib3.connection.HTTPSConnection object at 0xffff87ad00a0>: Failed to establish a new connection: [Errno -2] Name or service not known')': /token
[2026-02-11T13:00:32.971+0000] {connectionpool.py:824} WARNING - Retrying (Retry(total=0, connect=None, read=None, redirect=None, status=None)) after connection broken by 'NewConnectionError('<urllib3.connection.HTTPSConnection object at 0xffff87ad0280>: Failed to establish a new connection: [Errno -2] Name or service not known')': /token
[2026-02-11T13:01:23.208+0000] {connectionpool.py:824} WARNING - Retrying (Retry(total=2, connect=None, read=None, redirect=None, status=None)) after connection broken by 'NewConnectionError('<urllib3.connection.HTTPSConnection object at 0xffff87ad0b20>: Failed to establish a new connection: [Errno -2] Name or service not known')': /token
[2026-02-11T13:01:23.212+0000] {connectionpool.py:824} WARNING - Retrying (Retry(total=1, connect=None, read=None, redirect=None, status=None)) after connection broken by 'NewConnectionError('<urllib3.connection.HTTPSConnection object at 0xffff87ad0ca0>: Failed to establish a new connection: [Errno -2] Name or service not known')': /token
[2026-02-11T13:01:23.216+0000] {connectionpool.py:824} WARNING - Retrying (Retry(total=0, connect=None, read=None, redirect=None, status=None)) after connection broken by 'NewConnectionError('<urllib3.connection.HTTPSConnection object at 0xffff87ad0e80>: Failed to establish a new connection: [Errno -2] Name or service not known')': /token
[2026-02-11T13:01:30.831+0000] {connectionpool.py:824} WARNING - Retrying (Retry(total=2, connect=None, read=None, redirect=None, status=None)) after connection broken by 'NewConnectionError('<urllib3.connection.HTTPSConnection object at 0xffff87ad03d0>: Failed to establish a new connection: [Errno -2] Name or service not known')': /token
[2026-02-11T13:01:30.836+0000] {connectionpool.py:824} WARNING - Retrying (Retry(total=1, connect=None, read=None, redirect=None, status=None)) after connection broken by 'NewConnectionError('<urllib3.connection.HTTPSConnection object at 0xffff87ad0040>: Failed to establish a new connection: [Errno -2] Name or service not known')': /token
[2026-02-11T13:01:30.841+0000] {connectionpool.py:824} WARNING - Retrying (Retry(total=0, connect=None, read=None, redirect=None, status=None)) after connection broken by 'NewConnectionError('<urllib3.connection.HTTPSConnection object at 0xffff87ac3e20>: Failed to establish a new connection: [Errno -2] Name or service not known')': /token
[2026-02-11T13:02:12.846+0000] {connectionpool.py:824} WARNING - Retrying (Retry(total=2, connect=None, read=None, redirect=None, status=None)) after connection broken by 'NewConnectionError('<urllib3.connection.HTTPSConnection object at 0xffff87b1e0d0>: Failed to establish a new connection: [Errno -2] Name or service not known')': /token
[2026-02-11T13:02:12.856+0000] {connectionpool.py:824} WARNING - Retrying (Retry(total=1, connect=None, read=None, redirect=None, status=None)) after connection broken by 'NewConnectionError('<urllib3.connection.HTTPSConnection object at 0xffff87ab6f10>: Failed to establish a new connection: [Errno -2] Name or service not known')': /token
[2026-02-11T13:02:12.860+0000] {connectionpool.py:824} WARNING - Retrying (Retry(total=0, connect=None, read=None, redirect=None, status=None)) after connection broken by 'NewConnectionError('<urllib3.connection.HTTPSConnection object at 0xffff87ab6c40>: Failed to establish a new connection: [Errno -2] Name or service not known')': /token
[2026-02-11T13:02:39.243+0000] {connectionpool.py:824} WARNING - Retrying (Retry(total=2, connect=None, read=None, redirect=None, status=None)) after connection broken by 'NewConnectionError('<urllib3.connection.HTTPSConnection object at 0xffff87add760>: Failed to establish a new connection: [Errno -2] Name or service not known')': /token
[2026-02-11T13:02:39.248+0000] {connectionpool.py:824} WARNING - Retrying (Retry(total=1, connect=None, read=None, redirect=None, status=None)) after connection broken by 'NewConnectionError('<urllib3.connection.HTTPSConnection object at 0xffff87add8e0>: Failed to establish a new connection: [Errno -2] Name or service not known')': /token
[2026-02-11T13:02:39.252+0000] {connectionpool.py:824} WARNING - Retrying (Retry(total=0, connect=None, read=None, redirect=None, status=None)) after connection broken by 'NewConnectionError('<urllib3.connection.HTTPSConnection object at 0xffff87addac0>: Failed to establish a new connection: [Errno -2] Name or service not known')': /token
[2026-02-11T13:03:30.243+0000] {connectionpool.py:824} WARNING - Retrying (Retry(total=2, connect=None, read=None, redirect=None, status=None)) after connection broken by 'NewConnectionError('<urllib3.connection.HTTPSConnection object at 0xffff87aea3a0>: Failed to establish a new connection: [Errno -2] Name or service not known')': /token
[2026-02-11T13:03:30.254+0000] {connectionpool.py:824} WARNING - Retrying (Retry(total=1, connect=None, read=None, redirect=None, status=None)) after connection broken by 'NewConnectionError('<urllib3.connection.HTTPSConnection object at 0xffff87ab6a00>: Failed to establish a new connection: [Errno -2] Name or service not known')': /token
[2026-02-11T13:03:30.259+0000] {connectionpool.py:824} WARNING - Retrying (Retry(total=0, connect=None, read=None, redirect=None, status=None)) after connection broken by 'NewConnectionError('<urllib3.connection.HTTPSConnection object at 0xffff87ab6310>: Failed to establish a new connection: [Errno -2] Name or service not known')': /token
[2026-02-11T13:04:22.848+0000] {connectionpool.py:824} WARNING - Retrying (Retry(total=2, connect=None, read=None, redirect=None, status=None)) after connection broken by 'NewConnectionError('<urllib3.connection.HTTPSConnection object at 0xffff87ac3e50>: Failed to establish a new connection: [Errno -2] Name or service not known')': /token
[2026-02-11T13:04:22.851+0000] {connectionpool.py:824} WARNING - Retrying (Retry(total=1, connect=None, read=None, redirect=None, status=None)) after connection broken by 'NewConnectionError('<urllib3.connection.HTTPSConnection object at 0xffff87ac3a60>: Failed to establish a new connection: [Errno -2] Name or service not known')': /token
[2026-02-11T13:04:22.854+0000] {connectionpool.py:824} WARNING - Retrying (Retry(total=0, connect=None, read=None, redirect=None, status=None)) after connection broken by 'NewConnectionError('<urllib3.connection.HTTPSConnection object at 0xffff87ac3b20>: Failed to establish a new connection: [Errno -2] Name or service not known')': /token
[2026-02-11T13:05:06.598+0000] {connectionpool.py:824} WARNING - Retrying (Retry(total=2, connect=None, read=None, redirect=None, status=None)) after connection broken by 'NewConnectionError('<urllib3.connection.HTTPSConnection object at 0xffff87aea040>: Failed to establish a new connection: [Errno -2] Name or service not known')': /token
[2026-02-11T13:05:06.606+0000] {connectionpool.py:824} WARNING - Retrying (Retry(total=1, connect=None, read=None, redirect=None, status=None)) after connection broken by 'NewConnectionError('<urllib3.connection.HTTPSConnection object at 0xffff87aea520>: Failed to establish a new connection: [Errno -2] Name or service not known')': /token
[2026-02-11T13:05:06.612+0000] {connectionpool.py:824} WARNING - Retrying (Retry(total=0, connect=None, read=None, redirect=None, status=None)) after connection broken by 'NewConnectionError('<urllib3.connection.HTTPSConnection object at 0xffff87aea700>: Failed to establish a new connection: [Errno -2] Name or service not known')': /token
[2026-02-11T13:05:51.761+0000] {connectionpool.py:824} WARNING - Retrying (Retry(total=2, connect=None, read=None, redirect=None, status=None)) after connection broken by 'SSLError(SSLCertVerificationError(1, '[SSL: CERTIFICATE_VERIFY_FAILED] certificate verify failed: unable to get local issuer certificate (_ssl.c:1131)'))': /token
[2026-02-11T13:05:52.088+0000] {connectionpool.py:824} WARNING - Retrying (Retry(total=1, connect=None, read=None, redirect=None, status=None)) after connection broken by 'SSLError(SSLCertVerificationError(1, '[SSL: CERTIFICATE_VERIFY_FAILED] certificate verify failed: unable to get local issuer certificate (_ssl.c:1131)'))': /token
[2026-02-11T13:05:52.265+0000] {connectionpool.py:824} WARNING - Retrying (Retry(total=0, connect=None, read=None, redirect=None, status=None)) after connection broken by 'SSLError(SSLCertVerificationError(1, '[SSL: CERTIFICATE_VERIFY_FAILED] certificate verify failed: unable to get local issuer certificate (_ssl.c:1131)'))': /token
[2026-02-11T13:06:41.426+0000] {bigquery.py:1536} INFO - Table prism-486509.silver.events created successfully
[2026-02-11T13:06:41.442+0000] {taskinstance.py:1138} INFO - Marking task as SUCCESS. dag_id=ecommerce_etl_v2, task_id=silver_setup.create_silver_events, execution_date=20260210T130000, start_date=20260211T130014, end_date=20260211T130641
[2026-02-11T13:06:41.476+0000] {local_task_job_runner.py:234} INFO - Task exited with return code 0
[2026-02-11T13:06:41.500+0000] {taskinstance.py:3280} INFO - 0 downstream tasks scheduled from follow-on schedule check
