[2026-02-08T16:45:38.236+0000] {taskinstance.py:1956} INFO - Dependencies all met for dep_context=non-requeueable deps ti=<TaskInstance: ecommerce_etl.gold_dim_event_type manual__2026-02-08T15:37:02.081199+00:00 [queued]>
[2026-02-08T16:45:38.254+0000] {taskinstance.py:1956} INFO - Dependencies all met for dep_context=requeueable deps ti=<TaskInstance: ecommerce_etl.gold_dim_event_type manual__2026-02-08T15:37:02.081199+00:00 [queued]>
[2026-02-08T16:45:38.255+0000] {taskinstance.py:2170} INFO - Starting attempt 3 of 4
[2026-02-08T16:45:38.268+0000] {taskinstance.py:2191} INFO - Executing <Task(BigQueryInsertJobOperator): gold_dim_event_type> on 2026-02-08 15:37:02.081199+00:00
[2026-02-08T16:45:38.274+0000] {standard_task_runner.py:60} INFO - Started process 2895 to run task
[2026-02-08T16:45:38.292+0000] {standard_task_runner.py:87} INFO - Running: ['***', 'tasks', 'run', 'ecommerce_etl', 'gold_dim_event_type', 'manual__2026-02-08T15:37:02.081199+00:00', '--job-id', '465', '--raw', '--subdir', 'DAGS_FOLDER/etl_dag.py', '--cfg-path', '/tmp/tmpn6vou7hg']
[2026-02-08T16:45:38.304+0000] {standard_task_runner.py:88} INFO - Job 465: Subtask gold_dim_event_type
[2026-02-08T16:45:38.399+0000] {task_command.py:423} INFO - Running <TaskInstance: ecommerce_etl.gold_dim_event_type manual__2026-02-08T15:37:02.081199+00:00 [running]> on host 052c3b514c1c
[2026-02-08T16:45:38.478+0000] {taskinstance.py:2480} INFO - Exporting env vars: AIRFLOW_CTX_DAG_OWNER='***' AIRFLOW_CTX_DAG_ID='ecommerce_etl' AIRFLOW_CTX_TASK_ID='gold_dim_event_type' AIRFLOW_CTX_EXECUTION_DATE='2026-02-08T15:37:02.081199+00:00' AIRFLOW_CTX_TRY_NUMBER='3' AIRFLOW_CTX_DAG_RUN_ID='manual__2026-02-08T15:37:02.081199+00:00'
[2026-02-08T16:45:38.492+0000] {connection.py:234} WARNING - Connection schemes (type: google_cloud_platform) shall not contain '_' according to RFC3986.
[2026-02-08T16:45:38.492+0000] {base.py:83} INFO - Using connection ID 'google_cloud_default' for task execution.
[2026-02-08T16:45:38.496+0000] {credentials_provider.py:353} INFO - Getting connection using `google.auth.default()` since no explicit credentials are provided.
[2026-02-08T16:45:38.563+0000] {bigquery.py:2807} INFO - Executing: {'query': {'query': 'CREATE TABLE `your_dataset.DIM_EVENT_TYPE` (\n  event_type_key STRING NOT NULL DEFAULT GENERATE_UUID(),\n  event_type STRING,\n  CONSTRAINT pk_event_type_key PRIMARY KEY (event_type_key) NOT ENFORCED\n);', 'useLegacySql': False, 'destinationTable': {'projectId': 'prism-486509', 'datasetId': 'gold', 'tableId': 'event_type'}, 'writeDisposition': 'WRITE_APPEND', 'queryParameters': [{'name': 'run_date', 'parameterType': {'type': 'DATE'}, 'parameterValue': {'value': '2026-02-08'}}]}}'
[2026-02-08T16:45:38.565+0000] {bigquery.py:1596} INFO - Inserting job ***_ecommerce_etl_gold_dim_event_type_2026_02_08T15_37_02_081199_00_00_f3dc6bff2ceac700c8ad8436860f8bd7
[2026-02-08T16:45:39.167+0000] {taskinstance.py:2698} ERROR - Task failed with exception
Traceback (most recent call last):
  File "/home/airflow/.local/lib/python3.8/site-packages/airflow/models/taskinstance.py", line 433, in _execute_task
    result = execute_callable(context=context, **execute_callable_kwargs)
  File "/home/airflow/.local/lib/python3.8/site-packages/airflow/providers/google/cloud/operators/bigquery.py", line 2864, in execute
    job.result(timeout=self.result_timeout, retry=self.result_retry)
  File "/home/airflow/.local/lib/python3.8/site-packages/google/cloud/bigquery/job/query.py", line 1595, in result
    do_get_result()
  File "/home/airflow/.local/lib/python3.8/site-packages/google/cloud/bigquery/job/query.py", line 1584, in do_get_result
    super(QueryJob, self).result(retry=retry, timeout=timeout)
  File "/home/airflow/.local/lib/python3.8/site-packages/google/cloud/bigquery/job/base.py", line 971, in result
    return super(_AsyncJob, self).result(timeout=timeout, **kwargs)
  File "/home/airflow/.local/lib/python3.8/site-packages/google/api_core/future/polling.py", line 261, in result
    raise self._exception
google.api_core.exceptions.BadRequest: 400 Syntax error: Expected ")" or "," but got keyword DEFAULT at [2:34]; reason: invalidQuery, location: query, message: Syntax error: Expected ")" or "," but got keyword DEFAULT at [2:34]

Location: US
Job ID: airflow_ecommerce_etl_gold_dim_event_type_2026_02_08T15_37_02_081199_00_00_f3dc6bff2ceac700c8ad8436860f8bd7

[2026-02-08T16:45:39.172+0000] {taskinstance.py:1138} INFO - Marking task as UP_FOR_RETRY. dag_id=ecommerce_etl, task_id=gold_dim_event_type, execution_date=20260208T153702, start_date=20260208T164538, end_date=20260208T164539
[2026-02-08T16:45:39.180+0000] {standard_task_runner.py:107} ERROR - Failed to execute job 465 for task gold_dim_event_type (400 Syntax error: Expected ")" or "," but got keyword DEFAULT at [2:34]; reason: invalidQuery, location: query, message: Syntax error: Expected ")" or "," but got keyword DEFAULT at [2:34]

Location: US
Job ID: airflow_ecommerce_etl_gold_dim_event_type_2026_02_08T15_37_02_081199_00_00_f3dc6bff2ceac700c8ad8436860f8bd7
; 2895)
[2026-02-08T16:45:39.200+0000] {local_task_job_runner.py:234} INFO - Task exited with return code 1
[2026-02-08T16:45:39.210+0000] {taskinstance.py:3280} INFO - 0 downstream tasks scheduled from follow-on schedule check
