[2026-02-09T17:14:42.584+0000] {taskinstance.py:1956} INFO - Dependencies all met for dep_context=non-requeueable deps ti=<TaskInstance: ecommerce_etl_v2.extract.extract_from_kaggle manual__2026-02-09T17:04:16.866857+00:00 [queued]>
[2026-02-09T17:14:42.594+0000] {taskinstance.py:1956} INFO - Dependencies all met for dep_context=requeueable deps ti=<TaskInstance: ecommerce_etl_v2.extract.extract_from_kaggle manual__2026-02-09T17:04:16.866857+00:00 [queued]>
[2026-02-09T17:14:42.594+0000] {taskinstance.py:2170} INFO - Starting attempt 1 of 3
[2026-02-09T17:14:42.606+0000] {taskinstance.py:2191} INFO - Executing <Task(PythonOperator): extract.extract_from_kaggle> on 2026-02-09 17:04:16.866857+00:00
[2026-02-09T17:14:42.611+0000] {standard_task_runner.py:60} INFO - Started process 1618 to run task
[2026-02-09T17:14:42.614+0000] {standard_task_runner.py:87} INFO - Running: ['***', 'tasks', 'run', 'ecommerce_etl_v2', 'extract.extract_from_kaggle', 'manual__2026-02-09T17:04:16.866857+00:00', '--job-id', '19', '--raw', '--subdir', 'DAGS_FOLDER/etl_dag.py', '--cfg-path', '/tmp/tmp8z2ecpk7']
[2026-02-09T17:14:42.617+0000] {standard_task_runner.py:88} INFO - Job 19: Subtask extract.extract_from_kaggle
[2026-02-09T17:14:42.673+0000] {task_command.py:423} INFO - Running <TaskInstance: ecommerce_etl_v2.extract.extract_from_kaggle manual__2026-02-09T17:04:16.866857+00:00 [running]> on host 5d242a8c4230
[2026-02-09T17:14:42.750+0000] {taskinstance.py:2480} INFO - Exporting env vars: AIRFLOW_CTX_DAG_EMAIL='data-team@company.com' AIRFLOW_CTX_DAG_OWNER='data_engineering' AIRFLOW_CTX_DAG_ID='ecommerce_etl_v2' AIRFLOW_CTX_TASK_ID='extract.extract_from_kaggle' AIRFLOW_CTX_EXECUTION_DATE='2026-02-09T17:04:16.866857+00:00' AIRFLOW_CTX_TRY_NUMBER='1' AIRFLOW_CTX_DAG_RUN_ID='manual__2026-02-09T17:04:16.866857+00:00'
[2026-02-09T17:14:42.764+0000] {taskinstance.py:2698} ERROR - Task failed with exception
Traceback (most recent call last):
  File "/home/airflow/.local/lib/python3.8/site-packages/airflow/models/taskinstance.py", line 433, in _execute_task
    result = execute_callable(context=context, **execute_callable_kwargs)
  File "/home/airflow/.local/lib/python3.8/site-packages/airflow/operators/python.py", line 199, in execute
    return_value = self.execute_callable()
  File "/home/airflow/.local/lib/python3.8/site-packages/airflow/operators/python.py", line 216, in execute_callable
    return self.python_callable(*self.op_args, **self.op_kwargs)
  File "/opt/airflow/src/extract.py", line 22, in extract_data
    raise ValueError(
ValueError: Kaggle credentials missing. Set 'kaggle_username' and 'kaggle_key' in Airflow Variables.
[2026-02-09T17:14:42.772+0000] {taskinstance.py:1138} INFO - Marking task as UP_FOR_RETRY. dag_id=ecommerce_etl_v2, task_id=extract.extract_from_kaggle, execution_date=20260209T170416, start_date=20260209T171442, end_date=20260209T171442
[2026-02-09T17:14:42.779+0000] {standard_task_runner.py:107} ERROR - Failed to execute job 19 for task extract.extract_from_kaggle (Kaggle credentials missing. Set 'kaggle_username' and 'kaggle_key' in Airflow Variables.; 1618)
[2026-02-09T17:14:42.795+0000] {local_task_job_runner.py:234} INFO - Task exited with return code 1
[2026-02-09T17:14:42.829+0000] {taskinstance.py:3280} INFO - 0 downstream tasks scheduled from follow-on schedule check
