[2026-02-11T00:00:56.498+0000] {taskinstance.py:1956} INFO - Dependencies all met for dep_context=non-requeueable deps ti=<TaskInstance: ecommerce_etl_v2.load_events manual__2026-02-11T00:00:35.921949+00:00 [queued]>
[2026-02-11T00:00:56.503+0000] {taskinstance.py:1956} INFO - Dependencies all met for dep_context=requeueable deps ti=<TaskInstance: ecommerce_etl_v2.load_events manual__2026-02-11T00:00:35.921949+00:00 [queued]>
[2026-02-11T00:00:56.503+0000] {taskinstance.py:2170} INFO - Starting attempt 2 of 4
[2026-02-11T00:00:56.511+0000] {taskinstance.py:2191} INFO - Executing <Task(PythonOperator): load_events> on 2026-02-11 00:00:35.921949+00:00
[2026-02-11T00:00:56.515+0000] {standard_task_runner.py:60} INFO - Started process 69587 to run task
[2026-02-11T00:00:56.517+0000] {standard_task_runner.py:87} INFO - Running: ['***', 'tasks', 'run', 'ecommerce_etl_v2', 'load_events', 'manual__2026-02-11T00:00:35.921949+00:00', '--job-id', '1889', '--raw', '--subdir', 'DAGS_FOLDER/etl_dag.py', '--cfg-path', '/tmp/tmp9qbeg92m']
[2026-02-11T00:00:56.519+0000] {standard_task_runner.py:88} INFO - Job 1889: Subtask load_events
[2026-02-11T00:00:56.548+0000] {task_command.py:423} INFO - Running <TaskInstance: ecommerce_etl_v2.load_events manual__2026-02-11T00:00:35.921949+00:00 [running]> on host 89ab86e4d295
[2026-02-11T00:00:56.592+0000] {taskinstance.py:2480} INFO - Exporting env vars: AIRFLOW_CTX_DAG_EMAIL='data-team@company.com' AIRFLOW_CTX_DAG_OWNER='data_engineering' AIRFLOW_CTX_DAG_ID='ecommerce_etl_v2' AIRFLOW_CTX_TASK_ID='load_events' AIRFLOW_CTX_EXECUTION_DATE='2026-02-11T00:00:35.921949+00:00' AIRFLOW_CTX_TRY_NUMBER='2' AIRFLOW_CTX_DAG_RUN_ID='manual__2026-02-11T00:00:35.921949+00:00'
[2026-02-11T00:00:56.800+0000] {etl_dag.py:100} INFO - Creating table if not exists: bronze.events
[2026-02-11T00:00:57.412+0000] {etl_dag.py:114} INFO - Loading data from gs://bronze-data-ecom/events/ingestion_date=2026-02-11/*.csv into bronze.events
[2026-02-11T00:00:57.767+0000] {taskinstance.py:2698} ERROR - Task failed with exception
Traceback (most recent call last):
  File "/home/airflow/.local/lib/python3.8/site-packages/airflow/models/taskinstance.py", line 433, in _execute_task
    result = execute_callable(context=context, **execute_callable_kwargs)
  File "/home/airflow/.local/lib/python3.8/site-packages/airflow/operators/python.py", line 199, in execute
    return_value = self.execute_callable()
  File "/home/airflow/.local/lib/python3.8/site-packages/airflow/operators/python.py", line 216, in execute_callable
    return self.python_callable(*self.op_args, **self.op_kwargs)
  File "/opt/airflow/dags/etl_dag.py", line 125, in load_bronze_with_ingestion_date
    load_job.result()
  File "/home/airflow/.local/lib/python3.8/site-packages/google/cloud/bigquery/job/base.py", line 971, in result
    return super(_AsyncJob, self).result(timeout=timeout, **kwargs)
  File "/home/airflow/.local/lib/python3.8/site-packages/google/api_core/future/polling.py", line 261, in result
    raise self._exception
google.api_core.exceptions.NotFound: 404 Not found: Uris gs://bronze-data-ecom/events/ingestion_date=2026-02-11/*.csv; reason: notFound, message: Not found: Uris gs://bronze-data-ecom/events/ingestion_date=2026-02-11/*.csv
[2026-02-11T00:00:57.786+0000] {taskinstance.py:1138} INFO - Marking task as UP_FOR_RETRY. dag_id=ecommerce_etl_v2, task_id=load_events, execution_date=20260211T000035, start_date=20260211T000056, end_date=20260211T000057
[2026-02-11T00:00:57.812+0000] {standard_task_runner.py:107} ERROR - Failed to execute job 1889 for task load_events (404 Not found: Uris gs://bronze-data-ecom/events/ingestion_date=2026-02-11/*.csv; reason: notFound, message: Not found: Uris gs://bronze-data-ecom/events/ingestion_date=2026-02-11/*.csv; 69587)
[2026-02-11T00:00:57.824+0000] {local_task_job_runner.py:234} INFO - Task exited with return code 1
[2026-02-11T00:00:57.878+0000] {taskinstance.py:3280} INFO - 0 downstream tasks scheduled from follow-on schedule check
