[2026-02-09T02:35:45.629+0000] {taskinstance.py:1956} INFO - Dependencies all met for dep_context=non-requeueable deps ti=<TaskInstance: ecommerce_etl_v2.silver_setup.create_silver_products scheduled__2026-02-08T02:00:00+00:00 [queued]>
[2026-02-09T02:35:45.641+0000] {taskinstance.py:1956} INFO - Dependencies all met for dep_context=requeueable deps ti=<TaskInstance: ecommerce_etl_v2.silver_setup.create_silver_products scheduled__2026-02-08T02:00:00+00:00 [queued]>
[2026-02-09T02:35:45.642+0000] {taskinstance.py:2170} INFO - Starting attempt 1 of 3
[2026-02-09T02:35:45.654+0000] {taskinstance.py:2191} INFO - Executing <Task(BigQueryCreateEmptyTableOperator): silver_setup.create_silver_products> on 2026-02-08 02:00:00+00:00
[2026-02-09T02:35:45.662+0000] {standard_task_runner.py:60} INFO - Started process 8161 to run task
[2026-02-09T02:35:45.664+0000] {standard_task_runner.py:87} INFO - Running: ['***', 'tasks', 'run', 'ecommerce_etl_v2', 'silver_setup.create_silver_products', 'scheduled__2026-02-08T02:00:00+00:00', '--job-id', '1415', '--raw', '--subdir', 'DAGS_FOLDER/etl_dag.py', '--cfg-path', '/tmp/tmp44b3p7au']
[2026-02-09T02:35:45.667+0000] {standard_task_runner.py:88} INFO - Job 1415: Subtask silver_setup.create_silver_products
[2026-02-09T02:35:45.717+0000] {task_command.py:423} INFO - Running <TaskInstance: ecommerce_etl_v2.silver_setup.create_silver_products scheduled__2026-02-08T02:00:00+00:00 [running]> on host 707cd2e8ef6b
[2026-02-09T02:35:45.791+0000] {taskinstance.py:2480} INFO - Exporting env vars: AIRFLOW_CTX_DAG_EMAIL='data-team@company.com' AIRFLOW_CTX_DAG_OWNER='data_engineering' AIRFLOW_CTX_DAG_ID='ecommerce_etl_v2' AIRFLOW_CTX_TASK_ID='silver_setup.create_silver_products' AIRFLOW_CTX_EXECUTION_DATE='2026-02-08T02:00:00+00:00' AIRFLOW_CTX_TRY_NUMBER='1' AIRFLOW_CTX_DAG_RUN_ID='scheduled__2026-02-08T02:00:00+00:00'
[2026-02-09T02:35:45.796+0000] {connection.py:234} WARNING - Connection schemes (type: google_cloud_platform) shall not contain '_' according to RFC3986.
[2026-02-09T02:35:45.797+0000] {base.py:83} INFO - Using connection ID 'google_cloud_default' for task execution.
[2026-02-09T02:35:45.798+0000] {bigquery.py:1514} INFO - Creating table
[2026-02-09T02:35:45.798+0000] {credentials_provider.py:353} INFO - Getting connection using `google.auth.default()` since no explicit credentials are provided.
[2026-02-09T02:35:46.105+0000] {bigquery.py:1536} INFO - Table prism-486509.silver.products created successfully
[2026-02-09T02:35:46.115+0000] {taskinstance.py:1138} INFO - Marking task as SUCCESS. dag_id=ecommerce_etl_v2, task_id=silver_setup.create_silver_products, execution_date=20260208T020000, start_date=20260209T023545, end_date=20260209T023546
[2026-02-09T02:35:46.137+0000] {local_task_job_runner.py:234} INFO - Task exited with return code 0
[2026-02-09T02:35:46.147+0000] {taskinstance.py:3280} INFO - 0 downstream tasks scheduled from follow-on schedule check
[2026-02-09T09:42:40.814+0000] {taskinstance.py:1956} INFO - Dependencies all met for dep_context=non-requeueable deps ti=<TaskInstance: ecommerce_etl_v2.silver_setup.create_silver_products scheduled__2026-02-08T02:00:00+00:00 [queued]>
[2026-02-09T09:42:40.821+0000] {taskinstance.py:1956} INFO - Dependencies all met for dep_context=requeueable deps ti=<TaskInstance: ecommerce_etl_v2.silver_setup.create_silver_products scheduled__2026-02-08T02:00:00+00:00 [queued]>
[2026-02-09T09:42:40.822+0000] {taskinstance.py:2170} INFO - Starting attempt 1 of 3
[2026-02-09T09:42:40.837+0000] {taskinstance.py:2191} INFO - Executing <Task(BigQueryCreateEmptyTableOperator): silver_setup.create_silver_products> on 2026-02-08 02:00:00+00:00
[2026-02-09T09:42:40.843+0000] {standard_task_runner.py:60} INFO - Started process 18721 to run task
[2026-02-09T09:42:40.857+0000] {standard_task_runner.py:87} INFO - Running: ['***', 'tasks', 'run', 'ecommerce_etl_v2', 'silver_setup.create_silver_products', 'scheduled__2026-02-08T02:00:00+00:00', '--job-id', '1607', '--raw', '--subdir', 'DAGS_FOLDER/etl_dag.py', '--cfg-path', '/tmp/tmpkbihqn6q']
[2026-02-09T09:42:40.865+0000] {standard_task_runner.py:88} INFO - Job 1607: Subtask silver_setup.create_silver_products
[2026-02-09T09:42:40.922+0000] {task_command.py:423} INFO - Running <TaskInstance: ecommerce_etl_v2.silver_setup.create_silver_products scheduled__2026-02-08T02:00:00+00:00 [running]> on host 707cd2e8ef6b
[2026-02-09T09:42:41.015+0000] {taskinstance.py:2480} INFO - Exporting env vars: AIRFLOW_CTX_DAG_EMAIL='data-team@company.com' AIRFLOW_CTX_DAG_OWNER='data_engineering' AIRFLOW_CTX_DAG_ID='ecommerce_etl_v2' AIRFLOW_CTX_TASK_ID='silver_setup.create_silver_products' AIRFLOW_CTX_EXECUTION_DATE='2026-02-08T02:00:00+00:00' AIRFLOW_CTX_TRY_NUMBER='1' AIRFLOW_CTX_DAG_RUN_ID='scheduled__2026-02-08T02:00:00+00:00'
[2026-02-09T09:42:41.026+0000] {connection.py:234} WARNING - Connection schemes (type: google_cloud_platform) shall not contain '_' according to RFC3986.
[2026-02-09T09:42:41.027+0000] {base.py:83} INFO - Using connection ID 'google_cloud_default' for task execution.
[2026-02-09T09:42:41.028+0000] {bigquery.py:1514} INFO - Creating table
[2026-02-09T09:42:41.029+0000] {credentials_provider.py:353} INFO - Getting connection using `google.auth.default()` since no explicit credentials are provided.
[2026-02-09T09:42:41.500+0000] {bigquery.py:1536} INFO - Table prism-486509.silver.products created successfully
[2026-02-09T09:42:41.513+0000] {taskinstance.py:1138} INFO - Marking task as SUCCESS. dag_id=ecommerce_etl_v2, task_id=silver_setup.create_silver_products, execution_date=20260208T020000, start_date=20260209T094240, end_date=20260209T094241
[2026-02-09T09:42:41.561+0000] {local_task_job_runner.py:234} INFO - Task exited with return code 0
[2026-02-09T09:42:41.575+0000] {taskinstance.py:3280} INFO - 0 downstream tasks scheduled from follow-on schedule check
[2026-02-09T10:03:24.024+0000] {taskinstance.py:1956} INFO - Dependencies all met for dep_context=non-requeueable deps ti=<TaskInstance: ecommerce_etl_v2.silver_setup.create_silver_products scheduled__2026-02-08T02:00:00+00:00 [queued]>
[2026-02-09T10:03:24.032+0000] {taskinstance.py:1956} INFO - Dependencies all met for dep_context=requeueable deps ti=<TaskInstance: ecommerce_etl_v2.silver_setup.create_silver_products scheduled__2026-02-08T02:00:00+00:00 [queued]>
[2026-02-09T10:03:24.035+0000] {taskinstance.py:2170} INFO - Starting attempt 1 of 3
[2026-02-09T10:03:24.055+0000] {taskinstance.py:2191} INFO - Executing <Task(BigQueryCreateEmptyTableOperator): silver_setup.create_silver_products> on 2026-02-08 02:00:00+00:00
[2026-02-09T10:03:24.073+0000] {standard_task_runner.py:60} INFO - Started process 22950 to run task
[2026-02-09T10:03:24.080+0000] {standard_task_runner.py:87} INFO - Running: ['***', 'tasks', 'run', 'ecommerce_etl_v2', 'silver_setup.create_silver_products', 'scheduled__2026-02-08T02:00:00+00:00', '--job-id', '1705', '--raw', '--subdir', 'DAGS_FOLDER/etl_dag.py', '--cfg-path', '/tmp/tmpa8x6pfsz']
[2026-02-09T10:03:24.086+0000] {standard_task_runner.py:88} INFO - Job 1705: Subtask silver_setup.create_silver_products
[2026-02-09T10:03:24.138+0000] {task_command.py:423} INFO - Running <TaskInstance: ecommerce_etl_v2.silver_setup.create_silver_products scheduled__2026-02-08T02:00:00+00:00 [running]> on host 707cd2e8ef6b
[2026-02-09T10:03:24.200+0000] {taskinstance.py:2480} INFO - Exporting env vars: AIRFLOW_CTX_DAG_EMAIL='data-team@company.com' AIRFLOW_CTX_DAG_OWNER='data_engineering' AIRFLOW_CTX_DAG_ID='ecommerce_etl_v2' AIRFLOW_CTX_TASK_ID='silver_setup.create_silver_products' AIRFLOW_CTX_EXECUTION_DATE='2026-02-08T02:00:00+00:00' AIRFLOW_CTX_TRY_NUMBER='1' AIRFLOW_CTX_DAG_RUN_ID='scheduled__2026-02-08T02:00:00+00:00'
[2026-02-09T10:03:24.221+0000] {connection.py:234} WARNING - Connection schemes (type: google_cloud_platform) shall not contain '_' according to RFC3986.
[2026-02-09T10:03:24.222+0000] {base.py:83} INFO - Using connection ID 'google_cloud_default' for task execution.
[2026-02-09T10:03:24.222+0000] {bigquery.py:1514} INFO - Creating table
[2026-02-09T10:03:24.224+0000] {credentials_provider.py:353} INFO - Getting connection using `google.auth.default()` since no explicit credentials are provided.
[2026-02-09T10:03:24.775+0000] {bigquery.py:1536} INFO - Table prism-486509.silver.products created successfully
[2026-02-09T10:03:24.788+0000] {taskinstance.py:1138} INFO - Marking task as SUCCESS. dag_id=ecommerce_etl_v2, task_id=silver_setup.create_silver_products, execution_date=20260208T020000, start_date=20260209T100324, end_date=20260209T100324
[2026-02-09T10:03:24.834+0000] {local_task_job_runner.py:234} INFO - Task exited with return code 0
[2026-02-09T10:03:24.850+0000] {taskinstance.py:3280} INFO - 0 downstream tasks scheduled from follow-on schedule check
[2026-02-09T17:04:15.212+0000] {taskinstance.py:1956} INFO - Dependencies all met for dep_context=non-requeueable deps ti=<TaskInstance: ecommerce_etl_v2.silver_setup.create_silver_products scheduled__2026-02-08T02:00:00+00:00 [queued]>
[2026-02-09T17:04:15.218+0000] {taskinstance.py:1956} INFO - Dependencies all met for dep_context=requeueable deps ti=<TaskInstance: ecommerce_etl_v2.silver_setup.create_silver_products scheduled__2026-02-08T02:00:00+00:00 [queued]>
[2026-02-09T17:04:15.219+0000] {taskinstance.py:2170} INFO - Starting attempt 1 of 3
[2026-02-09T17:04:15.233+0000] {taskinstance.py:2191} INFO - Executing <Task(BigQueryCreateEmptyTableOperator): silver_setup.create_silver_products> on 2026-02-08 02:00:00+00:00
[2026-02-09T17:04:15.247+0000] {standard_task_runner.py:60} INFO - Started process 607 to run task
[2026-02-09T17:04:15.254+0000] {standard_task_runner.py:87} INFO - Running: ['***', 'tasks', 'run', 'ecommerce_etl_v2', 'silver_setup.create_silver_products', 'scheduled__2026-02-08T02:00:00+00:00', '--job-id', '7', '--raw', '--subdir', 'DAGS_FOLDER/etl_dag.py', '--cfg-path', '/tmp/tmpjr4slz_u']
[2026-02-09T17:04:15.258+0000] {standard_task_runner.py:88} INFO - Job 7: Subtask silver_setup.create_silver_products
[2026-02-09T17:04:15.322+0000] {task_command.py:423} INFO - Running <TaskInstance: ecommerce_etl_v2.silver_setup.create_silver_products scheduled__2026-02-08T02:00:00+00:00 [running]> on host 5d242a8c4230
[2026-02-09T17:04:15.402+0000] {taskinstance.py:2480} INFO - Exporting env vars: AIRFLOW_CTX_DAG_EMAIL='data-team@company.com' AIRFLOW_CTX_DAG_OWNER='data_engineering' AIRFLOW_CTX_DAG_ID='ecommerce_etl_v2' AIRFLOW_CTX_TASK_ID='silver_setup.create_silver_products' AIRFLOW_CTX_EXECUTION_DATE='2026-02-08T02:00:00+00:00' AIRFLOW_CTX_TRY_NUMBER='1' AIRFLOW_CTX_DAG_RUN_ID='scheduled__2026-02-08T02:00:00+00:00'
[2026-02-09T17:04:15.412+0000] {connection.py:234} WARNING - Connection schemes (type: google_cloud_platform) shall not contain '_' according to RFC3986.
[2026-02-09T17:04:15.413+0000] {base.py:83} INFO - Using connection ID 'google_cloud_default' for task execution.
[2026-02-09T17:04:15.413+0000] {bigquery.py:1514} INFO - Creating table
[2026-02-09T17:04:15.415+0000] {credentials_provider.py:353} INFO - Getting connection using `google.auth.default()` since no explicit credentials are provided.
[2026-02-09T17:04:15.870+0000] {bigquery.py:1536} INFO - Table prism-486509.silver.products created successfully
[2026-02-09T17:04:15.884+0000] {taskinstance.py:1138} INFO - Marking task as SUCCESS. dag_id=ecommerce_etl_v2, task_id=silver_setup.create_silver_products, execution_date=20260208T020000, start_date=20260209T170415, end_date=20260209T170415
[2026-02-09T17:04:15.930+0000] {local_task_job_runner.py:234} INFO - Task exited with return code 0
[2026-02-09T17:04:15.971+0000] {taskinstance.py:3280} INFO - 0 downstream tasks scheduled from follow-on schedule check
