[2026-02-10T10:35:15.202+0000] {taskinstance.py:1956} INFO - Dependencies all met for dep_context=non-requeueable deps ti=<TaskInstance: ecommerce_etl_v2.load_order_items manual__2026-02-10T10:00:49.771923+00:00 [queued]>
[2026-02-10T10:35:15.207+0000] {taskinstance.py:1956} INFO - Dependencies all met for dep_context=requeueable deps ti=<TaskInstance: ecommerce_etl_v2.load_order_items manual__2026-02-10T10:00:49.771923+00:00 [queued]>
[2026-02-10T10:35:15.208+0000] {taskinstance.py:2170} INFO - Starting attempt 6 of 7
[2026-02-10T10:35:15.215+0000] {taskinstance.py:2191} INFO - Executing <Task(PythonOperator): load_order_items> on 2026-02-10 10:00:49.771923+00:00
[2026-02-10T10:35:15.219+0000] {standard_task_runner.py:60} INFO - Started process 554 to run task
[2026-02-10T10:35:15.222+0000] {standard_task_runner.py:87} INFO - Running: ['***', 'tasks', 'run', 'ecommerce_etl_v2', 'load_order_items', 'manual__2026-02-10T10:00:49.771923+00:00', '--job-id', '1058', '--raw', '--subdir', 'DAGS_FOLDER/etl_dag.py', '--cfg-path', '/tmp/tmp35bjnxdy']
[2026-02-10T10:35:15.224+0000] {standard_task_runner.py:88} INFO - Job 1058: Subtask load_order_items
[2026-02-10T10:35:15.254+0000] {task_command.py:423} INFO - Running <TaskInstance: ecommerce_etl_v2.load_order_items manual__2026-02-10T10:00:49.771923+00:00 [running]> on host 89ab86e4d295
[2026-02-10T10:35:15.294+0000] {taskinstance.py:2480} INFO - Exporting env vars: AIRFLOW_CTX_DAG_EMAIL='data-team@company.com' AIRFLOW_CTX_DAG_OWNER='data_engineering' AIRFLOW_CTX_DAG_ID='ecommerce_etl_v2' AIRFLOW_CTX_TASK_ID='load_order_items' AIRFLOW_CTX_EXECUTION_DATE='2026-02-10T10:00:49.771923+00:00' AIRFLOW_CTX_TRY_NUMBER='6' AIRFLOW_CTX_DAG_RUN_ID='manual__2026-02-10T10:00:49.771923+00:00'
[2026-02-10T10:35:15.562+0000] {etl_dag.py:100} INFO - Creating table if not exists: bronze.order_items
[2026-02-10T10:35:16.444+0000] {taskinstance.py:2698} ERROR - Task failed with exception
Traceback (most recent call last):
  File "/home/airflow/.local/lib/python3.8/site-packages/airflow/models/taskinstance.py", line 433, in _execute_task
    result = execute_callable(context=context, **execute_callable_kwargs)
  File "/home/airflow/.local/lib/python3.8/site-packages/airflow/operators/python.py", line 199, in execute
    return_value = self.execute_callable()
  File "/home/airflow/.local/lib/python3.8/site-packages/airflow/operators/python.py", line 216, in execute_callable
    return self.python_callable(*self.op_args, **self.op_kwargs)
  File "/opt/airflow/dags/etl_dag.py", line 101, in load_bronze_with_ingestion_date
    client.query(create_sql).result()
  File "/home/airflow/.local/lib/python3.8/site-packages/google/cloud/bigquery/job/query.py", line 1595, in result
    do_get_result()
  File "/home/airflow/.local/lib/python3.8/site-packages/google/api_core/retry.py", line 372, in retry_wrapped_func
    return retry_target(
  File "/home/airflow/.local/lib/python3.8/site-packages/google/api_core/retry.py", line 207, in retry_target
    result = target()
  File "/home/airflow/.local/lib/python3.8/site-packages/google/cloud/bigquery/job/query.py", line 1584, in do_get_result
    super(QueryJob, self).result(retry=retry, timeout=timeout)
  File "/home/airflow/.local/lib/python3.8/site-packages/google/cloud/bigquery/job/base.py", line 971, in result
    return super(_AsyncJob, self).result(timeout=timeout, **kwargs)
  File "/home/airflow/.local/lib/python3.8/site-packages/google/api_core/future/polling.py", line 261, in result
    raise self._exception
google.api_core.exceptions.BadRequest: 400 Type not found: FLOAT at [1:259]; reason: invalidQuery, location: query, message: Type not found: FLOAT at [1:259]

Location: europe-west1
Job ID: b0a0b474-72d9-41dc-bf3a-a2358cce3dcb

[2026-02-10T10:35:16.449+0000] {taskinstance.py:1138} INFO - Marking task as UP_FOR_RETRY. dag_id=ecommerce_etl_v2, task_id=load_order_items, execution_date=20260210T100049, start_date=20260210T103515, end_date=20260210T103516
[2026-02-10T10:35:16.455+0000] {standard_task_runner.py:107} ERROR - Failed to execute job 1058 for task load_order_items (400 Type not found: FLOAT at [1:259]; reason: invalidQuery, location: query, message: Type not found: FLOAT at [1:259]

Location: europe-west1
Job ID: b0a0b474-72d9-41dc-bf3a-a2358cce3dcb
; 554)
[2026-02-10T10:35:16.461+0000] {local_task_job_runner.py:234} INFO - Task exited with return code 1
[2026-02-10T10:35:16.482+0000] {taskinstance.py:3280} INFO - 0 downstream tasks scheduled from follow-on schedule check
