[2026-02-11T13:00:14.429+0000] {taskinstance.py:1956} INFO - Dependencies all met for dep_context=non-requeueable deps ti=<TaskInstance: ecommerce_etl_v2.silver_setup.create_silver_products scheduled__2026-02-10T13:00:00+00:00 [queued]>
[2026-02-11T13:00:14.434+0000] {taskinstance.py:1956} INFO - Dependencies all met for dep_context=requeueable deps ti=<TaskInstance: ecommerce_etl_v2.silver_setup.create_silver_products scheduled__2026-02-10T13:00:00+00:00 [queued]>
[2026-02-11T13:00:14.434+0000] {taskinstance.py:2170} INFO - Starting attempt 1 of 3
[2026-02-11T13:00:14.442+0000] {taskinstance.py:2191} INFO - Executing <Task(BigQueryCreateEmptyTableOperator): silver_setup.create_silver_products> on 2026-02-10 13:00:00+00:00
[2026-02-11T13:00:14.445+0000] {standard_task_runner.py:60} INFO - Started process 2855 to run task
[2026-02-11T13:00:14.447+0000] {standard_task_runner.py:87} INFO - Running: ['***', 'tasks', 'run', 'ecommerce_etl_v2', 'silver_setup.create_silver_products', 'scheduled__2026-02-10T13:00:00+00:00', '--job-id', '2219', '--raw', '--subdir', 'DAGS_FOLDER/etl_dag.py', '--cfg-path', '/tmp/tmp15bihrol']
[2026-02-11T13:00:14.449+0000] {standard_task_runner.py:88} INFO - Job 2219: Subtask silver_setup.create_silver_products
[2026-02-11T13:00:14.476+0000] {task_command.py:423} INFO - Running <TaskInstance: ecommerce_etl_v2.silver_setup.create_silver_products scheduled__2026-02-10T13:00:00+00:00 [running]> on host 89ab86e4d295
[2026-02-11T13:00:14.521+0000] {taskinstance.py:2480} INFO - Exporting env vars: AIRFLOW_CTX_DAG_EMAIL='data-team@company.com' AIRFLOW_CTX_DAG_OWNER='data_engineering' AIRFLOW_CTX_DAG_ID='ecommerce_etl_v2' AIRFLOW_CTX_TASK_ID='silver_setup.create_silver_products' AIRFLOW_CTX_EXECUTION_DATE='2026-02-10T13:00:00+00:00' AIRFLOW_CTX_TRY_NUMBER='1' AIRFLOW_CTX_DAG_RUN_ID='scheduled__2026-02-10T13:00:00+00:00'
[2026-02-11T13:00:14.526+0000] {connection.py:234} WARNING - Connection schemes (type: google_cloud_platform) shall not contain '_' according to RFC3986.
[2026-02-11T13:00:14.527+0000] {base.py:83} INFO - Using connection ID 'google_cloud_default' for task execution.
[2026-02-11T13:00:14.528+0000] {bigquery.py:1514} INFO - Creating table
[2026-02-11T13:00:14.528+0000] {credentials_provider.py:353} INFO - Getting connection using `google.auth.default()` since no explicit credentials are provided.
[2026-02-11T13:00:14.578+0000] {connectionpool.py:824} WARNING - Retrying (Retry(total=2, connect=None, read=None, redirect=None, status=None)) after connection broken by 'NewConnectionError('<urllib3.connection.HTTPSConnection object at 0xffff87b1a940>: Failed to establish a new connection: [Errno -2] Name or service not known')': /token
[2026-02-11T13:00:14.581+0000] {connectionpool.py:824} WARNING - Retrying (Retry(total=1, connect=None, read=None, redirect=None, status=None)) after connection broken by 'NewConnectionError('<urllib3.connection.HTTPSConnection object at 0xffff87b1aac0>: Failed to establish a new connection: [Errno -2] Name or service not known')': /token
[2026-02-11T13:00:14.584+0000] {connectionpool.py:824} WARNING - Retrying (Retry(total=0, connect=None, read=None, redirect=None, status=None)) after connection broken by 'NewConnectionError('<urllib3.connection.HTTPSConnection object at 0xffff87b1ac40>: Failed to establish a new connection: [Errno -2] Name or service not known')': /token
[2026-02-11T13:00:14.914+0000] {connectionpool.py:824} WARNING - Retrying (Retry(total=2, connect=None, read=None, redirect=None, status=None)) after connection broken by 'NewConnectionError('<urllib3.connection.HTTPSConnection object at 0xffff87ac0430>: Failed to establish a new connection: [Errno -2] Name or service not known')': /token
[2026-02-11T13:00:14.920+0000] {connectionpool.py:824} WARNING - Retrying (Retry(total=1, connect=None, read=None, redirect=None, status=None)) after connection broken by 'NewConnectionError('<urllib3.connection.HTTPSConnection object at 0xffff87ac05b0>: Failed to establish a new connection: [Errno -2] Name or service not known')': /token
[2026-02-11T13:00:14.926+0000] {connectionpool.py:824} WARNING - Retrying (Retry(total=0, connect=None, read=None, redirect=None, status=None)) after connection broken by 'NewConnectionError('<urllib3.connection.HTTPSConnection object at 0xffff87ac0730>: Failed to establish a new connection: [Errno -2] Name or service not known')': /token
[2026-02-11T13:00:16.314+0000] {connectionpool.py:824} WARNING - Retrying (Retry(total=2, connect=None, read=None, redirect=None, status=None)) after connection broken by 'NewConnectionError('<urllib3.connection.HTTPSConnection object at 0xffff87b1af10>: Failed to establish a new connection: [Errno -2] Name or service not known')': /token
[2026-02-11T13:00:16.317+0000] {connectionpool.py:824} WARNING - Retrying (Retry(total=1, connect=None, read=None, redirect=None, status=None)) after connection broken by 'NewConnectionError('<urllib3.connection.HTTPSConnection object at 0xffff87b1abb0>: Failed to establish a new connection: [Errno -2] Name or service not known')': /token
[2026-02-11T13:00:16.320+0000] {connectionpool.py:824} WARNING - Retrying (Retry(total=0, connect=None, read=None, redirect=None, status=None)) after connection broken by 'NewConnectionError('<urllib3.connection.HTTPSConnection object at 0xffff87b1adf0>: Failed to establish a new connection: [Errno -2] Name or service not known')': /token
[2026-02-11T13:00:19.738+0000] {connectionpool.py:824} WARNING - Retrying (Retry(total=2, connect=None, read=None, redirect=None, status=None)) after connection broken by 'NewConnectionError('<urllib3.connection.HTTPSConnection object at 0xffff87ac0f10>: Failed to establish a new connection: [Errno -2] Name or service not known')': /token
[2026-02-11T13:00:19.744+0000] {connectionpool.py:824} WARNING - Retrying (Retry(total=1, connect=None, read=None, redirect=None, status=None)) after connection broken by 'NewConnectionError('<urllib3.connection.HTTPSConnection object at 0xffff87acd0d0>: Failed to establish a new connection: [Errno -2] Name or service not known')': /token
[2026-02-11T13:00:19.748+0000] {connectionpool.py:824} WARNING - Retrying (Retry(total=0, connect=None, read=None, redirect=None, status=None)) after connection broken by 'NewConnectionError('<urllib3.connection.HTTPSConnection object at 0xffff87acd2b0>: Failed to establish a new connection: [Errno -2] Name or service not known')': /token
[2026-02-11T13:00:20.617+0000] {connectionpool.py:824} WARNING - Retrying (Retry(total=2, connect=None, read=None, redirect=None, status=None)) after connection broken by 'NewConnectionError('<urllib3.connection.HTTPSConnection object at 0xffff87acdb50>: Failed to establish a new connection: [Errno -2] Name or service not known')': /token
[2026-02-11T13:00:20.620+0000] {connectionpool.py:824} WARNING - Retrying (Retry(total=1, connect=None, read=None, redirect=None, status=None)) after connection broken by 'NewConnectionError('<urllib3.connection.HTTPSConnection object at 0xffff87acdcd0>: Failed to establish a new connection: [Errno -2] Name or service not known')': /token
[2026-02-11T13:00:20.623+0000] {connectionpool.py:824} WARNING - Retrying (Retry(total=0, connect=None, read=None, redirect=None, status=None)) after connection broken by 'NewConnectionError('<urllib3.connection.HTTPSConnection object at 0xffff87acdeb0>: Failed to establish a new connection: [Errno -2] Name or service not known')': /token
[2026-02-11T13:00:35.139+0000] {connectionpool.py:824} WARNING - Retrying (Retry(total=2, connect=None, read=None, redirect=None, status=None)) after connection broken by 'NewConnectionError('<urllib3.connection.HTTPSConnection object at 0xffff87b1ad00>: Failed to establish a new connection: [Errno -2] Name or service not known')': /token
[2026-02-11T13:00:35.144+0000] {connectionpool.py:824} WARNING - Retrying (Retry(total=1, connect=None, read=None, redirect=None, status=None)) after connection broken by 'NewConnectionError('<urllib3.connection.HTTPSConnection object at 0xffff87b1ae50>: Failed to establish a new connection: [Errno -2] Name or service not known')': /token
[2026-02-11T13:00:35.148+0000] {connectionpool.py:824} WARNING - Retrying (Retry(total=0, connect=None, read=None, redirect=None, status=None)) after connection broken by 'NewConnectionError('<urllib3.connection.HTTPSConnection object at 0xffff87b1aa60>: Failed to establish a new connection: [Errno -2] Name or service not known')': /token
[2026-02-11T13:00:59.861+0000] {connectionpool.py:824} WARNING - Retrying (Retry(total=2, connect=None, read=None, redirect=None, status=None)) after connection broken by 'NewConnectionError('<urllib3.connection.HTTPSConnection object at 0xffff87ad7790>: Failed to establish a new connection: [Errno -2] Name or service not known')': /token
[2026-02-11T13:00:59.864+0000] {connectionpool.py:824} WARNING - Retrying (Retry(total=1, connect=None, read=None, redirect=None, status=None)) after connection broken by 'NewConnectionError('<urllib3.connection.HTTPSConnection object at 0xffff87ad7910>: Failed to establish a new connection: [Errno -2] Name or service not known')': /token
[2026-02-11T13:00:59.867+0000] {connectionpool.py:824} WARNING - Retrying (Retry(total=0, connect=None, read=None, redirect=None, status=None)) after connection broken by 'NewConnectionError('<urllib3.connection.HTTPSConnection object at 0xffff87ad7af0>: Failed to establish a new connection: [Errno -2] Name or service not known')': /token
[2026-02-11T13:01:27.514+0000] {connectionpool.py:824} WARNING - Retrying (Retry(total=2, connect=None, read=None, redirect=None, status=None)) after connection broken by 'NewConnectionError('<urllib3.connection.HTTPSConnection object at 0xffff87ae93d0>: Failed to establish a new connection: [Errno -2] Name or service not known')': /token
[2026-02-11T13:01:27.521+0000] {connectionpool.py:824} WARNING - Retrying (Retry(total=1, connect=None, read=None, redirect=None, status=None)) after connection broken by 'NewConnectionError('<urllib3.connection.HTTPSConnection object at 0xffff87ae9550>: Failed to establish a new connection: [Errno -2] Name or service not known')': /token
[2026-02-11T13:01:27.526+0000] {connectionpool.py:824} WARNING - Retrying (Retry(total=0, connect=None, read=None, redirect=None, status=None)) after connection broken by 'NewConnectionError('<urllib3.connection.HTTPSConnection object at 0xffff87ae9730>: Failed to establish a new connection: [Errno -2] Name or service not known')': /token
[2026-02-11T13:01:40.547+0000] {connectionpool.py:824} WARNING - Retrying (Retry(total=2, connect=None, read=None, redirect=None, status=None)) after connection broken by 'NewConnectionError('<urllib3.connection.HTTPSConnection object at 0xffff87b1ad30>: Failed to establish a new connection: [Errno -2] Name or service not known')': /token
[2026-02-11T13:01:40.556+0000] {connectionpool.py:824} WARNING - Retrying (Retry(total=1, connect=None, read=None, redirect=None, status=None)) after connection broken by 'NewConnectionError('<urllib3.connection.HTTPSConnection object at 0xffff87b1ab80>: Failed to establish a new connection: [Errno -2] Name or service not known')': /token
[2026-02-11T13:01:40.561+0000] {connectionpool.py:824} WARNING - Retrying (Retry(total=0, connect=None, read=None, redirect=None, status=None)) after connection broken by 'NewConnectionError('<urllib3.connection.HTTPSConnection object at 0xffff87acd7c0>: Failed to establish a new connection: [Errno -2] Name or service not known')': /token
[2026-02-11T13:02:32.772+0000] {connectionpool.py:824} WARNING - Retrying (Retry(total=2, connect=None, read=None, redirect=None, status=None)) after connection broken by 'NewConnectionError('<urllib3.connection.HTTPSConnection object at 0xffff87ae9fd0>: Failed to establish a new connection: [Errno -2] Name or service not known')': /token
[2026-02-11T13:02:32.778+0000] {connectionpool.py:824} WARNING - Retrying (Retry(total=1, connect=None, read=None, redirect=None, status=None)) after connection broken by 'NewConnectionError('<urllib3.connection.HTTPSConnection object at 0xffff87af2190>: Failed to establish a new connection: [Errno -2] Name or service not known')': /token
[2026-02-11T13:02:32.782+0000] {connectionpool.py:824} WARNING - Retrying (Retry(total=0, connect=None, read=None, redirect=None, status=None)) after connection broken by 'NewConnectionError('<urllib3.connection.HTTPSConnection object at 0xffff87af2370>: Failed to establish a new connection: [Errno -2] Name or service not known')': /token
[2026-02-11T13:02:47.240+0000] {connectionpool.py:824} WARNING - Retrying (Retry(total=2, connect=None, read=None, redirect=None, status=None)) after connection broken by 'NewConnectionError('<urllib3.connection.HTTPSConnection object at 0xffff87af2c10>: Failed to establish a new connection: [Errno -2] Name or service not known')': /token
[2026-02-11T13:02:47.245+0000] {connectionpool.py:824} WARNING - Retrying (Retry(total=1, connect=None, read=None, redirect=None, status=None)) after connection broken by 'NewConnectionError('<urllib3.connection.HTTPSConnection object at 0xffff87af2d90>: Failed to establish a new connection: [Errno -2] Name or service not known')': /token
[2026-02-11T13:02:47.250+0000] {connectionpool.py:824} WARNING - Retrying (Retry(total=0, connect=None, read=None, redirect=None, status=None)) after connection broken by 'NewConnectionError('<urllib3.connection.HTTPSConnection object at 0xffff87ae99a0>: Failed to establish a new connection: [Errno -2] Name or service not known')': /token
[2026-02-11T13:03:35.208+0000] {connectionpool.py:824} WARNING - Retrying (Retry(total=2, connect=None, read=None, redirect=None, status=None)) after connection broken by 'NewConnectionError('<urllib3.connection.HTTPSConnection object at 0xffff87b1a700>: Failed to establish a new connection: [Errno -2] Name or service not known')': /token
[2026-02-11T13:03:35.212+0000] {connectionpool.py:824} WARNING - Retrying (Retry(total=1, connect=None, read=None, redirect=None, status=None)) after connection broken by 'NewConnectionError('<urllib3.connection.HTTPSConnection object at 0xffff87ad7fd0>: Failed to establish a new connection: [Errno -2] Name or service not known')': /token
[2026-02-11T13:03:35.216+0000] {connectionpool.py:824} WARNING - Retrying (Retry(total=0, connect=None, read=None, redirect=None, status=None)) after connection broken by 'NewConnectionError('<urllib3.connection.HTTPSConnection object at 0xffff87af2fd0>: Failed to establish a new connection: [Errno -2] Name or service not known')': /token
[2026-02-11T13:04:30.970+0000] {connectionpool.py:824} WARNING - Retrying (Retry(total=2, connect=None, read=None, redirect=None, status=None)) after connection broken by 'NewConnectionError('<urllib3.connection.HTTPSConnection object at 0xffff87aff850>: Failed to establish a new connection: [Errno -2] Name or service not known')': /token
[2026-02-11T13:04:30.973+0000] {connectionpool.py:824} WARNING - Retrying (Retry(total=1, connect=None, read=None, redirect=None, status=None)) after connection broken by 'NewConnectionError('<urllib3.connection.HTTPSConnection object at 0xffff87aff9d0>: Failed to establish a new connection: [Errno -2] Name or service not known')': /token
[2026-02-11T13:04:30.975+0000] {connectionpool.py:824} WARNING - Retrying (Retry(total=0, connect=None, read=None, redirect=None, status=None)) after connection broken by 'NewConnectionError('<urllib3.connection.HTTPSConnection object at 0xffff87affbb0>: Failed to establish a new connection: [Errno -2] Name or service not known')': /token
[2026-02-11T13:04:54.285+0000] {connectionpool.py:824} WARNING - Retrying (Retry(total=2, connect=None, read=None, redirect=None, status=None)) after connection broken by 'NewConnectionError('<urllib3.connection.HTTPSConnection object at 0xffff87a91490>: Failed to establish a new connection: [Errno -2] Name or service not known')': /token
[2026-02-11T13:04:54.288+0000] {connectionpool.py:824} WARNING - Retrying (Retry(total=1, connect=None, read=None, redirect=None, status=None)) after connection broken by 'NewConnectionError('<urllib3.connection.HTTPSConnection object at 0xffff87aff370>: Failed to establish a new connection: [Errno -2] Name or service not known')': /token
[2026-02-11T13:04:54.290+0000] {connectionpool.py:824} WARNING - Retrying (Retry(total=0, connect=None, read=None, redirect=None, status=None)) after connection broken by 'NewConnectionError('<urllib3.connection.HTTPSConnection object at 0xffff87aff130>: Failed to establish a new connection: [Errno -2] Name or service not known')': /token
[2026-02-11T13:05:30.487+0000] {connectionpool.py:824} WARNING - Retrying (Retry(total=2, connect=None, read=None, redirect=None, status=None)) after connection broken by 'SSLError(SSLCertVerificationError(1, '[SSL: CERTIFICATE_VERIFY_FAILED] certificate verify failed: unable to get local issuer certificate (_ssl.c:1131)'))': /token
[2026-02-11T13:05:30.636+0000] {connectionpool.py:824} WARNING - Retrying (Retry(total=1, connect=None, read=None, redirect=None, status=None)) after connection broken by 'SSLError(SSLCertVerificationError(1, '[SSL: CERTIFICATE_VERIFY_FAILED] certificate verify failed: unable to get local issuer certificate (_ssl.c:1131)'))': /token
[2026-02-11T13:05:30.674+0000] {connectionpool.py:824} WARNING - Retrying (Retry(total=0, connect=None, read=None, redirect=None, status=None)) after connection broken by 'SSLError(SSLCertVerificationError(1, '[SSL: CERTIFICATE_VERIFY_FAILED] certificate verify failed: unable to get local issuer certificate (_ssl.c:1131)'))': /token
[2026-02-11T13:06:00.318+0000] {connectionpool.py:824} WARNING - Retrying (Retry(total=2, connect=None, read=None, redirect=None, status=None)) after connection broken by 'SSLError(SSLCertVerificationError(1, '[SSL: CERTIFICATE_VERIFY_FAILED] certificate verify failed: unable to get local issuer certificate (_ssl.c:1131)'))': /token
[2026-02-11T13:06:00.372+0000] {connectionpool.py:824} WARNING - Retrying (Retry(total=1, connect=None, read=None, redirect=None, status=None)) after connection broken by 'SSLError(SSLCertVerificationError(1, '[SSL: CERTIFICATE_VERIFY_FAILED] certificate verify failed: unable to get local issuer certificate (_ssl.c:1131)'))': /token
[2026-02-11T13:06:00.411+0000] {connectionpool.py:824} WARNING - Retrying (Retry(total=0, connect=None, read=None, redirect=None, status=None)) after connection broken by 'SSLError(SSLCertVerificationError(1, '[SSL: CERTIFICATE_VERIFY_FAILED] certificate verify failed: unable to get local issuer certificate (_ssl.c:1131)'))': /token
[2026-02-11T13:06:29.579+0000] {connectionpool.py:824} WARNING - Retrying (Retry(total=2, connect=None, read=None, redirect=None, status=None)) after connection broken by 'SSLError(SSLCertVerificationError(1, '[SSL: CERTIFICATE_VERIFY_FAILED] certificate verify failed: unable to get local issuer certificate (_ssl.c:1131)'))': /token
[2026-02-11T13:06:29.623+0000] {connectionpool.py:824} WARNING - Retrying (Retry(total=1, connect=None, read=None, redirect=None, status=None)) after connection broken by 'SSLError(SSLCertVerificationError(1, '[SSL: CERTIFICATE_VERIFY_FAILED] certificate verify failed: unable to get local issuer certificate (_ssl.c:1131)'))': /token
[2026-02-11T13:06:29.657+0000] {connectionpool.py:824} WARNING - Retrying (Retry(total=0, connect=None, read=None, redirect=None, status=None)) after connection broken by 'SSLError(SSLCertVerificationError(1, '[SSL: CERTIFICATE_VERIFY_FAILED] certificate verify failed: unable to get local issuer certificate (_ssl.c:1131)'))': /token
[2026-02-11T13:07:15.003+0000] {bigquery.py:1536} INFO - Table prism-486509.silver.products created successfully
[2026-02-11T13:07:15.021+0000] {taskinstance.py:1138} INFO - Marking task as SUCCESS. dag_id=ecommerce_etl_v2, task_id=silver_setup.create_silver_products, execution_date=20260210T130000, start_date=20260211T130014, end_date=20260211T130715
[2026-02-11T13:07:15.049+0000] {local_task_job_runner.py:234} INFO - Task exited with return code 0
[2026-02-11T13:07:15.072+0000] {taskinstance.py:3280} INFO - 0 downstream tasks scheduled from follow-on schedule check
