[2026-02-09T15:17:15.639+0000] {taskinstance.py:1956} INFO - Dependencies all met for dep_context=non-requeueable deps ti=<TaskInstance: ecommerce_etl_v2.check_users_loaded manual__2026-02-09T15:12:58.067696+00:00 [queued]>
[2026-02-09T15:17:15.647+0000] {taskinstance.py:1956} INFO - Dependencies all met for dep_context=requeueable deps ti=<TaskInstance: ecommerce_etl_v2.check_users_loaded manual__2026-02-09T15:12:58.067696+00:00 [queued]>
[2026-02-09T15:17:15.647+0000] {taskinstance.py:2170} INFO - Starting attempt 1 of 3
[2026-02-09T15:17:15.653+0000] {taskinstance.py:2191} INFO - Executing <Task(BigQueryCheckOperator): check_users_loaded> on 2026-02-09 15:12:58.067696+00:00
[2026-02-09T15:17:15.657+0000] {standard_task_runner.py:60} INFO - Started process 66233 to run task
[2026-02-09T15:17:15.659+0000] {standard_task_runner.py:87} INFO - Running: ['***', 'tasks', 'run', 'ecommerce_etl_v2', 'check_users_loaded', 'manual__2026-02-09T15:12:58.067696+00:00', '--job-id', '2520', '--raw', '--subdir', 'DAGS_FOLDER/etl_dag.py', '--cfg-path', '/tmp/tmpfm7gzqna']
[2026-02-09T15:17:15.660+0000] {standard_task_runner.py:88} INFO - Job 2520: Subtask check_users_loaded
[2026-02-09T15:17:15.682+0000] {task_command.py:423} INFO - Running <TaskInstance: ecommerce_etl_v2.check_users_loaded manual__2026-02-09T15:12:58.067696+00:00 [running]> on host 707cd2e8ef6b
[2026-02-09T15:17:15.717+0000] {taskinstance.py:2480} INFO - Exporting env vars: AIRFLOW_CTX_DAG_EMAIL='data-team@company.com' AIRFLOW_CTX_DAG_OWNER='data_engineering' AIRFLOW_CTX_DAG_ID='ecommerce_etl_v2' AIRFLOW_CTX_TASK_ID='check_users_loaded' AIRFLOW_CTX_EXECUTION_DATE='2026-02-09T15:12:58.067696+00:00' AIRFLOW_CTX_TRY_NUMBER='1' AIRFLOW_CTX_DAG_RUN_ID='manual__2026-02-09T15:12:58.067696+00:00'
[2026-02-09T15:17:15.718+0000] {sql.py:785} INFO - Executing SQL check: 
                SELECT COUNT(*) > 0
                FROM `prism-486509.bronze.users`
            
[2026-02-09T15:17:15.721+0000] {connection.py:234} WARNING - Connection schemes (type: google_cloud_platform) shall not contain '_' according to RFC3986.
[2026-02-09T15:17:15.722+0000] {base.py:83} INFO - Using connection ID 'google_cloud_default' for task execution.
[2026-02-09T15:17:15.722+0000] {credentials_provider.py:353} INFO - Getting connection using `google.auth.default()` since no explicit credentials are provided.
[2026-02-09T15:17:15.764+0000] {sql.py:450} INFO - Running statement: 
                SELECT COUNT(*) > 0
                FROM `prism-486509.bronze.users`
            , parameters: None
[2026-02-09T15:17:15.764+0000] {bigquery.py:1596} INFO - Inserting job ***_1770650235764470_0607e6378de18301b8c823d9936d8c58
[2026-02-09T15:17:16.782+0000] {sql.py:788} INFO - Record: [True]
[2026-02-09T15:17:16.782+0000] {sql.py:796} INFO - Success.
[2026-02-09T15:17:16.790+0000] {taskinstance.py:1138} INFO - Marking task as SUCCESS. dag_id=ecommerce_etl_v2, task_id=check_users_loaded, execution_date=20260209T151258, start_date=20260209T151715, end_date=20260209T151716
[2026-02-09T15:17:16.833+0000] {local_task_job_runner.py:234} INFO - Task exited with return code 0
[2026-02-09T15:17:16.859+0000] {taskinstance.py:3280} INFO - 1 downstream tasks scheduled from follow-on schedule check
