[2026-02-09T09:26:52.039+0000] {taskinstance.py:1956} INFO - Dependencies all met for dep_context=non-requeueable deps ti=<TaskInstance: ecommerce_etl_v2.gold_layer.load_dim_traffic_source manual__2026-02-09T09:26:48.203100+00:00 [queued]>
[2026-02-09T09:26:52.046+0000] {taskinstance.py:1956} INFO - Dependencies all met for dep_context=requeueable deps ti=<TaskInstance: ecommerce_etl_v2.gold_layer.load_dim_traffic_source manual__2026-02-09T09:26:48.203100+00:00 [queued]>
[2026-02-09T09:26:52.046+0000] {taskinstance.py:2170} INFO - Starting attempt 1 of 3
[2026-02-09T09:26:52.054+0000] {taskinstance.py:2191} INFO - Executing <Task(BigQueryInsertJobOperator): gold_layer.load_dim_traffic_source> on 2026-02-09 09:26:48.203100+00:00
[2026-02-09T09:26:52.059+0000] {standard_task_runner.py:60} INFO - Started process 16005 to run task
[2026-02-09T09:26:52.063+0000] {standard_task_runner.py:87} INFO - Running: ['***', 'tasks', 'run', 'ecommerce_etl_v2', 'gold_layer.load_dim_traffic_source', 'manual__2026-02-09T09:26:48.203100+00:00', '--job-id', '1551', '--raw', '--subdir', 'DAGS_FOLDER/etl_dag.py', '--cfg-path', '/tmp/tmpyddwn_ry']
[2026-02-09T09:26:52.066+0000] {standard_task_runner.py:88} INFO - Job 1551: Subtask gold_layer.load_dim_traffic_source
[2026-02-09T09:26:52.100+0000] {task_command.py:423} INFO - Running <TaskInstance: ecommerce_etl_v2.gold_layer.load_dim_traffic_source manual__2026-02-09T09:26:48.203100+00:00 [running]> on host 707cd2e8ef6b
[2026-02-09T09:26:52.143+0000] {taskinstance.py:2480} INFO - Exporting env vars: AIRFLOW_CTX_DAG_EMAIL='data-team@company.com' AIRFLOW_CTX_DAG_OWNER='data_engineering' AIRFLOW_CTX_DAG_ID='ecommerce_etl_v2' AIRFLOW_CTX_TASK_ID='gold_layer.load_dim_traffic_source' AIRFLOW_CTX_EXECUTION_DATE='2026-02-09T09:26:48.203100+00:00' AIRFLOW_CTX_TRY_NUMBER='1' AIRFLOW_CTX_DAG_RUN_ID='manual__2026-02-09T09:26:48.203100+00:00'
[2026-02-09T09:26:52.148+0000] {connection.py:234} WARNING - Connection schemes (type: google_cloud_platform) shall not contain '_' according to RFC3986.
[2026-02-09T09:26:52.148+0000] {base.py:83} INFO - Using connection ID 'google_cloud_default' for task execution.
[2026-02-09T09:26:52.148+0000] {credentials_provider.py:353} INFO - Getting connection using `google.auth.default()` since no explicit credentials are provided.
[2026-02-09T09:26:52.189+0000] {bigquery.py:2807} INFO - Executing: {'query': {'query': 'SELECT\n    GENERATE_UUID() AS traffic_source_key,  -- UUID surrogate key\n    traffic_source\nFROM (\n    SELECT DISTINCT traffic_source\n    FROM bronze.events  -- staging/source table\n) AS distinct_sources;', 'useLegacySql': False, 'queryParameters': [{'name': 'run_date', 'parameterType': {'type': 'DATE'}, 'parameterValue': {'value': '2026-02-09'}}]}}'
[2026-02-09T09:26:52.190+0000] {bigquery.py:1596} INFO - Inserting job ***_ecommerce_etl_v2_gold_layer_load_dim_traffic_source_2026_02_09T09_26_48_203100_00_00_3daa08ddc8145e03c607f93c1974e5b1
[2026-02-09T09:26:52.820+0000] {taskinstance.py:2698} ERROR - Task failed with exception
Traceback (most recent call last):
  File "/home/airflow/.local/lib/python3.8/site-packages/airflow/models/taskinstance.py", line 433, in _execute_task
    result = execute_callable(context=context, **execute_callable_kwargs)
  File "/home/airflow/.local/lib/python3.8/site-packages/airflow/providers/google/cloud/operators/bigquery.py", line 2864, in execute
    job.result(timeout=self.result_timeout, retry=self.result_retry)
  File "/home/airflow/.local/lib/python3.8/site-packages/google/cloud/bigquery/job/query.py", line 1595, in result
    do_get_result()
  File "/home/airflow/.local/lib/python3.8/site-packages/google/cloud/bigquery/job/query.py", line 1584, in do_get_result
    super(QueryJob, self).result(retry=retry, timeout=timeout)
  File "/home/airflow/.local/lib/python3.8/site-packages/google/cloud/bigquery/job/base.py", line 971, in result
    return super(_AsyncJob, self).result(timeout=timeout, **kwargs)
  File "/home/airflow/.local/lib/python3.8/site-packages/google/api_core/future/polling.py", line 261, in result
    raise self._exception
google.api_core.exceptions.NotFound: 404 Not found: Table prism-486509:bronze.events was not found in location europe-west1; reason: notFound, message: Not found: Table prism-486509:bronze.events was not found in location europe-west1

Location: europe-west1
Job ID: airflow_ecommerce_etl_v2_gold_layer_load_dim_traffic_source_2026_02_09T09_26_48_203100_00_00_3daa08ddc8145e03c607f93c1974e5b1

[2026-02-09T09:26:52.826+0000] {taskinstance.py:1138} INFO - Marking task as UP_FOR_RETRY. dag_id=ecommerce_etl_v2, task_id=gold_layer.load_dim_traffic_source, execution_date=20260209T092648, start_date=20260209T092652, end_date=20260209T092652
[2026-02-09T09:26:52.832+0000] {standard_task_runner.py:107} ERROR - Failed to execute job 1551 for task gold_layer.load_dim_traffic_source (404 Not found: Table prism-486509:bronze.events was not found in location europe-west1; reason: notFound, message: Not found: Table prism-486509:bronze.events was not found in location europe-west1

Location: europe-west1
Job ID: airflow_ecommerce_etl_v2_gold_layer_load_dim_traffic_source_2026_02_09T09_26_48_203100_00_00_3daa08ddc8145e03c607f93c1974e5b1
; 16005)
[2026-02-09T09:26:52.860+0000] {local_task_job_runner.py:234} INFO - Task exited with return code 1
[2026-02-09T09:26:52.879+0000] {taskinstance.py:3280} INFO - 0 downstream tasks scheduled from follow-on schedule check
