[2026-02-09T12:44:54.066+0000] {taskinstance.py:1956} INFO - Dependencies all met for dep_context=non-requeueable deps ti=<TaskInstance: ecommerce_etl_v2.check_orders_loaded manual__2026-02-09T12:40:19.465033+00:00 [queued]>
[2026-02-09T12:44:54.076+0000] {taskinstance.py:1956} INFO - Dependencies all met for dep_context=requeueable deps ti=<TaskInstance: ecommerce_etl_v2.check_orders_loaded manual__2026-02-09T12:40:19.465033+00:00 [queued]>
[2026-02-09T12:44:54.077+0000] {taskinstance.py:2170} INFO - Starting attempt 1 of 3
[2026-02-09T12:44:54.087+0000] {taskinstance.py:2191} INFO - Executing <Task(BigQueryCheckOperator): check_orders_loaded> on 2026-02-09 12:40:19.465033+00:00
[2026-02-09T12:44:54.091+0000] {standard_task_runner.py:60} INFO - Started process 50403 to run task
[2026-02-09T12:44:54.094+0000] {standard_task_runner.py:87} INFO - Running: ['***', 'tasks', 'run', 'ecommerce_etl_v2', 'check_orders_loaded', 'manual__2026-02-09T12:40:19.465033+00:00', '--job-id', '2311', '--raw', '--subdir', 'DAGS_FOLDER/etl_dag.py', '--cfg-path', '/tmp/tmpox1zjo7y']
[2026-02-09T12:44:54.095+0000] {standard_task_runner.py:88} INFO - Job 2311: Subtask check_orders_loaded
[2026-02-09T12:44:54.118+0000] {task_command.py:423} INFO - Running <TaskInstance: ecommerce_etl_v2.check_orders_loaded manual__2026-02-09T12:40:19.465033+00:00 [running]> on host 707cd2e8ef6b
[2026-02-09T12:44:54.155+0000] {taskinstance.py:2480} INFO - Exporting env vars: AIRFLOW_CTX_DAG_EMAIL='data-team@company.com' AIRFLOW_CTX_DAG_OWNER='data_engineering' AIRFLOW_CTX_DAG_ID='ecommerce_etl_v2' AIRFLOW_CTX_TASK_ID='check_orders_loaded' AIRFLOW_CTX_EXECUTION_DATE='2026-02-09T12:40:19.465033+00:00' AIRFLOW_CTX_TRY_NUMBER='1' AIRFLOW_CTX_DAG_RUN_ID='manual__2026-02-09T12:40:19.465033+00:00'
[2026-02-09T12:44:54.156+0000] {sql.py:785} INFO - Executing SQL check: 
                SELECT COUNT(*) > 0
                FROM `prism-486509.bronze.orders`
            
[2026-02-09T12:44:54.160+0000] {connection.py:234} WARNING - Connection schemes (type: google_cloud_platform) shall not contain '_' according to RFC3986.
[2026-02-09T12:44:54.160+0000] {base.py:83} INFO - Using connection ID 'google_cloud_default' for task execution.
[2026-02-09T12:44:54.160+0000] {credentials_provider.py:353} INFO - Getting connection using `google.auth.default()` since no explicit credentials are provided.
[2026-02-09T12:44:54.202+0000] {sql.py:450} INFO - Running statement: 
                SELECT COUNT(*) > 0
                FROM `prism-486509.bronze.orders`
            , parameters: None
[2026-02-09T12:44:54.203+0000] {bigquery.py:1596} INFO - Inserting job ***_1770641094203485_939a0d7eed28c6fcc53621e1e1f322db
[2026-02-09T12:44:55.418+0000] {sql.py:788} INFO - Record: [True]
[2026-02-09T12:44:55.418+0000] {sql.py:796} INFO - Success.
[2026-02-09T12:44:55.424+0000] {taskinstance.py:1138} INFO - Marking task as SUCCESS. dag_id=ecommerce_etl_v2, task_id=check_orders_loaded, execution_date=20260209T124019, start_date=20260209T124454, end_date=20260209T124455
[2026-02-09T12:44:55.466+0000] {local_task_job_runner.py:234} INFO - Task exited with return code 0
[2026-02-09T12:44:55.491+0000] {taskinstance.py:3280} INFO - 1 downstream tasks scheduled from follow-on schedule check
