[2026-02-09T01:20:21.797+0000] {taskinstance.py:1956} INFO - Dependencies all met for dep_context=non-requeueable deps ti=<TaskInstance: ecommerce_etl_v2.silver_layer.transform_events manual__2026-02-09T01:10:13.959737+00:00 [queued]>
[2026-02-09T01:20:21.804+0000] {taskinstance.py:1956} INFO - Dependencies all met for dep_context=requeueable deps ti=<TaskInstance: ecommerce_etl_v2.silver_layer.transform_events manual__2026-02-09T01:10:13.959737+00:00 [queued]>
[2026-02-09T01:20:21.806+0000] {taskinstance.py:2170} INFO - Starting attempt 3 of 3
[2026-02-09T01:20:21.813+0000] {taskinstance.py:2191} INFO - Executing <Task(BigQueryInsertJobOperator): silver_layer.transform_events> on 2026-02-09 01:10:13.959737+00:00
[2026-02-09T01:20:21.817+0000] {standard_task_runner.py:60} INFO - Started process 39448 to run task
[2026-02-09T01:20:21.820+0000] {standard_task_runner.py:87} INFO - Running: ['***', 'tasks', 'run', 'ecommerce_etl_v2', 'silver_layer.transform_events', 'manual__2026-02-09T01:10:13.959737+00:00', '--job-id', '1196', '--raw', '--subdir', 'DAGS_FOLDER/etl_dag.py', '--cfg-path', '/tmp/tmp8b6_0q_a']
[2026-02-09T01:20:21.821+0000] {standard_task_runner.py:88} INFO - Job 1196: Subtask silver_layer.transform_events
[2026-02-09T01:20:21.850+0000] {task_command.py:423} INFO - Running <TaskInstance: ecommerce_etl_v2.silver_layer.transform_events manual__2026-02-09T01:10:13.959737+00:00 [running]> on host 52b3fbe2fc57
[2026-02-09T01:20:21.892+0000] {taskinstance.py:2480} INFO - Exporting env vars: AIRFLOW_CTX_DAG_EMAIL='data-team@company.com' AIRFLOW_CTX_DAG_OWNER='data_engineering' AIRFLOW_CTX_DAG_ID='ecommerce_etl_v2' AIRFLOW_CTX_TASK_ID='silver_layer.transform_events' AIRFLOW_CTX_EXECUTION_DATE='2026-02-09T01:10:13.959737+00:00' AIRFLOW_CTX_TRY_NUMBER='3' AIRFLOW_CTX_DAG_RUN_ID='manual__2026-02-09T01:10:13.959737+00:00'
[2026-02-09T01:20:21.897+0000] {connection.py:234} WARNING - Connection schemes (type: google_cloud_platform) shall not contain '_' according to RFC3986.
[2026-02-09T01:20:21.897+0000] {base.py:83} INFO - Using connection ID 'google_cloud_default' for task execution.
[2026-02-09T01:20:21.897+0000] {credentials_provider.py:353} INFO - Getting connection using `google.auth.default()` since no explicit credentials are provided.
[2026-02-09T01:20:21.940+0000] {bigquery.py:2807} INFO - Executing: {'query': {'query': "WITH DeduplicatedEvents AS (\n  SELECT\n    *,\n    ROW_NUMBER() OVER(PARTITION BY id, created_at ORDER BY created_at) AS rn\n  FROM\n    `bronze.events`\n  WHERE ingestion_date = @run_date  -- ← key change\n),\nValidatedAndCleanedEvents AS (\n  SELECT\n    id,\n    COALESCE(SAFE_CAST(user_id AS INT64), 0) AS user_id,\n    sequence_number,\n    COALESCE(session_id, 'UNKNOWN') AS session_id,\n    created_at,\n    COALESCE(ip_address, 'UNKNOWN') AS ip_address,\n    COALESCE(city, 'UNKNOWN') AS city,\n    COALESCE(state, 'UNKNOWN') AS state,\n    COALESCE(postal_code, 'UNKNOWN') AS postal_code,\n    COALESCE(browser, 'UNKNOWN') AS browser,\n    COALESCE(traffic_source, 'UNKNOWN') AS traffic_source,\n    COALESCE(uri, 'UNKNOWN') AS uri,\n    COALESCE(event_type, 'UNKNOWN') AS event_type_cleaned,\n\n    CASE WHEN id IS NULL OR id <= 0 THEN FALSE ELSE TRUE END AS is_valid_id,\n    CASE WHEN created_at IS NULL OR created_at > CURRENT_TIMESTAMP() THEN FALSE ELSE TRUE END AS is_valid_created_at,\n    CASE\n      WHEN event_type IN ('page_view', 'add_to_cart', 'purchase', 'login', 'signup', 'checkout') THEN TRUE\n      ELSE FALSE\n    END AS is_known_event_type\n  FROM\n    DeduplicatedEvents\n  WHERE rn = 1\n    AND id IS NOT NULL\n)\nSELECT\n  id,\n  user_id,\n  sequence_number,\n  session_id,\n  created_at,\n  ip_address,\n  city,\n  state,\n  postal_code,\n  browser,\n  traffic_source,\n  uri,\n  event_type_cleaned AS event_type,\n  is_valid_id,\n  is_valid_created_at,\n  is_known_event_type\nFROM\n  ValidatedAndCleanedEvents\nWHERE\n  is_valid_id = TRUE\n  AND is_valid_created_at = TRUE\n  AND is_known_event_type = TRUE;", 'useLegacySql': False, 'destinationTable': {'projectId': 'prism-486509', 'datasetId': 'silver', 'tableId': 'events', 'writeDisposition': 'WRITE_TRUNCATE', 'createDisposition': 'CREATE_IF_NEEDED'}, 'queryParameters': [{'name': 'run_date', 'parameterType': {'type': 'DATE'}, 'parameterValue': {'value': '2026-02-09'}}]}}'
[2026-02-09T01:20:21.941+0000] {bigquery.py:1596} INFO - Inserting job ***_ecommerce_etl_v2_silver_layer_transform_events_2026_02_09T01_10_13_959737_00_00_dd3d19fccbae0358cedf387c7cfc556a
[2026-02-09T01:20:22.323+0000] {taskinstance.py:2698} ERROR - Task failed with exception
Traceback (most recent call last):
  File "/home/airflow/.local/lib/python3.8/site-packages/airflow/models/taskinstance.py", line 433, in _execute_task
    result = execute_callable(context=context, **execute_callable_kwargs)
  File "/home/airflow/.local/lib/python3.8/site-packages/airflow/providers/google/cloud/operators/bigquery.py", line 2864, in execute
    job.result(timeout=self.result_timeout, retry=self.result_retry)
  File "/home/airflow/.local/lib/python3.8/site-packages/google/cloud/bigquery/job/query.py", line 1595, in result
    do_get_result()
  File "/home/airflow/.local/lib/python3.8/site-packages/google/cloud/bigquery/job/query.py", line 1584, in do_get_result
    super(QueryJob, self).result(retry=retry, timeout=timeout)
  File "/home/airflow/.local/lib/python3.8/site-packages/google/cloud/bigquery/job/base.py", line 971, in result
    return super(_AsyncJob, self).result(timeout=timeout, **kwargs)
  File "/home/airflow/.local/lib/python3.8/site-packages/google/api_core/future/polling.py", line 261, in result
    raise self._exception
google.api_core.exceptions.Conflict: 409 Already Exists: Table prism-486509:silver.events; reason: duplicate, message: Already Exists: Table prism-486509:silver.events

Location: europe-west1
Job ID: airflow_ecommerce_etl_v2_silver_layer_transform_events_2026_02_09T01_10_13_959737_00_00_dd3d19fccbae0358cedf387c7cfc556a

[2026-02-09T01:20:22.327+0000] {taskinstance.py:1138} INFO - Marking task as FAILED. dag_id=ecommerce_etl_v2, task_id=silver_layer.transform_events, execution_date=20260209T011013, start_date=20260209T012021, end_date=20260209T012022
[2026-02-09T01:20:22.335+0000] {logging_mixin.py:188} WARNING - /home/***/.local/lib/python3.8/site-packages/***/utils/email.py:154 RemovedInAirflow3Warning: Fetching SMTP credentials from configuration variables will be deprecated in a future release. Please set credentials using a connection instead.
[2026-02-09T01:20:22.336+0000] {configuration.py:1046} WARNING - section/key [smtp/smtp_user] not found in config
[2026-02-09T01:20:22.336+0000] {email.py:270} INFO - Email alerting: attempt 1
[2026-02-09T01:20:22.340+0000] {configuration.py:1046} WARNING - section/key [smtp/smtp_user] not found in config
[2026-02-09T01:20:22.340+0000] {email.py:270} INFO - Email alerting: attempt 1
[2026-02-09T01:20:22.340+0000] {taskinstance.py:826} ERROR - Failed to send email to: ['data-team@company.com']
Traceback (most recent call last):
  File "/home/airflow/.local/lib/python3.8/site-packages/airflow/models/taskinstance.py", line 2334, in _run_raw_task
    self._execute_task_with_callbacks(context, test_mode, session=session)
  File "/home/airflow/.local/lib/python3.8/site-packages/airflow/models/taskinstance.py", line 2499, in _execute_task_with_callbacks
    result = self._execute_task(context, task_orig)
  File "/home/airflow/.local/lib/python3.8/site-packages/airflow/models/taskinstance.py", line 2516, in _execute_task
    return _execute_task(self, context, task_orig)
  File "/home/airflow/.local/lib/python3.8/site-packages/airflow/models/taskinstance.py", line 433, in _execute_task
    result = execute_callable(context=context, **execute_callable_kwargs)
  File "/home/airflow/.local/lib/python3.8/site-packages/airflow/providers/google/cloud/operators/bigquery.py", line 2864, in execute
    job.result(timeout=self.result_timeout, retry=self.result_retry)
  File "/home/airflow/.local/lib/python3.8/site-packages/google/cloud/bigquery/job/query.py", line 1595, in result
    do_get_result()
  File "/home/airflow/.local/lib/python3.8/site-packages/google/cloud/bigquery/job/query.py", line 1584, in do_get_result
    super(QueryJob, self).result(retry=retry, timeout=timeout)
  File "/home/airflow/.local/lib/python3.8/site-packages/google/cloud/bigquery/job/base.py", line 971, in result
    return super(_AsyncJob, self).result(timeout=timeout, **kwargs)
  File "/home/airflow/.local/lib/python3.8/site-packages/google/api_core/future/polling.py", line 261, in result
    raise self._exception
google.api_core.exceptions.Conflict: 409 Already Exists: Table prism-486509:silver.events; reason: duplicate, message: Already Exists: Table prism-486509:silver.events

Location: europe-west1
Job ID: airflow_ecommerce_etl_v2_silver_layer_transform_events_2026_02_09T01_10_13_959737_00_00_dd3d19fccbae0358cedf387c7cfc556a


During handling of the above exception, another exception occurred:

Traceback (most recent call last):
  File "/home/airflow/.local/lib/python3.8/site-packages/airflow/models/taskinstance.py", line 1000, in _email_alert
    send_email(task.email, subject, html_content)
  File "/home/airflow/.local/lib/python3.8/site-packages/airflow/utils/email.py", line 80, in send_email
    return backend(
  File "/home/airflow/.local/lib/python3.8/site-packages/airflow/utils/email.py", line 154, in send_email_smtp
    send_mime_email(e_from=mail_from, e_to=recipients, mime_msg=msg, conn_id=conn_id, dryrun=dryrun)
  File "/home/airflow/.local/lib/python3.8/site-packages/airflow/utils/email.py", line 272, in send_mime_email
    smtp_conn = _get_smtp_connection(smtp_host, smtp_port, smtp_timeout, smtp_ssl)
  File "/home/airflow/.local/lib/python3.8/site-packages/airflow/utils/email.py", line 316, in _get_smtp_connection
    return smtplib.SMTP(host=host, port=port, timeout=timeout)
  File "/usr/local/lib/python3.8/smtplib.py", line 255, in __init__
    (code, msg) = self.connect(host, port)
  File "/usr/local/lib/python3.8/smtplib.py", line 339, in connect
    self.sock = self._get_socket(host, port, self.timeout)
  File "/usr/local/lib/python3.8/smtplib.py", line 310, in _get_socket
    return socket.create_connection((host, port), timeout,
  File "/usr/local/lib/python3.8/socket.py", line 808, in create_connection
    raise err
  File "/usr/local/lib/python3.8/socket.py", line 796, in create_connection
    sock.connect(sa)
ConnectionRefusedError: [Errno 111] Connection refused

During handling of the above exception, another exception occurred:

Traceback (most recent call last):
  File "/home/airflow/.local/lib/python3.8/site-packages/airflow/models/taskinstance.py", line 824, in _handle_failure
    task_instance.email_alert(error, failure_context["task"])
  File "/home/airflow/.local/lib/python3.8/site-packages/airflow/models/taskinstance.py", line 2946, in email_alert
    _email_alert(task_instance=self, exception=exception, task=task)
  File "/home/airflow/.local/lib/python3.8/site-packages/airflow/models/taskinstance.py", line 1002, in _email_alert
    send_email(task.email, subject, html_content_err)
  File "/home/airflow/.local/lib/python3.8/site-packages/airflow/utils/email.py", line 80, in send_email
    return backend(
  File "/home/airflow/.local/lib/python3.8/site-packages/airflow/utils/email.py", line 154, in send_email_smtp
    send_mime_email(e_from=mail_from, e_to=recipients, mime_msg=msg, conn_id=conn_id, dryrun=dryrun)
  File "/home/airflow/.local/lib/python3.8/site-packages/airflow/utils/email.py", line 272, in send_mime_email
    smtp_conn = _get_smtp_connection(smtp_host, smtp_port, smtp_timeout, smtp_ssl)
  File "/home/airflow/.local/lib/python3.8/site-packages/airflow/utils/email.py", line 316, in _get_smtp_connection
    return smtplib.SMTP(host=host, port=port, timeout=timeout)
  File "/usr/local/lib/python3.8/smtplib.py", line 255, in __init__
    (code, msg) = self.connect(host, port)
  File "/usr/local/lib/python3.8/smtplib.py", line 339, in connect
    self.sock = self._get_socket(host, port, self.timeout)
  File "/usr/local/lib/python3.8/smtplib.py", line 310, in _get_socket
    return socket.create_connection((host, port), timeout,
  File "/usr/local/lib/python3.8/socket.py", line 808, in create_connection
    raise err
  File "/usr/local/lib/python3.8/socket.py", line 796, in create_connection
    sock.connect(sa)
ConnectionRefusedError: [Errno 111] Connection refused
[2026-02-09T01:20:22.348+0000] {standard_task_runner.py:107} ERROR - Failed to execute job 1196 for task silver_layer.transform_events (409 Already Exists: Table prism-486509:silver.events; reason: duplicate, message: Already Exists: Table prism-486509:silver.events

Location: europe-west1
Job ID: airflow_ecommerce_etl_v2_silver_layer_transform_events_2026_02_09T01_10_13_959737_00_00_dd3d19fccbae0358cedf387c7cfc556a
; 39448)
[2026-02-09T01:20:22.367+0000] {local_task_job_runner.py:234} INFO - Task exited with return code 1
[2026-02-09T01:20:22.379+0000] {taskinstance.py:3280} INFO - 0 downstream tasks scheduled from follow-on schedule check
