[2026-02-09T02:44:28.071+0000] {taskinstance.py:1956} INFO - Dependencies all met for dep_context=non-requeueable deps ti=<TaskInstance: ecommerce_etl_v2.bronze_layer.check_products_loaded scheduled__2026-02-08T02:00:00+00:00 [queued]>
[2026-02-09T02:44:28.077+0000] {taskinstance.py:1956} INFO - Dependencies all met for dep_context=requeueable deps ti=<TaskInstance: ecommerce_etl_v2.bronze_layer.check_products_loaded scheduled__2026-02-08T02:00:00+00:00 [queued]>
[2026-02-09T02:44:28.078+0000] {taskinstance.py:2170} INFO - Starting attempt 1 of 3
[2026-02-09T02:44:28.086+0000] {taskinstance.py:2191} INFO - Executing <Task(BigQueryCheckOperator): bronze_layer.check_products_loaded> on 2026-02-08 02:00:00+00:00
[2026-02-09T02:44:28.090+0000] {standard_task_runner.py:60} INFO - Started process 10209 to run task
[2026-02-09T02:44:28.092+0000] {standard_task_runner.py:87} INFO - Running: ['***', 'tasks', 'run', 'ecommerce_etl_v2', 'bronze_layer.check_products_loaded', 'scheduled__2026-02-08T02:00:00+00:00', '--job-id', '1469', '--raw', '--subdir', 'DAGS_FOLDER/etl_dag.py', '--cfg-path', '/tmp/tmp50gh5ecl']
[2026-02-09T02:44:28.094+0000] {standard_task_runner.py:88} INFO - Job 1469: Subtask bronze_layer.check_products_loaded
[2026-02-09T02:44:28.120+0000] {task_command.py:423} INFO - Running <TaskInstance: ecommerce_etl_v2.bronze_layer.check_products_loaded scheduled__2026-02-08T02:00:00+00:00 [running]> on host 707cd2e8ef6b
[2026-02-09T02:44:28.165+0000] {taskinstance.py:2480} INFO - Exporting env vars: AIRFLOW_CTX_DAG_EMAIL='data-team@company.com' AIRFLOW_CTX_DAG_OWNER='data_engineering' AIRFLOW_CTX_DAG_ID='ecommerce_etl_v2' AIRFLOW_CTX_TASK_ID='bronze_layer.check_products_loaded' AIRFLOW_CTX_EXECUTION_DATE='2026-02-08T02:00:00+00:00' AIRFLOW_CTX_TRY_NUMBER='1' AIRFLOW_CTX_DAG_RUN_ID='scheduled__2026-02-08T02:00:00+00:00'
[2026-02-09T02:44:28.166+0000] {sql.py:785} INFO - Executing SQL check: 
                    SELECT COUNT(*) > 0
                    FROM `prism-486509.bronze.products`
                
[2026-02-09T02:44:28.171+0000] {connection.py:234} WARNING - Connection schemes (type: google_cloud_platform) shall not contain '_' according to RFC3986.
[2026-02-09T02:44:28.171+0000] {base.py:83} INFO - Using connection ID 'google_cloud_default' for task execution.
[2026-02-09T02:44:28.171+0000] {credentials_provider.py:353} INFO - Getting connection using `google.auth.default()` since no explicit credentials are provided.
[2026-02-09T02:44:28.221+0000] {sql.py:450} INFO - Running statement: 
                    SELECT COUNT(*) > 0
                    FROM `prism-486509.bronze.products`
                , parameters: None
[2026-02-09T02:44:28.222+0000] {bigquery.py:1596} INFO - Inserting job ***_1770605068221942_d98ce9b61bb274fd6be9b086a248981e
[2026-02-09T02:44:29.207+0000] {sql.py:788} INFO - Record: [True]
[2026-02-09T02:44:29.207+0000] {sql.py:796} INFO - Success.
[2026-02-09T02:44:29.217+0000] {taskinstance.py:1138} INFO - Marking task as SUCCESS. dag_id=ecommerce_etl_v2, task_id=bronze_layer.check_products_loaded, execution_date=20260208T020000, start_date=20260209T024428, end_date=20260209T024429
[2026-02-09T02:44:29.260+0000] {local_task_job_runner.py:234} INFO - Task exited with return code 0
[2026-02-09T02:44:29.272+0000] {taskinstance.py:3280} INFO - 0 downstream tasks scheduled from follow-on schedule check
[2026-02-09T09:46:16.580+0000] {taskinstance.py:1956} INFO - Dependencies all met for dep_context=non-requeueable deps ti=<TaskInstance: ecommerce_etl_v2.bronze_layer.check_products_loaded scheduled__2026-02-08T02:00:00+00:00 [queued]>
[2026-02-09T09:46:16.585+0000] {taskinstance.py:1956} INFO - Dependencies all met for dep_context=requeueable deps ti=<TaskInstance: ecommerce_etl_v2.bronze_layer.check_products_loaded scheduled__2026-02-08T02:00:00+00:00 [queued]>
[2026-02-09T09:46:16.585+0000] {taskinstance.py:2170} INFO - Starting attempt 1 of 3
[2026-02-09T09:46:16.591+0000] {taskinstance.py:2191} INFO - Executing <Task(BigQueryCheckOperator): bronze_layer.check_products_loaded> on 2026-02-08 02:00:00+00:00
[2026-02-09T09:46:16.594+0000] {standard_task_runner.py:60} INFO - Started process 19502 to run task
[2026-02-09T09:46:16.596+0000] {standard_task_runner.py:87} INFO - Running: ['***', 'tasks', 'run', 'ecommerce_etl_v2', 'bronze_layer.check_products_loaded', 'scheduled__2026-02-08T02:00:00+00:00', '--job-id', '1630', '--raw', '--subdir', 'DAGS_FOLDER/etl_dag.py', '--cfg-path', '/tmp/tmpgv_us10d']
[2026-02-09T09:46:16.597+0000] {standard_task_runner.py:88} INFO - Job 1630: Subtask bronze_layer.check_products_loaded
[2026-02-09T09:46:16.617+0000] {task_command.py:423} INFO - Running <TaskInstance: ecommerce_etl_v2.bronze_layer.check_products_loaded scheduled__2026-02-08T02:00:00+00:00 [running]> on host 707cd2e8ef6b
[2026-02-09T09:46:16.652+0000] {taskinstance.py:2480} INFO - Exporting env vars: AIRFLOW_CTX_DAG_EMAIL='data-team@company.com' AIRFLOW_CTX_DAG_OWNER='data_engineering' AIRFLOW_CTX_DAG_ID='ecommerce_etl_v2' AIRFLOW_CTX_TASK_ID='bronze_layer.check_products_loaded' AIRFLOW_CTX_EXECUTION_DATE='2026-02-08T02:00:00+00:00' AIRFLOW_CTX_TRY_NUMBER='1' AIRFLOW_CTX_DAG_RUN_ID='scheduled__2026-02-08T02:00:00+00:00'
[2026-02-09T09:46:16.653+0000] {sql.py:785} INFO - Executing SQL check: 
                    SELECT COUNT(*) > 0
                    FROM `prism-486509.bronze.products`
                
[2026-02-09T09:46:16.657+0000] {connection.py:234} WARNING - Connection schemes (type: google_cloud_platform) shall not contain '_' according to RFC3986.
[2026-02-09T09:46:16.657+0000] {base.py:83} INFO - Using connection ID 'google_cloud_default' for task execution.
[2026-02-09T09:46:16.657+0000] {credentials_provider.py:353} INFO - Getting connection using `google.auth.default()` since no explicit credentials are provided.
[2026-02-09T09:46:16.699+0000] {sql.py:450} INFO - Running statement: 
                    SELECT COUNT(*) > 0
                    FROM `prism-486509.bronze.products`
                , parameters: None
[2026-02-09T09:46:16.700+0000] {bigquery.py:1596} INFO - Inserting job ***_1770630376700055_d98ce9b61bb274fd6be9b086a248981e
[2026-02-09T09:46:18.001+0000] {sql.py:788} INFO - Record: [True]
[2026-02-09T09:46:18.001+0000] {sql.py:796} INFO - Success.
[2026-02-09T09:46:18.008+0000] {taskinstance.py:1138} INFO - Marking task as SUCCESS. dag_id=ecommerce_etl_v2, task_id=bronze_layer.check_products_loaded, execution_date=20260208T020000, start_date=20260209T094616, end_date=20260209T094618
[2026-02-09T09:46:18.051+0000] {local_task_job_runner.py:234} INFO - Task exited with return code 0
[2026-02-09T09:46:18.061+0000] {taskinstance.py:3280} INFO - 0 downstream tasks scheduled from follow-on schedule check
[2026-02-09T10:06:51.686+0000] {taskinstance.py:1956} INFO - Dependencies all met for dep_context=non-requeueable deps ti=<TaskInstance: ecommerce_etl_v2.bronze_layer.check_products_loaded scheduled__2026-02-08T02:00:00+00:00 [queued]>
[2026-02-09T10:06:51.691+0000] {taskinstance.py:1956} INFO - Dependencies all met for dep_context=requeueable deps ti=<TaskInstance: ecommerce_etl_v2.bronze_layer.check_products_loaded scheduled__2026-02-08T02:00:00+00:00 [queued]>
[2026-02-09T10:06:51.692+0000] {taskinstance.py:2170} INFO - Starting attempt 1 of 3
[2026-02-09T10:06:51.697+0000] {taskinstance.py:2191} INFO - Executing <Task(BigQueryCheckOperator): bronze_layer.check_products_loaded> on 2026-02-08 02:00:00+00:00
[2026-02-09T10:06:51.700+0000] {standard_task_runner.py:60} INFO - Started process 23833 to run task
[2026-02-09T10:06:51.702+0000] {standard_task_runner.py:87} INFO - Running: ['***', 'tasks', 'run', 'ecommerce_etl_v2', 'bronze_layer.check_products_loaded', 'scheduled__2026-02-08T02:00:00+00:00', '--job-id', '1735', '--raw', '--subdir', 'DAGS_FOLDER/etl_dag.py', '--cfg-path', '/tmp/tmpeujtxgkm']
[2026-02-09T10:06:51.703+0000] {standard_task_runner.py:88} INFO - Job 1735: Subtask bronze_layer.check_products_loaded
[2026-02-09T10:06:51.729+0000] {task_command.py:423} INFO - Running <TaskInstance: ecommerce_etl_v2.bronze_layer.check_products_loaded scheduled__2026-02-08T02:00:00+00:00 [running]> on host 707cd2e8ef6b
[2026-02-09T10:06:51.767+0000] {taskinstance.py:2480} INFO - Exporting env vars: AIRFLOW_CTX_DAG_EMAIL='data-team@company.com' AIRFLOW_CTX_DAG_OWNER='data_engineering' AIRFLOW_CTX_DAG_ID='ecommerce_etl_v2' AIRFLOW_CTX_TASK_ID='bronze_layer.check_products_loaded' AIRFLOW_CTX_EXECUTION_DATE='2026-02-08T02:00:00+00:00' AIRFLOW_CTX_TRY_NUMBER='1' AIRFLOW_CTX_DAG_RUN_ID='scheduled__2026-02-08T02:00:00+00:00'
[2026-02-09T10:06:51.768+0000] {sql.py:785} INFO - Executing SQL check: 
                    SELECT COUNT(*) > 0
                    FROM `prism-486509.bronze.products`
                
[2026-02-09T10:06:51.772+0000] {connection.py:234} WARNING - Connection schemes (type: google_cloud_platform) shall not contain '_' according to RFC3986.
[2026-02-09T10:06:51.773+0000] {base.py:83} INFO - Using connection ID 'google_cloud_default' for task execution.
[2026-02-09T10:06:51.773+0000] {credentials_provider.py:353} INFO - Getting connection using `google.auth.default()` since no explicit credentials are provided.
[2026-02-09T10:06:51.816+0000] {sql.py:450} INFO - Running statement: 
                    SELECT COUNT(*) > 0
                    FROM `prism-486509.bronze.products`
                , parameters: None
[2026-02-09T10:06:51.816+0000] {bigquery.py:1596} INFO - Inserting job ***_1770631611816569_d98ce9b61bb274fd6be9b086a248981e
[2026-02-09T10:06:53.074+0000] {sql.py:788} INFO - Record: [True]
[2026-02-09T10:06:53.075+0000] {sql.py:796} INFO - Success.
[2026-02-09T10:06:53.080+0000] {taskinstance.py:1138} INFO - Marking task as SUCCESS. dag_id=ecommerce_etl_v2, task_id=bronze_layer.check_products_loaded, execution_date=20260208T020000, start_date=20260209T100651, end_date=20260209T100653
[2026-02-09T10:06:53.117+0000] {local_task_job_runner.py:234} INFO - Task exited with return code 0
[2026-02-09T10:06:53.129+0000] {taskinstance.py:3280} INFO - 0 downstream tasks scheduled from follow-on schedule check
