[2026-02-10T10:00:51.850+0000] {taskinstance.py:1956} INFO - Dependencies all met for dep_context=non-requeueable deps ti=<TaskInstance: ecommerce_etl_v2.load_products manual__2026-02-10T10:00:49.771923+00:00 [queued]>
[2026-02-10T10:00:51.856+0000] {taskinstance.py:1956} INFO - Dependencies all met for dep_context=requeueable deps ti=<TaskInstance: ecommerce_etl_v2.load_products manual__2026-02-10T10:00:49.771923+00:00 [queued]>
[2026-02-10T10:00:51.856+0000] {taskinstance.py:2170} INFO - Starting attempt 1 of 3
[2026-02-10T10:00:51.864+0000] {taskinstance.py:2191} INFO - Executing <Task(PythonOperator): load_products> on 2026-02-10 10:00:49.771923+00:00
[2026-02-10T10:00:51.869+0000] {standard_task_runner.py:60} INFO - Started process 40052 to run task
[2026-02-10T10:00:51.886+0000] {standard_task_runner.py:87} INFO - Running: ['***', 'tasks', 'run', 'ecommerce_etl_v2', 'load_products', 'manual__2026-02-10T10:00:49.771923+00:00', '--job-id', '1016', '--raw', '--subdir', 'DAGS_FOLDER/etl_dag.py', '--cfg-path', '/tmp/tmpyqnta431']
[2026-02-10T10:00:51.892+0000] {standard_task_runner.py:88} INFO - Job 1016: Subtask load_products
[2026-02-10T10:00:51.975+0000] {task_command.py:423} INFO - Running <TaskInstance: ecommerce_etl_v2.load_products manual__2026-02-10T10:00:49.771923+00:00 [running]> on host 8e292c18926b
[2026-02-10T10:00:52.040+0000] {taskinstance.py:2480} INFO - Exporting env vars: AIRFLOW_CTX_DAG_EMAIL='data-team@company.com' AIRFLOW_CTX_DAG_OWNER='data_engineering' AIRFLOW_CTX_DAG_ID='ecommerce_etl_v2' AIRFLOW_CTX_TASK_ID='load_products' AIRFLOW_CTX_EXECUTION_DATE='2026-02-10T10:00:49.771923+00:00' AIRFLOW_CTX_TRY_NUMBER='1' AIRFLOW_CTX_DAG_RUN_ID='manual__2026-02-10T10:00:49.771923+00:00'
[2026-02-10T10:00:52.041+0000] {taskinstance.py:2698} ERROR - Task failed with exception
Traceback (most recent call last):
  File "/home/airflow/.local/lib/python3.8/site-packages/airflow/models/taskinstance.py", line 433, in _execute_task
    result = execute_callable(context=context, **execute_callable_kwargs)
  File "/home/airflow/.local/lib/python3.8/site-packages/airflow/operators/python.py", line 199, in execute
    return_value = self.execute_callable()
  File "/home/airflow/.local/lib/python3.8/site-packages/airflow/operators/python.py", line 216, in execute_callable
    return self.python_callable(*self.op_args, **self.op_kwargs)
  File "/opt/airflow/dags/etl_dag.py", line 73, in load_bronze_with_ingestion_date
    client = bigquery.Client(project=project_id)
NameError: name 'bigquery' is not defined
[2026-02-10T10:00:52.050+0000] {taskinstance.py:1138} INFO - Marking task as UP_FOR_RETRY. dag_id=ecommerce_etl_v2, task_id=load_products, execution_date=20260210T100049, start_date=20260210T100051, end_date=20260210T100052
[2026-02-10T10:00:52.060+0000] {standard_task_runner.py:107} ERROR - Failed to execute job 1016 for task load_products (name 'bigquery' is not defined; 40052)
[2026-02-10T10:00:52.097+0000] {local_task_job_runner.py:234} INFO - Task exited with return code 1
[2026-02-10T10:00:52.136+0000] {taskinstance.py:3280} INFO - 0 downstream tasks scheduled from follow-on schedule check
