[2026-02-09T01:24:15.828+0000] {taskinstance.py:1956} INFO - Dependencies all met for dep_context=non-requeueable deps ti=<TaskInstance: ecommerce_etl_v2.bronze_layer.load_order_items manual__2026-02-09T01:10:13.959737+00:00 [queued]>
[2026-02-09T01:24:15.836+0000] {taskinstance.py:1956} INFO - Dependencies all met for dep_context=requeueable deps ti=<TaskInstance: ecommerce_etl_v2.bronze_layer.load_order_items manual__2026-02-09T01:10:13.959737+00:00 [queued]>
[2026-02-09T01:24:15.837+0000] {taskinstance.py:2170} INFO - Starting attempt 3 of 5
[2026-02-09T01:24:15.845+0000] {taskinstance.py:2191} INFO - Executing <Task(PythonOperator): bronze_layer.load_order_items> on 2026-02-09 01:10:13.959737+00:00
[2026-02-09T01:24:15.850+0000] {standard_task_runner.py:60} INFO - Started process 39901 to run task
[2026-02-09T01:24:15.853+0000] {standard_task_runner.py:87} INFO - Running: ['***', 'tasks', 'run', 'ecommerce_etl_v2', 'bronze_layer.load_order_items', 'manual__2026-02-09T01:10:13.959737+00:00', '--job-id', '1202', '--raw', '--subdir', 'DAGS_FOLDER/etl_dag.py', '--cfg-path', '/tmp/tmpnxak6v1_']
[2026-02-09T01:24:15.855+0000] {standard_task_runner.py:88} INFO - Job 1202: Subtask bronze_layer.load_order_items
[2026-02-09T01:24:15.883+0000] {task_command.py:423} INFO - Running <TaskInstance: ecommerce_etl_v2.bronze_layer.load_order_items manual__2026-02-09T01:10:13.959737+00:00 [running]> on host 52b3fbe2fc57
[2026-02-09T01:24:15.910+0000] {logging_mixin.py:188} WARNING - /home/***/.local/lib/python3.8/site-packages/***/utils/context.py:207 AirflowContextDeprecationWarning: Accessing 'execution_date' from the template is deprecated and will be removed in a future version. Please use 'data_interval_start' or 'logical_date' instead.
[2026-02-09T01:24:15.927+0000] {taskinstance.py:2480} INFO - Exporting env vars: AIRFLOW_CTX_DAG_EMAIL='data-team@company.com' AIRFLOW_CTX_DAG_OWNER='data_engineering' AIRFLOW_CTX_DAG_ID='ecommerce_etl_v2' AIRFLOW_CTX_TASK_ID='bronze_layer.load_order_items' AIRFLOW_CTX_EXECUTION_DATE='2026-02-09T01:10:13.959737+00:00' AIRFLOW_CTX_TRY_NUMBER='3' AIRFLOW_CTX_DAG_RUN_ID='manual__2026-02-09T01:10:13.959737+00:00'
[2026-02-09T01:24:24.297+0000] {taskinstance.py:2698} ERROR - Task failed with exception
Traceback (most recent call last):
  File "/home/airflow/.local/lib/python3.8/site-packages/airflow/models/taskinstance.py", line 433, in _execute_task
    result = execute_callable(context=context, **execute_callable_kwargs)
  File "/home/airflow/.local/lib/python3.8/site-packages/airflow/operators/python.py", line 199, in execute
    return_value = self.execute_callable()
  File "/home/airflow/.local/lib/python3.8/site-packages/airflow/operators/python.py", line 216, in execute_callable
    return self.python_callable(*self.op_args, **self.op_kwargs)
  File "/opt/airflow/dags/etl_dag.py", line 125, in load_bronze_with_ingestion_date
    df.to_gbq(
  File "/home/airflow/.local/lib/python3.8/site-packages/pandas/core/frame.py", line 2088, in to_gbq
    gbq.to_gbq(
  File "/home/airflow/.local/lib/python3.8/site-packages/pandas/io/gbq.py", line 215, in to_gbq
    pandas_gbq.to_gbq(
  File "/home/airflow/.local/lib/python3.8/site-packages/pandas_gbq/gbq.py", line 1238, in to_gbq
    connector.load_data(
  File "/home/airflow/.local/lib/python3.8/site-packages/pandas_gbq/gbq.py", line 604, in load_data
    chunks = load.load_chunks(
  File "/home/airflow/.local/lib/python3.8/site-packages/pandas_gbq/load.py", line 243, in load_chunks
    load_parquet(
  File "/home/airflow/.local/lib/python3.8/site-packages/pandas_gbq/load.py", line 131, in load_parquet
    client.load_table_from_dataframe(
  File "/home/airflow/.local/lib/python3.8/site-packages/google/cloud/bigquery/client.py", line 2696, in load_table_from_dataframe
    _pandas_helpers.dataframe_to_parquet(
  File "/home/airflow/.local/lib/python3.8/site-packages/google/cloud/bigquery/_pandas_helpers.py", line 651, in dataframe_to_parquet
    arrow_table = dataframe_to_arrow(dataframe, bq_schema)
  File "/home/airflow/.local/lib/python3.8/site-packages/google/cloud/bigquery/_pandas_helpers.py", line 594, in dataframe_to_arrow
    bq_to_arrow_array(get_column_or_index(dataframe, bq_field.name), bq_field)
  File "/home/airflow/.local/lib/python3.8/site-packages/google/cloud/bigquery/_pandas_helpers.py", line 309, in bq_to_arrow_array
    return pyarrow.Array.from_pandas(series, type=arrow_type)
  File "pyarrow/array.pxi", line 1116, in pyarrow.lib.Array.from_pandas
  File "pyarrow/array.pxi", line 340, in pyarrow.lib.array
  File "pyarrow/array.pxi", line 86, in pyarrow.lib._ndarray_to_array
  File "pyarrow/error.pxi", line 91, in pyarrow.lib.check_status
pyarrow.lib.ArrowTypeError: object of type <class 'str'> cannot be converted to int
[2026-02-09T01:24:24.306+0000] {taskinstance.py:1138} INFO - Marking task as UP_FOR_RETRY. dag_id=ecommerce_etl_v2, task_id=bronze_layer.load_order_items, execution_date=20260209T011013, start_date=20260209T012415, end_date=20260209T012424
[2026-02-09T01:24:24.313+0000] {standard_task_runner.py:107} ERROR - Failed to execute job 1202 for task bronze_layer.load_order_items (object of type <class 'str'> cannot be converted to int; 39901)
[2026-02-09T01:24:24.335+0000] {local_task_job_runner.py:234} INFO - Task exited with return code 1
[2026-02-09T01:24:24.346+0000] {taskinstance.py:3280} INFO - 0 downstream tasks scheduled from follow-on schedule check
