[2026-02-08T17:00:37.497+0000] {taskinstance.py:1956} INFO - Dependencies all met for dep_context=non-requeueable deps ti=<TaskInstance: ecommerce_etl.gold_dim_time manual__2026-02-08T15:37:02.081199+00:00 [queued]>
[2026-02-08T17:00:37.506+0000] {taskinstance.py:1956} INFO - Dependencies all met for dep_context=requeueable deps ti=<TaskInstance: ecommerce_etl.gold_dim_time manual__2026-02-08T15:37:02.081199+00:00 [queued]>
[2026-02-08T17:00:37.507+0000] {taskinstance.py:2170} INFO - Starting attempt 5 of 6
[2026-02-08T17:00:37.526+0000] {taskinstance.py:2191} INFO - Executing <Task(BigQueryInsertJobOperator): gold_dim_time> on 2026-02-08 15:37:02.081199+00:00
[2026-02-08T17:00:37.531+0000] {standard_task_runner.py:60} INFO - Started process 4790 to run task
[2026-02-08T17:00:37.535+0000] {standard_task_runner.py:87} INFO - Running: ['***', 'tasks', 'run', 'ecommerce_etl', 'gold_dim_time', 'manual__2026-02-08T15:37:02.081199+00:00', '--job-id', '503', '--raw', '--subdir', 'DAGS_FOLDER/etl_dag.py', '--cfg-path', '/tmp/tmpa87k_cxc']
[2026-02-08T17:00:37.538+0000] {standard_task_runner.py:88} INFO - Job 503: Subtask gold_dim_time
[2026-02-08T17:00:37.577+0000] {task_command.py:423} INFO - Running <TaskInstance: ecommerce_etl.gold_dim_time manual__2026-02-08T15:37:02.081199+00:00 [running]> on host 052c3b514c1c
[2026-02-08T17:00:37.625+0000] {taskinstance.py:2480} INFO - Exporting env vars: AIRFLOW_CTX_DAG_OWNER='***' AIRFLOW_CTX_DAG_ID='ecommerce_etl' AIRFLOW_CTX_TASK_ID='gold_dim_time' AIRFLOW_CTX_EXECUTION_DATE='2026-02-08T15:37:02.081199+00:00' AIRFLOW_CTX_TRY_NUMBER='5' AIRFLOW_CTX_DAG_RUN_ID='manual__2026-02-08T15:37:02.081199+00:00'
[2026-02-08T17:00:37.630+0000] {connection.py:234} WARNING - Connection schemes (type: google_cloud_platform) shall not contain '_' according to RFC3986.
[2026-02-08T17:00:37.630+0000] {base.py:83} INFO - Using connection ID 'google_cloud_default' for task execution.
[2026-02-08T17:00:37.631+0000] {credentials_provider.py:353} INFO - Getting connection using `google.auth.default()` since no explicit credentials are provided.
[2026-02-08T17:00:37.671+0000] {bigquery.py:2807} INFO - Executing: {'query': {'query': '-- Dim_Time\nCREATE TABLE IF NOT EXISTS prism-486509.gold.Dim_Time (\n  time_sk INT64 NOT NULL OPTIONS(description="Surrogate Key for Time Dimension (HHMMSS)"),\n  full_time TIME NOT NULL OPTIONS(description="Full Time (HH:MI:SS)"),\n  hour INT64 NOT NULL,\n  minute INT64 NOT NULL,\n  second INT64 NOT NULL,\n  ampm STRING NOT NULL OPTIONS(description="AM or PM"),\n  time_bucket STRING OPTIONS(description="Time of day bucket (e.g., Morning, Afternoon, Evening)")\n);', 'useLegacySql': False, 'destinationTable': {'projectId': 'prism-486509', 'datasetId': 'gold', 'tableId': 'dim_time'}, 'writeDisposition': 'WRITE_APPEND', 'queryParameters': [{'name': 'run_date', 'parameterType': {'type': 'DATE'}, 'parameterValue': {'value': '2026-02-08'}}]}}'
[2026-02-08T17:00:37.672+0000] {bigquery.py:1596} INFO - Inserting job ***_ecommerce_etl_gold_dim_time_2026_02_08T15_37_02_081199_00_00_258ac227a33934ce66c544e88f258f49
[2026-02-08T17:00:38.264+0000] {taskinstance.py:2698} ERROR - Task failed with exception
Traceback (most recent call last):
  File "/home/airflow/.local/lib/python3.8/site-packages/airflow/models/taskinstance.py", line 433, in _execute_task
    result = execute_callable(context=context, **execute_callable_kwargs)
  File "/home/airflow/.local/lib/python3.8/site-packages/airflow/providers/google/cloud/operators/bigquery.py", line 2864, in execute
    job.result(timeout=self.result_timeout, retry=self.result_retry)
  File "/home/airflow/.local/lib/python3.8/site-packages/google/cloud/bigquery/job/query.py", line 1595, in result
    do_get_result()
  File "/home/airflow/.local/lib/python3.8/site-packages/google/cloud/bigquery/job/query.py", line 1584, in do_get_result
    super(QueryJob, self).result(retry=retry, timeout=timeout)
  File "/home/airflow/.local/lib/python3.8/site-packages/google/cloud/bigquery/job/base.py", line 971, in result
    return super(_AsyncJob, self).result(timeout=timeout, **kwargs)
  File "/home/airflow/.local/lib/python3.8/site-packages/google/api_core/future/polling.py", line 261, in result
    raise self._exception
google.api_core.exceptions.BadRequest: 400 Cannot set destination table in jobs with DDL statements; reason: invalidQuery, message: Cannot set destination table in jobs with DDL statements

Location: US
Job ID: airflow_ecommerce_etl_gold_dim_time_2026_02_08T15_37_02_081199_00_00_258ac227a33934ce66c544e88f258f49

[2026-02-08T17:00:38.268+0000] {taskinstance.py:1138} INFO - Marking task as UP_FOR_RETRY. dag_id=ecommerce_etl, task_id=gold_dim_time, execution_date=20260208T153702, start_date=20260208T170037, end_date=20260208T170038
[2026-02-08T17:00:38.273+0000] {standard_task_runner.py:107} ERROR - Failed to execute job 503 for task gold_dim_time (400 Cannot set destination table in jobs with DDL statements; reason: invalidQuery, message: Cannot set destination table in jobs with DDL statements

Location: US
Job ID: airflow_ecommerce_etl_gold_dim_time_2026_02_08T15_37_02_081199_00_00_258ac227a33934ce66c544e88f258f49
; 4790)
[2026-02-08T17:00:38.289+0000] {local_task_job_runner.py:234} INFO - Task exited with return code 1
[2026-02-08T17:00:38.297+0000] {taskinstance.py:3280} INFO - 0 downstream tasks scheduled from follow-on schedule check
