[2026-02-09T02:37:32.775+0000] {taskinstance.py:1956} INFO - Dependencies all met for dep_context=non-requeueable deps ti=<TaskInstance: ecommerce_etl_v2.silver_layer.transform_events scheduled__2026-02-08T02:00:00+00:00 [queued]>
[2026-02-09T02:37:32.779+0000] {taskinstance.py:1956} INFO - Dependencies all met for dep_context=requeueable deps ti=<TaskInstance: ecommerce_etl_v2.silver_layer.transform_events scheduled__2026-02-08T02:00:00+00:00 [queued]>
[2026-02-09T02:37:32.780+0000] {taskinstance.py:2170} INFO - Starting attempt 2 of 4
[2026-02-09T02:37:32.788+0000] {taskinstance.py:2191} INFO - Executing <Task(BigQueryInsertJobOperator): silver_layer.transform_events> on 2026-02-08 02:00:00+00:00
[2026-02-09T02:37:32.792+0000] {standard_task_runner.py:60} INFO - Started process 8841 to run task
[2026-02-09T02:37:32.797+0000] {standard_task_runner.py:87} INFO - Running: ['***', 'tasks', 'run', 'ecommerce_etl_v2', 'silver_layer.transform_events', 'scheduled__2026-02-08T02:00:00+00:00', '--job-id', '1432', '--raw', '--subdir', 'DAGS_FOLDER/etl_dag.py', '--cfg-path', '/tmp/tmpbsdp3znt']
[2026-02-09T02:37:32.799+0000] {standard_task_runner.py:88} INFO - Job 1432: Subtask silver_layer.transform_events
[2026-02-09T02:37:32.848+0000] {task_command.py:423} INFO - Running <TaskInstance: ecommerce_etl_v2.silver_layer.transform_events scheduled__2026-02-08T02:00:00+00:00 [running]> on host 707cd2e8ef6b
[2026-02-09T02:37:32.929+0000] {taskinstance.py:2480} INFO - Exporting env vars: AIRFLOW_CTX_DAG_EMAIL='data-team@company.com' AIRFLOW_CTX_DAG_OWNER='data_engineering' AIRFLOW_CTX_DAG_ID='ecommerce_etl_v2' AIRFLOW_CTX_TASK_ID='silver_layer.transform_events' AIRFLOW_CTX_EXECUTION_DATE='2026-02-08T02:00:00+00:00' AIRFLOW_CTX_TRY_NUMBER='2' AIRFLOW_CTX_DAG_RUN_ID='scheduled__2026-02-08T02:00:00+00:00'
[2026-02-09T02:37:32.936+0000] {connection.py:234} WARNING - Connection schemes (type: google_cloud_platform) shall not contain '_' according to RFC3986.
[2026-02-09T02:37:32.937+0000] {base.py:83} INFO - Using connection ID 'google_cloud_default' for task execution.
[2026-02-09T02:37:32.938+0000] {credentials_provider.py:353} INFO - Getting connection using `google.auth.default()` since no explicit credentials are provided.
[2026-02-09T02:37:32.988+0000] {bigquery.py:2807} INFO - Executing: {'query': {'query': "WITH DeduplicatedEvents AS (\n  SELECT\n    *,\n    ROW_NUMBER() OVER(PARTITION BY id, created_at ORDER BY created_at) AS rn\n  FROM\n    `bronze.events`\n  WHERE ingestion_date = @run_date  -- ← key change\n),\nValidatedAndCleanedEvents AS (\n  SELECT\n    id,\n    COALESCE(SAFE_CAST(user_id AS INT64), 0) AS user_id,\n    sequence_number,\n    COALESCE(session_id, 'UNKNOWN') AS session_id,\n    created_at,\n    COALESCE(ip_address, 'UNKNOWN') AS ip_address,\n    COALESCE(city, 'UNKNOWN') AS city,\n    COALESCE(state, 'UNKNOWN') AS state,\n    COALESCE(postal_code, 'UNKNOWN') AS postal_code,\n    COALESCE(browser, 'UNKNOWN') AS browser,\n    COALESCE(traffic_source, 'UNKNOWN') AS traffic_source,\n    COALESCE(uri, 'UNKNOWN') AS uri,\n    COALESCE(event_type, 'UNKNOWN') AS event_type_cleaned,\n\n    CASE WHEN id IS NULL OR id <= 0 THEN FALSE ELSE TRUE END AS is_valid_id,\n    CASE WHEN created_at IS NULL OR created_at > CURRENT_TIMESTAMP() THEN FALSE ELSE TRUE END AS is_valid_created_at,\n    CASE\n      WHEN event_type IN ('page_view', 'add_to_cart', 'purchase', 'login', 'signup', 'checkout') THEN TRUE\n      ELSE FALSE\n    END AS is_known_event_type\n  FROM\n    DeduplicatedEvents\n  WHERE rn = 1\n    AND id IS NOT NULL\n)\nSELECT\n  id,\n  user_id,\n  sequence_number,\n  session_id,\n  created_at,\n  ip_address,\n  city,\n  state,\n  postal_code,\n  browser,\n  traffic_source,\n  uri,\n  event_type_cleaned AS event_type,\n  is_valid_id,\n  is_valid_created_at,\n  is_known_event_type\nFROM\n  ValidatedAndCleanedEvents\nWHERE\n  is_valid_id = TRUE\n  AND is_valid_created_at = TRUE\n  AND is_known_event_type = TRUE;", 'useLegacySql': False, 'destinationTable': {'projectId': 'prism-486509', 'datasetId': 'silver', 'tableId': 'events', 'writeDisposition': 'WRITE_TRUNCATE', 'createDisposition': 'CREATE_IF_NEEDED'}, 'queryParameters': [{'name': 'run_date', 'parameterType': {'type': 'DATE'}, 'parameterValue': {'value': '2026-02-08'}}]}}'
[2026-02-09T02:37:32.990+0000] {bigquery.py:1596} INFO - Inserting job ***_ecommerce_etl_v2_silver_layer_transform_events_2026_02_08T02_00_00_00_00_7460a287f5c58bcf7d93fe4eb2fdc85a
[2026-02-09T02:37:33.400+0000] {taskinstance.py:2698} ERROR - Task failed with exception
Traceback (most recent call last):
  File "/home/airflow/.local/lib/python3.8/site-packages/airflow/models/taskinstance.py", line 433, in _execute_task
    result = execute_callable(context=context, **execute_callable_kwargs)
  File "/home/airflow/.local/lib/python3.8/site-packages/airflow/providers/google/cloud/operators/bigquery.py", line 2864, in execute
    job.result(timeout=self.result_timeout, retry=self.result_retry)
  File "/home/airflow/.local/lib/python3.8/site-packages/google/cloud/bigquery/job/query.py", line 1595, in result
    do_get_result()
  File "/home/airflow/.local/lib/python3.8/site-packages/google/cloud/bigquery/job/query.py", line 1584, in do_get_result
    super(QueryJob, self).result(retry=retry, timeout=timeout)
  File "/home/airflow/.local/lib/python3.8/site-packages/google/cloud/bigquery/job/base.py", line 971, in result
    return super(_AsyncJob, self).result(timeout=timeout, **kwargs)
  File "/home/airflow/.local/lib/python3.8/site-packages/google/api_core/future/polling.py", line 261, in result
    raise self._exception
google.api_core.exceptions.NotFound: 404 Not found: Table prism-486509:bronze.events was not found in location europe-west1; reason: notFound, message: Not found: Table prism-486509:bronze.events was not found in location europe-west1

Location: europe-west1
Job ID: airflow_ecommerce_etl_v2_silver_layer_transform_events_2026_02_08T02_00_00_00_00_7460a287f5c58bcf7d93fe4eb2fdc85a

[2026-02-09T02:37:33.409+0000] {taskinstance.py:1138} INFO - Marking task as UP_FOR_RETRY. dag_id=ecommerce_etl_v2, task_id=silver_layer.transform_events, execution_date=20260208T020000, start_date=20260209T023732, end_date=20260209T023733
[2026-02-09T02:37:33.418+0000] {standard_task_runner.py:107} ERROR - Failed to execute job 1432 for task silver_layer.transform_events (404 Not found: Table prism-486509:bronze.events was not found in location europe-west1; reason: notFound, message: Not found: Table prism-486509:bronze.events was not found in location europe-west1

Location: europe-west1
Job ID: airflow_ecommerce_etl_v2_silver_layer_transform_events_2026_02_08T02_00_00_00_00_7460a287f5c58bcf7d93fe4eb2fdc85a
; 8841)
[2026-02-09T02:37:33.429+0000] {local_task_job_runner.py:234} INFO - Task exited with return code 1
[2026-02-09T02:37:33.442+0000] {taskinstance.py:3280} INFO - 0 downstream tasks scheduled from follow-on schedule check
[2026-02-09T09:47:42.357+0000] {taskinstance.py:1956} INFO - Dependencies all met for dep_context=non-requeueable deps ti=<TaskInstance: ecommerce_etl_v2.silver_layer.transform_events scheduled__2026-02-08T02:00:00+00:00 [queued]>
[2026-02-09T09:47:42.364+0000] {taskinstance.py:1956} INFO - Dependencies all met for dep_context=requeueable deps ti=<TaskInstance: ecommerce_etl_v2.silver_layer.transform_events scheduled__2026-02-08T02:00:00+00:00 [queued]>
[2026-02-09T09:47:42.364+0000] {taskinstance.py:2170} INFO - Starting attempt 2 of 3
[2026-02-09T09:47:42.371+0000] {taskinstance.py:2191} INFO - Executing <Task(BigQueryInsertJobOperator): silver_layer.transform_events> on 2026-02-08 02:00:00+00:00
[2026-02-09T09:47:42.375+0000] {standard_task_runner.py:60} INFO - Started process 19799 to run task
[2026-02-09T09:47:42.379+0000] {standard_task_runner.py:87} INFO - Running: ['***', 'tasks', 'run', 'ecommerce_etl_v2', 'silver_layer.transform_events', 'scheduled__2026-02-08T02:00:00+00:00', '--job-id', '1636', '--raw', '--subdir', 'DAGS_FOLDER/etl_dag.py', '--cfg-path', '/tmp/tmpxw5jjh96']
[2026-02-09T09:47:42.382+0000] {standard_task_runner.py:88} INFO - Job 1636: Subtask silver_layer.transform_events
[2026-02-09T09:47:42.417+0000] {task_command.py:423} INFO - Running <TaskInstance: ecommerce_etl_v2.silver_layer.transform_events scheduled__2026-02-08T02:00:00+00:00 [running]> on host 707cd2e8ef6b
[2026-02-09T09:47:42.460+0000] {taskinstance.py:2480} INFO - Exporting env vars: AIRFLOW_CTX_DAG_EMAIL='data-team@company.com' AIRFLOW_CTX_DAG_OWNER='data_engineering' AIRFLOW_CTX_DAG_ID='ecommerce_etl_v2' AIRFLOW_CTX_TASK_ID='silver_layer.transform_events' AIRFLOW_CTX_EXECUTION_DATE='2026-02-08T02:00:00+00:00' AIRFLOW_CTX_TRY_NUMBER='2' AIRFLOW_CTX_DAG_RUN_ID='scheduled__2026-02-08T02:00:00+00:00'
[2026-02-09T09:47:42.465+0000] {connection.py:234} WARNING - Connection schemes (type: google_cloud_platform) shall not contain '_' according to RFC3986.
[2026-02-09T09:47:42.465+0000] {base.py:83} INFO - Using connection ID 'google_cloud_default' for task execution.
[2026-02-09T09:47:42.465+0000] {credentials_provider.py:353} INFO - Getting connection using `google.auth.default()` since no explicit credentials are provided.
[2026-02-09T09:47:42.507+0000] {bigquery.py:2807} INFO - Executing: {'query': {'query': "WITH DeduplicatedEvents AS (\n  SELECT\n    *,\n    ROW_NUMBER() OVER(PARTITION BY id, created_at ORDER BY created_at) AS rn\n  FROM\n    `bronze.events`\n  WHERE ingestion_date = @run_date  -- ← key change\n),\nValidatedAndCleanedEvents AS (\n  SELECT\n    id,\n    COALESCE(SAFE_CAST(user_id AS INT64), 0) AS user_id,\n    sequence_number,\n    COALESCE(session_id, 'UNKNOWN') AS session_id,\n    created_at,\n    COALESCE(ip_address, 'UNKNOWN') AS ip_address,\n    COALESCE(city, 'UNKNOWN') AS city,\n    COALESCE(state, 'UNKNOWN') AS state,\n    COALESCE(postal_code, 'UNKNOWN') AS postal_code,\n    COALESCE(browser, 'UNKNOWN') AS browser,\n    COALESCE(traffic_source, 'UNKNOWN') AS traffic_source,\n    COALESCE(uri, 'UNKNOWN') AS uri,\n    COALESCE(event_type, 'UNKNOWN') AS event_type_cleaned,\n\n    CASE WHEN id IS NULL OR id <= 0 THEN FALSE ELSE TRUE END AS is_valid_id,\n    CASE WHEN created_at IS NULL OR created_at > CURRENT_TIMESTAMP() THEN FALSE ELSE TRUE END AS is_valid_created_at,\n    CASE\n      WHEN event_type IN ('page_view', 'add_to_cart', 'purchase', 'login', 'signup', 'checkout') THEN TRUE\n      ELSE FALSE\n    END AS is_known_event_type\n  FROM\n    DeduplicatedEvents\n  WHERE rn = 1\n    AND id IS NOT NULL\n)\nSELECT\n  id,\n  user_id,\n  sequence_number,\n  session_id,\n  created_at,\n  ip_address,\n  city,\n  state,\n  postal_code,\n  browser,\n  traffic_source,\n  uri,\n  event_type_cleaned AS event_type,\n  is_valid_id,\n  is_valid_created_at,\n  is_known_event_type\nFROM\n  ValidatedAndCleanedEvents\nWHERE\n  is_valid_id = TRUE\n  AND is_valid_created_at = TRUE\n  AND is_known_event_type = TRUE;", 'useLegacySql': False, 'destinationTable': {'projectId': 'prism-486509', 'datasetId': 'silver', 'tableId': 'events', 'writeDisposition': 'WRITE_TRUNCATE', 'createDisposition': 'CREATE_IF_NEEDED'}, 'queryParameters': [{'name': 'run_date', 'parameterType': {'type': 'DATE'}, 'parameterValue': {'value': '2026-02-08'}}]}}'
[2026-02-09T09:47:42.508+0000] {bigquery.py:1596} INFO - Inserting job ***_ecommerce_etl_v2_silver_layer_transform_events_2026_02_08T02_00_00_00_00_5bd05645ace76849eabc3d8e03c3c043
[2026-02-09T09:47:42.854+0000] {taskinstance.py:2698} ERROR - Task failed with exception
Traceback (most recent call last):
  File "/home/airflow/.local/lib/python3.8/site-packages/airflow/models/taskinstance.py", line 433, in _execute_task
    result = execute_callable(context=context, **execute_callable_kwargs)
  File "/home/airflow/.local/lib/python3.8/site-packages/airflow/providers/google/cloud/operators/bigquery.py", line 2864, in execute
    job.result(timeout=self.result_timeout, retry=self.result_retry)
  File "/home/airflow/.local/lib/python3.8/site-packages/google/cloud/bigquery/job/query.py", line 1595, in result
    do_get_result()
  File "/home/airflow/.local/lib/python3.8/site-packages/google/cloud/bigquery/job/query.py", line 1584, in do_get_result
    super(QueryJob, self).result(retry=retry, timeout=timeout)
  File "/home/airflow/.local/lib/python3.8/site-packages/google/cloud/bigquery/job/base.py", line 971, in result
    return super(_AsyncJob, self).result(timeout=timeout, **kwargs)
  File "/home/airflow/.local/lib/python3.8/site-packages/google/api_core/future/polling.py", line 261, in result
    raise self._exception
google.api_core.exceptions.NotFound: 404 Not found: Dataset prism-486509:silver was not found in location europe-west1; reason: notFound, message: Not found: Dataset prism-486509:silver was not found in location europe-west1

Location: europe-west1
Job ID: airflow_ecommerce_etl_v2_silver_layer_transform_events_2026_02_08T02_00_00_00_00_5bd05645ace76849eabc3d8e03c3c043

[2026-02-09T09:47:42.859+0000] {taskinstance.py:1138} INFO - Marking task as UP_FOR_RETRY. dag_id=ecommerce_etl_v2, task_id=silver_layer.transform_events, execution_date=20260208T020000, start_date=20260209T094742, end_date=20260209T094742
[2026-02-09T09:47:42.866+0000] {standard_task_runner.py:107} ERROR - Failed to execute job 1636 for task silver_layer.transform_events (404 Not found: Dataset prism-486509:silver was not found in location europe-west1; reason: notFound, message: Not found: Dataset prism-486509:silver was not found in location europe-west1

Location: europe-west1
Job ID: airflow_ecommerce_etl_v2_silver_layer_transform_events_2026_02_08T02_00_00_00_00_5bd05645ace76849eabc3d8e03c3c043
; 19799)
[2026-02-09T09:47:42.897+0000] {local_task_job_runner.py:234} INFO - Task exited with return code 1
[2026-02-09T09:47:42.906+0000] {taskinstance.py:3280} INFO - 0 downstream tasks scheduled from follow-on schedule check
[2026-02-09T10:08:25.562+0000] {taskinstance.py:1956} INFO - Dependencies all met for dep_context=non-requeueable deps ti=<TaskInstance: ecommerce_etl_v2.silver_layer.transform_events scheduled__2026-02-08T02:00:00+00:00 [queued]>
[2026-02-09T10:08:25.568+0000] {taskinstance.py:1956} INFO - Dependencies all met for dep_context=requeueable deps ti=<TaskInstance: ecommerce_etl_v2.silver_layer.transform_events scheduled__2026-02-08T02:00:00+00:00 [queued]>
[2026-02-09T10:08:25.569+0000] {taskinstance.py:2170} INFO - Starting attempt 2 of 3
[2026-02-09T10:08:25.575+0000] {taskinstance.py:2191} INFO - Executing <Task(BigQueryInsertJobOperator): silver_layer.transform_events> on 2026-02-08 02:00:00+00:00
[2026-02-09T10:08:25.578+0000] {standard_task_runner.py:60} INFO - Started process 24163 to run task
[2026-02-09T10:08:25.581+0000] {standard_task_runner.py:87} INFO - Running: ['***', 'tasks', 'run', 'ecommerce_etl_v2', 'silver_layer.transform_events', 'scheduled__2026-02-08T02:00:00+00:00', '--job-id', '1742', '--raw', '--subdir', 'DAGS_FOLDER/etl_dag.py', '--cfg-path', '/tmp/tmpuywwr_pl']
[2026-02-09T10:08:25.582+0000] {standard_task_runner.py:88} INFO - Job 1742: Subtask silver_layer.transform_events
[2026-02-09T10:08:25.607+0000] {task_command.py:423} INFO - Running <TaskInstance: ecommerce_etl_v2.silver_layer.transform_events scheduled__2026-02-08T02:00:00+00:00 [running]> on host 707cd2e8ef6b
[2026-02-09T10:08:25.644+0000] {taskinstance.py:2480} INFO - Exporting env vars: AIRFLOW_CTX_DAG_EMAIL='data-team@company.com' AIRFLOW_CTX_DAG_OWNER='data_engineering' AIRFLOW_CTX_DAG_ID='ecommerce_etl_v2' AIRFLOW_CTX_TASK_ID='silver_layer.transform_events' AIRFLOW_CTX_EXECUTION_DATE='2026-02-08T02:00:00+00:00' AIRFLOW_CTX_TRY_NUMBER='2' AIRFLOW_CTX_DAG_RUN_ID='scheduled__2026-02-08T02:00:00+00:00'
[2026-02-09T10:08:25.648+0000] {connection.py:234} WARNING - Connection schemes (type: google_cloud_platform) shall not contain '_' according to RFC3986.
[2026-02-09T10:08:25.648+0000] {base.py:83} INFO - Using connection ID 'google_cloud_default' for task execution.
[2026-02-09T10:08:25.648+0000] {credentials_provider.py:353} INFO - Getting connection using `google.auth.default()` since no explicit credentials are provided.
[2026-02-09T10:08:25.687+0000] {bigquery.py:2807} INFO - Executing: {'query': {'query': "WITH DeduplicatedEvents AS (\n  SELECT\n    *,\n    ROW_NUMBER() OVER(PARTITION BY id, created_at ORDER BY created_at) AS rn\n  FROM\n    `bronze.events`\n  WHERE ingestion_date = @run_date  -- ← key change\n),\nValidatedAndCleanedEvents AS (\n  SELECT\n    id,\n    COALESCE(SAFE_CAST(user_id AS INT64), 0) AS user_id,\n    sequence_number,\n    COALESCE(session_id, 'UNKNOWN') AS session_id,\n    created_at,\n    COALESCE(ip_address, 'UNKNOWN') AS ip_address,\n    COALESCE(city, 'UNKNOWN') AS city,\n    COALESCE(state, 'UNKNOWN') AS state,\n    COALESCE(postal_code, 'UNKNOWN') AS postal_code,\n    COALESCE(browser, 'UNKNOWN') AS browser,\n    COALESCE(traffic_source, 'UNKNOWN') AS traffic_source,\n    COALESCE(uri, 'UNKNOWN') AS uri,\n    COALESCE(event_type, 'UNKNOWN') AS event_type_cleaned,\n\n    CASE WHEN id IS NULL OR id <= 0 THEN FALSE ELSE TRUE END AS is_valid_id,\n    CASE WHEN created_at IS NULL OR created_at > CURRENT_TIMESTAMP() THEN FALSE ELSE TRUE END AS is_valid_created_at,\n    CASE\n      WHEN event_type IN ('page_view', 'add_to_cart', 'purchase', 'login', 'signup', 'checkout') THEN TRUE\n      ELSE FALSE\n    END AS is_known_event_type\n  FROM\n    DeduplicatedEvents\n  WHERE rn = 1\n    AND id IS NOT NULL\n)\nSELECT\n  id,\n  user_id,\n  sequence_number,\n  session_id,\n  created_at,\n  ip_address,\n  city,\n  state,\n  postal_code,\n  browser,\n  traffic_source,\n  uri,\n  event_type_cleaned AS event_type,\n  is_valid_id,\n  is_valid_created_at,\n  is_known_event_type\nFROM\n  ValidatedAndCleanedEvents\nWHERE\n  is_valid_id = TRUE\n  AND is_valid_created_at = TRUE\n  AND is_known_event_type = TRUE;", 'useLegacySql': False, 'destinationTable': {'projectId': 'prism-486509', 'datasetId': 'silver', 'tableId': 'events', 'writeDisposition': 'WRITE_TRUNCATE', 'createDisposition': 'CREATE_IF_NEEDED'}, 'queryParameters': [{'name': 'run_date', 'parameterType': {'type': 'DATE'}, 'parameterValue': {'value': '2026-02-08'}}]}}'
[2026-02-09T10:08:25.688+0000] {bigquery.py:1596} INFO - Inserting job ***_ecommerce_etl_v2_silver_layer_transform_events_2026_02_08T02_00_00_00_00_b1c7b4ebc154c86b4b1869c559c3e11c
[2026-02-09T10:08:26.218+0000] {taskinstance.py:2698} ERROR - Task failed with exception
Traceback (most recent call last):
  File "/home/airflow/.local/lib/python3.8/site-packages/airflow/models/taskinstance.py", line 433, in _execute_task
    result = execute_callable(context=context, **execute_callable_kwargs)
  File "/home/airflow/.local/lib/python3.8/site-packages/airflow/providers/google/cloud/operators/bigquery.py", line 2864, in execute
    job.result(timeout=self.result_timeout, retry=self.result_retry)
  File "/home/airflow/.local/lib/python3.8/site-packages/google/cloud/bigquery/job/query.py", line 1595, in result
    do_get_result()
  File "/home/airflow/.local/lib/python3.8/site-packages/google/cloud/bigquery/job/query.py", line 1584, in do_get_result
    super(QueryJob, self).result(retry=retry, timeout=timeout)
  File "/home/airflow/.local/lib/python3.8/site-packages/google/cloud/bigquery/job/base.py", line 971, in result
    return super(_AsyncJob, self).result(timeout=timeout, **kwargs)
  File "/home/airflow/.local/lib/python3.8/site-packages/google/api_core/future/polling.py", line 261, in result
    raise self._exception
google.api_core.exceptions.Conflict: 409 Already Exists: Table prism-486509:silver.events; reason: duplicate, message: Already Exists: Table prism-486509:silver.events

Location: europe-west1
Job ID: airflow_ecommerce_etl_v2_silver_layer_transform_events_2026_02_08T02_00_00_00_00_b1c7b4ebc154c86b4b1869c559c3e11c

[2026-02-09T10:08:26.222+0000] {taskinstance.py:1138} INFO - Marking task as UP_FOR_RETRY. dag_id=ecommerce_etl_v2, task_id=silver_layer.transform_events, execution_date=20260208T020000, start_date=20260209T100825, end_date=20260209T100826
[2026-02-09T10:08:26.228+0000] {standard_task_runner.py:107} ERROR - Failed to execute job 1742 for task silver_layer.transform_events (409 Already Exists: Table prism-486509:silver.events; reason: duplicate, message: Already Exists: Table prism-486509:silver.events

Location: europe-west1
Job ID: airflow_ecommerce_etl_v2_silver_layer_transform_events_2026_02_08T02_00_00_00_00_b1c7b4ebc154c86b4b1869c559c3e11c
; 24163)
[2026-02-09T10:08:26.261+0000] {local_task_job_runner.py:234} INFO - Task exited with return code 1
[2026-02-09T10:08:26.276+0000] {taskinstance.py:3280} INFO - 0 downstream tasks scheduled from follow-on schedule check
