[2026-02-09T11:42:49.118+0000] {taskinstance.py:1956} INFO - Dependencies all met for dep_context=non-requeueable deps ti=<TaskInstance: ecommerce_etl_v2.check_users_loaded manual__2026-02-09T11:31:56.397676+00:00 [queued]>
[2026-02-09T11:42:49.122+0000] {taskinstance.py:1956} INFO - Dependencies all met for dep_context=requeueable deps ti=<TaskInstance: ecommerce_etl_v2.check_users_loaded manual__2026-02-09T11:31:56.397676+00:00 [queued]>
[2026-02-09T11:42:49.123+0000] {taskinstance.py:2170} INFO - Starting attempt 1 of 3
[2026-02-09T11:42:49.128+0000] {taskinstance.py:2191} INFO - Executing <Task(BigQueryCheckOperator): check_users_loaded> on 2026-02-09 11:31:56.397676+00:00
[2026-02-09T11:42:49.131+0000] {standard_task_runner.py:60} INFO - Started process 34497 to run task
[2026-02-09T11:42:49.133+0000] {standard_task_runner.py:87} INFO - Running: ['***', 'tasks', 'run', 'ecommerce_etl_v2', 'check_users_loaded', 'manual__2026-02-09T11:31:56.397676+00:00', '--job-id', '1901', '--raw', '--subdir', 'DAGS_FOLDER/etl_dag.py', '--cfg-path', '/tmp/tmp8wgsohjc']
[2026-02-09T11:42:49.134+0000] {standard_task_runner.py:88} INFO - Job 1901: Subtask check_users_loaded
[2026-02-09T11:42:49.155+0000] {task_command.py:423} INFO - Running <TaskInstance: ecommerce_etl_v2.check_users_loaded manual__2026-02-09T11:31:56.397676+00:00 [running]> on host 707cd2e8ef6b
[2026-02-09T11:42:49.188+0000] {taskinstance.py:2480} INFO - Exporting env vars: AIRFLOW_CTX_DAG_EMAIL='data-team@company.com' AIRFLOW_CTX_DAG_OWNER='data_engineering' AIRFLOW_CTX_DAG_ID='ecommerce_etl_v2' AIRFLOW_CTX_TASK_ID='check_users_loaded' AIRFLOW_CTX_EXECUTION_DATE='2026-02-09T11:31:56.397676+00:00' AIRFLOW_CTX_TRY_NUMBER='1' AIRFLOW_CTX_DAG_RUN_ID='manual__2026-02-09T11:31:56.397676+00:00'
[2026-02-09T11:42:49.189+0000] {sql.py:785} INFO - Executing SQL check: 
                SELECT COUNT(*) > 0
                FROM `prism-486509.bronze.users`
            
[2026-02-09T11:42:49.192+0000] {connection.py:234} WARNING - Connection schemes (type: google_cloud_platform) shall not contain '_' according to RFC3986.
[2026-02-09T11:42:49.193+0000] {base.py:83} INFO - Using connection ID 'google_cloud_default' for task execution.
[2026-02-09T11:42:49.193+0000] {credentials_provider.py:353} INFO - Getting connection using `google.auth.default()` since no explicit credentials are provided.
[2026-02-09T11:42:49.233+0000] {sql.py:450} INFO - Running statement: 
                SELECT COUNT(*) > 0
                FROM `prism-486509.bronze.users`
            , parameters: None
[2026-02-09T11:42:49.234+0000] {bigquery.py:1596} INFO - Inserting job ***_1770637369233887_0607e6378de18301b8c823d9936d8c58
[2026-02-09T11:42:50.103+0000] {sql.py:788} INFO - Record: [True]
[2026-02-09T11:42:50.104+0000] {sql.py:796} INFO - Success.
[2026-02-09T11:42:50.116+0000] {taskinstance.py:1138} INFO - Marking task as SUCCESS. dag_id=ecommerce_etl_v2, task_id=check_users_loaded, execution_date=20260209T113156, start_date=20260209T114249, end_date=20260209T114250
[2026-02-09T11:42:50.138+0000] {local_task_job_runner.py:234} INFO - Task exited with return code 0
[2026-02-09T11:42:50.166+0000] {taskinstance.py:3280} INFO - 1 downstream tasks scheduled from follow-on schedule check
