[2026-02-08T21:45:57.462+0000] {taskinstance.py:1956} INFO - Dependencies all met for dep_context=non-requeueable deps ti=<TaskInstance: ecommerce_etl_v2.silver_layer.check_events_transformed manual__2026-02-08T21:39:44.580516+00:00 [queued]>
[2026-02-08T21:45:57.467+0000] {taskinstance.py:1956} INFO - Dependencies all met for dep_context=requeueable deps ti=<TaskInstance: ecommerce_etl_v2.silver_layer.check_events_transformed manual__2026-02-08T21:39:44.580516+00:00 [queued]>
[2026-02-08T21:45:57.467+0000] {taskinstance.py:2170} INFO - Starting attempt 2 of 4
[2026-02-08T21:45:57.472+0000] {taskinstance.py:2191} INFO - Executing <Task(BigQueryCheckOperator): silver_layer.check_events_transformed> on 2026-02-08 21:39:44.580516+00:00
[2026-02-08T21:45:57.476+0000] {standard_task_runner.py:60} INFO - Started process 18470 to run task
[2026-02-08T21:45:57.478+0000] {standard_task_runner.py:87} INFO - Running: ['***', 'tasks', 'run', 'ecommerce_etl_v2', 'silver_layer.check_events_transformed', 'manual__2026-02-08T21:39:44.580516+00:00', '--job-id', '949', '--raw', '--subdir', 'DAGS_FOLDER/etl_dag.py', '--cfg-path', '/tmp/tmpxdzfyjcl']
[2026-02-08T21:45:57.479+0000] {standard_task_runner.py:88} INFO - Job 949: Subtask silver_layer.check_events_transformed
[2026-02-08T21:45:57.501+0000] {task_command.py:423} INFO - Running <TaskInstance: ecommerce_etl_v2.silver_layer.check_events_transformed manual__2026-02-08T21:39:44.580516+00:00 [running]> on host 52b3fbe2fc57
[2026-02-08T21:45:57.536+0000] {taskinstance.py:2480} INFO - Exporting env vars: AIRFLOW_CTX_DAG_EMAIL='data-team@company.com' AIRFLOW_CTX_DAG_OWNER='data_engineering' AIRFLOW_CTX_DAG_ID='ecommerce_etl_v2' AIRFLOW_CTX_TASK_ID='silver_layer.check_events_transformed' AIRFLOW_CTX_EXECUTION_DATE='2026-02-08T21:39:44.580516+00:00' AIRFLOW_CTX_TRY_NUMBER='2' AIRFLOW_CTX_DAG_RUN_ID='manual__2026-02-08T21:39:44.580516+00:00'
[2026-02-08T21:45:57.537+0000] {sql.py:785} INFO - Executing SQL check: 
                    SELECT COUNT(*) > 0
                    FROM `prism-486509.silver.events`
                 
                
[2026-02-08T21:45:57.540+0000] {connection.py:234} WARNING - Connection schemes (type: google_cloud_platform) shall not contain '_' according to RFC3986.
[2026-02-08T21:45:57.541+0000] {base.py:83} INFO - Using connection ID 'google_cloud_default' for task execution.
[2026-02-08T21:45:57.541+0000] {credentials_provider.py:353} INFO - Getting connection using `google.auth.default()` since no explicit credentials are provided.
[2026-02-08T21:45:57.581+0000] {sql.py:450} INFO - Running statement: 
                    SELECT COUNT(*) > 0
                    FROM `prism-486509.silver.events`
                 
                , parameters: None
[2026-02-08T21:45:57.582+0000] {bigquery.py:1596} INFO - Inserting job ***_1770587157582182_bdafbbbecfa937f5d6c684bbc89bfe83
[2026-02-08T21:45:58.550+0000] {sql.py:788} INFO - Record: [False]
[2026-02-08T21:45:58.561+0000] {taskinstance.py:2698} ERROR - Task failed with exception
Traceback (most recent call last):
  File "/home/airflow/.local/lib/python3.8/site-packages/airflow/models/taskinstance.py", line 433, in _execute_task
    result = execute_callable(context=context, **execute_callable_kwargs)
  File "/home/airflow/.local/lib/python3.8/site-packages/airflow/providers/google/cloud/operators/bigquery.py", line 300, in execute
    super().execute(context=context)
  File "/home/airflow/.local/lib/python3.8/site-packages/airflow/providers/common/sql/operators/sql.py", line 794, in execute
    self._raise_exception(f"Test failed.\nQuery:\n{self.sql}\nResults:\n{records!s}")
  File "/home/airflow/.local/lib/python3.8/site-packages/airflow/providers/common/sql/operators/sql.py", line 192, in _raise_exception
    raise AirflowException(exception_string)
airflow.exceptions.AirflowException: Test failed.
Query:

                    SELECT COUNT(*) > 0
                    FROM `prism-486509.silver.events`
                 
                
Results:
[False]
[2026-02-08T21:45:58.564+0000] {taskinstance.py:1138} INFO - Marking task as UP_FOR_RETRY. dag_id=ecommerce_etl_v2, task_id=silver_layer.check_events_transformed, execution_date=20260208T213944, start_date=20260208T214557, end_date=20260208T214558
[2026-02-08T21:45:58.576+0000] {standard_task_runner.py:107} ERROR - Failed to execute job 949 for task silver_layer.check_events_transformed (Test failed.
Query:

                    SELECT COUNT(*) > 0
                    FROM `prism-486509.silver.events`
                 
                
Results:
[False]; 18470)
[2026-02-08T21:45:58.607+0000] {local_task_job_runner.py:234} INFO - Task exited with return code 1
[2026-02-08T21:45:58.622+0000] {taskinstance.py:3280} INFO - 0 downstream tasks scheduled from follow-on schedule check
