[2026-02-09T02:03:41.958+0000] {taskinstance.py:1956} INFO - Dependencies all met for dep_context=non-requeueable deps ti=<TaskInstance: ecommerce_etl_v2.bronze_layer.load_events manual__2026-02-09T01:10:13.959737+00:00 [queued]>
[2026-02-09T02:03:41.964+0000] {taskinstance.py:1956} INFO - Dependencies all met for dep_context=requeueable deps ti=<TaskInstance: ecommerce_etl_v2.bronze_layer.load_events manual__2026-02-09T01:10:13.959737+00:00 [queued]>
[2026-02-09T02:03:41.965+0000] {taskinstance.py:2170} INFO - Starting attempt 16 of 18
[2026-02-09T02:03:41.973+0000] {taskinstance.py:2191} INFO - Executing <Task(PythonOperator): bronze_layer.load_events> on 2026-02-09 01:10:13.959737+00:00
[2026-02-09T02:03:41.978+0000] {standard_task_runner.py:60} INFO - Started process 3731 to run task
[2026-02-09T02:03:41.980+0000] {standard_task_runner.py:87} INFO - Running: ['***', 'tasks', 'run', 'ecommerce_etl_v2', 'bronze_layer.load_events', 'manual__2026-02-09T01:10:13.959737+00:00', '--job-id', '1338', '--raw', '--subdir', 'DAGS_FOLDER/etl_dag.py', '--cfg-path', '/tmp/tmpi6ff5fgo']
[2026-02-09T02:03:41.982+0000] {standard_task_runner.py:88} INFO - Job 1338: Subtask bronze_layer.load_events
[2026-02-09T02:03:42.009+0000] {task_command.py:423} INFO - Running <TaskInstance: ecommerce_etl_v2.bronze_layer.load_events manual__2026-02-09T01:10:13.959737+00:00 [running]> on host 707cd2e8ef6b
[2026-02-09T02:03:42.036+0000] {logging_mixin.py:188} WARNING - /home/***/.local/lib/python3.8/site-packages/***/utils/context.py:207 AirflowContextDeprecationWarning: Accessing 'execution_date' from the template is deprecated and will be removed in a future version. Please use 'data_interval_start' or 'logical_date' instead.
[2026-02-09T02:03:42.053+0000] {taskinstance.py:2480} INFO - Exporting env vars: AIRFLOW_CTX_DAG_EMAIL='data-team@company.com' AIRFLOW_CTX_DAG_OWNER='data_engineering' AIRFLOW_CTX_DAG_ID='ecommerce_etl_v2' AIRFLOW_CTX_TASK_ID='bronze_layer.load_events' AIRFLOW_CTX_EXECUTION_DATE='2026-02-09T01:10:13.959737+00:00' AIRFLOW_CTX_TRY_NUMBER='16' AIRFLOW_CTX_DAG_RUN_ID='manual__2026-02-09T01:10:13.959737+00:00'
[2026-02-09T02:04:29.211+0000] {logging_mixin.py:188} INFO - shalini
[2026-02-09T02:04:29.211+0000] {logging_mixin.py:188} INFO - 2026-02-09
[2026-02-09T02:04:29.651+0000] {taskinstance.py:2698} ERROR - Task failed with exception
Traceback (most recent call last):
  File "/home/airflow/.local/lib/python3.8/site-packages/airflow/models/taskinstance.py", line 433, in _execute_task
    result = execute_callable(context=context, **execute_callable_kwargs)
  File "/home/airflow/.local/lib/python3.8/site-packages/airflow/operators/python.py", line 199, in execute
    return_value = self.execute_callable()
  File "/home/airflow/.local/lib/python3.8/site-packages/airflow/operators/python.py", line 216, in execute_callable
    return self.python_callable(*self.op_args, **self.op_kwargs)
  File "/opt/airflow/dags/etl_dag.py", line 138, in load_bronze_with_ingestion_date
    df.to_gbq(
  File "/home/airflow/.local/lib/python3.8/site-packages/pandas/core/frame.py", line 2088, in to_gbq
    gbq.to_gbq(
  File "/home/airflow/.local/lib/python3.8/site-packages/pandas/io/gbq.py", line 215, in to_gbq
    pandas_gbq.to_gbq(
  File "/home/airflow/.local/lib/python3.8/site-packages/pandas_gbq/gbq.py", line 1238, in to_gbq
    connector.load_data(
  File "/home/airflow/.local/lib/python3.8/site-packages/pandas_gbq/gbq.py", line 604, in load_data
    chunks = load.load_chunks(
  File "/home/airflow/.local/lib/python3.8/site-packages/pandas_gbq/load.py", line 243, in load_chunks
    load_parquet(
  File "/home/airflow/.local/lib/python3.8/site-packages/pandas_gbq/load.py", line 131, in load_parquet
    client.load_table_from_dataframe(
  File "/home/airflow/.local/lib/python3.8/site-packages/google/cloud/bigquery/client.py", line 2696, in load_table_from_dataframe
    _pandas_helpers.dataframe_to_parquet(
  File "/home/airflow/.local/lib/python3.8/site-packages/google/cloud/bigquery/_pandas_helpers.py", line 651, in dataframe_to_parquet
    arrow_table = dataframe_to_arrow(dataframe, bq_schema)
  File "/home/airflow/.local/lib/python3.8/site-packages/google/cloud/bigquery/_pandas_helpers.py", line 594, in dataframe_to_arrow
    bq_to_arrow_array(get_column_or_index(dataframe, bq_field.name), bq_field)
  File "/home/airflow/.local/lib/python3.8/site-packages/google/cloud/bigquery/_pandas_helpers.py", line 309, in bq_to_arrow_array
    return pyarrow.Array.from_pandas(series, type=arrow_type)
  File "pyarrow/array.pxi", line 1116, in pyarrow.lib.Array.from_pandas
  File "pyarrow/array.pxi", line 340, in pyarrow.lib.array
  File "pyarrow/array.pxi", line 86, in pyarrow.lib._ndarray_to_array
  File "pyarrow/error.pxi", line 91, in pyarrow.lib.check_status
pyarrow.lib.ArrowTypeError: object of type <class 'str'> cannot be converted to int
[2026-02-09T02:04:29.658+0000] {taskinstance.py:1138} INFO - Marking task as UP_FOR_RETRY. dag_id=ecommerce_etl_v2, task_id=bronze_layer.load_events, execution_date=20260209T011013, start_date=20260209T020341, end_date=20260209T020429
[2026-02-09T02:04:29.666+0000] {standard_task_runner.py:107} ERROR - Failed to execute job 1338 for task bronze_layer.load_events (object of type <class 'str'> cannot be converted to int; 3731)
[2026-02-09T02:04:29.711+0000] {local_task_job_runner.py:234} INFO - Task exited with return code 1
[2026-02-09T02:04:29.723+0000] {taskinstance.py:3280} INFO - 0 downstream tasks scheduled from follow-on schedule check
