[2026-02-09T02:20:42.799+0000] {taskinstance.py:1956} INFO - Dependencies all met for dep_context=non-requeueable deps ti=<TaskInstance: ecommerce_etl_v2.bronze_layer.load_events manual__2026-02-09T01:10:13.959737+00:00 [queued]>
[2026-02-09T02:20:42.806+0000] {taskinstance.py:1956} INFO - Dependencies all met for dep_context=requeueable deps ti=<TaskInstance: ecommerce_etl_v2.bronze_layer.load_events manual__2026-02-09T01:10:13.959737+00:00 [queued]>
[2026-02-09T02:20:42.806+0000] {taskinstance.py:2170} INFO - Starting attempt 24 of 26
[2026-02-09T02:20:42.813+0000] {taskinstance.py:2191} INFO - Executing <Task(PythonOperator): bronze_layer.load_events> on 2026-02-09 01:10:13.959737+00:00
[2026-02-09T02:20:42.816+0000] {standard_task_runner.py:60} INFO - Started process 5992 to run task
[2026-02-09T02:20:42.819+0000] {standard_task_runner.py:87} INFO - Running: ['***', 'tasks', 'run', 'ecommerce_etl_v2', 'bronze_layer.load_events', 'manual__2026-02-09T01:10:13.959737+00:00', '--job-id', '1376', '--raw', '--subdir', 'DAGS_FOLDER/etl_dag.py', '--cfg-path', '/tmp/tmpqylnjrq9']
[2026-02-09T02:20:42.821+0000] {standard_task_runner.py:88} INFO - Job 1376: Subtask bronze_layer.load_events
[2026-02-09T02:20:42.847+0000] {task_command.py:423} INFO - Running <TaskInstance: ecommerce_etl_v2.bronze_layer.load_events manual__2026-02-09T01:10:13.959737+00:00 [running]> on host 707cd2e8ef6b
[2026-02-09T02:20:42.875+0000] {logging_mixin.py:188} WARNING - /home/***/.local/lib/python3.8/site-packages/***/utils/context.py:207 AirflowContextDeprecationWarning: Accessing 'execution_date' from the template is deprecated and will be removed in a future version. Please use 'data_interval_start' or 'logical_date' instead.
[2026-02-09T02:20:42.892+0000] {taskinstance.py:2480} INFO - Exporting env vars: AIRFLOW_CTX_DAG_EMAIL='data-team@company.com' AIRFLOW_CTX_DAG_OWNER='data_engineering' AIRFLOW_CTX_DAG_ID='ecommerce_etl_v2' AIRFLOW_CTX_TASK_ID='bronze_layer.load_events' AIRFLOW_CTX_EXECUTION_DATE='2026-02-09T01:10:13.959737+00:00' AIRFLOW_CTX_TRY_NUMBER='24' AIRFLOW_CTX_DAG_RUN_ID='manual__2026-02-09T01:10:13.959737+00:00'
[2026-02-09T02:21:33.102+0000] {local_task_job_runner.py:302} WARNING - State of this instance has been externally set to restarting. Terminating instance.
[2026-02-09T02:21:33.103+0000] {process_utils.py:131} INFO - Sending 15 to group 5992. PIDs of all processes in the group: [5992]
[2026-02-09T02:21:33.104+0000] {process_utils.py:86} INFO - Sending the signal 15 to group 5992
[2026-02-09T02:21:33.186+0000] {taskinstance.py:2450} ERROR - Received SIGTERM. Terminating subprocesses.
[2026-02-09T02:21:33.192+0000] {taskinstance.py:2698} ERROR - Task failed with exception
Traceback (most recent call last):
  File "/home/airflow/.local/lib/python3.8/site-packages/airflow/models/taskinstance.py", line 433, in _execute_task
    result = execute_callable(context=context, **execute_callable_kwargs)
  File "/home/airflow/.local/lib/python3.8/site-packages/airflow/operators/python.py", line 199, in execute
    return_value = self.execute_callable()
  File "/home/airflow/.local/lib/python3.8/site-packages/airflow/operators/python.py", line 216, in execute_callable
    return self.python_callable(*self.op_args, **self.op_kwargs)
  File "/opt/airflow/dags/etl_dag.py", line 104, in load_bronze_with_ingestion_date
    pd.to_numeric(df[col], errors="coerce")
  File "/home/airflow/.local/lib/python3.8/site-packages/pandas/core/tools/numeric.py", line 217, in to_numeric
    values, new_mask = lib.maybe_convert_numeric(  # type: ignore[call-overload]  # noqa
  File "/home/airflow/.local/lib/python3.8/site-packages/airflow/models/taskinstance.py", line 2452, in signal_handler
    raise AirflowException("Task received SIGTERM signal")
airflow.exceptions.AirflowException: Task received SIGTERM signal
[2026-02-09T02:21:33.195+0000] {taskinstance.py:1138} INFO - Marking task as UP_FOR_RETRY. dag_id=ecommerce_etl_v2, task_id=bronze_layer.load_events, execution_date=20260209T011013, start_date=20260209T022042, end_date=20260209T022133
[2026-02-09T02:21:33.204+0000] {standard_task_runner.py:107} ERROR - Failed to execute job 1376 for task bronze_layer.load_events (Task received SIGTERM signal; 5992)
[2026-02-09T02:21:33.250+0000] {process_utils.py:79} INFO - Process psutil.Process(pid=5992, status='terminated', exitcode=1, started='02:20:41') (5992) terminated with exit code 1
