[2026-02-09T01:44:34.785+0000] {taskinstance.py:1956} INFO - Dependencies all met for dep_context=non-requeueable deps ti=<TaskInstance: ecommerce_etl_v2.bronze_layer.load_events manual__2026-02-09T01:10:13.959737+00:00 [queued]>
[2026-02-09T01:44:34.792+0000] {taskinstance.py:1956} INFO - Dependencies all met for dep_context=requeueable deps ti=<TaskInstance: ecommerce_etl_v2.bronze_layer.load_events manual__2026-02-09T01:10:13.959737+00:00 [queued]>
[2026-02-09T01:44:34.792+0000] {taskinstance.py:2170} INFO - Starting attempt 10 of 12
[2026-02-09T01:44:34.798+0000] {taskinstance.py:2191} INFO - Executing <Task(PythonOperator): bronze_layer.load_events> on 2026-02-09 01:10:13.959737+00:00
[2026-02-09T01:44:34.801+0000] {standard_task_runner.py:60} INFO - Started process 259 to run task
[2026-02-09T01:44:34.803+0000] {standard_task_runner.py:87} INFO - Running: ['***', 'tasks', 'run', 'ecommerce_etl_v2', 'bronze_layer.load_events', 'manual__2026-02-09T01:10:13.959737+00:00', '--job-id', '1268', '--raw', '--subdir', 'DAGS_FOLDER/etl_dag.py', '--cfg-path', '/tmp/tmpqcvnx5xh']
[2026-02-09T01:44:34.805+0000] {standard_task_runner.py:88} INFO - Job 1268: Subtask bronze_layer.load_events
[2026-02-09T01:44:34.830+0000] {task_command.py:423} INFO - Running <TaskInstance: ecommerce_etl_v2.bronze_layer.load_events manual__2026-02-09T01:10:13.959737+00:00 [running]> on host 707cd2e8ef6b
[2026-02-09T01:44:34.855+0000] {logging_mixin.py:188} WARNING - /home/***/.local/lib/python3.8/site-packages/***/utils/context.py:207 AirflowContextDeprecationWarning: Accessing 'execution_date' from the template is deprecated and will be removed in a future version. Please use 'data_interval_start' or 'logical_date' instead.
[2026-02-09T01:44:34.872+0000] {taskinstance.py:2480} INFO - Exporting env vars: AIRFLOW_CTX_DAG_EMAIL='data-team@company.com' AIRFLOW_CTX_DAG_OWNER='data_engineering' AIRFLOW_CTX_DAG_ID='ecommerce_etl_v2' AIRFLOW_CTX_TASK_ID='bronze_layer.load_events' AIRFLOW_CTX_EXECUTION_DATE='2026-02-09T01:10:13.959737+00:00' AIRFLOW_CTX_TRY_NUMBER='10' AIRFLOW_CTX_DAG_RUN_ID='manual__2026-02-09T01:10:13.959737+00:00'
[2026-02-09T01:44:49.914+0000] {local_task_job_runner.py:302} WARNING - State of this instance has been externally set to restarting. Terminating instance.
[2026-02-09T01:44:49.916+0000] {process_utils.py:131} INFO - Sending 15 to group 259. PIDs of all processes in the group: [259]
[2026-02-09T01:44:49.917+0000] {process_utils.py:86} INFO - Sending the signal 15 to group 259
[2026-02-09T01:44:49.917+0000] {taskinstance.py:2450} ERROR - Received SIGTERM. Terminating subprocesses.
[2026-02-09T01:44:49.961+0000] {taskinstance.py:2698} ERROR - Task failed with exception
Traceback (most recent call last):
  File "/home/airflow/.local/lib/python3.8/site-packages/airflow/models/taskinstance.py", line 433, in _execute_task
    result = execute_callable(context=context, **execute_callable_kwargs)
  File "/home/airflow/.local/lib/python3.8/site-packages/airflow/operators/python.py", line 199, in execute
    return_value = self.execute_callable()
  File "/home/airflow/.local/lib/python3.8/site-packages/airflow/operators/python.py", line 216, in execute_callable
    return self.python_callable(*self.op_args, **self.op_kwargs)
  File "/opt/airflow/dags/etl_dag.py", line 113, in load_bronze_with_ingestion_date
    df = pd.read_csv(
  File "/home/airflow/.local/lib/python3.8/site-packages/pandas/io/parsers/readers.py", line 912, in read_csv
    return _read(filepath_or_buffer, kwds)
  File "/home/airflow/.local/lib/python3.8/site-packages/pandas/io/parsers/readers.py", line 583, in _read
    return parser.read(nrows)
  File "/home/airflow/.local/lib/python3.8/site-packages/pandas/io/parsers/readers.py", line 1704, in read
    ) = self._engine.read(  # type: ignore[attr-defined]
  File "/home/airflow/.local/lib/python3.8/site-packages/pandas/io/parsers/c_parser_wrapper.py", line 234, in read
    chunks = self._reader.read_low_memory(nrows)
  File "pandas/_libs/parsers.pyx", line 814, in pandas._libs.parsers.TextReader.read_low_memory
  File "pandas/_libs/parsers.pyx", line 875, in pandas._libs.parsers.TextReader._read_rows
  File "pandas/_libs/parsers.pyx", line 850, in pandas._libs.parsers.TextReader._tokenize_rows
  File "pandas/_libs/parsers.pyx", line 861, in pandas._libs.parsers.TextReader._check_tokenize_status
  File "pandas/_libs/parsers.pyx", line 2021, in pandas._libs.parsers.raise_parser_error
  File "/home/airflow/.local/lib/python3.8/site-packages/gcsfs/core.py", line 1850, in _fetch_range
    return self.gcsfs.cat_file(self.path, start=start, end=end)
  File "/home/airflow/.local/lib/python3.8/site-packages/fsspec/asyn.py", line 118, in wrapper
    return sync(self.loop, func, *args, **kwargs)
  File "/home/airflow/.local/lib/python3.8/site-packages/fsspec/asyn.py", line 91, in sync
    if event.wait(1):
  File "/usr/local/lib/python3.8/threading.py", line 558, in wait
    signaled = self._cond.wait(timeout)
  File "/usr/local/lib/python3.8/threading.py", line 306, in wait
    gotit = waiter.acquire(True, timeout)
  File "/home/airflow/.local/lib/python3.8/site-packages/airflow/models/taskinstance.py", line 2452, in signal_handler
    raise AirflowException("Task received SIGTERM signal")
airflow.exceptions.AirflowException: Task received SIGTERM signal
[2026-02-09T01:44:49.965+0000] {taskinstance.py:1138} INFO - Marking task as UP_FOR_RETRY. dag_id=ecommerce_etl_v2, task_id=bronze_layer.load_events, execution_date=20260209T011013, start_date=20260209T014434, end_date=20260209T014449
[2026-02-09T01:44:49.973+0000] {standard_task_runner.py:107} ERROR - Failed to execute job 1268 for task bronze_layer.load_events (Task received SIGTERM signal; 259)
[2026-02-09T01:44:50.018+0000] {process_utils.py:79} INFO - Process psutil.Process(pid=259, status='terminated', exitcode=1, started='01:44:33') (259) terminated with exit code 1
