[2026-02-09T01:13:28.750+0000] {taskinstance.py:1956} INFO - Dependencies all met for dep_context=non-requeueable deps ti=<TaskInstance: ecommerce_etl_v2.bronze_layer.load_events manual__2026-02-09T01:10:13.959737+00:00 [queued]>
[2026-02-09T01:13:28.756+0000] {taskinstance.py:1956} INFO - Dependencies all met for dep_context=requeueable deps ti=<TaskInstance: ecommerce_etl_v2.bronze_layer.load_events manual__2026-02-09T01:10:13.959737+00:00 [queued]>
[2026-02-09T01:13:28.757+0000] {taskinstance.py:2170} INFO - Starting attempt 1 of 3
[2026-02-09T01:13:28.765+0000] {taskinstance.py:2191} INFO - Executing <Task(PythonOperator): bronze_layer.load_events> on 2026-02-09 01:10:13.959737+00:00
[2026-02-09T01:13:28.768+0000] {standard_task_runner.py:60} INFO - Started process 38268 to run task
[2026-02-09T01:13:28.771+0000] {standard_task_runner.py:87} INFO - Running: ['***', 'tasks', 'run', 'ecommerce_etl_v2', 'bronze_layer.load_events', 'manual__2026-02-09T01:10:13.959737+00:00', '--job-id', '1174', '--raw', '--subdir', 'DAGS_FOLDER/etl_dag.py', '--cfg-path', '/tmp/tmppyz0ebc7']
[2026-02-09T01:13:28.773+0000] {standard_task_runner.py:88} INFO - Job 1174: Subtask bronze_layer.load_events
[2026-02-09T01:13:28.802+0000] {task_command.py:423} INFO - Running <TaskInstance: ecommerce_etl_v2.bronze_layer.load_events manual__2026-02-09T01:10:13.959737+00:00 [running]> on host 52b3fbe2fc57
[2026-02-09T01:13:28.827+0000] {logging_mixin.py:188} WARNING - /home/***/.local/lib/python3.8/site-packages/***/utils/context.py:207 AirflowContextDeprecationWarning: Accessing 'execution_date' from the template is deprecated and will be removed in a future version. Please use 'data_interval_start' or 'logical_date' instead.
[2026-02-09T01:13:28.850+0000] {taskinstance.py:2480} INFO - Exporting env vars: AIRFLOW_CTX_DAG_EMAIL='data-team@company.com' AIRFLOW_CTX_DAG_OWNER='data_engineering' AIRFLOW_CTX_DAG_ID='ecommerce_etl_v2' AIRFLOW_CTX_TASK_ID='bronze_layer.load_events' AIRFLOW_CTX_EXECUTION_DATE='2026-02-09T01:10:13.959737+00:00' AIRFLOW_CTX_TRY_NUMBER='1' AIRFLOW_CTX_DAG_RUN_ID='manual__2026-02-09T01:10:13.959737+00:00'
[2026-02-09T01:13:33.629+0000] {taskinstance.py:2698} ERROR - Task failed with exception
Traceback (most recent call last):
  File "/home/airflow/.local/lib/python3.8/site-packages/airflow/models/taskinstance.py", line 433, in _execute_task
    result = execute_callable(context=context, **execute_callable_kwargs)
  File "/home/airflow/.local/lib/python3.8/site-packages/airflow/operators/python.py", line 199, in execute
    return_value = self.execute_callable()
  File "/home/airflow/.local/lib/python3.8/site-packages/airflow/operators/python.py", line 216, in execute_callable
    return self.python_callable(*self.op_args, **self.op_kwargs)
  File "/opt/airflow/dags/etl_dag.py", line 108, in load_bronze_with_ingestion_date
    df = pd.read_csv(
  File "/home/airflow/.local/lib/python3.8/site-packages/pandas/io/parsers/readers.py", line 912, in read_csv
    return _read(filepath_or_buffer, kwds)
  File "/home/airflow/.local/lib/python3.8/site-packages/pandas/io/parsers/readers.py", line 583, in _read
    return parser.read(nrows)
  File "/home/airflow/.local/lib/python3.8/site-packages/pandas/io/parsers/readers.py", line 1704, in read
    ) = self._engine.read(  # type: ignore[attr-defined]
  File "/home/airflow/.local/lib/python3.8/site-packages/pandas/io/parsers/c_parser_wrapper.py", line 234, in read
    chunks = self._reader.read_low_memory(nrows)
  File "pandas/_libs/parsers.pyx", line 814, in pandas._libs.parsers.TextReader.read_low_memory
  File "pandas/_libs/parsers.pyx", line 891, in pandas._libs.parsers.TextReader._read_rows
  File "pandas/_libs/parsers.pyx", line 1036, in pandas._libs.parsers.TextReader._convert_column_data
  File "pandas/_libs/parsers.pyx", line 1075, in pandas._libs.parsers.TextReader._convert_tokens
  File "pandas/_libs/parsers.pyx", line 1245, in pandas._libs.parsers.TextReader._convert_with_dtype
TypeError: the dtype datetime64[ns] is not supported for parsing, pass this column using parse_dates instead
[2026-02-09T01:13:33.635+0000] {taskinstance.py:1138} INFO - Marking task as UP_FOR_RETRY. dag_id=ecommerce_etl_v2, task_id=bronze_layer.load_events, execution_date=20260209T011013, start_date=20260209T011328, end_date=20260209T011333
[2026-02-09T01:13:33.641+0000] {standard_task_runner.py:107} ERROR - Failed to execute job 1174 for task bronze_layer.load_events (the dtype datetime64[ns] is not supported for parsing, pass this column using parse_dates instead; 38268)
[2026-02-09T01:13:33.684+0000] {local_task_job_runner.py:234} INFO - Task exited with return code 1
[2026-02-09T01:13:33.698+0000] {taskinstance.py:3280} INFO - 0 downstream tasks scheduled from follow-on schedule check
