[2026-02-08T16:50:40.698+0000] {taskinstance.py:1956} INFO - Dependencies all met for dep_context=non-requeueable deps ti=<TaskInstance: ecommerce_etl.gold_dim_browser manual__2026-02-08T15:37:02.081199+00:00 [queued]>
[2026-02-08T16:50:40.707+0000] {taskinstance.py:1956} INFO - Dependencies all met for dep_context=requeueable deps ti=<TaskInstance: ecommerce_etl.gold_dim_browser manual__2026-02-08T15:37:02.081199+00:00 [queued]>
[2026-02-08T16:50:40.707+0000] {taskinstance.py:2170} INFO - Starting attempt 4 of 4
[2026-02-08T16:50:40.720+0000] {taskinstance.py:2191} INFO - Executing <Task(BigQueryInsertJobOperator): gold_dim_browser> on 2026-02-08 15:37:02.081199+00:00
[2026-02-08T16:50:40.724+0000] {standard_task_runner.py:60} INFO - Started process 3581 to run task
[2026-02-08T16:50:40.731+0000] {standard_task_runner.py:87} INFO - Running: ['***', 'tasks', 'run', 'ecommerce_etl', 'gold_dim_browser', 'manual__2026-02-08T15:37:02.081199+00:00', '--job-id', '477', '--raw', '--subdir', 'DAGS_FOLDER/etl_dag.py', '--cfg-path', '/tmp/tmpuds1xovp']
[2026-02-08T16:50:40.736+0000] {standard_task_runner.py:88} INFO - Job 477: Subtask gold_dim_browser
[2026-02-08T16:50:40.814+0000] {task_command.py:423} INFO - Running <TaskInstance: ecommerce_etl.gold_dim_browser manual__2026-02-08T15:37:02.081199+00:00 [running]> on host 052c3b514c1c
[2026-02-08T16:50:40.924+0000] {taskinstance.py:2480} INFO - Exporting env vars: AIRFLOW_CTX_DAG_OWNER='***' AIRFLOW_CTX_DAG_ID='ecommerce_etl' AIRFLOW_CTX_TASK_ID='gold_dim_browser' AIRFLOW_CTX_EXECUTION_DATE='2026-02-08T15:37:02.081199+00:00' AIRFLOW_CTX_TRY_NUMBER='4' AIRFLOW_CTX_DAG_RUN_ID='manual__2026-02-08T15:37:02.081199+00:00'
[2026-02-08T16:50:40.937+0000] {connection.py:234} WARNING - Connection schemes (type: google_cloud_platform) shall not contain '_' according to RFC3986.
[2026-02-08T16:50:40.939+0000] {base.py:83} INFO - Using connection ID 'google_cloud_default' for task execution.
[2026-02-08T16:50:40.939+0000] {credentials_provider.py:353} INFO - Getting connection using `google.auth.default()` since no explicit credentials are provided.
[2026-02-08T16:50:40.991+0000] {bigquery.py:2807} INFO - Executing: {'query': {'query': 'CREATE TABLE `your_dataset.DIM_BROWSER` (\n  browser_key STRING NOT NULL DEFAULT GENERATE_UUID(),  -- UUID surrogate key\n  browser_name STRING,\n  CONSTRAINT pk_browser_key PRIMARY KEY (browser_key) NOT ENFORCED\n);', 'useLegacySql': False, 'destinationTable': {'projectId': 'prism-486509', 'datasetId': 'gold', 'tableId': 'dim_browser'}, 'writeDisposition': 'WRITE_APPEND', 'queryParameters': [{'name': 'run_date', 'parameterType': {'type': 'DATE'}, 'parameterValue': {'value': '2026-02-08'}}]}}'
[2026-02-08T16:50:40.994+0000] {bigquery.py:1596} INFO - Inserting job ***_ecommerce_etl_gold_dim_browser_2026_02_08T15_37_02_081199_00_00_306fc465eef9bb1d445f44f2172d3e6c
[2026-02-08T16:50:41.670+0000] {taskinstance.py:2698} ERROR - Task failed with exception
Traceback (most recent call last):
  File "/home/airflow/.local/lib/python3.8/site-packages/airflow/models/taskinstance.py", line 433, in _execute_task
    result = execute_callable(context=context, **execute_callable_kwargs)
  File "/home/airflow/.local/lib/python3.8/site-packages/airflow/providers/google/cloud/operators/bigquery.py", line 2864, in execute
    job.result(timeout=self.result_timeout, retry=self.result_retry)
  File "/home/airflow/.local/lib/python3.8/site-packages/google/cloud/bigquery/job/query.py", line 1595, in result
    do_get_result()
  File "/home/airflow/.local/lib/python3.8/site-packages/google/cloud/bigquery/job/query.py", line 1584, in do_get_result
    super(QueryJob, self).result(retry=retry, timeout=timeout)
  File "/home/airflow/.local/lib/python3.8/site-packages/google/cloud/bigquery/job/base.py", line 971, in result
    return super(_AsyncJob, self).result(timeout=timeout, **kwargs)
  File "/home/airflow/.local/lib/python3.8/site-packages/google/api_core/future/polling.py", line 261, in result
    raise self._exception
google.api_core.exceptions.BadRequest: 400 Syntax error: Expected ")" or "," but got keyword DEFAULT at [2:31]; reason: invalidQuery, location: query, message: Syntax error: Expected ")" or "," but got keyword DEFAULT at [2:31]

Location: US
Job ID: airflow_ecommerce_etl_gold_dim_browser_2026_02_08T15_37_02_081199_00_00_306fc465eef9bb1d445f44f2172d3e6c

[2026-02-08T16:50:41.678+0000] {taskinstance.py:1138} INFO - Marking task as FAILED. dag_id=ecommerce_etl, task_id=gold_dim_browser, execution_date=20260208T153702, start_date=20260208T165040, end_date=20260208T165041
[2026-02-08T16:50:41.689+0000] {standard_task_runner.py:107} ERROR - Failed to execute job 477 for task gold_dim_browser (400 Syntax error: Expected ")" or "," but got keyword DEFAULT at [2:31]; reason: invalidQuery, location: query, message: Syntax error: Expected ")" or "," but got keyword DEFAULT at [2:31]

Location: US
Job ID: airflow_ecommerce_etl_gold_dim_browser_2026_02_08T15_37_02_081199_00_00_306fc465eef9bb1d445f44f2172d3e6c
; 3581)
[2026-02-08T16:50:41.716+0000] {local_task_job_runner.py:234} INFO - Task exited with return code 1
[2026-02-08T16:50:41.731+0000] {taskinstance.py:3280} INFO - 0 downstream tasks scheduled from follow-on schedule check
