[2026-02-08T17:10:18.007+0000] {taskinstance.py:1956} INFO - Dependencies all met for dep_context=non-requeueable deps ti=<TaskInstance: ecommerce_etl.gold_dim_browser manual__2026-02-08T15:37:02.081199+00:00 [queued]>
[2026-02-08T17:10:18.011+0000] {taskinstance.py:1956} INFO - Dependencies all met for dep_context=requeueable deps ti=<TaskInstance: ecommerce_etl.gold_dim_browser manual__2026-02-08T15:37:02.081199+00:00 [queued]>
[2026-02-08T17:10:18.012+0000] {taskinstance.py:2170} INFO - Starting attempt 11 of 12
[2026-02-08T17:10:18.017+0000] {taskinstance.py:2191} INFO - Executing <Task(BigQueryInsertJobOperator): gold_dim_browser> on 2026-02-08 15:37:02.081199+00:00
[2026-02-08T17:10:18.020+0000] {standard_task_runner.py:60} INFO - Started process 5902 to run task
[2026-02-08T17:10:18.022+0000] {standard_task_runner.py:87} INFO - Running: ['***', 'tasks', 'run', 'ecommerce_etl', 'gold_dim_browser', 'manual__2026-02-08T15:37:02.081199+00:00', '--job-id', '522', '--raw', '--subdir', 'DAGS_FOLDER/etl_dag.py', '--cfg-path', '/tmp/tmpg5mqcvfq']
[2026-02-08T17:10:18.023+0000] {standard_task_runner.py:88} INFO - Job 522: Subtask gold_dim_browser
[2026-02-08T17:10:18.045+0000] {task_command.py:423} INFO - Running <TaskInstance: ecommerce_etl.gold_dim_browser manual__2026-02-08T15:37:02.081199+00:00 [running]> on host 052c3b514c1c
[2026-02-08T17:10:18.077+0000] {taskinstance.py:2480} INFO - Exporting env vars: AIRFLOW_CTX_DAG_OWNER='***' AIRFLOW_CTX_DAG_ID='ecommerce_etl' AIRFLOW_CTX_TASK_ID='gold_dim_browser' AIRFLOW_CTX_EXECUTION_DATE='2026-02-08T15:37:02.081199+00:00' AIRFLOW_CTX_TRY_NUMBER='11' AIRFLOW_CTX_DAG_RUN_ID='manual__2026-02-08T15:37:02.081199+00:00'
[2026-02-08T17:10:18.082+0000] {connection.py:234} WARNING - Connection schemes (type: google_cloud_platform) shall not contain '_' according to RFC3986.
[2026-02-08T17:10:18.082+0000] {base.py:83} INFO - Using connection ID 'google_cloud_default' for task execution.
[2026-02-08T17:10:18.082+0000] {credentials_provider.py:353} INFO - Getting connection using `google.auth.default()` since no explicit credentials are provided.
[2026-02-08T17:10:18.120+0000] {bigquery.py:2807} INFO - Executing: {'query': {'query': "CREATE OR REPLACE TABLE gold.dim_browser AS\nSELECT\n    GENERATE_UUID() AS browser_key,       -- BigQuery's UUID function\n    browser AS browser_name\nFROM (\n    SELECT DISTINCT browser\n    FROM silver.events   -- assuming you're reading from silver layer\n) AS distinct_browsers;", 'useLegacySql': False, 'destinationTable': {'projectId': 'prism-486509', 'datasetId': 'gold', 'tableId': 'dim_browser'}, 'writeDisposition': 'WRITE_APPEND', 'queryParameters': [{'name': 'run_date', 'parameterType': {'type': 'DATE'}, 'parameterValue': {'value': '2026-02-08'}}]}}'
[2026-02-08T17:10:18.121+0000] {bigquery.py:1596} INFO - Inserting job ***_ecommerce_etl_gold_dim_browser_2026_02_08T15_37_02_081199_00_00_7a49382e7d349a94f59076b95df8bad8
[2026-02-08T17:10:18.469+0000] {taskinstance.py:2698} ERROR - Task failed with exception
Traceback (most recent call last):
  File "/home/airflow/.local/lib/python3.8/site-packages/airflow/models/taskinstance.py", line 433, in _execute_task
    result = execute_callable(context=context, **execute_callable_kwargs)
  File "/home/airflow/.local/lib/python3.8/site-packages/airflow/providers/google/cloud/operators/bigquery.py", line 2864, in execute
    job.result(timeout=self.result_timeout, retry=self.result_retry)
  File "/home/airflow/.local/lib/python3.8/site-packages/google/cloud/bigquery/job/query.py", line 1595, in result
    do_get_result()
  File "/home/airflow/.local/lib/python3.8/site-packages/google/cloud/bigquery/job/query.py", line 1584, in do_get_result
    super(QueryJob, self).result(retry=retry, timeout=timeout)
  File "/home/airflow/.local/lib/python3.8/site-packages/google/cloud/bigquery/job/base.py", line 971, in result
    return super(_AsyncJob, self).result(timeout=timeout, **kwargs)
  File "/home/airflow/.local/lib/python3.8/site-packages/google/api_core/future/polling.py", line 261, in result
    raise self._exception
google.api_core.exceptions.BadRequest: 400 Cannot set destination table in jobs with DDL statements; reason: invalidQuery, message: Cannot set destination table in jobs with DDL statements

Location: europe-west1
Job ID: airflow_ecommerce_etl_gold_dim_browser_2026_02_08T15_37_02_081199_00_00_7a49382e7d349a94f59076b95df8bad8

[2026-02-08T17:10:18.476+0000] {taskinstance.py:1138} INFO - Marking task as UP_FOR_RETRY. dag_id=ecommerce_etl, task_id=gold_dim_browser, execution_date=20260208T153702, start_date=20260208T171018, end_date=20260208T171018
[2026-02-08T17:10:18.482+0000] {standard_task_runner.py:107} ERROR - Failed to execute job 522 for task gold_dim_browser (400 Cannot set destination table in jobs with DDL statements; reason: invalidQuery, message: Cannot set destination table in jobs with DDL statements

Location: europe-west1
Job ID: airflow_ecommerce_etl_gold_dim_browser_2026_02_08T15_37_02_081199_00_00_7a49382e7d349a94f59076b95df8bad8
; 5902)
[2026-02-08T17:10:18.497+0000] {local_task_job_runner.py:234} INFO - Task exited with return code 1
[2026-02-08T17:10:18.507+0000] {taskinstance.py:3280} INFO - 0 downstream tasks scheduled from follow-on schedule check
