[2026-02-19T13:04:06.021+0000] {taskinstance.py:1956} INFO - Dependencies all met for dep_context=non-requeueable deps ti=<TaskInstance: ecommerce_etl_v2.check_orders_loaded scheduled__2026-02-18T13:00:00+00:00 [queued]>
[2026-02-19T13:04:06.027+0000] {taskinstance.py:1956} INFO - Dependencies all met for dep_context=requeueable deps ti=<TaskInstance: ecommerce_etl_v2.check_orders_loaded scheduled__2026-02-18T13:00:00+00:00 [queued]>
[2026-02-19T13:04:06.027+0000] {taskinstance.py:2170} INFO - Starting attempt 1 of 3
[2026-02-19T13:04:06.034+0000] {taskinstance.py:2191} INFO - Executing <Task(BigQueryCheckOperator): check_orders_loaded> on 2026-02-18 13:00:00+00:00
[2026-02-19T13:04:06.037+0000] {standard_task_runner.py:60} INFO - Started process 70900 to run task
[2026-02-19T13:04:06.039+0000] {standard_task_runner.py:87} INFO - Running: ['***', 'tasks', 'run', 'ecommerce_etl_v2', 'check_orders_loaded', 'scheduled__2026-02-18T13:00:00+00:00', '--job-id', '2408', '--raw', '--subdir', 'DAGS_FOLDER/etl_dag.py', '--cfg-path', '/tmp/tmpy7cift5l']
[2026-02-19T13:04:06.041+0000] {standard_task_runner.py:88} INFO - Job 2408: Subtask check_orders_loaded
[2026-02-19T13:04:06.067+0000] {task_command.py:423} INFO - Running <TaskInstance: ecommerce_etl_v2.check_orders_loaded scheduled__2026-02-18T13:00:00+00:00 [running]> on host 89ab86e4d295
[2026-02-19T13:04:06.108+0000] {taskinstance.py:2480} INFO - Exporting env vars: AIRFLOW_CTX_DAG_EMAIL='data-team@company.com' AIRFLOW_CTX_DAG_OWNER='data_engineering' AIRFLOW_CTX_DAG_ID='ecommerce_etl_v2' AIRFLOW_CTX_TASK_ID='check_orders_loaded' AIRFLOW_CTX_EXECUTION_DATE='2026-02-18T13:00:00+00:00' AIRFLOW_CTX_TRY_NUMBER='1' AIRFLOW_CTX_DAG_RUN_ID='scheduled__2026-02-18T13:00:00+00:00'
[2026-02-19T13:04:06.109+0000] {sql.py:785} INFO - Executing SQL check: SELECT COUNT(*) > 0 FROM prism-486509.bronze.orders WHERE ingestion_date = DATE('2026-02-18')
[2026-02-19T13:04:06.113+0000] {connection.py:234} WARNING - Connection schemes (type: google_cloud_platform) shall not contain '_' according to RFC3986.
[2026-02-19T13:04:06.113+0000] {base.py:83} INFO - Using connection ID 'google_cloud_default' for task execution.
[2026-02-19T13:04:06.114+0000] {credentials_provider.py:353} INFO - Getting connection using `google.auth.default()` since no explicit credentials are provided.
[2026-02-19T13:04:06.155+0000] {sql.py:450} INFO - Running statement: SELECT COUNT(*) > 0 FROM prism-486509.bronze.orders WHERE ingestion_date = DATE('2026-02-18'), parameters: None
[2026-02-19T13:04:06.156+0000] {bigquery.py:1596} INFO - Inserting job ***_1771506246155799_8697fc4cb6c00d392aa981cfd71c1b9a
[2026-02-19T13:04:07.118+0000] {sql.py:788} INFO - Record: [True]
[2026-02-19T13:04:07.118+0000] {sql.py:796} INFO - Success.
[2026-02-19T13:04:07.123+0000] {taskinstance.py:1138} INFO - Marking task as SUCCESS. dag_id=ecommerce_etl_v2, task_id=check_orders_loaded, execution_date=20260218T130000, start_date=20260219T130406, end_date=20260219T130407
[2026-02-19T13:04:07.142+0000] {local_task_job_runner.py:234} INFO - Task exited with return code 0
[2026-02-19T13:04:07.162+0000] {taskinstance.py:3280} INFO - 1 downstream tasks scheduled from follow-on schedule check
