[2026-02-10T09:52:19.645+0000] {taskinstance.py:1956} INFO - Dependencies all met for dep_context=non-requeueable deps ti=<TaskInstance: ecommerce_etl_v2.check_orders_loaded manual__2026-02-10T09:45:39.432741+00:00 [queued]>
[2026-02-10T09:52:19.651+0000] {taskinstance.py:1956} INFO - Dependencies all met for dep_context=requeueable deps ti=<TaskInstance: ecommerce_etl_v2.check_orders_loaded manual__2026-02-10T09:45:39.432741+00:00 [queued]>
[2026-02-10T09:52:19.652+0000] {taskinstance.py:2170} INFO - Starting attempt 1 of 3
[2026-02-10T09:52:19.659+0000] {taskinstance.py:2191} INFO - Executing <Task(BigQueryCheckOperator): check_orders_loaded> on 2026-02-10 09:45:39.432741+00:00
[2026-02-10T09:52:19.663+0000] {standard_task_runner.py:60} INFO - Started process 38657 to run task
[2026-02-10T09:52:19.672+0000] {standard_task_runner.py:87} INFO - Running: ['***', 'tasks', 'run', 'ecommerce_etl_v2', 'check_orders_loaded', 'manual__2026-02-10T09:45:39.432741+00:00', '--job-id', '986', '--raw', '--subdir', 'DAGS_FOLDER/etl_dag.py', '--cfg-path', '/tmp/tmpcy6n_345']
[2026-02-10T09:52:19.675+0000] {standard_task_runner.py:88} INFO - Job 986: Subtask check_orders_loaded
[2026-02-10T09:52:19.718+0000] {task_command.py:423} INFO - Running <TaskInstance: ecommerce_etl_v2.check_orders_loaded manual__2026-02-10T09:45:39.432741+00:00 [running]> on host 8e292c18926b
[2026-02-10T09:52:19.763+0000] {taskinstance.py:2480} INFO - Exporting env vars: AIRFLOW_CTX_DAG_EMAIL='data-team@company.com' AIRFLOW_CTX_DAG_OWNER='data_engineering' AIRFLOW_CTX_DAG_ID='ecommerce_etl_v2' AIRFLOW_CTX_TASK_ID='check_orders_loaded' AIRFLOW_CTX_EXECUTION_DATE='2026-02-10T09:45:39.432741+00:00' AIRFLOW_CTX_TRY_NUMBER='1' AIRFLOW_CTX_DAG_RUN_ID='manual__2026-02-10T09:45:39.432741+00:00'
[2026-02-10T09:52:19.764+0000] {sql.py:785} INFO - Executing SQL check: SELECT COUNT(*) > 0 FROM prism-486509.bronze.orders
[2026-02-10T09:52:19.769+0000] {connection.py:234} WARNING - Connection schemes (type: google_cloud_platform) shall not contain '_' according to RFC3986.
[2026-02-10T09:52:19.770+0000] {base.py:83} INFO - Using connection ID 'google_cloud_default' for task execution.
[2026-02-10T09:52:19.770+0000] {credentials_provider.py:353} INFO - Getting connection using `google.auth.default()` since no explicit credentials are provided.
[2026-02-10T09:52:19.817+0000] {sql.py:450} INFO - Running statement: SELECT COUNT(*) > 0 FROM prism-486509.bronze.orders, parameters: None
[2026-02-10T09:52:19.819+0000] {bigquery.py:1596} INFO - Inserting job ***_1770717139818502_cc3371b692693a1d161794972fce61d7
[2026-02-10T09:52:20.859+0000] {sql.py:788} INFO - Record: [True]
[2026-02-10T09:52:20.860+0000] {sql.py:796} INFO - Success.
[2026-02-10T09:52:20.869+0000] {taskinstance.py:1138} INFO - Marking task as SUCCESS. dag_id=ecommerce_etl_v2, task_id=check_orders_loaded, execution_date=20260210T094539, start_date=20260210T095219, end_date=20260210T095220
[2026-02-10T09:52:20.883+0000] {local_task_job_runner.py:234} INFO - Task exited with return code 0
[2026-02-10T09:52:20.924+0000] {taskinstance.py:3280} INFO - 1 downstream tasks scheduled from follow-on schedule check
