[2026-02-19T13:04:05.143+0000] {taskinstance.py:1956} INFO - Dependencies all met for dep_context=non-requeueable deps ti=<TaskInstance: ecommerce_etl_v2.check_products_loaded scheduled__2026-02-18T13:00:00+00:00 [queued]>
[2026-02-19T13:04:05.148+0000] {taskinstance.py:1956} INFO - Dependencies all met for dep_context=requeueable deps ti=<TaskInstance: ecommerce_etl_v2.check_products_loaded scheduled__2026-02-18T13:00:00+00:00 [queued]>
[2026-02-19T13:04:05.148+0000] {taskinstance.py:2170} INFO - Starting attempt 1 of 3
[2026-02-19T13:04:05.155+0000] {taskinstance.py:2191} INFO - Executing <Task(BigQueryCheckOperator): check_products_loaded> on 2026-02-18 13:00:00+00:00
[2026-02-19T13:04:05.158+0000] {standard_task_runner.py:60} INFO - Started process 70871 to run task
[2026-02-19T13:04:05.160+0000] {standard_task_runner.py:87} INFO - Running: ['***', 'tasks', 'run', 'ecommerce_etl_v2', 'check_products_loaded', 'scheduled__2026-02-18T13:00:00+00:00', '--job-id', '2407', '--raw', '--subdir', 'DAGS_FOLDER/etl_dag.py', '--cfg-path', '/tmp/tmpvad49l7t']
[2026-02-19T13:04:05.162+0000] {standard_task_runner.py:88} INFO - Job 2407: Subtask check_products_loaded
[2026-02-19T13:04:05.183+0000] {task_command.py:423} INFO - Running <TaskInstance: ecommerce_etl_v2.check_products_loaded scheduled__2026-02-18T13:00:00+00:00 [running]> on host 89ab86e4d295
[2026-02-19T13:04:05.219+0000] {taskinstance.py:2480} INFO - Exporting env vars: AIRFLOW_CTX_DAG_EMAIL='data-team@company.com' AIRFLOW_CTX_DAG_OWNER='data_engineering' AIRFLOW_CTX_DAG_ID='ecommerce_etl_v2' AIRFLOW_CTX_TASK_ID='check_products_loaded' AIRFLOW_CTX_EXECUTION_DATE='2026-02-18T13:00:00+00:00' AIRFLOW_CTX_TRY_NUMBER='1' AIRFLOW_CTX_DAG_RUN_ID='scheduled__2026-02-18T13:00:00+00:00'
[2026-02-19T13:04:05.220+0000] {sql.py:785} INFO - Executing SQL check: SELECT COUNT(*) > 0 FROM prism-486509.bronze.products WHERE ingestion_date = DATE('2026-02-18')
[2026-02-19T13:04:05.223+0000] {connection.py:234} WARNING - Connection schemes (type: google_cloud_platform) shall not contain '_' according to RFC3986.
[2026-02-19T13:04:05.223+0000] {base.py:83} INFO - Using connection ID 'google_cloud_default' for task execution.
[2026-02-19T13:04:05.224+0000] {credentials_provider.py:353} INFO - Getting connection using `google.auth.default()` since no explicit credentials are provided.
[2026-02-19T13:04:05.264+0000] {sql.py:450} INFO - Running statement: SELECT COUNT(*) > 0 FROM prism-486509.bronze.products WHERE ingestion_date = DATE('2026-02-18'), parameters: None
[2026-02-19T13:04:05.265+0000] {bigquery.py:1596} INFO - Inserting job ***_1771506245264893_921471e6a7a5dd991b1851cf5bbeb1ee
[2026-02-19T13:04:06.260+0000] {sql.py:788} INFO - Record: [True]
[2026-02-19T13:04:06.260+0000] {sql.py:796} INFO - Success.
[2026-02-19T13:04:06.266+0000] {taskinstance.py:1138} INFO - Marking task as SUCCESS. dag_id=ecommerce_etl_v2, task_id=check_products_loaded, execution_date=20260218T130000, start_date=20260219T130405, end_date=20260219T130406
[2026-02-19T13:04:06.318+0000] {local_task_job_runner.py:234} INFO - Task exited with return code 0
[2026-02-19T13:04:06.339+0000] {taskinstance.py:3280} INFO - 1 downstream tasks scheduled from follow-on schedule check
