[2026-02-09T02:44:20.318+0000] {taskinstance.py:1956} INFO - Dependencies all met for dep_context=non-requeueable deps ti=<TaskInstance: ecommerce_etl_v2.bronze_layer.load_events scheduled__2026-02-08T02:00:00+00:00 [queued]>
[2026-02-09T02:44:20.326+0000] {taskinstance.py:1956} INFO - Dependencies all met for dep_context=requeueable deps ti=<TaskInstance: ecommerce_etl_v2.bronze_layer.load_events scheduled__2026-02-08T02:00:00+00:00 [queued]>
[2026-02-09T02:44:20.326+0000] {taskinstance.py:2170} INFO - Starting attempt 1 of 3
[2026-02-09T02:44:20.333+0000] {taskinstance.py:2191} INFO - Executing <Task(PythonOperator): bronze_layer.load_events> on 2026-02-08 02:00:00+00:00
[2026-02-09T02:44:20.337+0000] {standard_task_runner.py:60} INFO - Started process 10166 to run task
[2026-02-09T02:44:20.339+0000] {standard_task_runner.py:87} INFO - Running: ['***', 'tasks', 'run', 'ecommerce_etl_v2', 'bronze_layer.load_events', 'scheduled__2026-02-08T02:00:00+00:00', '--job-id', '1464', '--raw', '--subdir', 'DAGS_FOLDER/etl_dag.py', '--cfg-path', '/tmp/tmp7s5neleb']
[2026-02-09T02:44:20.341+0000] {standard_task_runner.py:88} INFO - Job 1464: Subtask bronze_layer.load_events
[2026-02-09T02:44:20.370+0000] {task_command.py:423} INFO - Running <TaskInstance: ecommerce_etl_v2.bronze_layer.load_events scheduled__2026-02-08T02:00:00+00:00 [running]> on host 707cd2e8ef6b
[2026-02-09T02:44:20.398+0000] {logging_mixin.py:188} WARNING - /home/***/.local/lib/python3.8/site-packages/***/utils/context.py:207 AirflowContextDeprecationWarning: Accessing 'execution_date' from the template is deprecated and will be removed in a future version. Please use 'data_interval_start' or 'logical_date' instead.
[2026-02-09T02:44:20.415+0000] {taskinstance.py:2480} INFO - Exporting env vars: AIRFLOW_CTX_DAG_EMAIL='data-team@company.com' AIRFLOW_CTX_DAG_OWNER='data_engineering' AIRFLOW_CTX_DAG_ID='ecommerce_etl_v2' AIRFLOW_CTX_TASK_ID='bronze_layer.load_events' AIRFLOW_CTX_EXECUTION_DATE='2026-02-08T02:00:00+00:00' AIRFLOW_CTX_TRY_NUMBER='1' AIRFLOW_CTX_DAG_RUN_ID='scheduled__2026-02-08T02:00:00+00:00'
[2026-02-09T02:46:06.135+0000] {logging_mixin.py:188} WARNING -   0%|          | 0/1 [00:00<?, ?it/s]
[2026-02-09T02:46:06.135+0000] {gbq.py:618} INFO - 2431963 out of 2431963 rows loaded.
[2026-02-09T02:46:06.135+0000] {logging_mixin.py:188} WARNING - 100%|##########| 1/1 [00:00<00:00, 5035.18it/s]
[2026-02-09T02:46:06.201+0000] {python.py:201} INFO - Done. Returned value was: None
[2026-02-09T02:46:06.206+0000] {taskinstance.py:1138} INFO - Marking task as SUCCESS. dag_id=ecommerce_etl_v2, task_id=bronze_layer.load_events, execution_date=20260208T020000, start_date=20260209T024420, end_date=20260209T024606
[2026-02-09T02:46:06.274+0000] {local_task_job_runner.py:234} INFO - Task exited with return code 0
[2026-02-09T02:46:06.288+0000] {taskinstance.py:3280} INFO - 1 downstream tasks scheduled from follow-on schedule check
[2026-02-09T09:46:06.222+0000] {taskinstance.py:1956} INFO - Dependencies all met for dep_context=non-requeueable deps ti=<TaskInstance: ecommerce_etl_v2.bronze_layer.load_events scheduled__2026-02-08T02:00:00+00:00 [queued]>
[2026-02-09T09:46:06.228+0000] {taskinstance.py:1956} INFO - Dependencies all met for dep_context=requeueable deps ti=<TaskInstance: ecommerce_etl_v2.bronze_layer.load_events scheduled__2026-02-08T02:00:00+00:00 [queued]>
[2026-02-09T09:46:06.228+0000] {taskinstance.py:2170} INFO - Starting attempt 1 of 3
[2026-02-09T09:46:06.235+0000] {taskinstance.py:2191} INFO - Executing <Task(PythonOperator): bronze_layer.load_events> on 2026-02-08 02:00:00+00:00
[2026-02-09T09:46:06.238+0000] {standard_task_runner.py:60} INFO - Started process 19429 to run task
[2026-02-09T09:46:06.241+0000] {standard_task_runner.py:87} INFO - Running: ['***', 'tasks', 'run', 'ecommerce_etl_v2', 'bronze_layer.load_events', 'scheduled__2026-02-08T02:00:00+00:00', '--job-id', '1627', '--raw', '--subdir', 'DAGS_FOLDER/etl_dag.py', '--cfg-path', '/tmp/tmpzbaxgcnd']
[2026-02-09T09:46:06.242+0000] {standard_task_runner.py:88} INFO - Job 1627: Subtask bronze_layer.load_events
[2026-02-09T09:46:06.269+0000] {task_command.py:423} INFO - Running <TaskInstance: ecommerce_etl_v2.bronze_layer.load_events scheduled__2026-02-08T02:00:00+00:00 [running]> on host 707cd2e8ef6b
[2026-02-09T09:46:06.297+0000] {logging_mixin.py:188} WARNING - /home/***/.local/lib/python3.8/site-packages/***/utils/context.py:207 AirflowContextDeprecationWarning: Accessing 'execution_date' from the template is deprecated and will be removed in a future version. Please use 'data_interval_start' or 'logical_date' instead.
[2026-02-09T09:46:06.313+0000] {taskinstance.py:2480} INFO - Exporting env vars: AIRFLOW_CTX_DAG_EMAIL='data-team@company.com' AIRFLOW_CTX_DAG_OWNER='data_engineering' AIRFLOW_CTX_DAG_ID='ecommerce_etl_v2' AIRFLOW_CTX_TASK_ID='bronze_layer.load_events' AIRFLOW_CTX_EXECUTION_DATE='2026-02-08T02:00:00+00:00' AIRFLOW_CTX_TRY_NUMBER='1' AIRFLOW_CTX_DAG_RUN_ID='scheduled__2026-02-08T02:00:00+00:00'
[2026-02-09T09:48:57.412+0000] {local_task_job_runner.py:302} WARNING - State of this instance has been externally set to None. Terminating instance.
[2026-02-09T09:48:57.420+0000] {process_utils.py:131} INFO - Sending 15 to group 19429. PIDs of all processes in the group: [19429]
[2026-02-09T09:48:57.428+0000] {process_utils.py:86} INFO - Sending the signal 15 to group 19429
[2026-02-09T09:48:57.436+0000] {taskinstance.py:2450} ERROR - Received SIGTERM. Terminating subprocesses.
[2026-02-09T09:48:57.454+0000] {taskinstance.py:2698} ERROR - Task failed with exception
Traceback (most recent call last):
  File "/home/airflow/.local/lib/python3.8/site-packages/airflow/models/taskinstance.py", line 433, in _execute_task
    result = execute_callable(context=context, **execute_callable_kwargs)
  File "/home/airflow/.local/lib/python3.8/site-packages/airflow/operators/python.py", line 199, in execute
    return_value = self.execute_callable()
  File "/home/airflow/.local/lib/python3.8/site-packages/airflow/operators/python.py", line 216, in execute_callable
    return self.python_callable(*self.op_args, **self.op_kwargs)
  File "/opt/airflow/dags/etl_dag.py", line 133, in load_bronze_with_ingestion_date
    df.to_gbq(
  File "/home/airflow/.local/lib/python3.8/site-packages/pandas/core/frame.py", line 2088, in to_gbq
    gbq.to_gbq(
  File "/home/airflow/.local/lib/python3.8/site-packages/pandas/io/gbq.py", line 215, in to_gbq
    pandas_gbq.to_gbq(
  File "/home/airflow/.local/lib/python3.8/site-packages/pandas_gbq/gbq.py", line 1238, in to_gbq
    connector.load_data(
  File "/home/airflow/.local/lib/python3.8/site-packages/pandas_gbq/gbq.py", line 604, in load_data
    chunks = load.load_chunks(
  File "/home/airflow/.local/lib/python3.8/site-packages/pandas_gbq/load.py", line 243, in load_chunks
    load_parquet(
  File "/home/airflow/.local/lib/python3.8/site-packages/pandas_gbq/load.py", line 131, in load_parquet
    client.load_table_from_dataframe(
  File "/home/airflow/.local/lib/python3.8/site-packages/google/cloud/bigquery/job/base.py", line 971, in result
    return super(_AsyncJob, self).result(timeout=timeout, **kwargs)
  File "/home/airflow/.local/lib/python3.8/site-packages/google/api_core/future/polling.py", line 256, in result
    self._blocking_poll(timeout=timeout, retry=retry, polling=polling)
  File "/home/airflow/.local/lib/python3.8/site-packages/google/api_core/future/polling.py", line 137, in _blocking_poll
    polling(self._done_or_raise)(retry=retry)
  File "/home/airflow/.local/lib/python3.8/site-packages/google/api_core/retry.py", line 372, in retry_wrapped_func
    return retry_target(
  File "/home/airflow/.local/lib/python3.8/site-packages/google/api_core/retry.py", line 236, in retry_target
    time.sleep(sleep)
  File "/home/airflow/.local/lib/python3.8/site-packages/airflow/models/taskinstance.py", line 2452, in signal_handler
    raise AirflowException("Task received SIGTERM signal")
airflow.exceptions.AirflowException: Task received SIGTERM signal
[2026-02-09T09:48:57.562+0000] {taskinstance.py:1138} INFO - Marking task as UP_FOR_RETRY. dag_id=ecommerce_etl_v2, task_id=bronze_layer.load_events, execution_date=20260208T020000, start_date=20260209T094606, end_date=20260209T094857
[2026-02-09T09:48:57.598+0000] {standard_task_runner.py:107} ERROR - Failed to execute job 1627 for task bronze_layer.load_events ((psycopg2.errors.ForeignKeyViolation) insert or update on table "task_fail" violates foreign key constraint "task_fail_ti_fkey"
DETAIL:  Key (dag_id, task_id, run_id, map_index)=(ecommerce_etl_v2, bronze_layer.load_events, scheduled__2026-02-08T02:00:00+00:00, -1) is not present in table "task_instance".

[SQL: INSERT INTO task_fail (task_id, dag_id, run_id, map_index, start_date, end_date, duration) VALUES (%(task_id)s, %(dag_id)s, %(run_id)s, %(map_index)s, %(start_date)s, %(end_date)s, %(duration)s) RETURNING task_fail.id]
[parameters: {'task_id': 'bronze_layer.load_events', 'dag_id': 'ecommerce_etl_v2', 'run_id': 'scheduled__2026-02-08T02:00:00+00:00', 'map_index': -1, 'start_date': datetime.datetime(2026, 2, 9, 9, 46, 6, 222720, tzinfo=Timezone('UTC')), 'end_date': datetime.datetime(2026, 2, 9, 9, 48, 57, 562416, tzinfo=Timezone('UTC')), 'duration': 171}]
(Background on this error at: https://sqlalche.me/e/14/gkpj); 19429)
[2026-02-09T09:48:57.689+0000] {process_utils.py:79} INFO - Process psutil.Process(pid=19429, status='terminated', exitcode=1, started='09:46:05') (19429) terminated with exit code 1
[2026-02-09T10:06:44.370+0000] {taskinstance.py:1956} INFO - Dependencies all met for dep_context=non-requeueable deps ti=<TaskInstance: ecommerce_etl_v2.bronze_layer.load_events scheduled__2026-02-08T02:00:00+00:00 [queued]>
[2026-02-09T10:06:44.376+0000] {taskinstance.py:1956} INFO - Dependencies all met for dep_context=requeueable deps ti=<TaskInstance: ecommerce_etl_v2.bronze_layer.load_events scheduled__2026-02-08T02:00:00+00:00 [queued]>
[2026-02-09T10:06:44.376+0000] {taskinstance.py:2170} INFO - Starting attempt 1 of 3
[2026-02-09T10:06:44.384+0000] {taskinstance.py:2191} INFO - Executing <Task(PythonOperator): bronze_layer.load_events> on 2026-02-08 02:00:00+00:00
[2026-02-09T10:06:44.390+0000] {standard_task_runner.py:60} INFO - Started process 23790 to run task
[2026-02-09T10:06:44.393+0000] {standard_task_runner.py:87} INFO - Running: ['***', 'tasks', 'run', 'ecommerce_etl_v2', 'bronze_layer.load_events', 'scheduled__2026-02-08T02:00:00+00:00', '--job-id', '1730', '--raw', '--subdir', 'DAGS_FOLDER/etl_dag.py', '--cfg-path', '/tmp/tmpufmi57ha']
[2026-02-09T10:06:44.394+0000] {standard_task_runner.py:88} INFO - Job 1730: Subtask bronze_layer.load_events
[2026-02-09T10:06:44.424+0000] {task_command.py:423} INFO - Running <TaskInstance: ecommerce_etl_v2.bronze_layer.load_events scheduled__2026-02-08T02:00:00+00:00 [running]> on host 707cd2e8ef6b
[2026-02-09T10:06:44.450+0000] {logging_mixin.py:188} WARNING - /home/***/.local/lib/python3.8/site-packages/***/utils/context.py:207 AirflowContextDeprecationWarning: Accessing 'execution_date' from the template is deprecated and will be removed in a future version. Please use 'data_interval_start' or 'logical_date' instead.
[2026-02-09T10:06:44.467+0000] {taskinstance.py:2480} INFO - Exporting env vars: AIRFLOW_CTX_DAG_EMAIL='data-team@company.com' AIRFLOW_CTX_DAG_OWNER='data_engineering' AIRFLOW_CTX_DAG_ID='ecommerce_etl_v2' AIRFLOW_CTX_TASK_ID='bronze_layer.load_events' AIRFLOW_CTX_EXECUTION_DATE='2026-02-08T02:00:00+00:00' AIRFLOW_CTX_TRY_NUMBER='1' AIRFLOW_CTX_DAG_RUN_ID='scheduled__2026-02-08T02:00:00+00:00'
[2026-02-09T10:09:40.446+0000] {logging_mixin.py:188} WARNING -   0%|          | 0/1 [00:00<?, ?it/s]
[2026-02-09T10:09:40.446+0000] {gbq.py:618} INFO - 2431963 out of 2431963 rows loaded.
[2026-02-09T10:09:40.446+0000] {logging_mixin.py:188} WARNING - 100%|##########| 1/1 [00:00<00:00, 4888.47it/s]
[2026-02-09T10:09:40.544+0000] {python.py:201} INFO - Done. Returned value was: None
[2026-02-09T10:09:40.550+0000] {taskinstance.py:1138} INFO - Marking task as SUCCESS. dag_id=ecommerce_etl_v2, task_id=bronze_layer.load_events, execution_date=20260208T020000, start_date=20260209T100644, end_date=20260209T100940
[2026-02-09T10:09:40.593+0000] {local_task_job_runner.py:234} INFO - Task exited with return code 0
[2026-02-09T10:09:40.603+0000] {taskinstance.py:3280} INFO - 1 downstream tasks scheduled from follow-on schedule check
